




 Using bert params 







WARNING: You are using 'dfr/metadata_val_as_train.csv' instead of the default 'metadata.csv'.


Dataset: jigsaw
Shift type: confounder
Wandb: False
Project name: spurious
Target name: toxicity
Confounder names: ['identity_any']
Up weight: 0
Resume: False
Finetune: True
Normalize: False
Recalculate groups: False
Unfreeze: 0
Restart layers: 0
Minority fraction: None
Imbalance ratio: None
Fraction: 1.0
Root dir: ../datasets
Reweight groups: True
Augment data: False
Val fraction: 0.1
Loss type: erm
Alpha: 0.2
Generalization adjustment: 0.0
Sv dropout: 0.0
Automatic adjustment: False
Robust step size: 0.01
Joint dro alpha: 1
Use normalized loss: False
Btl: False
Hinge: False
Model: bert-base-uncased
Train from scratch: False
Pretrained path: pretrained_models/civilcomments/erm_0.9_333.pth
N epochs: 6
Batch size: 16
Lr: 1e-05
Scheduler: False
L1: 0.0
Weight decay: 0.01
Gamma: 0.1
Minimum variational weight: 0
Seed: 333
Accum: 1
Show progress: False
Log dir: results/civilcomments/erm_dfr_rw_0.9/model_outputs_333
Log every: 50
Save step: 10
Save best: True
Save last: True
Use bert params: 1
Num folds per sweep: 5
Num sweeps: 4
Q: 0.7
Metadata csv name: dfr/metadata_val_as_train.csv
Fold: None
Metadata path: None
Aug col: None
Max grad norm: 1.0
Adam epsilon: 1e-08
Warmup steps: 0

metadata_csv_name: dfr/metadata_val_as_train.csv
Training Data...
    toxicity = 0, identity_any = 0: n = 1967
    toxicity = 0, identity_any = 1: n = 1967
    toxicity = 1, identity_any = 0: n = 1967
    toxicity = 1, identity_any = 1: n = 1967
Validation Data...
    toxicity = 0, identity_any = 0: n = 166026
    toxicity = 0, identity_any = 1: n = 108687
    toxicity = 1, identity_any = 0: n = 11940
    toxicity = 1, identity_any = 1: n = 19696
Test Data...
    toxicity = 0, identity_any = 0: n = 72372
    toxicity = 0, identity_any = 1: n = 46185
    toxicity = 1, identity_any = 0: n = 6063
    toxicity = 1, identity_any = 1: n = 9161
Training
n_classes = 2
Loading pretrained model from: pretrained_models/civilcomments/erm_0.9_333.pth
bert.embeddings.word_embeddings.weight False
bert.embeddings.position_embeddings.weight False
bert.embeddings.token_type_embeddings.weight False
bert.embeddings.LayerNorm.weight False
bert.embeddings.LayerNorm.bias False
bert.encoder.layer.0.attention.self.query.weight False
bert.encoder.layer.0.attention.self.query.bias False
bert.encoder.layer.0.attention.self.key.weight False
bert.encoder.layer.0.attention.self.key.bias False
bert.encoder.layer.0.attention.self.value.weight False
bert.encoder.layer.0.attention.self.value.bias False
bert.encoder.layer.0.attention.output.dense.weight False
bert.encoder.layer.0.attention.output.dense.bias False
bert.encoder.layer.0.attention.output.LayerNorm.weight False
bert.encoder.layer.0.attention.output.LayerNorm.bias False
bert.encoder.layer.0.intermediate.dense.weight False
bert.encoder.layer.0.intermediate.dense.bias False
bert.encoder.layer.0.output.dense.weight False
bert.encoder.layer.0.output.dense.bias False
bert.encoder.layer.0.output.LayerNorm.weight False
bert.encoder.layer.0.output.LayerNorm.bias False
bert.encoder.layer.1.attention.self.query.weight False
bert.encoder.layer.1.attention.self.query.bias False
bert.encoder.layer.1.attention.self.key.weight False
bert.encoder.layer.1.attention.self.key.bias False
bert.encoder.layer.1.attention.self.value.weight False
bert.encoder.layer.1.attention.self.value.bias False
bert.encoder.layer.1.attention.output.dense.weight False
bert.encoder.layer.1.attention.output.dense.bias False
bert.encoder.layer.1.attention.output.LayerNorm.weight False
bert.encoder.layer.1.attention.output.LayerNorm.bias False
bert.encoder.layer.1.intermediate.dense.weight False
bert.encoder.layer.1.intermediate.dense.bias False
bert.encoder.layer.1.output.dense.weight False
bert.encoder.layer.1.output.dense.bias False
bert.encoder.layer.1.output.LayerNorm.weight False
bert.encoder.layer.1.output.LayerNorm.bias False
bert.encoder.layer.2.attention.self.query.weight False
bert.encoder.layer.2.attention.self.query.bias False
bert.encoder.layer.2.attention.self.key.weight False
bert.encoder.layer.2.attention.self.key.bias False
bert.encoder.layer.2.attention.self.value.weight False
bert.encoder.layer.2.attention.self.value.bias False
bert.encoder.layer.2.attention.output.dense.weight False
bert.encoder.layer.2.attention.output.dense.bias False
bert.encoder.layer.2.attention.output.LayerNorm.weight False
bert.encoder.layer.2.attention.output.LayerNorm.bias False
bert.encoder.layer.2.intermediate.dense.weight False
bert.encoder.layer.2.intermediate.dense.bias False
bert.encoder.layer.2.output.dense.weight False
bert.encoder.layer.2.output.dense.bias False
bert.encoder.layer.2.output.LayerNorm.weight False
bert.encoder.layer.2.output.LayerNorm.bias False
bert.encoder.layer.3.attention.self.query.weight False
bert.encoder.layer.3.attention.self.query.bias False
bert.encoder.layer.3.attention.self.key.weight False
bert.encoder.layer.3.attention.self.key.bias False
bert.encoder.layer.3.attention.self.value.weight False
bert.encoder.layer.3.attention.self.value.bias False
bert.encoder.layer.3.attention.output.dense.weight False
bert.encoder.layer.3.attention.output.dense.bias False
bert.encoder.layer.3.attention.output.LayerNorm.weight False
bert.encoder.layer.3.attention.output.LayerNorm.bias False
bert.encoder.layer.3.intermediate.dense.weight False
bert.encoder.layer.3.intermediate.dense.bias False
bert.encoder.layer.3.output.dense.weight False
bert.encoder.layer.3.output.dense.bias False
bert.encoder.layer.3.output.LayerNorm.weight False
bert.encoder.layer.3.output.LayerNorm.bias False
bert.encoder.layer.4.attention.self.query.weight False
bert.encoder.layer.4.attention.self.query.bias False
bert.encoder.layer.4.attention.self.key.weight False
bert.encoder.layer.4.attention.self.key.bias False
bert.encoder.layer.4.attention.self.value.weight False
bert.encoder.layer.4.attention.self.value.bias False
bert.encoder.layer.4.attention.output.dense.weight False
bert.encoder.layer.4.attention.output.dense.bias False
bert.encoder.layer.4.attention.output.LayerNorm.weight False
bert.encoder.layer.4.attention.output.LayerNorm.bias False
bert.encoder.layer.4.intermediate.dense.weight False
bert.encoder.layer.4.intermediate.dense.bias False
bert.encoder.layer.4.output.dense.weight False
bert.encoder.layer.4.output.dense.bias False
bert.encoder.layer.4.output.LayerNorm.weight False
bert.encoder.layer.4.output.LayerNorm.bias False
bert.encoder.layer.5.attention.self.query.weight False
bert.encoder.layer.5.attention.self.query.bias False
bert.encoder.layer.5.attention.self.key.weight False
bert.encoder.layer.5.attention.self.key.bias False
bert.encoder.layer.5.attention.self.value.weight False
bert.encoder.layer.5.attention.self.value.bias False
bert.encoder.layer.5.attention.output.dense.weight False
bert.encoder.layer.5.attention.output.dense.bias False
bert.encoder.layer.5.attention.output.LayerNorm.weight False
bert.encoder.layer.5.attention.output.LayerNorm.bias False
bert.encoder.layer.5.intermediate.dense.weight False
bert.encoder.layer.5.intermediate.dense.bias False
bert.encoder.layer.5.output.dense.weight False
bert.encoder.layer.5.output.dense.bias False
bert.encoder.layer.5.output.LayerNorm.weight False
bert.encoder.layer.5.output.LayerNorm.bias False
bert.encoder.layer.6.attention.self.query.weight False
bert.encoder.layer.6.attention.self.query.bias False
bert.encoder.layer.6.attention.self.key.weight False
bert.encoder.layer.6.attention.self.key.bias False
bert.encoder.layer.6.attention.self.value.weight False
bert.encoder.layer.6.attention.self.value.bias False
bert.encoder.layer.6.attention.output.dense.weight False
bert.encoder.layer.6.attention.output.dense.bias False
bert.encoder.layer.6.attention.output.LayerNorm.weight False
bert.encoder.layer.6.attention.output.LayerNorm.bias False
bert.encoder.layer.6.intermediate.dense.weight False
bert.encoder.layer.6.intermediate.dense.bias False
bert.encoder.layer.6.output.dense.weight False
bert.encoder.layer.6.output.dense.bias False
bert.encoder.layer.6.output.LayerNorm.weight False
bert.encoder.layer.6.output.LayerNorm.bias False
bert.encoder.layer.7.attention.self.query.weight False
bert.encoder.layer.7.attention.self.query.bias False
bert.encoder.layer.7.attention.self.key.weight False
bert.encoder.layer.7.attention.self.key.bias False
bert.encoder.layer.7.attention.self.value.weight False
bert.encoder.layer.7.attention.self.value.bias False
bert.encoder.layer.7.attention.output.dense.weight False
bert.encoder.layer.7.attention.output.dense.bias False
bert.encoder.layer.7.attention.output.LayerNorm.weight False
bert.encoder.layer.7.attention.output.LayerNorm.bias False
bert.encoder.layer.7.intermediate.dense.weight False
bert.encoder.layer.7.intermediate.dense.bias False
bert.encoder.layer.7.output.dense.weight False
bert.encoder.layer.7.output.dense.bias False
bert.encoder.layer.7.output.LayerNorm.weight False
bert.encoder.layer.7.output.LayerNorm.bias False
bert.encoder.layer.8.attention.self.query.weight False
bert.encoder.layer.8.attention.self.query.bias False
bert.encoder.layer.8.attention.self.key.weight False
bert.encoder.layer.8.attention.self.key.bias False
bert.encoder.layer.8.attention.self.value.weight False
bert.encoder.layer.8.attention.self.value.bias False
bert.encoder.layer.8.attention.output.dense.weight False
bert.encoder.layer.8.attention.output.dense.bias False
bert.encoder.layer.8.attention.output.LayerNorm.weight False
bert.encoder.layer.8.attention.output.LayerNorm.bias False
bert.encoder.layer.8.intermediate.dense.weight False
bert.encoder.layer.8.intermediate.dense.bias False
bert.encoder.layer.8.output.dense.weight False
bert.encoder.layer.8.output.dense.bias False
bert.encoder.layer.8.output.LayerNorm.weight False
bert.encoder.layer.8.output.LayerNorm.bias False
bert.encoder.layer.9.attention.self.query.weight False
bert.encoder.layer.9.attention.self.query.bias False
bert.encoder.layer.9.attention.self.key.weight False
bert.encoder.layer.9.attention.self.key.bias False
bert.encoder.layer.9.attention.self.value.weight False
bert.encoder.layer.9.attention.self.value.bias False
bert.encoder.layer.9.attention.output.dense.weight False
bert.encoder.layer.9.attention.output.dense.bias False
bert.encoder.layer.9.attention.output.LayerNorm.weight False
bert.encoder.layer.9.attention.output.LayerNorm.bias False
bert.encoder.layer.9.intermediate.dense.weight False
bert.encoder.layer.9.intermediate.dense.bias False
bert.encoder.layer.9.output.dense.weight False
bert.encoder.layer.9.output.dense.bias False
bert.encoder.layer.9.output.LayerNorm.weight False
bert.encoder.layer.9.output.LayerNorm.bias False
bert.encoder.layer.10.attention.self.query.weight False
bert.encoder.layer.10.attention.self.query.bias False
bert.encoder.layer.10.attention.self.key.weight False
bert.encoder.layer.10.attention.self.key.bias False
bert.encoder.layer.10.attention.self.value.weight False
bert.encoder.layer.10.attention.self.value.bias False
bert.encoder.layer.10.attention.output.dense.weight False
bert.encoder.layer.10.attention.output.dense.bias False
bert.encoder.layer.10.attention.output.LayerNorm.weight False
bert.encoder.layer.10.attention.output.LayerNorm.bias False
bert.encoder.layer.10.intermediate.dense.weight False
bert.encoder.layer.10.intermediate.dense.bias False
bert.encoder.layer.10.output.dense.weight False
bert.encoder.layer.10.output.dense.bias False
bert.encoder.layer.10.output.LayerNorm.weight False
bert.encoder.layer.10.output.LayerNorm.bias False
bert.encoder.layer.11.attention.self.query.weight False
bert.encoder.layer.11.attention.self.query.bias False
bert.encoder.layer.11.attention.self.key.weight False
bert.encoder.layer.11.attention.self.key.bias False
bert.encoder.layer.11.attention.self.value.weight False
bert.encoder.layer.11.attention.self.value.bias False
bert.encoder.layer.11.attention.output.dense.weight False
bert.encoder.layer.11.attention.output.dense.bias False
bert.encoder.layer.11.attention.output.LayerNorm.weight False
bert.encoder.layer.11.attention.output.LayerNorm.bias False
bert.encoder.layer.11.intermediate.dense.weight False
bert.encoder.layer.11.intermediate.dense.bias False
bert.encoder.layer.11.output.dense.weight False
bert.encoder.layer.11.output.dense.bias False
bert.encoder.layer.11.output.LayerNorm.weight False
bert.encoder.layer.11.output.LayerNorm.bias False
bert.pooler.dense.weight False
bert.pooler.dense.bias False
classifier.weight True
classifier.bias True

t_total is 2952


Epoch [0]:
Training:
Average incurred loss: 0.689  
Average sample loss: 0.689  
Average acc: 0.729  
  toxicity = 0, identity_any = 0  [n = 179]:	loss = 0.059  exp loss = 0.038  adjusted loss = 0.038  adv prob = 0.250000   acc = 0.983
  toxicity = 0, identity_any = 1  [n = 186]:	loss = 0.122  exp loss = 0.101  adjusted loss = 0.101  adv prob = 0.250000   acc = 0.930
  toxicity = 1, identity_any = 0  [n = 224]:	loss = 1.014  exp loss = 1.006  adjusted loss = 1.006  adv prob = 0.250000   acc = 0.616
  toxicity = 1, identity_any = 1  [n = 211]:	loss = 1.377  exp loss = 1.055  adjusted loss = 1.055  adv prob = 0.250000   acc = 0.455
Average incurred loss: 0.576  
Average sample loss: 0.576  
Average acc: 0.755  
  toxicity = 0, identity_any = 0  [n = 195]:	loss = 0.042  exp loss = 0.020  adjusted loss = 0.020  adv prob = 0.250000   acc = 0.985
  toxicity = 0, identity_any = 1  [n = 190]:	loss = 0.082  exp loss = 0.074  adjusted loss = 0.074  adv prob = 0.250000   acc = 0.963
  toxicity = 1, identity_any = 0  [n = 198]:	loss = 0.926  exp loss = 0.909  adjusted loss = 0.909  adv prob = 0.250000   acc = 0.591
  toxicity = 1, identity_any = 1  [n = 217]:	loss = 1.167  exp loss = 0.981  adjusted loss = 0.981  adv prob = 0.250000   acc = 0.516
Average incurred loss: 0.597  
Average sample loss: 0.597  
Average acc: 0.739  
  toxicity = 0, identity_any = 0  [n = 190]:	loss = 0.037  exp loss = 0.032  adjusted loss = 0.032  adv prob = 0.250000   acc = 0.989
  toxicity = 0, identity_any = 1  [n = 191]:	loss = 0.112  exp loss = 0.099  adjusted loss = 0.099  adv prob = 0.250000   acc = 0.942
  toxicity = 1, identity_any = 0  [n = 203]:	loss = 1.074  exp loss = 0.975  adjusted loss = 0.975  adv prob = 0.250000   acc = 0.571
  toxicity = 1, identity_any = 1  [n = 216]:	loss = 1.070  exp loss = 1.012  adjusted loss = 1.012  adv prob = 0.250000   acc = 0.495
Average incurred loss: 0.523  
Average sample loss: 0.523  
Average acc: 0.798  
  toxicity = 0, identity_any = 0  [n = 221]:	loss = 0.024  exp loss = 0.024  adjusted loss = 0.024  adv prob = 0.250000   acc = 0.995
  toxicity = 0, identity_any = 1  [n = 189]:	loss = 0.126  exp loss = 0.109  adjusted loss = 0.109  adv prob = 0.250000   acc = 0.942
  toxicity = 1, identity_any = 0  [n = 193]:	loss = 1.035  exp loss = 1.002  adjusted loss = 1.002  adv prob = 0.250000   acc = 0.637
  toxicity = 1, identity_any = 1  [n = 197]:	loss = 0.963  exp loss = 0.845  adjusted loss = 0.845  adv prob = 0.250000   acc = 0.594
Average incurred loss: 0.467  
Average sample loss: 0.467  
Average acc: 0.810  
  toxicity = 0, identity_any = 0  [n = 211]:	loss = 0.070  exp loss = 0.046  adjusted loss = 0.046  adv prob = 0.250000   acc = 0.972
  toxicity = 0, identity_any = 1  [n = 200]:	loss = 0.127  exp loss = 0.131  adjusted loss = 0.131  adv prob = 0.250000   acc = 0.935
  toxicity = 1, identity_any = 0  [n = 196]:	loss = 0.921  exp loss = 0.929  adjusted loss = 0.929  adv prob = 0.250000   acc = 0.643
  toxicity = 1, identity_any = 1  [n = 193]:	loss = 0.790  exp loss = 0.805  adjusted loss = 0.805  adv prob = 0.250000   acc = 0.674
Average incurred loss: 0.460  
Average sample loss: 0.460  
Average acc: 0.808  
  toxicity = 0, identity_any = 0  [n = 215]:	loss = 0.056  exp loss = 0.041  adjusted loss = 0.041  adv prob = 0.250000   acc = 0.963
  toxicity = 0, identity_any = 1  [n = 203]:	loss = 0.173  exp loss = 0.153  adjusted loss = 0.153  adv prob = 0.250000   acc = 0.906
  toxicity = 1, identity_any = 0  [n = 204]:	loss = 0.902  exp loss = 1.151  adjusted loss = 1.151  adv prob = 0.250000   acc = 0.676
  toxicity = 1, identity_any = 1  [n = 178]:	loss = 0.770  exp loss = 0.675  adjusted loss = 0.675  adv prob = 0.250000   acc = 0.657
Average incurred loss: 0.444  
Average sample loss: 0.444  
Average acc: 0.824  
  toxicity = 0, identity_any = 0  [n = 209]:	loss = 0.060  exp loss = 0.057  adjusted loss = 0.057  adv prob = 0.250000   acc = 0.967
  toxicity = 0, identity_any = 1  [n = 202]:	loss = 0.192  exp loss = 0.191  adjusted loss = 0.191  adv prob = 0.250000   acc = 0.881
  toxicity = 1, identity_any = 0  [n = 189]:	loss = 0.829  exp loss = 0.674  adjusted loss = 0.674  adv prob = 0.250000   acc = 0.704
  toxicity = 1, identity_any = 1  [n = 200]:	loss = 0.734  exp loss = 0.642  adjusted loss = 0.642  adv prob = 0.250000   acc = 0.730
Average incurred loss: 0.433  
Average sample loss: 0.433  
Average acc: 0.836  
  toxicity = 0, identity_any = 0  [n = 208]:	loss = 0.073  exp loss = 0.139  adjusted loss = 0.139  adv prob = 0.250000   acc = 0.966
  toxicity = 0, identity_any = 1  [n = 188]:	loss = 0.180  exp loss = 0.162  adjusted loss = 0.162  adv prob = 0.250000   acc = 0.910
  toxicity = 1, identity_any = 0  [n = 181]:	loss = 0.728  exp loss = 0.494  adjusted loss = 0.494  adv prob = 0.250000   acc = 0.740
  toxicity = 1, identity_any = 1  [n = 223]:	loss = 0.742  exp loss = 0.791  adjusted loss = 0.791  adv prob = 0.250000   acc = 0.731
Average incurred loss: 0.441  
Average sample loss: 0.441  
Average acc: 0.849  
  toxicity = 0, identity_any = 0  [n = 198]:	loss = 0.058  exp loss = 0.066  adjusted loss = 0.066  adv prob = 0.250000   acc = 0.975
  toxicity = 0, identity_any = 1  [n = 198]:	loss = 0.166  exp loss = 0.122  adjusted loss = 0.122  adv prob = 0.250000   acc = 0.899
  toxicity = 1, identity_any = 0  [n = 204]:	loss = 0.779  exp loss = 0.843  adjusted loss = 0.843  adv prob = 0.250000   acc = 0.765
  toxicity = 1, identity_any = 1  [n = 200]:	loss = 0.747  exp loss = 0.705  adjusted loss = 0.705  adv prob = 0.250000   acc = 0.760
Average incurred loss: 0.404  
Average sample loss: 0.406  
Average acc: 0.850  
  toxicity = 0, identity_any = 0  [n = 176]:	loss = 0.079  exp loss = 0.105  adjusted loss = 0.105  adv prob = 0.250000   acc = 0.943
  toxicity = 0, identity_any = 1  [n = 164]:	loss = 0.196  exp loss = 0.171  adjusted loss = 0.171  adv prob = 0.250000   acc = 0.884
  toxicity = 1, identity_any = 0  [n = 161]:	loss = 0.740  exp loss = 0.944  adjusted loss = 0.944  adv prob = 0.250000   acc = 0.783
  toxicity = 1, identity_any = 1  [n = 167]:	loss = 0.629  exp loss = 0.599  adjusted loss = 0.599  adv prob = 0.250000   acc = 0.784

Validation:
Average incurred loss: 0.165  
Average sample loss: 0.165  
Average acc: 0.919  
  toxicity = 0, identity_any = 0  [n = 166026]:	loss = 0.072  exp loss = 0.527  adjusted loss = 0.527  adv prob = 0.250000   acc = 0.963
  toxicity = 0, identity_any = 1  [n = 108687]:	loss = 0.220  exp loss = 0.594  adjusted loss = 0.594  adv prob = 0.250000   acc = 0.871
  toxicity = 1, identity_any = 0  [n = 11940]:	loss = 0.454  exp loss = 0.434  adjusted loss = 0.434  adv prob = 0.250000   acc = 0.853
  toxicity = 1, identity_any = 1  [n = 19696]:	loss = 0.472  exp loss = 0.382  adjusted loss = 0.382  adv prob = 0.250000   acc = 0.849
Current lr: 0.000008
Current lr: 0.000008
Current validation accuracy: 0.8494617342948914
Best model saved at epoch 0


Epoch [1]:
Training:
Average incurred loss: 0.462  
Average sample loss: 0.462  
Average acc: 0.831  
  toxicity = 0, identity_any = 0  [n = 175]:	loss = 0.079  exp loss = 0.081  adjusted loss = 0.081  adv prob = 0.250000   acc = 0.960
  toxicity = 0, identity_any = 1  [n = 210]:	loss = 0.185  exp loss = 0.185  adjusted loss = 0.185  adv prob = 0.250000   acc = 0.890
  toxicity = 1, identity_any = 0  [n = 212]:	loss = 0.813  exp loss = 0.593  adjusted loss = 0.593  adv prob = 0.250000   acc = 0.745
  toxicity = 1, identity_any = 1  [n = 203]:	loss = 0.712  exp loss = 0.753  adjusted loss = 0.753  adv prob = 0.250000   acc = 0.749
Average incurred loss: 0.406  
Average sample loss: 0.406  
Average acc: 0.849  
  toxicity = 0, identity_any = 0  [n = 203]:	loss = 0.083  exp loss = 0.117  adjusted loss = 0.117  adv prob = 0.250000   acc = 0.956
  toxicity = 0, identity_any = 1  [n = 208]:	loss = 0.216  exp loss = 0.215  adjusted loss = 0.215  adv prob = 0.250000   acc = 0.856
  toxicity = 1, identity_any = 0  [n = 177]:	loss = 0.705  exp loss = 0.816  adjusted loss = 0.816  adv prob = 0.250000   acc = 0.802
  toxicity = 1, identity_any = 1  [n = 212]:	loss = 0.653  exp loss = 0.591  adjusted loss = 0.591  adv prob = 0.250000   acc = 0.778
Average incurred loss: 0.466  
Average sample loss: 0.466  
Average acc: 0.826  
  toxicity = 0, identity_any = 0  [n = 176]:	loss = 0.091  exp loss = 0.038  adjusted loss = 0.038  adv prob = 0.250000   acc = 0.937
  toxicity = 0, identity_any = 1  [n = 208]:	loss = 0.244  exp loss = 0.212  adjusted loss = 0.212  adv prob = 0.250000   acc = 0.846
  toxicity = 1, identity_any = 0  [n = 191]:	loss = 0.769  exp loss = 0.718  adjusted loss = 0.718  adv prob = 0.250000   acc = 0.764
  toxicity = 1, identity_any = 1  [n = 225]:	loss = 0.707  exp loss = 0.675  adjusted loss = 0.675  adv prob = 0.250000   acc = 0.773
Average incurred loss: 0.385  
Average sample loss: 0.385  
Average acc: 0.859  
  toxicity = 0, identity_any = 0  [n = 188]:	loss = 0.104  exp loss = 0.150  adjusted loss = 0.150  adv prob = 0.250000   acc = 0.941
  toxicity = 0, identity_any = 1  [n = 194]:	loss = 0.234  exp loss = 0.252  adjusted loss = 0.252  adv prob = 0.250000   acc = 0.866
  toxicity = 1, identity_any = 0  [n = 220]:	loss = 0.583  exp loss = 0.709  adjusted loss = 0.709  adv prob = 0.250000   acc = 0.832
  toxicity = 1, identity_any = 1  [n = 198]:	loss = 0.580  exp loss = 0.555  adjusted loss = 0.555  adv prob = 0.250000   acc = 0.803
Average incurred loss: 0.370  
Average sample loss: 0.370  
Average acc: 0.847  
  toxicity = 0, identity_any = 0  [n = 193]:	loss = 0.121  exp loss = 0.128  adjusted loss = 0.128  adv prob = 0.250000   acc = 0.933
  toxicity = 0, identity_any = 1  [n = 201]:	loss = 0.288  exp loss = 0.217  adjusted loss = 0.217  adv prob = 0.250000   acc = 0.831
  toxicity = 1, identity_any = 0  [n = 203]:	loss = 0.511  exp loss = 0.465  adjusted loss = 0.465  adv prob = 0.250000   acc = 0.813
  toxicity = 1, identity_any = 1  [n = 203]:	loss = 0.548  exp loss = 0.498  adjusted loss = 0.498  adv prob = 0.250000   acc = 0.818
Average incurred loss: 0.377  
Average sample loss: 0.377  
Average acc: 0.834  
  toxicity = 0, identity_any = 0  [n = 199]:	loss = 0.113  exp loss = 0.147  adjusted loss = 0.147  adv prob = 0.250000   acc = 0.935
  toxicity = 0, identity_any = 1  [n = 190]:	loss = 0.267  exp loss = 0.268  adjusted loss = 0.268  adv prob = 0.250000   acc = 0.847
  toxicity = 1, identity_any = 0  [n = 227]:	loss = 0.607  exp loss = 0.650  adjusted loss = 0.650  adv prob = 0.250000   acc = 0.762
  toxicity = 1, identity_any = 1  [n = 184]:	loss = 0.492  exp loss = 0.419  adjusted loss = 0.419  adv prob = 0.250000   acc = 0.799
Average incurred loss: 0.330  
Average sample loss: 0.330  
Average acc: 0.869  
  toxicity = 0, identity_any = 0  [n = 218]:	loss = 0.080  exp loss = 0.085  adjusted loss = 0.085  adv prob = 0.250000   acc = 0.959
  toxicity = 0, identity_any = 1  [n = 207]:	loss = 0.275  exp loss = 0.301  adjusted loss = 0.301  adv prob = 0.250000   acc = 0.816
  toxicity = 1, identity_any = 0  [n = 187]:	loss = 0.514  exp loss = 0.660  adjusted loss = 0.660  adv prob = 0.250000   acc = 0.866
  toxicity = 1, identity_any = 1  [n = 188]:	loss = 0.500  exp loss = 0.448  adjusted loss = 0.448  adv prob = 0.250000   acc = 0.824
Average incurred loss: 0.360  
Average sample loss: 0.360  
Average acc: 0.853  
  toxicity = 0, identity_any = 0  [n = 187]:	loss = 0.077  exp loss = 0.063  adjusted loss = 0.063  adv prob = 0.250000   acc = 0.952
  toxicity = 0, identity_any = 1  [n = 199]:	loss = 0.291  exp loss = 0.231  adjusted loss = 0.231  adv prob = 0.250000   acc = 0.814
  toxicity = 1, identity_any = 0  [n = 223]:	loss = 0.577  exp loss = 0.612  adjusted loss = 0.612  adv prob = 0.250000   acc = 0.816
  toxicity = 1, identity_any = 1  [n = 191]:	loss = 0.458  exp loss = 0.446  adjusted loss = 0.446  adv prob = 0.250000   acc = 0.838
Average incurred loss: 0.334  
Average sample loss: 0.334  
Average acc: 0.861  
  toxicity = 0, identity_any = 0  [n = 215]:	loss = 0.081  exp loss = 0.090  adjusted loss = 0.090  adv prob = 0.250000   acc = 0.953
  toxicity = 0, identity_any = 1  [n = 206]:	loss = 0.257  exp loss = 0.250  adjusted loss = 0.250  adv prob = 0.250000   acc = 0.845
  toxicity = 1, identity_any = 0  [n = 188]:	loss = 0.547  exp loss = 0.572  adjusted loss = 0.572  adv prob = 0.250000   acc = 0.803
  toxicity = 1, identity_any = 1  [n = 191]:	loss = 0.493  exp loss = 0.424  adjusted loss = 0.424  adv prob = 0.250000   acc = 0.832
Average incurred loss: 0.360  
Average sample loss: 0.359  
Average acc: 0.853  
  toxicity = 0, identity_any = 0  [n = 192]:	loss = 0.101  exp loss = 0.073  adjusted loss = 0.073  adv prob = 0.250000   acc = 0.943
  toxicity = 0, identity_any = 1  [n = 182]:	loss = 0.289  exp loss = 0.224  adjusted loss = 0.224  adv prob = 0.250000   acc = 0.857
  toxicity = 1, identity_any = 0  [n = 151]:	loss = 0.535  exp loss = 0.589  adjusted loss = 0.589  adv prob = 0.250000   acc = 0.808
  toxicity = 1, identity_any = 1  [n = 143]:	loss = 0.615  exp loss = 0.714  adjusted loss = 0.714  adv prob = 0.250000   acc = 0.776

Validation:
Average incurred loss: 0.205  
Average sample loss: 0.205  
Average acc: 0.895  
  toxicity = 0, identity_any = 0  [n = 166026]:	loss = 0.107  exp loss = 0.745  adjusted loss = 0.745  adv prob = 0.250000   acc = 0.944
  toxicity = 0, identity_any = 1  [n = 108687]:	loss = 0.316  exp loss = 0.822  adjusted loss = 0.822  adv prob = 0.250000   acc = 0.816
  toxicity = 1, identity_any = 0  [n = 11940]:	loss = 0.336  exp loss = 0.326  adjusted loss = 0.326  adv prob = 0.250000   acc = 0.902
  toxicity = 1, identity_any = 1  [n = 19696]:	loss = 0.347  exp loss = 0.278  adjusted loss = 0.278  adv prob = 0.250000   acc = 0.905
Current lr: 0.000007
Current lr: 0.000007
Current validation accuracy: 0.816399097442627


Epoch [2]:
Training:
Average incurred loss: 0.377  
Average sample loss: 0.377  
Average acc: 0.849  
  toxicity = 0, identity_any = 0  [n = 196]:	loss = 0.097  exp loss = 0.082  adjusted loss = 0.082  adv prob = 0.250000   acc = 0.944
  toxicity = 0, identity_any = 1  [n = 195]:	loss = 0.333  exp loss = 0.305  adjusted loss = 0.305  adv prob = 0.250000   acc = 0.810
  toxicity = 1, identity_any = 0  [n = 223]:	loss = 0.589  exp loss = 0.443  adjusted loss = 0.443  adv prob = 0.250000   acc = 0.789
  toxicity = 1, identity_any = 1  [n = 186]:	loss = 0.464  exp loss = 0.636  adjusted loss = 0.636  adv prob = 0.250000   acc = 0.860
Average incurred loss: 0.375  
Average sample loss: 0.375  
Average acc: 0.854  
  toxicity = 0, identity_any = 0  [n = 216]:	loss = 0.129  exp loss = 0.182  adjusted loss = 0.182  adv prob = 0.250000   acc = 0.921
  toxicity = 0, identity_any = 1  [n = 203]:	loss = 0.295  exp loss = 0.271  adjusted loss = 0.271  adv prob = 0.250000   acc = 0.818
  toxicity = 1, identity_any = 0  [n = 184]:	loss = 0.622  exp loss = 0.641  adjusted loss = 0.641  adv prob = 0.250000   acc = 0.815
  toxicity = 1, identity_any = 1  [n = 197]:	loss = 0.497  exp loss = 0.491  adjusted loss = 0.491  adv prob = 0.250000   acc = 0.853
Average incurred loss: 0.351  
Average sample loss: 0.351  
Average acc: 0.861  
  toxicity = 0, identity_any = 0  [n = 202]:	loss = 0.129  exp loss = 0.187  adjusted loss = 0.187  adv prob = 0.250000   acc = 0.921
  toxicity = 0, identity_any = 1  [n = 197]:	loss = 0.327  exp loss = 0.344  adjusted loss = 0.344  adv prob = 0.250000   acc = 0.822
  toxicity = 1, identity_any = 0  [n = 179]:	loss = 0.518  exp loss = 0.516  adjusted loss = 0.516  adv prob = 0.250000   acc = 0.816
  toxicity = 1, identity_any = 1  [n = 222]:	loss = 0.438  exp loss = 0.474  adjusted loss = 0.474  adv prob = 0.250000   acc = 0.878
Average incurred loss: 0.313  
Average sample loss: 0.313  
Average acc: 0.873  
  toxicity = 0, identity_any = 0  [n = 207]:	loss = 0.119  exp loss = 0.079  adjusted loss = 0.079  adv prob = 0.250000   acc = 0.928
  toxicity = 0, identity_any = 1  [n = 202]:	loss = 0.283  exp loss = 0.228  adjusted loss = 0.228  adv prob = 0.250000   acc = 0.851
  toxicity = 1, identity_any = 0  [n = 200]:	loss = 0.446  exp loss = 0.371  adjusted loss = 0.371  adv prob = 0.250000   acc = 0.845
  toxicity = 1, identity_any = 1  [n = 191]:	loss = 0.417  exp loss = 0.433  adjusted loss = 0.433  adv prob = 0.250000   acc = 0.864
Average incurred loss: 0.348  
Average sample loss: 0.348  
Average acc: 0.851  
  toxicity = 0, identity_any = 0  [n = 198]:	loss = 0.124  exp loss = 0.092  adjusted loss = 0.092  adv prob = 0.250000   acc = 0.934
  toxicity = 0, identity_any = 1  [n = 202]:	loss = 0.285  exp loss = 0.289  adjusted loss = 0.289  adv prob = 0.250000   acc = 0.842
  toxicity = 1, identity_any = 0  [n = 198]:	loss = 0.518  exp loss = 0.613  adjusted loss = 0.613  adv prob = 0.250000   acc = 0.823
  toxicity = 1, identity_any = 1  [n = 202]:	loss = 0.465  exp loss = 0.425  adjusted loss = 0.425  adv prob = 0.250000   acc = 0.807
Average incurred loss: 0.330  
Average sample loss: 0.330  
Average acc: 0.864  
  toxicity = 0, identity_any = 0  [n = 179]:	loss = 0.097  exp loss = 0.084  adjusted loss = 0.084  adv prob = 0.250000   acc = 0.955
  toxicity = 0, identity_any = 1  [n = 207]:	loss = 0.353  exp loss = 0.411  adjusted loss = 0.411  adv prob = 0.250000   acc = 0.787
  toxicity = 1, identity_any = 0  [n = 200]:	loss = 0.381  exp loss = 0.301  adjusted loss = 0.301  adv prob = 0.250000   acc = 0.870
  toxicity = 1, identity_any = 1  [n = 214]:	loss = 0.454  exp loss = 0.500  adjusted loss = 0.500  adv prob = 0.250000   acc = 0.855
Average incurred loss: 0.348  
Average sample loss: 0.348  
Average acc: 0.873  
  toxicity = 0, identity_any = 0  [n = 179]:	loss = 0.102  exp loss = 0.065  adjusted loss = 0.065  adv prob = 0.250000   acc = 0.944
  toxicity = 0, identity_any = 1  [n = 214]:	loss = 0.299  exp loss = 0.285  adjusted loss = 0.285  adv prob = 0.250000   acc = 0.841
  toxicity = 1, identity_any = 0  [n = 208]:	loss = 0.528  exp loss = 0.518  adjusted loss = 0.518  adv prob = 0.250000   acc = 0.846
  toxicity = 1, identity_any = 1  [n = 199]:	loss = 0.435  exp loss = 0.588  adjusted loss = 0.588  adv prob = 0.250000   acc = 0.869
Average incurred loss: 0.410  
Average sample loss: 0.410  
Average acc: 0.824  
  toxicity = 0, identity_any = 0  [n = 199]:	loss = 0.131  exp loss = 0.124  adjusted loss = 0.124  adv prob = 0.250000   acc = 0.935
  toxicity = 0, identity_any = 1  [n = 214]:	loss = 0.337  exp loss = 0.502  adjusted loss = 0.502  adv prob = 0.250000   acc = 0.818
  toxicity = 1, identity_any = 0  [n = 179]:	loss = 0.676  exp loss = 0.611  adjusted loss = 0.611  adv prob = 0.250000   acc = 0.749
  toxicity = 1, identity_any = 1  [n = 208]:	loss = 0.522  exp loss = 0.473  adjusted loss = 0.473  adv prob = 0.250000   acc = 0.788
Average incurred loss: 0.300  
Average sample loss: 0.300  
Average acc: 0.876  
  toxicity = 0, identity_any = 0  [n = 212]:	loss = 0.096  exp loss = 0.080  adjusted loss = 0.080  adv prob = 0.250000   acc = 0.953
  toxicity = 0, identity_any = 1  [n = 207]:	loss = 0.277  exp loss = 0.306  adjusted loss = 0.306  adv prob = 0.250000   acc = 0.855
  toxicity = 1, identity_any = 0  [n = 174]:	loss = 0.441  exp loss = 0.381  adjusted loss = 0.381  adv prob = 0.250000   acc = 0.839
  toxicity = 1, identity_any = 1  [n = 207]:	loss = 0.415  exp loss = 0.387  adjusted loss = 0.387  adv prob = 0.250000   acc = 0.850
Average incurred loss: 0.321  
Average sample loss: 0.321  
Average acc: 0.873  
  toxicity = 0, identity_any = 0  [n = 157]:	loss = 0.103  exp loss = 0.061  adjusted loss = 0.061  adv prob = 0.250000   acc = 0.962
  toxicity = 0, identity_any = 1  [n = 186]:	loss = 0.322  exp loss = 0.309  adjusted loss = 0.309  adv prob = 0.250000   acc = 0.823
  toxicity = 1, identity_any = 0  [n = 161]:	loss = 0.510  exp loss = 0.431  adjusted loss = 0.431  adv prob = 0.250000   acc = 0.820
  toxicity = 1, identity_any = 1  [n = 164]:	loss = 0.342  exp loss = 0.346  adjusted loss = 0.346  adv prob = 0.250000   acc = 0.896

Validation:
Average incurred loss: 0.227  
Average sample loss: 0.227  
Average acc: 0.884  
  toxicity = 0, identity_any = 0  [n = 166026]:	loss = 0.127  exp loss = 0.860  adjusted loss = 0.860  adv prob = 0.250000   acc = 0.936
  toxicity = 0, identity_any = 1  [n = 108687]:	loss = 0.363  exp loss = 0.935  adjusted loss = 0.935  adv prob = 0.250000   acc = 0.795
  toxicity = 1, identity_any = 0  [n = 11940]:	loss = 0.283  exp loss = 0.271  adjusted loss = 0.271  adv prob = 0.250000   acc = 0.918
  toxicity = 1, identity_any = 1  [n = 19696]:	loss = 0.294  exp loss = 0.229  adjusted loss = 0.229  adv prob = 0.250000   acc = 0.922
Current lr: 0.000005
Current lr: 0.000005
Current validation accuracy: 0.7948977947235107


Epoch [3]:
Training:
Average incurred loss: 0.326  
Average sample loss: 0.326  
Average acc: 0.871  
  toxicity = 0, identity_any = 0  [n = 208]:	loss = 0.121  exp loss = 0.132  adjusted loss = 0.132  adv prob = 0.250000   acc = 0.938
  toxicity = 0, identity_any = 1  [n = 167]:	loss = 0.335  exp loss = 0.350  adjusted loss = 0.350  adv prob = 0.250000   acc = 0.808
  toxicity = 1, identity_any = 0  [n = 208]:	loss = 0.379  exp loss = 0.365  adjusted loss = 0.365  adv prob = 0.250000   acc = 0.865
  toxicity = 1, identity_any = 1  [n = 217]:	loss = 0.464  exp loss = 0.482  adjusted loss = 0.482  adv prob = 0.250000   acc = 0.862
Average incurred loss: 0.312  
Average sample loss: 0.312  
Average acc: 0.871  
  toxicity = 0, identity_any = 0  [n = 201]:	loss = 0.132  exp loss = 0.111  adjusted loss = 0.111  adv prob = 0.250000   acc = 0.935
  toxicity = 0, identity_any = 1  [n = 190]:	loss = 0.368  exp loss = 0.323  adjusted loss = 0.323  adv prob = 0.250000   acc = 0.779
  toxicity = 1, identity_any = 0  [n = 206]:	loss = 0.418  exp loss = 0.294  adjusted loss = 0.294  adv prob = 0.250000   acc = 0.864
  toxicity = 1, identity_any = 1  [n = 203]:	loss = 0.331  exp loss = 0.276  adjusted loss = 0.276  adv prob = 0.250000   acc = 0.901
Average incurred loss: 0.333  
Average sample loss: 0.333  
Average acc: 0.859  
  toxicity = 0, identity_any = 0  [n = 204]:	loss = 0.117  exp loss = 0.137  adjusted loss = 0.137  adv prob = 0.250000   acc = 0.926
  toxicity = 0, identity_any = 1  [n = 187]:	loss = 0.327  exp loss = 0.422  adjusted loss = 0.422  adv prob = 0.250000   acc = 0.797
  toxicity = 1, identity_any = 0  [n = 228]:	loss = 0.472  exp loss = 0.446  adjusted loss = 0.446  adv prob = 0.250000   acc = 0.846
  toxicity = 1, identity_any = 1  [n = 181]:	loss = 0.406  exp loss = 0.534  adjusted loss = 0.534  adv prob = 0.250000   acc = 0.862
Average incurred loss: 0.344  
Average sample loss: 0.344  
Average acc: 0.859  
  toxicity = 0, identity_any = 0  [n = 190]:	loss = 0.190  exp loss = 0.135  adjusted loss = 0.135  adv prob = 0.250000   acc = 0.900
  toxicity = 0, identity_any = 1  [n = 206]:	loss = 0.334  exp loss = 0.321  adjusted loss = 0.321  adv prob = 0.250000   acc = 0.820
  toxicity = 1, identity_any = 0  [n = 184]:	loss = 0.410  exp loss = 0.416  adjusted loss = 0.416  adv prob = 0.250000   acc = 0.875
  toxicity = 1, identity_any = 1  [n = 220]:	loss = 0.432  exp loss = 0.379  adjusted loss = 0.379  adv prob = 0.250000   acc = 0.845
Average incurred loss: 0.356  
Average sample loss: 0.356  
Average acc: 0.855  
  toxicity = 0, identity_any = 0  [n = 215]:	loss = 0.145  exp loss = 0.128  adjusted loss = 0.128  adv prob = 0.250000   acc = 0.926
  toxicity = 0, identity_any = 1  [n = 200]:	loss = 0.359  exp loss = 0.429  adjusted loss = 0.429  adv prob = 0.250000   acc = 0.795
  toxicity = 1, identity_any = 0  [n = 193]:	loss = 0.487  exp loss = 0.535  adjusted loss = 0.535  adv prob = 0.250000   acc = 0.855
  toxicity = 1, identity_any = 1  [n = 192]:	loss = 0.457  exp loss = 0.384  adjusted loss = 0.384  adv prob = 0.250000   acc = 0.839
Average incurred loss: 0.364  
Average sample loss: 0.364  
Average acc: 0.856  
  toxicity = 0, identity_any = 0  [n = 228]:	loss = 0.115  exp loss = 0.091  adjusted loss = 0.091  adv prob = 0.250000   acc = 0.947
  toxicity = 0, identity_any = 1  [n = 170]:	loss = 0.355  exp loss = 0.346  adjusted loss = 0.346  adv prob = 0.250000   acc = 0.800
  toxicity = 1, identity_any = 0  [n = 208]:	loss = 0.492  exp loss = 0.660  adjusted loss = 0.660  adv prob = 0.250000   acc = 0.861
  toxicity = 1, identity_any = 1  [n = 194]:	loss = 0.526  exp loss = 0.449  adjusted loss = 0.449  adv prob = 0.250000   acc = 0.794
Average incurred loss: 0.344  
Average sample loss: 0.344  
Average acc: 0.845  
  toxicity = 0, identity_any = 0  [n = 206]:	loss = 0.102  exp loss = 0.079  adjusted loss = 0.079  adv prob = 0.250000   acc = 0.956
  toxicity = 0, identity_any = 1  [n = 216]:	loss = 0.379  exp loss = 0.533  adjusted loss = 0.533  adv prob = 0.250000   acc = 0.778
  toxicity = 1, identity_any = 0  [n = 188]:	loss = 0.465  exp loss = 0.500  adjusted loss = 0.500  adv prob = 0.250000   acc = 0.824
  toxicity = 1, identity_any = 1  [n = 190]:	loss = 0.446  exp loss = 0.397  adjusted loss = 0.397  adv prob = 0.250000   acc = 0.821
Average incurred loss: 0.339  
Average sample loss: 0.339  
Average acc: 0.864  
  toxicity = 0, identity_any = 0  [n = 200]:	loss = 0.144  exp loss = 0.137  adjusted loss = 0.137  adv prob = 0.250000   acc = 0.925
  toxicity = 0, identity_any = 1  [n = 198]:	loss = 0.341  exp loss = 0.455  adjusted loss = 0.455  adv prob = 0.250000   acc = 0.813
  toxicity = 1, identity_any = 0  [n = 188]:	loss = 0.475  exp loss = 0.542  adjusted loss = 0.542  adv prob = 0.250000   acc = 0.840
  toxicity = 1, identity_any = 1  [n = 214]:	loss = 0.398  exp loss = 0.443  adjusted loss = 0.443  adv prob = 0.250000   acc = 0.874
Average incurred loss: 0.352  
Average sample loss: 0.352  
Average acc: 0.855  
  toxicity = 0, identity_any = 0  [n = 204]:	loss = 0.170  exp loss = 0.205  adjusted loss = 0.205  adv prob = 0.250000   acc = 0.917
  toxicity = 0, identity_any = 1  [n = 210]:	loss = 0.323  exp loss = 0.344  adjusted loss = 0.344  adv prob = 0.250000   acc = 0.814
  toxicity = 1, identity_any = 0  [n = 180]:	loss = 0.476  exp loss = 0.409  adjusted loss = 0.409  adv prob = 0.250000   acc = 0.844
  toxicity = 1, identity_any = 1  [n = 206]:	loss = 0.452  exp loss = 0.578  adjusted loss = 0.578  adv prob = 0.250000   acc = 0.845
Average incurred loss: 0.331  
Average sample loss: 0.333  
Average acc: 0.864  
  toxicity = 0, identity_any = 0  [n = 185]:	loss = 0.133  exp loss = 0.163  adjusted loss = 0.163  adv prob = 0.250000   acc = 0.919
  toxicity = 0, identity_any = 1  [n = 153]:	loss = 0.348  exp loss = 0.380  adjusted loss = 0.380  adv prob = 0.250000   acc = 0.817
  toxicity = 1, identity_any = 0  [n = 165]:	loss = 0.495  exp loss = 0.481  adjusted loss = 0.481  adv prob = 0.250000   acc = 0.842
  toxicity = 1, identity_any = 1  [n = 165]:	loss = 0.374  exp loss = 0.411  adjusted loss = 0.411  adv prob = 0.250000   acc = 0.867

Validation:
Average incurred loss: 0.242  
Average sample loss: 0.242  
Average acc: 0.878  
  toxicity = 0, identity_any = 0  [n = 166026]:	loss = 0.140  exp loss = 0.929  adjusted loss = 0.929  adv prob = 0.250000   acc = 0.930
  toxicity = 0, identity_any = 1  [n = 108687]:	loss = 0.390  exp loss = 1.002  adjusted loss = 1.002  adv prob = 0.250000   acc = 0.783
  toxicity = 1, identity_any = 0  [n = 11940]:	loss = 0.254  exp loss = 0.241  adjusted loss = 0.241  adv prob = 0.250000   acc = 0.924
  toxicity = 1, identity_any = 1  [n = 19696]:	loss = 0.266  exp loss = 0.203  adjusted loss = 0.203  adv prob = 0.250000   acc = 0.928
Current lr: 0.000003
Current lr: 0.000003
Current validation accuracy: 0.7826430797576904


Epoch [4]:
Training:
Average incurred loss: 0.340  
Average sample loss: 0.340  
Average acc: 0.852  
  toxicity = 0, identity_any = 0  [n = 175]:	loss = 0.152  exp loss = 0.359  adjusted loss = 0.359  adv prob = 0.250000   acc = 0.909
  toxicity = 0, identity_any = 1  [n = 184]:	loss = 0.375  exp loss = 0.284  adjusted loss = 0.284  adv prob = 0.250000   acc = 0.804
  toxicity = 1, identity_any = 0  [n = 206]:	loss = 0.391  exp loss = 0.357  adjusted loss = 0.357  adv prob = 0.250000   acc = 0.820
  toxicity = 1, identity_any = 1  [n = 235]:	loss = 0.407  exp loss = 0.680  adjusted loss = 0.680  adv prob = 0.250000   acc = 0.877
Average incurred loss: 0.274  
Average sample loss: 0.274  
Average acc: 0.899  
  toxicity = 0, identity_any = 0  [n = 216]:	loss = 0.090  exp loss = 0.138  adjusted loss = 0.138  adv prob = 0.250000   acc = 0.963
  toxicity = 0, identity_any = 1  [n = 182]:	loss = 0.314  exp loss = 0.385  adjusted loss = 0.385  adv prob = 0.250000   acc = 0.841
  toxicity = 1, identity_any = 0  [n = 209]:	loss = 0.389  exp loss = 0.381  adjusted loss = 0.381  adv prob = 0.250000   acc = 0.866
  toxicity = 1, identity_any = 1  [n = 193]:	loss = 0.318  exp loss = 0.436  adjusted loss = 0.436  adv prob = 0.250000   acc = 0.917
Average incurred loss: 0.302  
Average sample loss: 0.302  
Average acc: 0.887  
  toxicity = 0, identity_any = 0  [n = 210]:	loss = 0.105  exp loss = 0.089  adjusted loss = 0.089  adv prob = 0.250000   acc = 0.952
  toxicity = 0, identity_any = 1  [n = 179]:	loss = 0.399  exp loss = 0.318  adjusted loss = 0.318  adv prob = 0.250000   acc = 0.788
  toxicity = 1, identity_any = 0  [n = 208]:	loss = 0.329  exp loss = 0.366  adjusted loss = 0.366  adv prob = 0.250000   acc = 0.899
  toxicity = 1, identity_any = 1  [n = 203]:	loss = 0.393  exp loss = 0.445  adjusted loss = 0.445  adv prob = 0.250000   acc = 0.897
Average incurred loss: 0.326  
Average sample loss: 0.326  
Average acc: 0.872  
  toxicity = 0, identity_any = 0  [n = 200]:	loss = 0.173  exp loss = 0.135  adjusted loss = 0.135  adv prob = 0.250000   acc = 0.915
  toxicity = 0, identity_any = 1  [n = 194]:	loss = 0.328  exp loss = 0.355  adjusted loss = 0.355  adv prob = 0.250000   acc = 0.820
  toxicity = 1, identity_any = 0  [n = 203]:	loss = 0.418  exp loss = 0.647  adjusted loss = 0.647  adv prob = 0.250000   acc = 0.867
  toxicity = 1, identity_any = 1  [n = 203]:	loss = 0.384  exp loss = 0.372  adjusted loss = 0.372  adv prob = 0.250000   acc = 0.887
Average incurred loss: 0.317  
Average sample loss: 0.317  
Average acc: 0.868  
  toxicity = 0, identity_any = 0  [n = 190]:	loss = 0.137  exp loss = 0.166  adjusted loss = 0.166  adv prob = 0.250000   acc = 0.932
  toxicity = 0, identity_any = 1  [n = 198]:	loss = 0.353  exp loss = 0.320  adjusted loss = 0.320  adv prob = 0.250000   acc = 0.793
  toxicity = 1, identity_any = 0  [n = 214]:	loss = 0.406  exp loss = 0.269  adjusted loss = 0.269  adv prob = 0.250000   acc = 0.874
  toxicity = 1, identity_any = 1  [n = 198]:	loss = 0.356  exp loss = 0.334  adjusted loss = 0.334  adv prob = 0.250000   acc = 0.874
Average incurred loss: 0.303  
Average sample loss: 0.303  
Average acc: 0.873  
  toxicity = 0, identity_any = 0  [n = 217]:	loss = 0.134  exp loss = 0.097  adjusted loss = 0.097  adv prob = 0.250000   acc = 0.945
  toxicity = 0, identity_any = 1  [n = 193]:	loss = 0.412  exp loss = 0.438  adjusted loss = 0.438  adv prob = 0.250000   acc = 0.762
  toxicity = 1, identity_any = 0  [n = 200]:	loss = 0.364  exp loss = 0.421  adjusted loss = 0.421  adv prob = 0.250000   acc = 0.870
  toxicity = 1, identity_any = 1  [n = 190]:	loss = 0.322  exp loss = 0.254  adjusted loss = 0.254  adv prob = 0.250000   acc = 0.905
Average incurred loss: 0.307  
Average sample loss: 0.307  
Average acc: 0.869  
  toxicity = 0, identity_any = 0  [n = 198]:	loss = 0.114  exp loss = 0.102  adjusted loss = 0.102  adv prob = 0.250000   acc = 0.960
  toxicity = 0, identity_any = 1  [n = 220]:	loss = 0.355  exp loss = 0.310  adjusted loss = 0.310  adv prob = 0.250000   acc = 0.800
  toxicity = 1, identity_any = 0  [n = 186]:	loss = 0.427  exp loss = 0.472  adjusted loss = 0.472  adv prob = 0.250000   acc = 0.844
  toxicity = 1, identity_any = 1  [n = 196]:	loss = 0.334  exp loss = 0.394  adjusted loss = 0.394  adv prob = 0.250000   acc = 0.878
Average incurred loss: 0.328  
Average sample loss: 0.328  
Average acc: 0.855  
  toxicity = 0, identity_any = 0  [n = 224]:	loss = 0.121  exp loss = 0.069  adjusted loss = 0.069  adv prob = 0.250000   acc = 0.942
  toxicity = 0, identity_any = 1  [n = 224]:	loss = 0.400  exp loss = 0.441  adjusted loss = 0.441  adv prob = 0.250000   acc = 0.781
  toxicity = 1, identity_any = 0  [n = 174]:	loss = 0.458  exp loss = 0.344  adjusted loss = 0.344  adv prob = 0.250000   acc = 0.845
  toxicity = 1, identity_any = 1  [n = 178]:	loss = 0.369  exp loss = 0.324  adjusted loss = 0.324  adv prob = 0.250000   acc = 0.848
Average incurred loss: 0.349  
Average sample loss: 0.349  
Average acc: 0.852  
  toxicity = 0, identity_any = 0  [n = 194]:	loss = 0.191  exp loss = 0.143  adjusted loss = 0.143  adv prob = 0.250000   acc = 0.897
  toxicity = 0, identity_any = 1  [n = 209]:	loss = 0.376  exp loss = 0.276  adjusted loss = 0.276  adv prob = 0.250000   acc = 0.794
  toxicity = 1, identity_any = 0  [n = 207]:	loss = 0.411  exp loss = 0.403  adjusted loss = 0.403  adv prob = 0.250000   acc = 0.879
  toxicity = 1, identity_any = 1  [n = 190]:	loss = 0.415  exp loss = 0.418  adjusted loss = 0.418  adv prob = 0.250000   acc = 0.842
Average incurred loss: 0.291  
Average sample loss: 0.293  
Average acc: 0.868  
  toxicity = 0, identity_any = 0  [n = 174]:	loss = 0.103  exp loss = 0.132  adjusted loss = 0.132  adv prob = 0.250000   acc = 0.966
  toxicity = 0, identity_any = 1  [n = 164]:	loss = 0.355  exp loss = 0.263  adjusted loss = 0.263  adv prob = 0.250000   acc = 0.799
  toxicity = 1, identity_any = 0  [n = 155]:	loss = 0.384  exp loss = 0.348  adjusted loss = 0.348  adv prob = 0.250000   acc = 0.826
  toxicity = 1, identity_any = 1  [n = 175]:	loss = 0.334  exp loss = 0.358  adjusted loss = 0.358  adv prob = 0.250000   acc = 0.874

Validation:
Average incurred loss: 0.248  
Average sample loss: 0.248  
Average acc: 0.875  
  toxicity = 0, identity_any = 0  [n = 166026]:	loss = 0.146  exp loss = 0.962  adjusted loss = 0.962  adv prob = 0.250000   acc = 0.928
  toxicity = 0, identity_any = 1  [n = 108687]:	loss = 0.403  exp loss = 1.033  adjusted loss = 1.033  adv prob = 0.250000   acc = 0.778
  toxicity = 1, identity_any = 0  [n = 11940]:	loss = 0.241  exp loss = 0.227  adjusted loss = 0.227  adv prob = 0.250000   acc = 0.927
  toxicity = 1, identity_any = 1  [n = 19696]:	loss = 0.254  exp loss = 0.191  adjusted loss = 0.191  adv prob = 0.250000   acc = 0.930
Current lr: 0.000002
Current lr: 0.000002
Current validation accuracy: 0.7777715921401978


Epoch [5]:
Training:
Average incurred loss: 0.345  
Average sample loss: 0.345  
Average acc: 0.844  
  toxicity = 0, identity_any = 0  [n = 205]:	loss = 0.207  exp loss = 0.179  adjusted loss = 0.179  adv prob = 0.250000   acc = 0.878
  toxicity = 0, identity_any = 1  [n = 206]:	loss = 0.385  exp loss = 0.380  adjusted loss = 0.380  adv prob = 0.250000   acc = 0.772
  toxicity = 1, identity_any = 0  [n = 190]:	loss = 0.374  exp loss = 0.432  adjusted loss = 0.432  adv prob = 0.250000   acc = 0.863
  toxicity = 1, identity_any = 1  [n = 199]:	loss = 0.420  exp loss = 0.377  adjusted loss = 0.377  adv prob = 0.250000   acc = 0.864
Average incurred loss: 0.369  
Average sample loss: 0.369  
Average acc: 0.845  
  toxicity = 0, identity_any = 0  [n = 194]:	loss = 0.148  exp loss = 0.201  adjusted loss = 0.201  adv prob = 0.250000   acc = 0.928
  toxicity = 0, identity_any = 1  [n = 215]:	loss = 0.460  exp loss = 0.442  adjusted loss = 0.442  adv prob = 0.250000   acc = 0.758
  toxicity = 1, identity_any = 0  [n = 208]:	loss = 0.433  exp loss = 0.392  adjusted loss = 0.392  adv prob = 0.250000   acc = 0.837
  toxicity = 1, identity_any = 1  [n = 183]:	loss = 0.424  exp loss = 0.398  adjusted loss = 0.398  adv prob = 0.250000   acc = 0.869
Average incurred loss: 0.299  
Average sample loss: 0.299  
Average acc: 0.876  
  toxicity = 0, identity_any = 0  [n = 202]:	loss = 0.164  exp loss = 0.214  adjusted loss = 0.214  adv prob = 0.250000   acc = 0.921
  toxicity = 0, identity_any = 1  [n = 179]:	loss = 0.380  exp loss = 0.461  adjusted loss = 0.461  adv prob = 0.250000   acc = 0.788
  toxicity = 1, identity_any = 0  [n = 208]:	loss = 0.311  exp loss = 0.263  adjusted loss = 0.263  adv prob = 0.250000   acc = 0.875
  toxicity = 1, identity_any = 1  [n = 211]:	loss = 0.346  exp loss = 0.330  adjusted loss = 0.330  adv prob = 0.250000   acc = 0.910
Average incurred loss: 0.326  
Average sample loss: 0.326  
Average acc: 0.869  
  toxicity = 0, identity_any = 0  [n = 182]:	loss = 0.185  exp loss = 0.207  adjusted loss = 0.207  adv prob = 0.250000   acc = 0.901
  toxicity = 0, identity_any = 1  [n = 213]:	loss = 0.374  exp loss = 0.407  adjusted loss = 0.407  adv prob = 0.250000   acc = 0.812
  toxicity = 1, identity_any = 0  [n = 204]:	loss = 0.386  exp loss = 0.545  adjusted loss = 0.545  adv prob = 0.250000   acc = 0.882
  toxicity = 1, identity_any = 1  [n = 201]:	loss = 0.342  exp loss = 0.347  adjusted loss = 0.347  adv prob = 0.250000   acc = 0.886
Average incurred loss: 0.333  
Average sample loss: 0.333  
Average acc: 0.860  
  toxicity = 0, identity_any = 0  [n = 182]:	loss = 0.158  exp loss = 0.074  adjusted loss = 0.074  adv prob = 0.250000   acc = 0.918
  toxicity = 0, identity_any = 1  [n = 215]:	loss = 0.371  exp loss = 0.409  adjusted loss = 0.409  adv prob = 0.250000   acc = 0.819
  toxicity = 1, identity_any = 0  [n = 197]:	loss = 0.439  exp loss = 0.290  adjusted loss = 0.290  adv prob = 0.250000   acc = 0.838
  toxicity = 1, identity_any = 1  [n = 206]:	loss = 0.346  exp loss = 0.330  adjusted loss = 0.330  adv prob = 0.250000   acc = 0.874
Average incurred loss: 0.346  
Average sample loss: 0.346  
Average acc: 0.866  
  toxicity = 0, identity_any = 0  [n = 200]:	loss = 0.123  exp loss = 0.097  adjusted loss = 0.097  adv prob = 0.250000   acc = 0.955
  toxicity = 0, identity_any = 1  [n = 190]:	loss = 0.462  exp loss = 0.393  adjusted loss = 0.393  adv prob = 0.250000   acc = 0.763
  toxicity = 1, identity_any = 0  [n = 186]:	loss = 0.383  exp loss = 0.499  adjusted loss = 0.499  adv prob = 0.250000   acc = 0.866
  toxicity = 1, identity_any = 1  [n = 224]:	loss = 0.416  exp loss = 0.489  adjusted loss = 0.489  adv prob = 0.250000   acc = 0.875
Average incurred loss: 0.313  
Average sample loss: 0.313  
Average acc: 0.859  
  toxicity = 0, identity_any = 0  [n = 211]:	loss = 0.145  exp loss = 0.134  adjusted loss = 0.134  adv prob = 0.250000   acc = 0.924
  toxicity = 0, identity_any = 1  [n = 218]:	loss = 0.370  exp loss = 0.453  adjusted loss = 0.453  adv prob = 0.250000   acc = 0.798
  toxicity = 1, identity_any = 0  [n = 174]:	loss = 0.469  exp loss = 0.504  adjusted loss = 0.504  adv prob = 0.250000   acc = 0.805
  toxicity = 1, identity_any = 1  [n = 197]:	loss = 0.291  exp loss = 0.391  adjusted loss = 0.391  adv prob = 0.250000   acc = 0.904
Average incurred loss: 0.323  
Average sample loss: 0.323  
Average acc: 0.865  
  toxicity = 0, identity_any = 0  [n = 193]:	loss = 0.148  exp loss = 0.165  adjusted loss = 0.165  adv prob = 0.250000   acc = 0.933
  toxicity = 0, identity_any = 1  [n = 192]:	loss = 0.397  exp loss = 0.326  adjusted loss = 0.326  adv prob = 0.250000   acc = 0.776
  toxicity = 1, identity_any = 0  [n = 197]:	loss = 0.351  exp loss = 0.396  adjusted loss = 0.396  adv prob = 0.250000   acc = 0.873
  toxicity = 1, identity_any = 1  [n = 218]:	loss = 0.387  exp loss = 0.500  adjusted loss = 0.500  adv prob = 0.250000   acc = 0.876
Average incurred loss: 0.297  
Average sample loss: 0.297  
Average acc: 0.869  
  toxicity = 0, identity_any = 0  [n = 203]:	loss = 0.136  exp loss = 0.175  adjusted loss = 0.175  adv prob = 0.250000   acc = 0.921
  toxicity = 0, identity_any = 1  [n = 208]:	loss = 0.335  exp loss = 0.222  adjusted loss = 0.222  adv prob = 0.250000   acc = 0.837
  toxicity = 1, identity_any = 0  [n = 196]:	loss = 0.340  exp loss = 0.338  adjusted loss = 0.338  adv prob = 0.250000   acc = 0.872
  toxicity = 1, identity_any = 1  [n = 193]:	loss = 0.380  exp loss = 0.462  adjusted loss = 0.462  adv prob = 0.250000   acc = 0.845
Average incurred loss: 0.363  
Average sample loss: 0.362  
Average acc: 0.841  
  toxicity = 0, identity_any = 0  [n = 151]:	loss = 0.257  exp loss = 0.253  adjusted loss = 0.253  adv prob = 0.250000   acc = 0.868
  toxicity = 0, identity_any = 1  [n = 180]:	loss = 0.386  exp loss = 0.331  adjusted loss = 0.331  adv prob = 0.250000   acc = 0.783
  toxicity = 1, identity_any = 0  [n = 166]:	loss = 0.397  exp loss = 0.309  adjusted loss = 0.309  adv prob = 0.250000   acc = 0.880
  toxicity = 1, identity_any = 1  [n = 171]:	loss = 0.399  exp loss = 0.333  adjusted loss = 0.333  adv prob = 0.250000   acc = 0.842

Validation:
Average incurred loss: 0.250  
Average sample loss: 0.250  
Average acc: 0.874  
  toxicity = 0, identity_any = 0  [n = 166026]:	loss = 0.148  exp loss = 0.971  adjusted loss = 0.971  adv prob = 0.250000   acc = 0.927
  toxicity = 0, identity_any = 1  [n = 108687]:	loss = 0.406  exp loss = 1.042  adjusted loss = 1.042  adv prob = 0.250000   acc = 0.776
  toxicity = 1, identity_any = 0  [n = 11940]:	loss = 0.238  exp loss = 0.223  adjusted loss = 0.223  adv prob = 0.250000   acc = 0.928
  toxicity = 1, identity_any = 1  [n = 19696]:	loss = 0.251  exp loss = 0.188  adjusted loss = 0.188  adv prob = 0.250000   acc = 0.931
Current lr: 0.000000
Current lr: 0.000000
Current validation accuracy: 0.7760724425315857

Total Experiment Time: 24549.4s
Finished with job 838 (seed=333)
