




 Using bert params 







WARNING: You are using 'dfr/metadata_val_as_train.csv' instead of the default 'metadata.csv'.


Dataset: jigsaw
Shift type: confounder
Wandb: False
Project name: spurious
Target name: toxicity
Confounder names: ['identity_any']
Up weight: 0
Resume: False
Finetune: True
Normalize: False
Recalculate groups: False
Unfreeze: 0
Restart layers: 0
Minority fraction: None
Imbalance ratio: None
Fraction: 1.0
Root dir: ../datasets
Reweight groups: False
Augment data: False
Val fraction: 0.1
Loss type: erm
Alpha: 0.2
Generalization adjustment: 0.0
Sv dropout: 0.0
Automatic adjustment: False
Robust step size: 0.01
Joint dro alpha: 1
Use normalized loss: False
Btl: False
Hinge: False
Model: bert-base-uncased
Train from scratch: False
Pretrained path: pretrained_models/civilcomments/erm_0.9_333.pth
N epochs: 6
Batch size: 16
Lr: 1e-05
Scheduler: False
L1: 0.0
Weight decay: 0.01
Gamma: 0.1
Minimum variational weight: 0
Seed: 333
Accum: 1
Show progress: False
Log dir: results/civilcomments/dfr/model_outputs_333
Log every: 50
Save step: 10
Save best: True
Save last: True
Use bert params: 1
Num folds per sweep: 5
Num sweeps: 4
Q: 0.7
Metadata csv name: dfr/metadata_val_as_train.csv
Fold: None
Metadata path: None
Aug col: None
Max grad norm: 1.0
Adam epsilon: 1e-08
Warmup steps: 0

metadata_csv_name: dfr/metadata_val_as_train.csv
Training Data...
    toxicity = 0, identity_any = 0: n = 1967
    toxicity = 0, identity_any = 1: n = 1967
    toxicity = 1, identity_any = 0: n = 1967
    toxicity = 1, identity_any = 1: n = 1967
Validation Data...
    toxicity = 0, identity_any = 0: n = 166026
    toxicity = 0, identity_any = 1: n = 108687
    toxicity = 1, identity_any = 0: n = 11940
    toxicity = 1, identity_any = 1: n = 19696
Test Data...
    toxicity = 0, identity_any = 0: n = 72372
    toxicity = 0, identity_any = 1: n = 46185
    toxicity = 1, identity_any = 0: n = 6063
    toxicity = 1, identity_any = 1: n = 9161
Training
n_classes = 2
Loading pretrained model from: pretrained_models/civilcomments/erm_0.9_333.pth
bert.embeddings.word_embeddings.weight False
bert.embeddings.position_embeddings.weight False
bert.embeddings.token_type_embeddings.weight False
bert.embeddings.LayerNorm.weight False
bert.embeddings.LayerNorm.bias False
bert.encoder.layer.0.attention.self.query.weight False
bert.encoder.layer.0.attention.self.query.bias False
bert.encoder.layer.0.attention.self.key.weight False
bert.encoder.layer.0.attention.self.key.bias False
bert.encoder.layer.0.attention.self.value.weight False
bert.encoder.layer.0.attention.self.value.bias False
bert.encoder.layer.0.attention.output.dense.weight False
bert.encoder.layer.0.attention.output.dense.bias False
bert.encoder.layer.0.attention.output.LayerNorm.weight False
bert.encoder.layer.0.attention.output.LayerNorm.bias False
bert.encoder.layer.0.intermediate.dense.weight False
bert.encoder.layer.0.intermediate.dense.bias False
bert.encoder.layer.0.output.dense.weight False
bert.encoder.layer.0.output.dense.bias False
bert.encoder.layer.0.output.LayerNorm.weight False
bert.encoder.layer.0.output.LayerNorm.bias False
bert.encoder.layer.1.attention.self.query.weight False
bert.encoder.layer.1.attention.self.query.bias False
bert.encoder.layer.1.attention.self.key.weight False
bert.encoder.layer.1.attention.self.key.bias False
bert.encoder.layer.1.attention.self.value.weight False
bert.encoder.layer.1.attention.self.value.bias False
bert.encoder.layer.1.attention.output.dense.weight False
bert.encoder.layer.1.attention.output.dense.bias False
bert.encoder.layer.1.attention.output.LayerNorm.weight False
bert.encoder.layer.1.attention.output.LayerNorm.bias False
bert.encoder.layer.1.intermediate.dense.weight False
bert.encoder.layer.1.intermediate.dense.bias False
bert.encoder.layer.1.output.dense.weight False
bert.encoder.layer.1.output.dense.bias False
bert.encoder.layer.1.output.LayerNorm.weight False
bert.encoder.layer.1.output.LayerNorm.bias False
bert.encoder.layer.2.attention.self.query.weight False
bert.encoder.layer.2.attention.self.query.bias False
bert.encoder.layer.2.attention.self.key.weight False
bert.encoder.layer.2.attention.self.key.bias False
bert.encoder.layer.2.attention.self.value.weight False
bert.encoder.layer.2.attention.self.value.bias False
bert.encoder.layer.2.attention.output.dense.weight False
bert.encoder.layer.2.attention.output.dense.bias False
bert.encoder.layer.2.attention.output.LayerNorm.weight False
bert.encoder.layer.2.attention.output.LayerNorm.bias False
bert.encoder.layer.2.intermediate.dense.weight False
bert.encoder.layer.2.intermediate.dense.bias False
bert.encoder.layer.2.output.dense.weight False
bert.encoder.layer.2.output.dense.bias False
bert.encoder.layer.2.output.LayerNorm.weight False
bert.encoder.layer.2.output.LayerNorm.bias False
bert.encoder.layer.3.attention.self.query.weight False
bert.encoder.layer.3.attention.self.query.bias False
bert.encoder.layer.3.attention.self.key.weight False
bert.encoder.layer.3.attention.self.key.bias False
bert.encoder.layer.3.attention.self.value.weight False
bert.encoder.layer.3.attention.self.value.bias False
bert.encoder.layer.3.attention.output.dense.weight False
bert.encoder.layer.3.attention.output.dense.bias False
bert.encoder.layer.3.attention.output.LayerNorm.weight False
bert.encoder.layer.3.attention.output.LayerNorm.bias False
bert.encoder.layer.3.intermediate.dense.weight False
bert.encoder.layer.3.intermediate.dense.bias False
bert.encoder.layer.3.output.dense.weight False
bert.encoder.layer.3.output.dense.bias False
bert.encoder.layer.3.output.LayerNorm.weight False
bert.encoder.layer.3.output.LayerNorm.bias False
bert.encoder.layer.4.attention.self.query.weight False
bert.encoder.layer.4.attention.self.query.bias False
bert.encoder.layer.4.attention.self.key.weight False
bert.encoder.layer.4.attention.self.key.bias False
bert.encoder.layer.4.attention.self.value.weight False
bert.encoder.layer.4.attention.self.value.bias False
bert.encoder.layer.4.attention.output.dense.weight False
bert.encoder.layer.4.attention.output.dense.bias False
bert.encoder.layer.4.attention.output.LayerNorm.weight False
bert.encoder.layer.4.attention.output.LayerNorm.bias False
bert.encoder.layer.4.intermediate.dense.weight False
bert.encoder.layer.4.intermediate.dense.bias False
bert.encoder.layer.4.output.dense.weight False
bert.encoder.layer.4.output.dense.bias False
bert.encoder.layer.4.output.LayerNorm.weight False
bert.encoder.layer.4.output.LayerNorm.bias False
bert.encoder.layer.5.attention.self.query.weight False
bert.encoder.layer.5.attention.self.query.bias False
bert.encoder.layer.5.attention.self.key.weight False
bert.encoder.layer.5.attention.self.key.bias False
bert.encoder.layer.5.attention.self.value.weight False
bert.encoder.layer.5.attention.self.value.bias False
bert.encoder.layer.5.attention.output.dense.weight False
bert.encoder.layer.5.attention.output.dense.bias False
bert.encoder.layer.5.attention.output.LayerNorm.weight False
bert.encoder.layer.5.attention.output.LayerNorm.bias False
bert.encoder.layer.5.intermediate.dense.weight False
bert.encoder.layer.5.intermediate.dense.bias False
bert.encoder.layer.5.output.dense.weight False
bert.encoder.layer.5.output.dense.bias False
bert.encoder.layer.5.output.LayerNorm.weight False
bert.encoder.layer.5.output.LayerNorm.bias False
bert.encoder.layer.6.attention.self.query.weight False
bert.encoder.layer.6.attention.self.query.bias False
bert.encoder.layer.6.attention.self.key.weight False
bert.encoder.layer.6.attention.self.key.bias False
bert.encoder.layer.6.attention.self.value.weight False
bert.encoder.layer.6.attention.self.value.bias False
bert.encoder.layer.6.attention.output.dense.weight False
bert.encoder.layer.6.attention.output.dense.bias False
bert.encoder.layer.6.attention.output.LayerNorm.weight False
bert.encoder.layer.6.attention.output.LayerNorm.bias False
bert.encoder.layer.6.intermediate.dense.weight False
bert.encoder.layer.6.intermediate.dense.bias False
bert.encoder.layer.6.output.dense.weight False
bert.encoder.layer.6.output.dense.bias False
bert.encoder.layer.6.output.LayerNorm.weight False
bert.encoder.layer.6.output.LayerNorm.bias False
bert.encoder.layer.7.attention.self.query.weight False
bert.encoder.layer.7.attention.self.query.bias False
bert.encoder.layer.7.attention.self.key.weight False
bert.encoder.layer.7.attention.self.key.bias False
bert.encoder.layer.7.attention.self.value.weight False
bert.encoder.layer.7.attention.self.value.bias False
bert.encoder.layer.7.attention.output.dense.weight False
bert.encoder.layer.7.attention.output.dense.bias False
bert.encoder.layer.7.attention.output.LayerNorm.weight False
bert.encoder.layer.7.attention.output.LayerNorm.bias False
bert.encoder.layer.7.intermediate.dense.weight False
bert.encoder.layer.7.intermediate.dense.bias False
bert.encoder.layer.7.output.dense.weight False
bert.encoder.layer.7.output.dense.bias False
bert.encoder.layer.7.output.LayerNorm.weight False
bert.encoder.layer.7.output.LayerNorm.bias False
bert.encoder.layer.8.attention.self.query.weight False
bert.encoder.layer.8.attention.self.query.bias False
bert.encoder.layer.8.attention.self.key.weight False
bert.encoder.layer.8.attention.self.key.bias False
bert.encoder.layer.8.attention.self.value.weight False
bert.encoder.layer.8.attention.self.value.bias False
bert.encoder.layer.8.attention.output.dense.weight False
bert.encoder.layer.8.attention.output.dense.bias False
bert.encoder.layer.8.attention.output.LayerNorm.weight False
bert.encoder.layer.8.attention.output.LayerNorm.bias False
bert.encoder.layer.8.intermediate.dense.weight False
bert.encoder.layer.8.intermediate.dense.bias False
bert.encoder.layer.8.output.dense.weight False
bert.encoder.layer.8.output.dense.bias False
bert.encoder.layer.8.output.LayerNorm.weight False
bert.encoder.layer.8.output.LayerNorm.bias False
bert.encoder.layer.9.attention.self.query.weight False
bert.encoder.layer.9.attention.self.query.bias False
bert.encoder.layer.9.attention.self.key.weight False
bert.encoder.layer.9.attention.self.key.bias False
bert.encoder.layer.9.attention.self.value.weight False
bert.encoder.layer.9.attention.self.value.bias False
bert.encoder.layer.9.attention.output.dense.weight False
bert.encoder.layer.9.attention.output.dense.bias False
bert.encoder.layer.9.attention.output.LayerNorm.weight False
bert.encoder.layer.9.attention.output.LayerNorm.bias False
bert.encoder.layer.9.intermediate.dense.weight False
bert.encoder.layer.9.intermediate.dense.bias False
bert.encoder.layer.9.output.dense.weight False
bert.encoder.layer.9.output.dense.bias False
bert.encoder.layer.9.output.LayerNorm.weight False
bert.encoder.layer.9.output.LayerNorm.bias False
bert.encoder.layer.10.attention.self.query.weight False
bert.encoder.layer.10.attention.self.query.bias False
bert.encoder.layer.10.attention.self.key.weight False
bert.encoder.layer.10.attention.self.key.bias False
bert.encoder.layer.10.attention.self.value.weight False
bert.encoder.layer.10.attention.self.value.bias False
bert.encoder.layer.10.attention.output.dense.weight False
bert.encoder.layer.10.attention.output.dense.bias False
bert.encoder.layer.10.attention.output.LayerNorm.weight False
bert.encoder.layer.10.attention.output.LayerNorm.bias False
bert.encoder.layer.10.intermediate.dense.weight False
bert.encoder.layer.10.intermediate.dense.bias False
bert.encoder.layer.10.output.dense.weight False
bert.encoder.layer.10.output.dense.bias False
bert.encoder.layer.10.output.LayerNorm.weight False
bert.encoder.layer.10.output.LayerNorm.bias False
bert.encoder.layer.11.attention.self.query.weight False
bert.encoder.layer.11.attention.self.query.bias False
bert.encoder.layer.11.attention.self.key.weight False
bert.encoder.layer.11.attention.self.key.bias False
bert.encoder.layer.11.attention.self.value.weight False
bert.encoder.layer.11.attention.self.value.bias False
bert.encoder.layer.11.attention.output.dense.weight False
bert.encoder.layer.11.attention.output.dense.bias False
bert.encoder.layer.11.attention.output.LayerNorm.weight False
bert.encoder.layer.11.attention.output.LayerNorm.bias False
bert.encoder.layer.11.intermediate.dense.weight False
bert.encoder.layer.11.intermediate.dense.bias False
bert.encoder.layer.11.output.dense.weight False
bert.encoder.layer.11.output.dense.bias False
bert.encoder.layer.11.output.LayerNorm.weight False
bert.encoder.layer.11.output.LayerNorm.bias False
bert.pooler.dense.weight False
bert.pooler.dense.bias False
classifier.weight True
classifier.bias True

t_total is 2952


Epoch [0]:
Training:
Average incurred loss: 0.603  
Average sample loss: 0.603  
Average acc: 0.761  
  toxicity = 0, identity_any = 0  [n = 220]:	loss = 0.043  exp loss = 0.073  adjusted loss = 0.073  adv prob = 0.250000   acc = 0.986
  toxicity = 0, identity_any = 1  [n = 218]:	loss = 0.113  exp loss = 0.101  adjusted loss = 0.101  adv prob = 0.250000   acc = 0.959
  toxicity = 1, identity_any = 0  [n = 164]:	loss = 1.259  exp loss = 0.967  adjusted loss = 0.967  adv prob = 0.250000   acc = 0.537
  toxicity = 1, identity_any = 1  [n = 198]:	loss = 1.222  exp loss = 1.026  adjusted loss = 1.026  adv prob = 0.250000   acc = 0.480
Average incurred loss: 0.566  
Average sample loss: 0.566  
Average acc: 0.768  
  toxicity = 0, identity_any = 0  [n = 184]:	loss = 0.042  exp loss = 0.021  adjusted loss = 0.021  adv prob = 0.250000   acc = 0.984
  toxicity = 0, identity_any = 1  [n = 207]:	loss = 0.074  exp loss = 0.057  adjusted loss = 0.057  adv prob = 0.250000   acc = 0.971
  toxicity = 1, identity_any = 0  [n = 205]:	loss = 1.105  exp loss = 1.040  adjusted loss = 1.040  adv prob = 0.250000   acc = 0.576
  toxicity = 1, identity_any = 1  [n = 204]:	loss = 0.997  exp loss = 0.788  adjusted loss = 0.788  adv prob = 0.250000   acc = 0.559
Average incurred loss: 0.496  
Average sample loss: 0.496  
Average acc: 0.800  
  toxicity = 0, identity_any = 0  [n = 193]:	loss = 0.037  exp loss = 0.043  adjusted loss = 0.043  adv prob = 0.250000   acc = 0.990
  toxicity = 0, identity_any = 1  [n = 200]:	loss = 0.081  exp loss = 0.078  adjusted loss = 0.078  adv prob = 0.250000   acc = 0.970
  toxicity = 1, identity_any = 0  [n = 197]:	loss = 0.815  exp loss = 0.838  adjusted loss = 0.838  adv prob = 0.250000   acc = 0.650
  toxicity = 1, identity_any = 1  [n = 210]:	loss = 1.012  exp loss = 1.122  adjusted loss = 1.122  adv prob = 0.250000   acc = 0.605
Average incurred loss: 0.519  
Average sample loss: 0.519  
Average acc: 0.795  
  toxicity = 0, identity_any = 0  [n = 195]:	loss = 0.036  exp loss = 0.062  adjusted loss = 0.062  adv prob = 0.250000   acc = 0.990
  toxicity = 0, identity_any = 1  [n = 187]:	loss = 0.114  exp loss = 0.095  adjusted loss = 0.095  adv prob = 0.250000   acc = 0.963
  toxicity = 1, identity_any = 0  [n = 205]:	loss = 0.891  exp loss = 0.838  adjusted loss = 0.838  adv prob = 0.250000   acc = 0.654
  toxicity = 1, identity_any = 1  [n = 213]:	loss = 0.957  exp loss = 1.048  adjusted loss = 1.048  adv prob = 0.250000   acc = 0.606
Average incurred loss: 0.540  
Average sample loss: 0.540  
Average acc: 0.785  
  toxicity = 0, identity_any = 0  [n = 212]:	loss = 0.068  exp loss = 0.047  adjusted loss = 0.047  adv prob = 0.250000   acc = 0.962
  toxicity = 0, identity_any = 1  [n = 200]:	loss = 0.160  exp loss = 0.175  adjusted loss = 0.175  adv prob = 0.250000   acc = 0.900
  toxicity = 1, identity_any = 0  [n = 183]:	loss = 0.986  exp loss = 1.112  adjusted loss = 1.112  adv prob = 0.250000   acc = 0.645
  toxicity = 1, identity_any = 1  [n = 205]:	loss = 0.998  exp loss = 1.027  adjusted loss = 1.027  adv prob = 0.250000   acc = 0.615
Average incurred loss: 0.478  
Average sample loss: 0.478  
Average acc: 0.798  
  toxicity = 0, identity_any = 0  [n = 191]:	loss = 0.046  exp loss = 0.045  adjusted loss = 0.045  adv prob = 0.250000   acc = 0.974
  toxicity = 0, identity_any = 1  [n = 206]:	loss = 0.137  exp loss = 0.164  adjusted loss = 0.164  adv prob = 0.250000   acc = 0.922
  toxicity = 1, identity_any = 0  [n = 221]:	loss = 0.847  exp loss = 0.829  adjusted loss = 0.829  adv prob = 0.250000   acc = 0.661
  toxicity = 1, identity_any = 1  [n = 182]:	loss = 0.869  exp loss = 1.111  adjusted loss = 1.111  adv prob = 0.250000   acc = 0.637
Average incurred loss: 0.439  
Average sample loss: 0.439  
Average acc: 0.831  
  toxicity = 0, identity_any = 0  [n = 188]:	loss = 0.051  exp loss = 0.049  adjusted loss = 0.049  adv prob = 0.250000   acc = 0.984
  toxicity = 0, identity_any = 1  [n = 206]:	loss = 0.196  exp loss = 0.212  adjusted loss = 0.212  adv prob = 0.250000   acc = 0.879
  toxicity = 1, identity_any = 0  [n = 215]:	loss = 0.771  exp loss = 1.061  adjusted loss = 1.061  adv prob = 0.250000   acc = 0.726
  toxicity = 1, identity_any = 1  [n = 191]:	loss = 0.710  exp loss = 0.727  adjusted loss = 0.727  adv prob = 0.250000   acc = 0.749
Average incurred loss: 0.422  
Average sample loss: 0.422  
Average acc: 0.835  
  toxicity = 0, identity_any = 0  [n = 218]:	loss = 0.057  exp loss = 0.065  adjusted loss = 0.065  adv prob = 0.250000   acc = 0.968
  toxicity = 0, identity_any = 1  [n = 201]:	loss = 0.174  exp loss = 0.204  adjusted loss = 0.204  adv prob = 0.250000   acc = 0.886
  toxicity = 1, identity_any = 0  [n = 182]:	loss = 0.886  exp loss = 1.034  adjusted loss = 1.034  adv prob = 0.250000   acc = 0.731
  toxicity = 1, identity_any = 1  [n = 199]:	loss = 0.647  exp loss = 0.516  adjusted loss = 0.516  adv prob = 0.250000   acc = 0.734
Average incurred loss: 0.444  
Average sample loss: 0.444  
Average acc: 0.830  
  toxicity = 0, identity_any = 0  [n = 192]:	loss = 0.060  exp loss = 0.076  adjusted loss = 0.076  adv prob = 0.250000   acc = 0.974
  toxicity = 0, identity_any = 1  [n = 189]:	loss = 0.203  exp loss = 0.239  adjusted loss = 0.239  adv prob = 0.250000   acc = 0.884
  toxicity = 1, identity_any = 0  [n = 210]:	loss = 0.769  exp loss = 0.857  adjusted loss = 0.857  adv prob = 0.250000   acc = 0.743
  toxicity = 1, identity_any = 1  [n = 209]:	loss = 0.686  exp loss = 0.659  adjusted loss = 0.659  adv prob = 0.250000   acc = 0.737
Average incurred loss: 0.443  
Average sample loss: 0.442  
Average acc: 0.825  
  toxicity = 0, identity_any = 0  [n = 174]:	loss = 0.065  exp loss = 0.060  adjusted loss = 0.060  adv prob = 0.250000   acc = 0.960
  toxicity = 0, identity_any = 1  [n = 153]:	loss = 0.247  exp loss = 0.303  adjusted loss = 0.303  adv prob = 0.250000   acc = 0.837
  toxicity = 1, identity_any = 0  [n = 185]:	loss = 0.737  exp loss = 0.616  adjusted loss = 0.616  adv prob = 0.250000   acc = 0.762
  toxicity = 1, identity_any = 1  [n = 156]:	loss = 0.710  exp loss = 0.544  adjusted loss = 0.544  adv prob = 0.250000   acc = 0.737

Validation:
Average incurred loss: 0.170  
Average sample loss: 0.170  
Average acc: 0.915  
  toxicity = 0, identity_any = 0  [n = 166026]:	loss = 0.075  exp loss = 0.547  adjusted loss = 0.547  adv prob = 0.250000   acc = 0.960
  toxicity = 0, identity_any = 1  [n = 108687]:	loss = 0.232  exp loss = 0.617  adjusted loss = 0.617  adv prob = 0.250000   acc = 0.862
  toxicity = 1, identity_any = 0  [n = 11940]:	loss = 0.448  exp loss = 0.436  adjusted loss = 0.436  adv prob = 0.250000   acc = 0.862
  toxicity = 1, identity_any = 1  [n = 19696]:	loss = 0.463  exp loss = 0.380  adjusted loss = 0.380  adv prob = 0.250000   acc = 0.861
Current lr: 0.000008
Current lr: 0.000008
Current validation accuracy: 0.9150989055633545
Best model saved at epoch 0


Epoch [1]:
Training:
Average incurred loss: 0.426  
Average sample loss: 0.426  
Average acc: 0.844  
  toxicity = 0, identity_any = 0  [n = 183]:	loss = 0.094  exp loss = 0.078  adjusted loss = 0.078  adv prob = 0.250000   acc = 0.945
  toxicity = 0, identity_any = 1  [n = 227]:	loss = 0.199  exp loss = 0.202  adjusted loss = 0.202  adv prob = 0.250000   acc = 0.903
  toxicity = 1, identity_any = 0  [n = 188]:	loss = 0.757  exp loss = 0.875  adjusted loss = 0.875  adv prob = 0.250000   acc = 0.729
  toxicity = 1, identity_any = 1  [n = 202]:	loss = 0.673  exp loss = 0.659  adjusted loss = 0.659  adv prob = 0.250000   acc = 0.792
Average incurred loss: 0.425  
Average sample loss: 0.425  
Average acc: 0.835  
  toxicity = 0, identity_any = 0  [n = 207]:	loss = 0.077  exp loss = 0.077  adjusted loss = 0.077  adv prob = 0.250000   acc = 0.952
  toxicity = 0, identity_any = 1  [n = 220]:	loss = 0.241  exp loss = 0.199  adjusted loss = 0.199  adv prob = 0.250000   acc = 0.864
  toxicity = 1, identity_any = 0  [n = 188]:	loss = 0.766  exp loss = 0.704  adjusted loss = 0.704  adv prob = 0.250000   acc = 0.771
  toxicity = 1, identity_any = 1  [n = 185]:	loss = 0.686  exp loss = 0.714  adjusted loss = 0.714  adv prob = 0.250000   acc = 0.735
Average incurred loss: 0.339  
Average sample loss: 0.339  
Average acc: 0.862  
  toxicity = 0, identity_any = 0  [n = 195]:	loss = 0.090  exp loss = 0.079  adjusted loss = 0.079  adv prob = 0.250000   acc = 0.938
  toxicity = 0, identity_any = 1  [n = 203]:	loss = 0.244  exp loss = 0.289  adjusted loss = 0.289  adv prob = 0.250000   acc = 0.852
  toxicity = 1, identity_any = 0  [n = 192]:	loss = 0.515  exp loss = 0.481  adjusted loss = 0.481  adv prob = 0.250000   acc = 0.828
  toxicity = 1, identity_any = 1  [n = 210]:	loss = 0.500  exp loss = 0.438  adjusted loss = 0.438  adv prob = 0.250000   acc = 0.833
Average incurred loss: 0.362  
Average sample loss: 0.362  
Average acc: 0.870  
  toxicity = 0, identity_any = 0  [n = 193]:	loss = 0.051  exp loss = 0.059  adjusted loss = 0.059  adv prob = 0.250000   acc = 0.969
  toxicity = 0, identity_any = 1  [n = 185]:	loss = 0.205  exp loss = 0.223  adjusted loss = 0.223  adv prob = 0.250000   acc = 0.892
  toxicity = 1, identity_any = 0  [n = 206]:	loss = 0.641  exp loss = 0.465  adjusted loss = 0.465  adv prob = 0.250000   acc = 0.825
  toxicity = 1, identity_any = 1  [n = 216]:	loss = 0.509  exp loss = 0.456  adjusted loss = 0.456  adv prob = 0.250000   acc = 0.806
Average incurred loss: 0.403  
Average sample loss: 0.403  
Average acc: 0.854  
  toxicity = 0, identity_any = 0  [n = 188]:	loss = 0.085  exp loss = 0.080  adjusted loss = 0.080  adv prob = 0.250000   acc = 0.963
  toxicity = 0, identity_any = 1  [n = 211]:	loss = 0.248  exp loss = 0.231  adjusted loss = 0.231  adv prob = 0.250000   acc = 0.863
  toxicity = 1, identity_any = 0  [n = 204]:	loss = 0.588  exp loss = 0.661  adjusted loss = 0.661  adv prob = 0.250000   acc = 0.804
  toxicity = 1, identity_any = 1  [n = 197]:	loss = 0.682  exp loss = 0.700  adjusted loss = 0.700  adv prob = 0.250000   acc = 0.792
Average incurred loss: 0.354  
Average sample loss: 0.354  
Average acc: 0.862  
  toxicity = 0, identity_any = 0  [n = 228]:	loss = 0.070  exp loss = 0.103  adjusted loss = 0.103  adv prob = 0.250000   acc = 0.978
  toxicity = 0, identity_any = 1  [n = 185]:	loss = 0.292  exp loss = 0.282  adjusted loss = 0.282  adv prob = 0.250000   acc = 0.827
  toxicity = 1, identity_any = 0  [n = 207]:	loss = 0.556  exp loss = 0.503  adjusted loss = 0.503  adv prob = 0.250000   acc = 0.797
  toxicity = 1, identity_any = 1  [n = 180]:	loss = 0.545  exp loss = 0.438  adjusted loss = 0.438  adv prob = 0.250000   acc = 0.828
Average incurred loss: 0.354  
Average sample loss: 0.354  
Average acc: 0.858  
  toxicity = 0, identity_any = 0  [n = 207]:	loss = 0.130  exp loss = 0.140  adjusted loss = 0.140  adv prob = 0.250000   acc = 0.918
  toxicity = 0, identity_any = 1  [n = 182]:	loss = 0.249  exp loss = 0.162  adjusted loss = 0.162  adv prob = 0.250000   acc = 0.857
  toxicity = 1, identity_any = 0  [n = 196]:	loss = 0.527  exp loss = 0.519  adjusted loss = 0.519  adv prob = 0.250000   acc = 0.821
  toxicity = 1, identity_any = 1  [n = 215]:	loss = 0.500  exp loss = 0.390  adjusted loss = 0.390  adv prob = 0.250000   acc = 0.833
Average incurred loss: 0.403  
Average sample loss: 0.403  
Average acc: 0.849  
  toxicity = 0, identity_any = 0  [n = 197]:	loss = 0.104  exp loss = 0.087  adjusted loss = 0.087  adv prob = 0.250000   acc = 0.934
  toxicity = 0, identity_any = 1  [n = 186]:	loss = 0.317  exp loss = 0.359  adjusted loss = 0.359  adv prob = 0.250000   acc = 0.823
  toxicity = 1, identity_any = 0  [n = 214]:	loss = 0.620  exp loss = 0.548  adjusted loss = 0.548  adv prob = 0.250000   acc = 0.846
  toxicity = 1, identity_any = 1  [n = 203]:	loss = 0.542  exp loss = 0.590  adjusted loss = 0.590  adv prob = 0.250000   acc = 0.793
Average incurred loss: 0.357  
Average sample loss: 0.357  
Average acc: 0.856  
  toxicity = 0, identity_any = 0  [n = 203]:	loss = 0.085  exp loss = 0.068  adjusted loss = 0.068  adv prob = 0.250000   acc = 0.966
  toxicity = 0, identity_any = 1  [n = 190]:	loss = 0.322  exp loss = 0.391  adjusted loss = 0.391  adv prob = 0.250000   acc = 0.811
  toxicity = 1, identity_any = 0  [n = 213]:	loss = 0.509  exp loss = 0.399  adjusted loss = 0.399  adv prob = 0.250000   acc = 0.817
  toxicity = 1, identity_any = 1  [n = 194]:	loss = 0.510  exp loss = 0.562  adjusted loss = 0.562  adv prob = 0.250000   acc = 0.830
Average incurred loss: 0.374  
Average sample loss: 0.374  
Average acc: 0.855  
  toxicity = 0, identity_any = 0  [n = 166]:	loss = 0.148  exp loss = 0.130  adjusted loss = 0.130  adv prob = 0.250000   acc = 0.916
  toxicity = 0, identity_any = 1  [n = 178]:	loss = 0.293  exp loss = 0.328  adjusted loss = 0.328  adv prob = 0.250000   acc = 0.826
  toxicity = 1, identity_any = 0  [n = 159]:	loss = 0.586  exp loss = 0.479  adjusted loss = 0.479  adv prob = 0.250000   acc = 0.830
  toxicity = 1, identity_any = 1  [n = 165]:	loss = 0.486  exp loss = 0.549  adjusted loss = 0.549  adv prob = 0.250000   acc = 0.848

Validation:
Average incurred loss: 0.208  
Average sample loss: 0.208  
Average acc: 0.894  
  toxicity = 0, identity_any = 0  [n = 166026]:	loss = 0.108  exp loss = 0.759  adjusted loss = 0.759  adv prob = 0.250000   acc = 0.943
  toxicity = 0, identity_any = 1  [n = 108687]:	loss = 0.322  exp loss = 0.836  adjusted loss = 0.836  adv prob = 0.250000   acc = 0.814
  toxicity = 1, identity_any = 0  [n = 11940]:	loss = 0.334  exp loss = 0.324  adjusted loss = 0.324  adv prob = 0.250000   acc = 0.904
  toxicity = 1, identity_any = 1  [n = 19696]:	loss = 0.343  exp loss = 0.274  adjusted loss = 0.274  adv prob = 0.250000   acc = 0.907
Current lr: 0.000007
Current lr: 0.000007
Current validation accuracy: 0.8936211466789246


Epoch [2]:
Training:
Average incurred loss: 0.344  
Average sample loss: 0.344  
Average acc: 0.864  
  toxicity = 0, identity_any = 0  [n = 188]:	loss = 0.134  exp loss = 0.147  adjusted loss = 0.147  adv prob = 0.250000   acc = 0.904
  toxicity = 0, identity_any = 1  [n = 210]:	loss = 0.250  exp loss = 0.253  adjusted loss = 0.253  adv prob = 0.250000   acc = 0.857
  toxicity = 1, identity_any = 0  [n = 209]:	loss = 0.481  exp loss = 0.426  adjusted loss = 0.426  adv prob = 0.250000   acc = 0.847
  toxicity = 1, identity_any = 1  [n = 193]:	loss = 0.502  exp loss = 0.481  adjusted loss = 0.481  adv prob = 0.250000   acc = 0.850
Average incurred loss: 0.361  
Average sample loss: 0.361  
Average acc: 0.865  
  toxicity = 0, identity_any = 0  [n = 202]:	loss = 0.113  exp loss = 0.061  adjusted loss = 0.061  adv prob = 0.250000   acc = 0.946
  toxicity = 0, identity_any = 1  [n = 197]:	loss = 0.318  exp loss = 0.393  adjusted loss = 0.393  adv prob = 0.250000   acc = 0.822
  toxicity = 1, identity_any = 0  [n = 186]:	loss = 0.458  exp loss = 0.542  adjusted loss = 0.542  adv prob = 0.250000   acc = 0.871
  toxicity = 1, identity_any = 1  [n = 215]:	loss = 0.551  exp loss = 0.598  adjusted loss = 0.598  adv prob = 0.250000   acc = 0.823
Average incurred loss: 0.396  
Average sample loss: 0.396  
Average acc: 0.852  
  toxicity = 0, identity_any = 0  [n = 192]:	loss = 0.114  exp loss = 0.103  adjusted loss = 0.103  adv prob = 0.250000   acc = 0.932
  toxicity = 0, identity_any = 1  [n = 197]:	loss = 0.323  exp loss = 0.337  adjusted loss = 0.337  adv prob = 0.250000   acc = 0.827
  toxicity = 1, identity_any = 0  [n = 209]:	loss = 0.620  exp loss = 0.614  adjusted loss = 0.614  adv prob = 0.250000   acc = 0.809
  toxicity = 1, identity_any = 1  [n = 202]:	loss = 0.504  exp loss = 0.469  adjusted loss = 0.469  adv prob = 0.250000   acc = 0.847
Average incurred loss: 0.331  
Average sample loss: 0.331  
Average acc: 0.857  
  toxicity = 0, identity_any = 0  [n = 206]:	loss = 0.069  exp loss = 0.082  adjusted loss = 0.082  adv prob = 0.250000   acc = 0.961
  toxicity = 0, identity_any = 1  [n = 198]:	loss = 0.311  exp loss = 0.295  adjusted loss = 0.295  adv prob = 0.250000   acc = 0.828
  toxicity = 1, identity_any = 0  [n = 204]:	loss = 0.475  exp loss = 0.432  adjusted loss = 0.432  adv prob = 0.250000   acc = 0.858
  toxicity = 1, identity_any = 1  [n = 192]:	loss = 0.478  exp loss = 0.488  adjusted loss = 0.488  adv prob = 0.250000   acc = 0.776
Average incurred loss: 0.356  
Average sample loss: 0.356  
Average acc: 0.840  
  toxicity = 0, identity_any = 0  [n = 215]:	loss = 0.128  exp loss = 0.132  adjusted loss = 0.132  adv prob = 0.250000   acc = 0.935
  toxicity = 0, identity_any = 1  [n = 207]:	loss = 0.323  exp loss = 0.342  adjusted loss = 0.342  adv prob = 0.250000   acc = 0.792
  toxicity = 1, identity_any = 0  [n = 179]:	loss = 0.539  exp loss = 0.453  adjusted loss = 0.453  adv prob = 0.250000   acc = 0.782
  toxicity = 1, identity_any = 1  [n = 199]:	loss = 0.474  exp loss = 0.452  adjusted loss = 0.452  adv prob = 0.250000   acc = 0.839
Average incurred loss: 0.324  
Average sample loss: 0.324  
Average acc: 0.876  
  toxicity = 0, identity_any = 0  [n = 207]:	loss = 0.110  exp loss = 0.109  adjusted loss = 0.109  adv prob = 0.250000   acc = 0.932
  toxicity = 0, identity_any = 1  [n = 196]:	loss = 0.316  exp loss = 0.332  adjusted loss = 0.332  adv prob = 0.250000   acc = 0.867
  toxicity = 1, identity_any = 0  [n = 191]:	loss = 0.505  exp loss = 0.629  adjusted loss = 0.629  adv prob = 0.250000   acc = 0.822
  toxicity = 1, identity_any = 1  [n = 206]:	loss = 0.379  exp loss = 0.374  adjusted loss = 0.374  adv prob = 0.250000   acc = 0.879
Average incurred loss: 0.326  
Average sample loss: 0.326  
Average acc: 0.869  
  toxicity = 0, identity_any = 0  [n = 194]:	loss = 0.111  exp loss = 0.096  adjusted loss = 0.096  adv prob = 0.250000   acc = 0.948
  toxicity = 0, identity_any = 1  [n = 208]:	loss = 0.366  exp loss = 0.422  adjusted loss = 0.422  adv prob = 0.250000   acc = 0.803
  toxicity = 1, identity_any = 0  [n = 195]:	loss = 0.402  exp loss = 0.399  adjusted loss = 0.399  adv prob = 0.250000   acc = 0.856
  toxicity = 1, identity_any = 1  [n = 203]:	loss = 0.416  exp loss = 0.472  adjusted loss = 0.472  adv prob = 0.250000   acc = 0.872
Average incurred loss: 0.335  
Average sample loss: 0.335  
Average acc: 0.852  
  toxicity = 0, identity_any = 0  [n = 213]:	loss = 0.142  exp loss = 0.145  adjusted loss = 0.145  adv prob = 0.250000   acc = 0.925
  toxicity = 0, identity_any = 1  [n = 194]:	loss = 0.330  exp loss = 0.284  adjusted loss = 0.284  adv prob = 0.250000   acc = 0.794
  toxicity = 1, identity_any = 0  [n = 187]:	loss = 0.507  exp loss = 0.596  adjusted loss = 0.596  adv prob = 0.250000   acc = 0.807
  toxicity = 1, identity_any = 1  [n = 206]:	loss = 0.384  exp loss = 0.295  adjusted loss = 0.295  adv prob = 0.250000   acc = 0.874
Average incurred loss: 0.350  
Average sample loss: 0.350  
Average acc: 0.847  
  toxicity = 0, identity_any = 0  [n = 199]:	loss = 0.124  exp loss = 0.141  adjusted loss = 0.141  adv prob = 0.250000   acc = 0.940
  toxicity = 0, identity_any = 1  [n = 200]:	loss = 0.313  exp loss = 0.348  adjusted loss = 0.348  adv prob = 0.250000   acc = 0.820
  toxicity = 1, identity_any = 0  [n = 211]:	loss = 0.507  exp loss = 0.672  adjusted loss = 0.672  adv prob = 0.250000   acc = 0.791
  toxicity = 1, identity_any = 1  [n = 190]:	loss = 0.451  exp loss = 0.351  adjusted loss = 0.351  adv prob = 0.250000   acc = 0.842
Average incurred loss: 0.299  
Average sample loss: 0.298  
Average acc: 0.880  
  toxicity = 0, identity_any = 0  [n = 151]:	loss = 0.096  exp loss = 0.112  adjusted loss = 0.112  adv prob = 0.250000   acc = 0.960
  toxicity = 0, identity_any = 1  [n = 160]:	loss = 0.293  exp loss = 0.299  adjusted loss = 0.299  adv prob = 0.250000   acc = 0.850
  toxicity = 1, identity_any = 0  [n = 196]:	loss = 0.377  exp loss = 0.337  adjusted loss = 0.337  adv prob = 0.250000   acc = 0.872
  toxicity = 1, identity_any = 1  [n = 161]:	loss = 0.399  exp loss = 0.356  adjusted loss = 0.356  adv prob = 0.250000   acc = 0.845

Validation:
Average incurred loss: 0.231  
Average sample loss: 0.231  
Average acc: 0.882  
  toxicity = 0, identity_any = 0  [n = 166026]:	loss = 0.129  exp loss = 0.876  adjusted loss = 0.876  adv prob = 0.250000   acc = 0.934
  toxicity = 0, identity_any = 1  [n = 108687]:	loss = 0.371  exp loss = 0.953  adjusted loss = 0.953  adv prob = 0.250000   acc = 0.791
  toxicity = 1, identity_any = 0  [n = 11940]:	loss = 0.280  exp loss = 0.270  adjusted loss = 0.270  adv prob = 0.250000   acc = 0.919
  toxicity = 1, identity_any = 1  [n = 19696]:	loss = 0.290  exp loss = 0.227  adjusted loss = 0.227  adv prob = 0.250000   acc = 0.924
Current lr: 0.000005
Current lr: 0.000005
Current validation accuracy: 0.8821579813957214


Epoch [3]:
Training:
Average incurred loss: 0.386  
Average sample loss: 0.386  
Average acc: 0.841  
  toxicity = 0, identity_any = 0  [n = 190]:	loss = 0.155  exp loss = 0.144  adjusted loss = 0.144  adv prob = 0.250000   acc = 0.926
  toxicity = 0, identity_any = 1  [n = 207]:	loss = 0.357  exp loss = 0.404  adjusted loss = 0.404  adv prob = 0.250000   acc = 0.792
  toxicity = 1, identity_any = 0  [n = 212]:	loss = 0.452  exp loss = 0.336  adjusted loss = 0.336  adv prob = 0.250000   acc = 0.854
  toxicity = 1, identity_any = 1  [n = 191]:	loss = 0.576  exp loss = 0.427  adjusted loss = 0.427  adv prob = 0.250000   acc = 0.796
Average incurred loss: 0.357  
Average sample loss: 0.357  
Average acc: 0.854  
  toxicity = 0, identity_any = 0  [n = 195]:	loss = 0.124  exp loss = 0.129  adjusted loss = 0.129  adv prob = 0.250000   acc = 0.944
  toxicity = 0, identity_any = 1  [n = 212]:	loss = 0.405  exp loss = 0.292  adjusted loss = 0.292  adv prob = 0.250000   acc = 0.764
  toxicity = 1, identity_any = 0  [n = 185]:	loss = 0.461  exp loss = 0.463  adjusted loss = 0.463  adv prob = 0.250000   acc = 0.832
  toxicity = 1, identity_any = 1  [n = 208]:	loss = 0.435  exp loss = 0.416  adjusted loss = 0.416  adv prob = 0.250000   acc = 0.880
Average incurred loss: 0.318  
Average sample loss: 0.318  
Average acc: 0.876  
  toxicity = 0, identity_any = 0  [n = 218]:	loss = 0.131  exp loss = 0.155  adjusted loss = 0.155  adv prob = 0.250000   acc = 0.936
  toxicity = 0, identity_any = 1  [n = 194]:	loss = 0.321  exp loss = 0.275  adjusted loss = 0.275  adv prob = 0.250000   acc = 0.820
  toxicity = 1, identity_any = 0  [n = 190]:	loss = 0.395  exp loss = 0.312  adjusted loss = 0.312  adv prob = 0.250000   acc = 0.858
  toxicity = 1, identity_any = 1  [n = 198]:	loss = 0.448  exp loss = 0.567  adjusted loss = 0.567  adv prob = 0.250000   acc = 0.884
Average incurred loss: 0.356  
Average sample loss: 0.356  
Average acc: 0.848  
  toxicity = 0, identity_any = 0  [n = 207]:	loss = 0.156  exp loss = 0.133  adjusted loss = 0.133  adv prob = 0.250000   acc = 0.918
  toxicity = 0, identity_any = 1  [n = 196]:	loss = 0.343  exp loss = 0.340  adjusted loss = 0.340  adv prob = 0.250000   acc = 0.811
  toxicity = 1, identity_any = 0  [n = 199]:	loss = 0.445  exp loss = 0.586  adjusted loss = 0.586  adv prob = 0.250000   acc = 0.849
  toxicity = 1, identity_any = 1  [n = 198]:	loss = 0.490  exp loss = 0.360  adjusted loss = 0.360  adv prob = 0.250000   acc = 0.808
Average incurred loss: 0.321  
Average sample loss: 0.321  
Average acc: 0.871  
  toxicity = 0, identity_any = 0  [n = 201]:	loss = 0.153  exp loss = 0.201  adjusted loss = 0.201  adv prob = 0.250000   acc = 0.935
  toxicity = 0, identity_any = 1  [n = 198]:	loss = 0.357  exp loss = 0.359  adjusted loss = 0.359  adv prob = 0.250000   acc = 0.803
  toxicity = 1, identity_any = 0  [n = 201]:	loss = 0.393  exp loss = 0.341  adjusted loss = 0.341  adv prob = 0.250000   acc = 0.876
  toxicity = 1, identity_any = 1  [n = 200]:	loss = 0.383  exp loss = 0.465  adjusted loss = 0.465  adv prob = 0.250000   acc = 0.870
Average incurred loss: 0.300  
Average sample loss: 0.300  
Average acc: 0.881  
  toxicity = 0, identity_any = 0  [n = 211]:	loss = 0.098  exp loss = 0.077  adjusted loss = 0.077  adv prob = 0.250000   acc = 0.948
  toxicity = 0, identity_any = 1  [n = 207]:	loss = 0.355  exp loss = 0.249  adjusted loss = 0.249  adv prob = 0.250000   acc = 0.807
  toxicity = 1, identity_any = 0  [n = 194]:	loss = 0.452  exp loss = 0.442  adjusted loss = 0.442  adv prob = 0.250000   acc = 0.845
  toxicity = 1, identity_any = 1  [n = 188]:	loss = 0.311  exp loss = 0.462  adjusted loss = 0.462  adv prob = 0.250000   acc = 0.926
Average incurred loss: 0.316  
Average sample loss: 0.316  
Average acc: 0.876  
  toxicity = 0, identity_any = 0  [n = 207]:	loss = 0.110  exp loss = 0.050  adjusted loss = 0.050  adv prob = 0.250000   acc = 0.957
  toxicity = 0, identity_any = 1  [n = 209]:	loss = 0.276  exp loss = 0.250  adjusted loss = 0.250  adv prob = 0.250000   acc = 0.837
  toxicity = 1, identity_any = 0  [n = 211]:	loss = 0.515  exp loss = 0.421  adjusted loss = 0.421  adv prob = 0.250000   acc = 0.839
  toxicity = 1, identity_any = 1  [n = 173]:	loss = 0.370  exp loss = 0.362  adjusted loss = 0.362  adv prob = 0.250000   acc = 0.873
Average incurred loss: 0.331  
Average sample loss: 0.331  
Average acc: 0.869  
  toxicity = 0, identity_any = 0  [n = 188]:	loss = 0.180  exp loss = 0.245  adjusted loss = 0.245  adv prob = 0.250000   acc = 0.894
  toxicity = 0, identity_any = 1  [n = 197]:	loss = 0.396  exp loss = 0.367  adjusted loss = 0.367  adv prob = 0.250000   acc = 0.787
  toxicity = 1, identity_any = 0  [n = 205]:	loss = 0.419  exp loss = 0.379  adjusted loss = 0.379  adv prob = 0.250000   acc = 0.873
  toxicity = 1, identity_any = 1  [n = 210]:	loss = 0.319  exp loss = 0.206  adjusted loss = 0.206  adv prob = 0.250000   acc = 0.919
Average incurred loss: 0.329  
Average sample loss: 0.329  
Average acc: 0.869  
  toxicity = 0, identity_any = 0  [n = 186]:	loss = 0.133  exp loss = 0.103  adjusted loss = 0.103  adv prob = 0.250000   acc = 0.941
  toxicity = 0, identity_any = 1  [n = 180]:	loss = 0.383  exp loss = 0.384  adjusted loss = 0.384  adv prob = 0.250000   acc = 0.806
  toxicity = 1, identity_any = 0  [n = 207]:	loss = 0.414  exp loss = 0.439  adjusted loss = 0.439  adv prob = 0.250000   acc = 0.860
  toxicity = 1, identity_any = 1  [n = 227]:	loss = 0.368  exp loss = 0.399  adjusted loss = 0.399  adv prob = 0.250000   acc = 0.868
Average incurred loss: 0.315  
Average sample loss: 0.317  
Average acc: 0.868  
  toxicity = 0, identity_any = 0  [n = 164]:	loss = 0.086  exp loss = 0.077  adjusted loss = 0.077  adv prob = 0.250000   acc = 0.970
  toxicity = 0, identity_any = 1  [n = 167]:	loss = 0.378  exp loss = 0.266  adjusted loss = 0.266  adv prob = 0.250000   acc = 0.784
  toxicity = 1, identity_any = 0  [n = 163]:	loss = 0.485  exp loss = 0.557  adjusted loss = 0.557  adv prob = 0.250000   acc = 0.828
  toxicity = 1, identity_any = 1  [n = 174]:	loss = 0.312  exp loss = 0.376  adjusted loss = 0.376  adv prob = 0.250000   acc = 0.891

Validation:
Average incurred loss: 0.242  
Average sample loss: 0.242  
Average acc: 0.878  
  toxicity = 0, identity_any = 0  [n = 166026]:	loss = 0.140  exp loss = 0.934  adjusted loss = 0.934  adv prob = 0.250000   acc = 0.930
  toxicity = 0, identity_any = 1  [n = 108687]:	loss = 0.392  exp loss = 1.007  adjusted loss = 1.007  adv prob = 0.250000   acc = 0.783
  toxicity = 1, identity_any = 0  [n = 11940]:	loss = 0.255  exp loss = 0.241  adjusted loss = 0.241  adv prob = 0.250000   acc = 0.924
  toxicity = 1, identity_any = 1  [n = 19696]:	loss = 0.266  exp loss = 0.202  adjusted loss = 0.202  adv prob = 0.250000   acc = 0.928
Current lr: 0.000003
Current lr: 0.000003
Current validation accuracy: 0.8775840997695923


Epoch [4]:
Training:
Average incurred loss: 0.304  
Average sample loss: 0.304  
Average acc: 0.874  
  toxicity = 0, identity_any = 0  [n = 200]:	loss = 0.122  exp loss = 0.050  adjusted loss = 0.050  adv prob = 0.250000   acc = 0.940
  toxicity = 0, identity_any = 1  [n = 205]:	loss = 0.388  exp loss = 0.345  adjusted loss = 0.345  adv prob = 0.250000   acc = 0.780
  toxicity = 1, identity_any = 0  [n = 189]:	loss = 0.379  exp loss = 0.391  adjusted loss = 0.391  adv prob = 0.250000   acc = 0.884
  toxicity = 1, identity_any = 1  [n = 206]:	loss = 0.329  exp loss = 0.319  adjusted loss = 0.319  adv prob = 0.250000   acc = 0.893
Average incurred loss: 0.335  
Average sample loss: 0.335  
Average acc: 0.867  
  toxicity = 0, identity_any = 0  [n = 188]:	loss = 0.135  exp loss = 0.135  adjusted loss = 0.135  adv prob = 0.250000   acc = 0.931
  toxicity = 0, identity_any = 1  [n = 213]:	loss = 0.414  exp loss = 0.430  adjusted loss = 0.430  adv prob = 0.250000   acc = 0.789
  toxicity = 1, identity_any = 0  [n = 197]:	loss = 0.450  exp loss = 0.506  adjusted loss = 0.506  adv prob = 0.250000   acc = 0.868
  toxicity = 1, identity_any = 1  [n = 202]:	loss = 0.325  exp loss = 0.335  adjusted loss = 0.335  adv prob = 0.250000   acc = 0.891
Average incurred loss: 0.330  
Average sample loss: 0.330  
Average acc: 0.860  
  toxicity = 0, identity_any = 0  [n = 195]:	loss = 0.154  exp loss = 0.149  adjusted loss = 0.149  adv prob = 0.250000   acc = 0.928
  toxicity = 0, identity_any = 1  [n = 219]:	loss = 0.302  exp loss = 0.317  adjusted loss = 0.317  adv prob = 0.250000   acc = 0.831
  toxicity = 1, identity_any = 0  [n = 204]:	loss = 0.465  exp loss = 0.328  adjusted loss = 0.328  adv prob = 0.250000   acc = 0.824
  toxicity = 1, identity_any = 1  [n = 182]:	loss = 0.402  exp loss = 0.408  adjusted loss = 0.408  adv prob = 0.250000   acc = 0.863
Average incurred loss: 0.349  
Average sample loss: 0.349  
Average acc: 0.857  
  toxicity = 0, identity_any = 0  [n = 224]:	loss = 0.157  exp loss = 0.171  adjusted loss = 0.171  adv prob = 0.250000   acc = 0.924
  toxicity = 0, identity_any = 1  [n = 176]:	loss = 0.299  exp loss = 0.307  adjusted loss = 0.307  adv prob = 0.250000   acc = 0.841
  toxicity = 1, identity_any = 0  [n = 190]:	loss = 0.489  exp loss = 0.345  adjusted loss = 0.345  adv prob = 0.250000   acc = 0.816
  toxicity = 1, identity_any = 1  [n = 210]:	loss = 0.469  exp loss = 0.549  adjusted loss = 0.549  adv prob = 0.250000   acc = 0.838
Average incurred loss: 0.328  
Average sample loss: 0.328  
Average acc: 0.861  
  toxicity = 0, identity_any = 0  [n = 200]:	loss = 0.169  exp loss = 0.188  adjusted loss = 0.188  adv prob = 0.250000   acc = 0.915
  toxicity = 0, identity_any = 1  [n = 192]:	loss = 0.447  exp loss = 0.514  adjusted loss = 0.514  adv prob = 0.250000   acc = 0.734
  toxicity = 1, identity_any = 0  [n = 221]:	loss = 0.350  exp loss = 0.343  adjusted loss = 0.343  adv prob = 0.250000   acc = 0.910
  toxicity = 1, identity_any = 1  [n = 187]:	loss = 0.349  exp loss = 0.368  adjusted loss = 0.368  adv prob = 0.250000   acc = 0.877
Average incurred loss: 0.313  
Average sample loss: 0.313  
Average acc: 0.866  
  toxicity = 0, identity_any = 0  [n = 190]:	loss = 0.135  exp loss = 0.114  adjusted loss = 0.114  adv prob = 0.250000   acc = 0.942
  toxicity = 0, identity_any = 1  [n = 193]:	loss = 0.366  exp loss = 0.340  adjusted loss = 0.340  adv prob = 0.250000   acc = 0.798
  toxicity = 1, identity_any = 0  [n = 202]:	loss = 0.367  exp loss = 0.507  adjusted loss = 0.507  adv prob = 0.250000   acc = 0.851
  toxicity = 1, identity_any = 1  [n = 215]:	loss = 0.373  exp loss = 0.350  adjusted loss = 0.350  adv prob = 0.250000   acc = 0.874
Average incurred loss: 0.317  
Average sample loss: 0.317  
Average acc: 0.859  
  toxicity = 0, identity_any = 0  [n = 201]:	loss = 0.150  exp loss = 0.180  adjusted loss = 0.180  adv prob = 0.250000   acc = 0.925
  toxicity = 0, identity_any = 1  [n = 204]:	loss = 0.394  exp loss = 0.394  adjusted loss = 0.394  adv prob = 0.250000   acc = 0.779
  toxicity = 1, identity_any = 0  [n = 193]:	loss = 0.383  exp loss = 0.351  adjusted loss = 0.351  adv prob = 0.250000   acc = 0.845
  toxicity = 1, identity_any = 1  [n = 202]:	loss = 0.344  exp loss = 0.369  adjusted loss = 0.369  adv prob = 0.250000   acc = 0.886
Average incurred loss: 0.359  
Average sample loss: 0.359  
Average acc: 0.856  
  toxicity = 0, identity_any = 0  [n = 181]:	loss = 0.152  exp loss = 0.103  adjusted loss = 0.103  adv prob = 0.250000   acc = 0.923
  toxicity = 0, identity_any = 1  [n = 189]:	loss = 0.379  exp loss = 0.379  adjusted loss = 0.379  adv prob = 0.250000   acc = 0.815
  toxicity = 1, identity_any = 0  [n = 208]:	loss = 0.454  exp loss = 0.467  adjusted loss = 0.467  adv prob = 0.250000   acc = 0.827
  toxicity = 1, identity_any = 1  [n = 222]:	loss = 0.422  exp loss = 0.425  adjusted loss = 0.425  adv prob = 0.250000   acc = 0.865
Average incurred loss: 0.337  
Average sample loss: 0.337  
Average acc: 0.862  
  toxicity = 0, identity_any = 0  [n = 207]:	loss = 0.126  exp loss = 0.061  adjusted loss = 0.061  adv prob = 0.250000   acc = 0.932
  toxicity = 0, identity_any = 1  [n = 187]:	loss = 0.329  exp loss = 0.289  adjusted loss = 0.289  adv prob = 0.250000   acc = 0.813
  toxicity = 1, identity_any = 0  [n = 199]:	loss = 0.440  exp loss = 0.707  adjusted loss = 0.707  adv prob = 0.250000   acc = 0.859
  toxicity = 1, identity_any = 1  [n = 207]:	loss = 0.456  exp loss = 0.452  adjusted loss = 0.452  adv prob = 0.250000   acc = 0.841
Average incurred loss: 0.302  
Average sample loss: 0.302  
Average acc: 0.867  
  toxicity = 0, identity_any = 0  [n = 181]:	loss = 0.133  exp loss = 0.196  adjusted loss = 0.196  adv prob = 0.250000   acc = 0.939
  toxicity = 0, identity_any = 1  [n = 189]:	loss = 0.385  exp loss = 0.428  adjusted loss = 0.428  adv prob = 0.250000   acc = 0.772
  toxicity = 1, identity_any = 0  [n = 164]:	loss = 0.354  exp loss = 0.336  adjusted loss = 0.336  adv prob = 0.250000   acc = 0.878
  toxicity = 1, identity_any = 1  [n = 134]:	loss = 0.349  exp loss = 0.319  adjusted loss = 0.319  adv prob = 0.250000   acc = 0.888

Validation:
Average incurred loss: 0.248  
Average sample loss: 0.248  
Average acc: 0.875  
  toxicity = 0, identity_any = 0  [n = 166026]:	loss = 0.146  exp loss = 0.963  adjusted loss = 0.963  adv prob = 0.250000   acc = 0.928
  toxicity = 0, identity_any = 1  [n = 108687]:	loss = 0.403  exp loss = 1.034  adjusted loss = 1.034  adv prob = 0.250000   acc = 0.778
  toxicity = 1, identity_any = 0  [n = 11940]:	loss = 0.242  exp loss = 0.227  adjusted loss = 0.227  adv prob = 0.250000   acc = 0.927
  toxicity = 1, identity_any = 1  [n = 19696]:	loss = 0.254  exp loss = 0.191  adjusted loss = 0.191  adv prob = 0.250000   acc = 0.930
Current lr: 0.000002
Current lr: 0.000002
Current validation accuracy: 0.8746020197868347


Epoch [5]:
Training:
Average incurred loss: 0.320  
Average sample loss: 0.320  
Average acc: 0.864  
  toxicity = 0, identity_any = 0  [n = 215]:	loss = 0.183  exp loss = 0.202  adjusted loss = 0.202  adv prob = 0.250000   acc = 0.907
  toxicity = 0, identity_any = 1  [n = 206]:	loss = 0.468  exp loss = 0.372  adjusted loss = 0.372  adv prob = 0.250000   acc = 0.733
  toxicity = 1, identity_any = 0  [n = 192]:	loss = 0.307  exp loss = 0.377  adjusted loss = 0.377  adv prob = 0.250000   acc = 0.922
  toxicity = 1, identity_any = 1  [n = 187]:	loss = 0.326  exp loss = 0.264  adjusted loss = 0.264  adv prob = 0.250000   acc = 0.898
Average incurred loss: 0.309  
Average sample loss: 0.309  
Average acc: 0.857  
  toxicity = 0, identity_any = 0  [n = 188]:	loss = 0.135  exp loss = 0.125  adjusted loss = 0.125  adv prob = 0.250000   acc = 0.926
  toxicity = 0, identity_any = 1  [n = 203]:	loss = 0.344  exp loss = 0.264  adjusted loss = 0.264  adv prob = 0.250000   acc = 0.788
  toxicity = 1, identity_any = 0  [n = 205]:	loss = 0.383  exp loss = 0.499  adjusted loss = 0.499  adv prob = 0.250000   acc = 0.868
  toxicity = 1, identity_any = 1  [n = 204]:	loss = 0.358  exp loss = 0.402  adjusted loss = 0.402  adv prob = 0.250000   acc = 0.853
Average incurred loss: 0.330  
Average sample loss: 0.330  
Average acc: 0.870  
  toxicity = 0, identity_any = 0  [n = 185]:	loss = 0.119  exp loss = 0.121  adjusted loss = 0.121  adv prob = 0.250000   acc = 0.951
  toxicity = 0, identity_any = 1  [n = 218]:	loss = 0.307  exp loss = 0.317  adjusted loss = 0.317  adv prob = 0.250000   acc = 0.844
  toxicity = 1, identity_any = 0  [n = 215]:	loss = 0.438  exp loss = 0.504  adjusted loss = 0.504  adv prob = 0.250000   acc = 0.851
  toxicity = 1, identity_any = 1  [n = 182]:	loss = 0.443  exp loss = 0.608  adjusted loss = 0.608  adv prob = 0.250000   acc = 0.841
Average incurred loss: 0.308  
Average sample loss: 0.308  
Average acc: 0.861  
  toxicity = 0, identity_any = 0  [n = 207]:	loss = 0.169  exp loss = 0.217  adjusted loss = 0.217  adv prob = 0.250000   acc = 0.908
  toxicity = 0, identity_any = 1  [n = 202]:	loss = 0.342  exp loss = 0.333  adjusted loss = 0.333  adv prob = 0.250000   acc = 0.832
  toxicity = 1, identity_any = 0  [n = 175]:	loss = 0.371  exp loss = 0.400  adjusted loss = 0.400  adv prob = 0.250000   acc = 0.829
  toxicity = 1, identity_any = 1  [n = 216]:	loss = 0.358  exp loss = 0.307  adjusted loss = 0.307  adv prob = 0.250000   acc = 0.870
Average incurred loss: 0.325  
Average sample loss: 0.325  
Average acc: 0.860  
  toxicity = 0, identity_any = 0  [n = 209]:	loss = 0.126  exp loss = 0.136  adjusted loss = 0.136  adv prob = 0.250000   acc = 0.933
  toxicity = 0, identity_any = 1  [n = 194]:	loss = 0.396  exp loss = 0.434  adjusted loss = 0.434  adv prob = 0.250000   acc = 0.773
  toxicity = 1, identity_any = 0  [n = 193]:	loss = 0.456  exp loss = 0.525  adjusted loss = 0.525  adv prob = 0.250000   acc = 0.824
  toxicity = 1, identity_any = 1  [n = 204]:	loss = 0.338  exp loss = 0.326  adjusted loss = 0.326  adv prob = 0.250000   acc = 0.902
Average incurred loss: 0.339  
Average sample loss: 0.339  
Average acc: 0.854  
  toxicity = 0, identity_any = 0  [n = 208]:	loss = 0.113  exp loss = 0.108  adjusted loss = 0.108  adv prob = 0.250000   acc = 0.952
  toxicity = 0, identity_any = 1  [n = 212]:	loss = 0.413  exp loss = 0.447  adjusted loss = 0.447  adv prob = 0.250000   acc = 0.759
  toxicity = 1, identity_any = 0  [n = 196]:	loss = 0.455  exp loss = 0.336  adjusted loss = 0.336  adv prob = 0.250000   acc = 0.837
  toxicity = 1, identity_any = 1  [n = 184]:	loss = 0.386  exp loss = 0.284  adjusted loss = 0.284  adv prob = 0.250000   acc = 0.870
Average incurred loss: 0.323  
Average sample loss: 0.323  
Average acc: 0.862  
  toxicity = 0, identity_any = 0  [n = 207]:	loss = 0.207  exp loss = 0.199  adjusted loss = 0.199  adv prob = 0.250000   acc = 0.894
  toxicity = 0, identity_any = 1  [n = 178]:	loss = 0.390  exp loss = 0.443  adjusted loss = 0.443  adv prob = 0.250000   acc = 0.798
  toxicity = 1, identity_any = 0  [n = 212]:	loss = 0.342  exp loss = 0.301  adjusted loss = 0.301  adv prob = 0.250000   acc = 0.863
  toxicity = 1, identity_any = 1  [n = 203]:	loss = 0.364  exp loss = 0.327  adjusted loss = 0.327  adv prob = 0.250000   acc = 0.887
Average incurred loss: 0.315  
Average sample loss: 0.315  
Average acc: 0.881  
  toxicity = 0, identity_any = 0  [n = 195]:	loss = 0.156  exp loss = 0.131  adjusted loss = 0.131  adv prob = 0.250000   acc = 0.933
  toxicity = 0, identity_any = 1  [n = 195]:	loss = 0.307  exp loss = 0.299  adjusted loss = 0.299  adv prob = 0.250000   acc = 0.831
  toxicity = 1, identity_any = 0  [n = 193]:	loss = 0.393  exp loss = 0.437  adjusted loss = 0.437  adv prob = 0.250000   acc = 0.870
  toxicity = 1, identity_any = 1  [n = 217]:	loss = 0.396  exp loss = 0.476  adjusted loss = 0.476  adv prob = 0.250000   acc = 0.889
Average incurred loss: 0.332  
Average sample loss: 0.332  
Average acc: 0.857  
  toxicity = 0, identity_any = 0  [n = 193]:	loss = 0.119  exp loss = 0.140  adjusted loss = 0.140  adv prob = 0.250000   acc = 0.927
  toxicity = 0, identity_any = 1  [n = 202]:	loss = 0.405  exp loss = 0.409  adjusted loss = 0.409  adv prob = 0.250000   acc = 0.772
  toxicity = 1, identity_any = 0  [n = 204]:	loss = 0.473  exp loss = 0.672  adjusted loss = 0.672  adv prob = 0.250000   acc = 0.843
  toxicity = 1, identity_any = 1  [n = 201]:	loss = 0.321  exp loss = 0.293  adjusted loss = 0.293  adv prob = 0.250000   acc = 0.891
Average incurred loss: 0.310  
Average sample loss: 0.310  
Average acc: 0.864  
  toxicity = 0, identity_any = 0  [n = 160]:	loss = 0.156  exp loss = 0.148  adjusted loss = 0.148  adv prob = 0.250000   acc = 0.906
  toxicity = 0, identity_any = 1  [n = 157]:	loss = 0.302  exp loss = 0.416  adjusted loss = 0.416  adv prob = 0.250000   acc = 0.828
  toxicity = 1, identity_any = 0  [n = 182]:	loss = 0.389  exp loss = 0.465  adjusted loss = 0.465  adv prob = 0.250000   acc = 0.879
  toxicity = 1, identity_any = 1  [n = 169]:	loss = 0.378  exp loss = 0.361  adjusted loss = 0.361  adv prob = 0.250000   acc = 0.840

Validation:
Average incurred loss: 0.249  
Average sample loss: 0.250  
Average acc: 0.874  
  toxicity = 0, identity_any = 0  [n = 166026]:	loss = 0.148  exp loss = 0.970  adjusted loss = 0.970  adv prob = 0.250000   acc = 0.927
  toxicity = 0, identity_any = 1  [n = 108687]:	loss = 0.406  exp loss = 1.041  adjusted loss = 1.041  adv prob = 0.250000   acc = 0.777
  toxicity = 1, identity_any = 0  [n = 11940]:	loss = 0.239  exp loss = 0.224  adjusted loss = 0.224  adv prob = 0.250000   acc = 0.927
  toxicity = 1, identity_any = 1  [n = 19696]:	loss = 0.251  exp loss = 0.188  adjusted loss = 0.188  adv prob = 0.250000   acc = 0.931
Current lr: 0.000000
Current lr: 0.000000
Current validation accuracy: 0.874208927154541

Total Experiment Time: 25049.1s
Finished with job 699 (seed=333)
