




 Using bert params 







WARNING: You are using 'dfr/metadata_val_as_train.csv' instead of the default 'metadata.csv'.


Dataset: jigsaw
Shift type: confounder
Wandb: False
Project name: spurious
Target name: toxicity
Confounder names: ['identity_any']
Up weight: 0
Resume: False
Finetune: True
Normalize: False
Recalculate groups: False
Unfreeze: 0
Restart layers: 0
Minority fraction: None
Imbalance ratio: None
Fraction: 1.0
Root dir: ../datasets
Reweight groups: False
Augment data: False
Val fraction: 0.1
Loss type: erm
Alpha: 0.2
Generalization adjustment: 0.0
Sv dropout: 0.0
Automatic adjustment: False
Robust step size: 0.01
Joint dro alpha: 1
Use normalized loss: False
Btl: False
Hinge: False
Model: bert-base-uncased
Train from scratch: False
Pretrained path: pretrained_models/civilcomments/erm_0.9_111.pth
N epochs: 6
Batch size: 16
Lr: 1e-05
Scheduler: False
L1: 0.0
Weight decay: 0.01
Gamma: 0.1
Minimum variational weight: 0
Seed: 111
Accum: 1
Show progress: False
Log dir: results/civilcomments/dfr/model_outputs_111
Log every: 50
Save step: 10
Save best: True
Save last: True
Use bert params: 1
Num folds per sweep: 5
Num sweeps: 4
Q: 0.7
Metadata csv name: dfr/metadata_val_as_train.csv
Fold: None
Metadata path: None
Aug col: None
Max grad norm: 1.0
Adam epsilon: 1e-08
Warmup steps: 0

metadata_csv_name: dfr/metadata_val_as_train.csv
Training Data...
    toxicity = 0, identity_any = 0: n = 1967
    toxicity = 0, identity_any = 1: n = 1967
    toxicity = 1, identity_any = 0: n = 1967
    toxicity = 1, identity_any = 1: n = 1967
Validation Data...
    toxicity = 0, identity_any = 0: n = 166026
    toxicity = 0, identity_any = 1: n = 108687
    toxicity = 1, identity_any = 0: n = 11940
    toxicity = 1, identity_any = 1: n = 19696
Test Data...
    toxicity = 0, identity_any = 0: n = 72372
    toxicity = 0, identity_any = 1: n = 46185
    toxicity = 1, identity_any = 0: n = 6063
    toxicity = 1, identity_any = 1: n = 9161
Training
n_classes = 2
Loading pretrained model from: pretrained_models/civilcomments/erm_0.9_111.pth
bert.embeddings.word_embeddings.weight False
bert.embeddings.position_embeddings.weight False
bert.embeddings.token_type_embeddings.weight False
bert.embeddings.LayerNorm.weight False
bert.embeddings.LayerNorm.bias False
bert.encoder.layer.0.attention.self.query.weight False
bert.encoder.layer.0.attention.self.query.bias False
bert.encoder.layer.0.attention.self.key.weight False
bert.encoder.layer.0.attention.self.key.bias False
bert.encoder.layer.0.attention.self.value.weight False
bert.encoder.layer.0.attention.self.value.bias False
bert.encoder.layer.0.attention.output.dense.weight False
bert.encoder.layer.0.attention.output.dense.bias False
bert.encoder.layer.0.attention.output.LayerNorm.weight False
bert.encoder.layer.0.attention.output.LayerNorm.bias False
bert.encoder.layer.0.intermediate.dense.weight False
bert.encoder.layer.0.intermediate.dense.bias False
bert.encoder.layer.0.output.dense.weight False
bert.encoder.layer.0.output.dense.bias False
bert.encoder.layer.0.output.LayerNorm.weight False
bert.encoder.layer.0.output.LayerNorm.bias False
bert.encoder.layer.1.attention.self.query.weight False
bert.encoder.layer.1.attention.self.query.bias False
bert.encoder.layer.1.attention.self.key.weight False
bert.encoder.layer.1.attention.self.key.bias False
bert.encoder.layer.1.attention.self.value.weight False
bert.encoder.layer.1.attention.self.value.bias False
bert.encoder.layer.1.attention.output.dense.weight False
bert.encoder.layer.1.attention.output.dense.bias False
bert.encoder.layer.1.attention.output.LayerNorm.weight False
bert.encoder.layer.1.attention.output.LayerNorm.bias False
bert.encoder.layer.1.intermediate.dense.weight False
bert.encoder.layer.1.intermediate.dense.bias False
bert.encoder.layer.1.output.dense.weight False
bert.encoder.layer.1.output.dense.bias False
bert.encoder.layer.1.output.LayerNorm.weight False
bert.encoder.layer.1.output.LayerNorm.bias False
bert.encoder.layer.2.attention.self.query.weight False
bert.encoder.layer.2.attention.self.query.bias False
bert.encoder.layer.2.attention.self.key.weight False
bert.encoder.layer.2.attention.self.key.bias False
bert.encoder.layer.2.attention.self.value.weight False
bert.encoder.layer.2.attention.self.value.bias False
bert.encoder.layer.2.attention.output.dense.weight False
bert.encoder.layer.2.attention.output.dense.bias False
bert.encoder.layer.2.attention.output.LayerNorm.weight False
bert.encoder.layer.2.attention.output.LayerNorm.bias False
bert.encoder.layer.2.intermediate.dense.weight False
bert.encoder.layer.2.intermediate.dense.bias False
bert.encoder.layer.2.output.dense.weight False
bert.encoder.layer.2.output.dense.bias False
bert.encoder.layer.2.output.LayerNorm.weight False
bert.encoder.layer.2.output.LayerNorm.bias False
bert.encoder.layer.3.attention.self.query.weight False
bert.encoder.layer.3.attention.self.query.bias False
bert.encoder.layer.3.attention.self.key.weight False
bert.encoder.layer.3.attention.self.key.bias False
bert.encoder.layer.3.attention.self.value.weight False
bert.encoder.layer.3.attention.self.value.bias False
bert.encoder.layer.3.attention.output.dense.weight False
bert.encoder.layer.3.attention.output.dense.bias False
bert.encoder.layer.3.attention.output.LayerNorm.weight False
bert.encoder.layer.3.attention.output.LayerNorm.bias False
bert.encoder.layer.3.intermediate.dense.weight False
bert.encoder.layer.3.intermediate.dense.bias False
bert.encoder.layer.3.output.dense.weight False
bert.encoder.layer.3.output.dense.bias False
bert.encoder.layer.3.output.LayerNorm.weight False
bert.encoder.layer.3.output.LayerNorm.bias False
bert.encoder.layer.4.attention.self.query.weight False
bert.encoder.layer.4.attention.self.query.bias False
bert.encoder.layer.4.attention.self.key.weight False
bert.encoder.layer.4.attention.self.key.bias False
bert.encoder.layer.4.attention.self.value.weight False
bert.encoder.layer.4.attention.self.value.bias False
bert.encoder.layer.4.attention.output.dense.weight False
bert.encoder.layer.4.attention.output.dense.bias False
bert.encoder.layer.4.attention.output.LayerNorm.weight False
bert.encoder.layer.4.attention.output.LayerNorm.bias False
bert.encoder.layer.4.intermediate.dense.weight False
bert.encoder.layer.4.intermediate.dense.bias False
bert.encoder.layer.4.output.dense.weight False
bert.encoder.layer.4.output.dense.bias False
bert.encoder.layer.4.output.LayerNorm.weight False
bert.encoder.layer.4.output.LayerNorm.bias False
bert.encoder.layer.5.attention.self.query.weight False
bert.encoder.layer.5.attention.self.query.bias False
bert.encoder.layer.5.attention.self.key.weight False
bert.encoder.layer.5.attention.self.key.bias False
bert.encoder.layer.5.attention.self.value.weight False
bert.encoder.layer.5.attention.self.value.bias False
bert.encoder.layer.5.attention.output.dense.weight False
bert.encoder.layer.5.attention.output.dense.bias False
bert.encoder.layer.5.attention.output.LayerNorm.weight False
bert.encoder.layer.5.attention.output.LayerNorm.bias False
bert.encoder.layer.5.intermediate.dense.weight False
bert.encoder.layer.5.intermediate.dense.bias False
bert.encoder.layer.5.output.dense.weight False
bert.encoder.layer.5.output.dense.bias False
bert.encoder.layer.5.output.LayerNorm.weight False
bert.encoder.layer.5.output.LayerNorm.bias False
bert.encoder.layer.6.attention.self.query.weight False
bert.encoder.layer.6.attention.self.query.bias False
bert.encoder.layer.6.attention.self.key.weight False
bert.encoder.layer.6.attention.self.key.bias False
bert.encoder.layer.6.attention.self.value.weight False
bert.encoder.layer.6.attention.self.value.bias False
bert.encoder.layer.6.attention.output.dense.weight False
bert.encoder.layer.6.attention.output.dense.bias False
bert.encoder.layer.6.attention.output.LayerNorm.weight False
bert.encoder.layer.6.attention.output.LayerNorm.bias False
bert.encoder.layer.6.intermediate.dense.weight False
bert.encoder.layer.6.intermediate.dense.bias False
bert.encoder.layer.6.output.dense.weight False
bert.encoder.layer.6.output.dense.bias False
bert.encoder.layer.6.output.LayerNorm.weight False
bert.encoder.layer.6.output.LayerNorm.bias False
bert.encoder.layer.7.attention.self.query.weight False
bert.encoder.layer.7.attention.self.query.bias False
bert.encoder.layer.7.attention.self.key.weight False
bert.encoder.layer.7.attention.self.key.bias False
bert.encoder.layer.7.attention.self.value.weight False
bert.encoder.layer.7.attention.self.value.bias False
bert.encoder.layer.7.attention.output.dense.weight False
bert.encoder.layer.7.attention.output.dense.bias False
bert.encoder.layer.7.attention.output.LayerNorm.weight False
bert.encoder.layer.7.attention.output.LayerNorm.bias False
bert.encoder.layer.7.intermediate.dense.weight False
bert.encoder.layer.7.intermediate.dense.bias False
bert.encoder.layer.7.output.dense.weight False
bert.encoder.layer.7.output.dense.bias False
bert.encoder.layer.7.output.LayerNorm.weight False
bert.encoder.layer.7.output.LayerNorm.bias False
bert.encoder.layer.8.attention.self.query.weight False
bert.encoder.layer.8.attention.self.query.bias False
bert.encoder.layer.8.attention.self.key.weight False
bert.encoder.layer.8.attention.self.key.bias False
bert.encoder.layer.8.attention.self.value.weight False
bert.encoder.layer.8.attention.self.value.bias False
bert.encoder.layer.8.attention.output.dense.weight False
bert.encoder.layer.8.attention.output.dense.bias False
bert.encoder.layer.8.attention.output.LayerNorm.weight False
bert.encoder.layer.8.attention.output.LayerNorm.bias False
bert.encoder.layer.8.intermediate.dense.weight False
bert.encoder.layer.8.intermediate.dense.bias False
bert.encoder.layer.8.output.dense.weight False
bert.encoder.layer.8.output.dense.bias False
bert.encoder.layer.8.output.LayerNorm.weight False
bert.encoder.layer.8.output.LayerNorm.bias False
bert.encoder.layer.9.attention.self.query.weight False
bert.encoder.layer.9.attention.self.query.bias False
bert.encoder.layer.9.attention.self.key.weight False
bert.encoder.layer.9.attention.self.key.bias False
bert.encoder.layer.9.attention.self.value.weight False
bert.encoder.layer.9.attention.self.value.bias False
bert.encoder.layer.9.attention.output.dense.weight False
bert.encoder.layer.9.attention.output.dense.bias False
bert.encoder.layer.9.attention.output.LayerNorm.weight False
bert.encoder.layer.9.attention.output.LayerNorm.bias False
bert.encoder.layer.9.intermediate.dense.weight False
bert.encoder.layer.9.intermediate.dense.bias False
bert.encoder.layer.9.output.dense.weight False
bert.encoder.layer.9.output.dense.bias False
bert.encoder.layer.9.output.LayerNorm.weight False
bert.encoder.layer.9.output.LayerNorm.bias False
bert.encoder.layer.10.attention.self.query.weight False
bert.encoder.layer.10.attention.self.query.bias False
bert.encoder.layer.10.attention.self.key.weight False
bert.encoder.layer.10.attention.self.key.bias False
bert.encoder.layer.10.attention.self.value.weight False
bert.encoder.layer.10.attention.self.value.bias False
bert.encoder.layer.10.attention.output.dense.weight False
bert.encoder.layer.10.attention.output.dense.bias False
bert.encoder.layer.10.attention.output.LayerNorm.weight False
bert.encoder.layer.10.attention.output.LayerNorm.bias False
bert.encoder.layer.10.intermediate.dense.weight False
bert.encoder.layer.10.intermediate.dense.bias False
bert.encoder.layer.10.output.dense.weight False
bert.encoder.layer.10.output.dense.bias False
bert.encoder.layer.10.output.LayerNorm.weight False
bert.encoder.layer.10.output.LayerNorm.bias False
bert.encoder.layer.11.attention.self.query.weight False
bert.encoder.layer.11.attention.self.query.bias False
bert.encoder.layer.11.attention.self.key.weight False
bert.encoder.layer.11.attention.self.key.bias False
bert.encoder.layer.11.attention.self.value.weight False
bert.encoder.layer.11.attention.self.value.bias False
bert.encoder.layer.11.attention.output.dense.weight False
bert.encoder.layer.11.attention.output.dense.bias False
bert.encoder.layer.11.attention.output.LayerNorm.weight False
bert.encoder.layer.11.attention.output.LayerNorm.bias False
bert.encoder.layer.11.intermediate.dense.weight False
bert.encoder.layer.11.intermediate.dense.bias False
bert.encoder.layer.11.output.dense.weight False
bert.encoder.layer.11.output.dense.bias False
bert.encoder.layer.11.output.LayerNorm.weight False
bert.encoder.layer.11.output.LayerNorm.bias False
bert.pooler.dense.weight False
bert.pooler.dense.bias False
classifier.weight True
classifier.bias True

t_total is 2952


Epoch [0]:
Training:
Average incurred loss: 0.667  
Average sample loss: 0.667  
Average acc: 0.761  
  toxicity = 0, identity_any = 0  [n = 205]:	loss = 0.073  exp loss = 0.059  adjusted loss = 0.059  adv prob = 0.250000   acc = 0.966
  toxicity = 0, identity_any = 1  [n = 203]:	loss = 0.086  exp loss = 0.059  adjusted loss = 0.059  adv prob = 0.250000   acc = 0.961
  toxicity = 1, identity_any = 0  [n = 199]:	loss = 1.260  exp loss = 1.208  adjusted loss = 1.208  adv prob = 0.250000   acc = 0.573
  toxicity = 1, identity_any = 1  [n = 193]:	loss = 1.298  exp loss = 1.049  adjusted loss = 1.049  adv prob = 0.250000   acc = 0.528
Average incurred loss: 0.544  
Average sample loss: 0.544  
Average acc: 0.802  
  toxicity = 0, identity_any = 0  [n = 206]:	loss = 0.025  exp loss = 0.011  adjusted loss = 0.011  adv prob = 0.250000   acc = 0.995
  toxicity = 0, identity_any = 1  [n = 197]:	loss = 0.088  exp loss = 0.113  adjusted loss = 0.113  adv prob = 0.250000   acc = 0.970
  toxicity = 1, identity_any = 0  [n = 197]:	loss = 1.168  exp loss = 0.742  adjusted loss = 0.742  adv prob = 0.250000   acc = 0.604
  toxicity = 1, identity_any = 1  [n = 200]:	loss = 0.912  exp loss = 0.938  adjusted loss = 0.938  adv prob = 0.250000   acc = 0.635
Average incurred loss: 0.473  
Average sample loss: 0.473  
Average acc: 0.817  
  toxicity = 0, identity_any = 0  [n = 205]:	loss = 0.053  exp loss = 0.045  adjusted loss = 0.045  adv prob = 0.250000   acc = 0.980
  toxicity = 0, identity_any = 1  [n = 197]:	loss = 0.097  exp loss = 0.095  adjusted loss = 0.095  adv prob = 0.250000   acc = 0.954
  toxicity = 1, identity_any = 0  [n = 211]:	loss = 0.921  exp loss = 0.778  adjusted loss = 0.778  adv prob = 0.250000   acc = 0.673
  toxicity = 1, identity_any = 1  [n = 187]:	loss = 0.827  exp loss = 0.570  adjusted loss = 0.570  adv prob = 0.250000   acc = 0.658
Average incurred loss: 0.493  
Average sample loss: 0.493  
Average acc: 0.794  
  toxicity = 0, identity_any = 0  [n = 196]:	loss = 0.060  exp loss = 0.067  adjusted loss = 0.067  adv prob = 0.250000   acc = 0.969
  toxicity = 0, identity_any = 1  [n = 212]:	loss = 0.171  exp loss = 0.141  adjusted loss = 0.141  adv prob = 0.250000   acc = 0.929
  toxicity = 1, identity_any = 0  [n = 193]:	loss = 0.967  exp loss = 0.849  adjusted loss = 0.849  adv prob = 0.250000   acc = 0.611
  toxicity = 1, identity_any = 1  [n = 199]:	loss = 0.802  exp loss = 0.723  adjusted loss = 0.723  adv prob = 0.250000   acc = 0.653
Average incurred loss: 0.452  
Average sample loss: 0.452  
Average acc: 0.822  
  toxicity = 0, identity_any = 0  [n = 203]:	loss = 0.043  exp loss = 0.023  adjusted loss = 0.023  adv prob = 0.250000   acc = 0.985
  toxicity = 0, identity_any = 1  [n = 192]:	loss = 0.180  exp loss = 0.233  adjusted loss = 0.233  adv prob = 0.250000   acc = 0.927
  toxicity = 1, identity_any = 0  [n = 203]:	loss = 0.790  exp loss = 0.569  adjusted loss = 0.569  adv prob = 0.250000   acc = 0.714
  toxicity = 1, identity_any = 1  [n = 202]:	loss = 0.782  exp loss = 0.786  adjusted loss = 0.786  adv prob = 0.250000   acc = 0.668
Average incurred loss: 0.452  
Average sample loss: 0.452  
Average acc: 0.811  
  toxicity = 0, identity_any = 0  [n = 188]:	loss = 0.051  exp loss = 0.020  adjusted loss = 0.020  adv prob = 0.250000   acc = 0.968
  toxicity = 0, identity_any = 1  [n = 195]:	loss = 0.206  exp loss = 0.168  adjusted loss = 0.168  adv prob = 0.250000   acc = 0.882
  toxicity = 1, identity_any = 0  [n = 211]:	loss = 0.787  exp loss = 0.839  adjusted loss = 0.839  adv prob = 0.250000   acc = 0.716
  toxicity = 1, identity_any = 1  [n = 206]:	loss = 0.710  exp loss = 0.906  adjusted loss = 0.906  adv prob = 0.250000   acc = 0.699
Average incurred loss: 0.394  
Average sample loss: 0.394  
Average acc: 0.826  
  toxicity = 0, identity_any = 0  [n = 202]:	loss = 0.108  exp loss = 0.140  adjusted loss = 0.140  adv prob = 0.250000   acc = 0.946
  toxicity = 0, identity_any = 1  [n = 184]:	loss = 0.290  exp loss = 0.339  adjusted loss = 0.339  adv prob = 0.250000   acc = 0.842
  toxicity = 1, identity_any = 0  [n = 201]:	loss = 0.571  exp loss = 0.507  adjusted loss = 0.507  adv prob = 0.250000   acc = 0.781
  toxicity = 1, identity_any = 1  [n = 213]:	loss = 0.588  exp loss = 0.573  adjusted loss = 0.573  adv prob = 0.250000   acc = 0.742
Average incurred loss: 0.420  
Average sample loss: 0.420  
Average acc: 0.839  
  toxicity = 0, identity_any = 0  [n = 209]:	loss = 0.080  exp loss = 0.078  adjusted loss = 0.078  adv prob = 0.250000   acc = 0.967
  toxicity = 0, identity_any = 1  [n = 197]:	loss = 0.255  exp loss = 0.310  adjusted loss = 0.310  adv prob = 0.250000   acc = 0.868
  toxicity = 1, identity_any = 0  [n = 200]:	loss = 0.762  exp loss = 0.782  adjusted loss = 0.782  adv prob = 0.250000   acc = 0.760
  toxicity = 1, identity_any = 1  [n = 194]:	loss = 0.602  exp loss = 0.530  adjusted loss = 0.530  adv prob = 0.250000   acc = 0.753
Average incurred loss: 0.371  
Average sample loss: 0.371  
Average acc: 0.851  
  toxicity = 0, identity_any = 0  [n = 181]:	loss = 0.066  exp loss = 0.039  adjusted loss = 0.039  adv prob = 0.250000   acc = 0.967
  toxicity = 0, identity_any = 1  [n = 211]:	loss = 0.268  exp loss = 0.213  adjusted loss = 0.213  adv prob = 0.250000   acc = 0.863
  toxicity = 1, identity_any = 0  [n = 205]:	loss = 0.581  exp loss = 0.610  adjusted loss = 0.610  adv prob = 0.250000   acc = 0.800
  toxicity = 1, identity_any = 1  [n = 203]:	loss = 0.537  exp loss = 0.416  adjusted loss = 0.416  adv prob = 0.250000   acc = 0.788
Average incurred loss: 0.329  
Average sample loss: 0.329  
Average acc: 0.855  
  toxicity = 0, identity_any = 0  [n = 172]:	loss = 0.116  exp loss = 0.111  adjusted loss = 0.111  adv prob = 0.250000   acc = 0.936
  toxicity = 0, identity_any = 1  [n = 179]:	loss = 0.273  exp loss = 0.256  adjusted loss = 0.256  adv prob = 0.250000   acc = 0.855
  toxicity = 1, identity_any = 0  [n = 147]:	loss = 0.393  exp loss = 0.349  adjusted loss = 0.349  adv prob = 0.250000   acc = 0.850
  toxicity = 1, identity_any = 1  [n = 170]:	loss = 0.550  exp loss = 0.626  adjusted loss = 0.626  adv prob = 0.250000   acc = 0.776

Validation:
Average incurred loss: 0.173  
Average sample loss: 0.173  
Average acc: 0.917  
  toxicity = 0, identity_any = 0  [n = 166026]:	loss = 0.084  exp loss = 0.683  adjusted loss = 0.683  adv prob = 0.250000   acc = 0.960
  toxicity = 0, identity_any = 1  [n = 108687]:	loss = 0.287  exp loss = 0.730  adjusted loss = 0.730  adv prob = 0.250000   acc = 0.846
  toxicity = 1, identity_any = 0  [n = 11940]:	loss = 0.247  exp loss = 0.220  adjusted loss = 0.220  adv prob = 0.250000   acc = 0.937
  toxicity = 1, identity_any = 1  [n = 19696]:	loss = 0.249  exp loss = 0.198  adjusted loss = 0.198  adv prob = 0.250000   acc = 0.938
Current lr: 0.000008
Current lr: 0.000008
Current validation accuracy: 0.9171879887580872
Best model saved at epoch 0


Epoch [1]:
Training:
Average incurred loss: 0.331  
Average sample loss: 0.331  
Average acc: 0.860  
  toxicity = 0, identity_any = 0  [n = 204]:	loss = 0.106  exp loss = 0.116  adjusted loss = 0.116  adv prob = 0.250000   acc = 0.931
  toxicity = 0, identity_any = 1  [n = 199]:	loss = 0.302  exp loss = 0.315  adjusted loss = 0.315  adv prob = 0.250000   acc = 0.844
  toxicity = 1, identity_any = 0  [n = 188]:	loss = 0.504  exp loss = 0.492  adjusted loss = 0.492  adv prob = 0.250000   acc = 0.819
  toxicity = 1, identity_any = 1  [n = 209]:	loss = 0.420  exp loss = 0.295  adjusted loss = 0.295  adv prob = 0.250000   acc = 0.842
Average incurred loss: 0.359  
Average sample loss: 0.359  
Average acc: 0.860  
  toxicity = 0, identity_any = 0  [n = 185]:	loss = 0.082  exp loss = 0.060  adjusted loss = 0.060  adv prob = 0.250000   acc = 0.957
  toxicity = 0, identity_any = 1  [n = 198]:	loss = 0.291  exp loss = 0.272  adjusted loss = 0.272  adv prob = 0.250000   acc = 0.848
  toxicity = 1, identity_any = 0  [n = 195]:	loss = 0.518  exp loss = 0.401  adjusted loss = 0.401  adv prob = 0.250000   acc = 0.810
  toxicity = 1, identity_any = 1  [n = 222]:	loss = 0.509  exp loss = 0.495  adjusted loss = 0.495  adv prob = 0.250000   acc = 0.833
Average incurred loss: 0.369  
Average sample loss: 0.369  
Average acc: 0.860  
  toxicity = 0, identity_any = 0  [n = 221]:	loss = 0.157  exp loss = 0.153  adjusted loss = 0.153  adv prob = 0.250000   acc = 0.928
  toxicity = 0, identity_any = 1  [n = 185]:	loss = 0.341  exp loss = 0.333  adjusted loss = 0.333  adv prob = 0.250000   acc = 0.827
  toxicity = 1, identity_any = 0  [n = 200]:	loss = 0.502  exp loss = 0.398  adjusted loss = 0.398  adv prob = 0.250000   acc = 0.850
  toxicity = 1, identity_any = 1  [n = 194]:	loss = 0.501  exp loss = 0.426  adjusted loss = 0.426  adv prob = 0.250000   acc = 0.825
Average incurred loss: 0.373  
Average sample loss: 0.373  
Average acc: 0.828  
  toxicity = 0, identity_any = 0  [n = 201]:	loss = 0.140  exp loss = 0.121  adjusted loss = 0.121  adv prob = 0.250000   acc = 0.920
  toxicity = 0, identity_any = 1  [n = 201]:	loss = 0.377  exp loss = 0.501  adjusted loss = 0.501  adv prob = 0.250000   acc = 0.771
  toxicity = 1, identity_any = 0  [n = 194]:	loss = 0.510  exp loss = 0.507  adjusted loss = 0.507  adv prob = 0.250000   acc = 0.804
  toxicity = 1, identity_any = 1  [n = 204]:	loss = 0.468  exp loss = 0.468  adjusted loss = 0.468  adv prob = 0.250000   acc = 0.814
Average incurred loss: 0.353  
Average sample loss: 0.353  
Average acc: 0.859  
  toxicity = 0, identity_any = 0  [n = 193]:	loss = 0.114  exp loss = 0.129  adjusted loss = 0.129  adv prob = 0.250000   acc = 0.943
  toxicity = 0, identity_any = 1  [n = 199]:	loss = 0.371  exp loss = 0.446  adjusted loss = 0.446  adv prob = 0.250000   acc = 0.804
  toxicity = 1, identity_any = 0  [n = 199]:	loss = 0.596  exp loss = 0.558  adjusted loss = 0.558  adv prob = 0.250000   acc = 0.784
  toxicity = 1, identity_any = 1  [n = 209]:	loss = 0.323  exp loss = 0.260  adjusted loss = 0.260  adv prob = 0.250000   acc = 0.904
Average incurred loss: 0.385  
Average sample loss: 0.385  
Average acc: 0.848  
  toxicity = 0, identity_any = 0  [n = 196]:	loss = 0.107  exp loss = 0.122  adjusted loss = 0.122  adv prob = 0.250000   acc = 0.944
  toxicity = 0, identity_any = 1  [n = 213]:	loss = 0.407  exp loss = 0.420  adjusted loss = 0.420  adv prob = 0.250000   acc = 0.775
  toxicity = 1, identity_any = 0  [n = 212]:	loss = 0.574  exp loss = 0.813  adjusted loss = 0.813  adv prob = 0.250000   acc = 0.830
  toxicity = 1, identity_any = 1  [n = 179]:	loss = 0.441  exp loss = 0.453  adjusted loss = 0.453  adv prob = 0.250000   acc = 0.849
Average incurred loss: 0.347  
Average sample loss: 0.347  
Average acc: 0.856  
  toxicity = 0, identity_any = 0  [n = 189]:	loss = 0.151  exp loss = 0.132  adjusted loss = 0.132  adv prob = 0.250000   acc = 0.910
  toxicity = 0, identity_any = 1  [n = 215]:	loss = 0.395  exp loss = 0.356  adjusted loss = 0.356  adv prob = 0.250000   acc = 0.800
  toxicity = 1, identity_any = 0  [n = 210]:	loss = 0.422  exp loss = 0.372  adjusted loss = 0.372  adv prob = 0.250000   acc = 0.857
  toxicity = 1, identity_any = 1  [n = 186]:	loss = 0.408  exp loss = 0.454  adjusted loss = 0.454  adv prob = 0.250000   acc = 0.866
Average incurred loss: 0.357  
Average sample loss: 0.357  
Average acc: 0.851  
  toxicity = 0, identity_any = 0  [n = 204]:	loss = 0.146  exp loss = 0.103  adjusted loss = 0.103  adv prob = 0.250000   acc = 0.922
  toxicity = 0, identity_any = 1  [n = 191]:	loss = 0.414  exp loss = 0.474  adjusted loss = 0.474  adv prob = 0.250000   acc = 0.770
  toxicity = 1, identity_any = 0  [n = 204]:	loss = 0.465  exp loss = 0.596  adjusted loss = 0.596  adv prob = 0.250000   acc = 0.848
  toxicity = 1, identity_any = 1  [n = 201]:	loss = 0.408  exp loss = 0.248  adjusted loss = 0.248  adv prob = 0.250000   acc = 0.861
Average incurred loss: 0.316  
Average sample loss: 0.316  
Average acc: 0.874  
  toxicity = 0, identity_any = 0  [n = 207]:	loss = 0.143  exp loss = 0.100  adjusted loss = 0.100  adv prob = 0.250000   acc = 0.942
  toxicity = 0, identity_any = 1  [n = 210]:	loss = 0.314  exp loss = 0.316  adjusted loss = 0.316  adv prob = 0.250000   acc = 0.833
  toxicity = 1, identity_any = 0  [n = 178]:	loss = 0.496  exp loss = 0.405  adjusted loss = 0.405  adv prob = 0.250000   acc = 0.826
  toxicity = 1, identity_any = 1  [n = 205]:	loss = 0.337  exp loss = 0.377  adjusted loss = 0.377  adv prob = 0.250000   acc = 0.888
Average incurred loss: 0.303  
Average sample loss: 0.304  
Average acc: 0.888  
  toxicity = 0, identity_any = 0  [n = 167]:	loss = 0.092  exp loss = 0.044  adjusted loss = 0.044  adv prob = 0.250000   acc = 0.958
  toxicity = 0, identity_any = 1  [n = 156]:	loss = 0.382  exp loss = 0.386  adjusted loss = 0.386  adv prob = 0.250000   acc = 0.795
  toxicity = 1, identity_any = 0  [n = 187]:	loss = 0.399  exp loss = 0.397  adjusted loss = 0.397  adv prob = 0.250000   acc = 0.909
  toxicity = 1, identity_any = 1  [n = 158]:	loss = 0.333  exp loss = 0.329  adjusted loss = 0.329  adv prob = 0.250000   acc = 0.880

Validation:
Average incurred loss: 0.218  
Average sample loss: 0.218  
Average acc: 0.892  
  toxicity = 0, identity_any = 0  [n = 166026]:	loss = 0.116  exp loss = 0.901  adjusted loss = 0.901  adv prob = 0.250000   acc = 0.943
  toxicity = 0, identity_any = 1  [n = 108687]:	loss = 0.384  exp loss = 0.955  adjusted loss = 0.955  adv prob = 0.250000   acc = 0.795
  toxicity = 1, identity_any = 0  [n = 11940]:	loss = 0.190  exp loss = 0.166  adjusted loss = 0.166  adv prob = 0.250000   acc = 0.959
  toxicity = 1, identity_any = 1  [n = 19696]:	loss = 0.187  exp loss = 0.146  adjusted loss = 0.146  adv prob = 0.250000   acc = 0.961
Current lr: 0.000007
Current lr: 0.000007
Current validation accuracy: 0.8918580412864685


Epoch [2]:
Training:
Average incurred loss: 0.359  
Average sample loss: 0.359  
Average acc: 0.845  
  toxicity = 0, identity_any = 0  [n = 194]:	loss = 0.097  exp loss = 0.143  adjusted loss = 0.143  adv prob = 0.250000   acc = 0.948
  toxicity = 0, identity_any = 1  [n = 207]:	loss = 0.469  exp loss = 0.509  adjusted loss = 0.509  adv prob = 0.250000   acc = 0.744
  toxicity = 1, identity_any = 0  [n = 221]:	loss = 0.495  exp loss = 0.418  adjusted loss = 0.418  adv prob = 0.250000   acc = 0.828
  toxicity = 1, identity_any = 1  [n = 178]:	loss = 0.349  exp loss = 0.285  adjusted loss = 0.285  adv prob = 0.250000   acc = 0.871
Average incurred loss: 0.354  
Average sample loss: 0.354  
Average acc: 0.854  
  toxicity = 0, identity_any = 0  [n = 207]:	loss = 0.187  exp loss = 0.222  adjusted loss = 0.222  adv prob = 0.250000   acc = 0.903
  toxicity = 0, identity_any = 1  [n = 202]:	loss = 0.402  exp loss = 0.325  adjusted loss = 0.325  adv prob = 0.250000   acc = 0.787
  toxicity = 1, identity_any = 0  [n = 187]:	loss = 0.444  exp loss = 0.447  adjusted loss = 0.447  adv prob = 0.250000   acc = 0.834
  toxicity = 1, identity_any = 1  [n = 204]:	loss = 0.392  exp loss = 0.329  adjusted loss = 0.329  adv prob = 0.250000   acc = 0.887
Average incurred loss: 0.345  
Average sample loss: 0.345  
Average acc: 0.858  
  toxicity = 0, identity_any = 0  [n = 194]:	loss = 0.154  exp loss = 0.178  adjusted loss = 0.178  adv prob = 0.250000   acc = 0.928
  toxicity = 0, identity_any = 1  [n = 203]:	loss = 0.417  exp loss = 0.496  adjusted loss = 0.496  adv prob = 0.250000   acc = 0.783
  toxicity = 1, identity_any = 0  [n = 198]:	loss = 0.527  exp loss = 0.540  adjusted loss = 0.540  adv prob = 0.250000   acc = 0.818
  toxicity = 1, identity_any = 1  [n = 205]:	loss = 0.277  exp loss = 0.247  adjusted loss = 0.247  adv prob = 0.250000   acc = 0.902
Average incurred loss: 0.354  
Average sample loss: 0.354  
Average acc: 0.862  
  toxicity = 0, identity_any = 0  [n = 193]:	loss = 0.159  exp loss = 0.239  adjusted loss = 0.239  adv prob = 0.250000   acc = 0.933
  toxicity = 0, identity_any = 1  [n = 204]:	loss = 0.400  exp loss = 0.403  adjusted loss = 0.403  adv prob = 0.250000   acc = 0.789
  toxicity = 1, identity_any = 0  [n = 193]:	loss = 0.486  exp loss = 0.497  adjusted loss = 0.497  adv prob = 0.250000   acc = 0.865
  toxicity = 1, identity_any = 1  [n = 210]:	loss = 0.367  exp loss = 0.359  adjusted loss = 0.359  adv prob = 0.250000   acc = 0.867
Average incurred loss: 0.314  
Average sample loss: 0.314  
Average acc: 0.871  
  toxicity = 0, identity_any = 0  [n = 197]:	loss = 0.085  exp loss = 0.037  adjusted loss = 0.037  adv prob = 0.250000   acc = 0.954
  toxicity = 0, identity_any = 1  [n = 196]:	loss = 0.351  exp loss = 0.312  adjusted loss = 0.312  adv prob = 0.250000   acc = 0.821
  toxicity = 1, identity_any = 0  [n = 204]:	loss = 0.369  exp loss = 0.286  adjusted loss = 0.286  adv prob = 0.250000   acc = 0.868
  toxicity = 1, identity_any = 1  [n = 203]:	loss = 0.444  exp loss = 0.413  adjusted loss = 0.413  adv prob = 0.250000   acc = 0.842
Average incurred loss: 0.327  
Average sample loss: 0.327  
Average acc: 0.864  
  toxicity = 0, identity_any = 0  [n = 210]:	loss = 0.161  exp loss = 0.265  adjusted loss = 0.265  adv prob = 0.250000   acc = 0.900
  toxicity = 0, identity_any = 1  [n = 194]:	loss = 0.404  exp loss = 0.243  adjusted loss = 0.243  adv prob = 0.250000   acc = 0.794
  toxicity = 1, identity_any = 0  [n = 192]:	loss = 0.450  exp loss = 0.671  adjusted loss = 0.671  adv prob = 0.250000   acc = 0.844
  toxicity = 1, identity_any = 1  [n = 204]:	loss = 0.308  exp loss = 0.296  adjusted loss = 0.296  adv prob = 0.250000   acc = 0.912
Average incurred loss: 0.351  
Average sample loss: 0.351  
Average acc: 0.851  
  toxicity = 0, identity_any = 0  [n = 206]:	loss = 0.195  exp loss = 0.284  adjusted loss = 0.284  adv prob = 0.250000   acc = 0.903
  toxicity = 0, identity_any = 1  [n = 181]:	loss = 0.441  exp loss = 0.466  adjusted loss = 0.466  adv prob = 0.250000   acc = 0.785
  toxicity = 1, identity_any = 0  [n = 210]:	loss = 0.413  exp loss = 0.393  adjusted loss = 0.393  adv prob = 0.250000   acc = 0.852
  toxicity = 1, identity_any = 1  [n = 203]:	loss = 0.367  exp loss = 0.452  adjusted loss = 0.452  adv prob = 0.250000   acc = 0.857
Average incurred loss: 0.307  
Average sample loss: 0.307  
Average acc: 0.856  
  toxicity = 0, identity_any = 0  [n = 204]:	loss = 0.114  exp loss = 0.074  adjusted loss = 0.074  adv prob = 0.250000   acc = 0.931
  toxicity = 0, identity_any = 1  [n = 196]:	loss = 0.373  exp loss = 0.414  adjusted loss = 0.414  adv prob = 0.250000   acc = 0.806
  toxicity = 1, identity_any = 0  [n = 214]:	loss = 0.340  exp loss = 0.291  adjusted loss = 0.291  adv prob = 0.250000   acc = 0.855
  toxicity = 1, identity_any = 1  [n = 186]:	loss = 0.410  exp loss = 0.591  adjusted loss = 0.591  adv prob = 0.250000   acc = 0.828
Average incurred loss: 0.322  
Average sample loss: 0.322  
Average acc: 0.872  
  toxicity = 0, identity_any = 0  [n = 200]:	loss = 0.112  exp loss = 0.059  adjusted loss = 0.059  adv prob = 0.250000   acc = 0.935
  toxicity = 0, identity_any = 1  [n = 200]:	loss = 0.434  exp loss = 0.402  adjusted loss = 0.402  adv prob = 0.250000   acc = 0.775
  toxicity = 1, identity_any = 0  [n = 194]:	loss = 0.414  exp loss = 0.407  adjusted loss = 0.407  adv prob = 0.250000   acc = 0.871
  toxicity = 1, identity_any = 1  [n = 206]:	loss = 0.332  exp loss = 0.292  adjusted loss = 0.292  adv prob = 0.250000   acc = 0.908
Average incurred loss: 0.381  
Average sample loss: 0.380  
Average acc: 0.841  
  toxicity = 0, identity_any = 0  [n = 162]:	loss = 0.191  exp loss = 0.194  adjusted loss = 0.194  adv prob = 0.250000   acc = 0.914
  toxicity = 0, identity_any = 1  [n = 184]:	loss = 0.472  exp loss = 0.493  adjusted loss = 0.493  adv prob = 0.250000   acc = 0.745
  toxicity = 1, identity_any = 0  [n = 154]:	loss = 0.477  exp loss = 0.445  adjusted loss = 0.445  adv prob = 0.250000   acc = 0.831
  toxicity = 1, identity_any = 1  [n = 168]:	loss = 0.374  exp loss = 0.296  adjusted loss = 0.296  adv prob = 0.250000   acc = 0.887

Validation:
Average incurred loss: 0.238  
Average sample loss: 0.238  
Average acc: 0.881  
  toxicity = 0, identity_any = 0  [n = 166026]:	loss = 0.131  exp loss = 0.987  adjusted loss = 0.987  adv prob = 0.250000   acc = 0.935
  toxicity = 0, identity_any = 1  [n = 108687]:	loss = 0.423  exp loss = 1.045  adjusted loss = 1.045  adv prob = 0.250000   acc = 0.775
  toxicity = 1, identity_any = 0  [n = 11940]:	loss = 0.166  exp loss = 0.142  adjusted loss = 0.142  adv prob = 0.250000   acc = 0.964
  toxicity = 1, identity_any = 1  [n = 19696]:	loss = 0.164  exp loss = 0.126  adjusted loss = 0.126  adv prob = 0.250000   acc = 0.967
Current lr: 0.000005
Current lr: 0.000005
Current validation accuracy: 0.8814971446990967


Epoch [3]:
Training:
Average incurred loss: 0.361  
Average sample loss: 0.361  
Average acc: 0.848  
  toxicity = 0, identity_any = 0  [n = 212]:	loss = 0.206  exp loss = 0.253  adjusted loss = 0.253  adv prob = 0.250000   acc = 0.882
  toxicity = 0, identity_any = 1  [n = 188]:	loss = 0.399  exp loss = 0.370  adjusted loss = 0.370  adv prob = 0.250000   acc = 0.793
  toxicity = 1, identity_any = 0  [n = 206]:	loss = 0.398  exp loss = 0.454  adjusted loss = 0.454  adv prob = 0.250000   acc = 0.874
  toxicity = 1, identity_any = 1  [n = 194]:	loss = 0.453  exp loss = 0.370  adjusted loss = 0.370  adv prob = 0.250000   acc = 0.835
Average incurred loss: 0.366  
Average sample loss: 0.366  
Average acc: 0.847  
  toxicity = 0, identity_any = 0  [n = 205]:	loss = 0.189  exp loss = 0.210  adjusted loss = 0.210  adv prob = 0.250000   acc = 0.917
  toxicity = 0, identity_any = 1  [n = 220]:	loss = 0.446  exp loss = 0.363  adjusted loss = 0.363  adv prob = 0.250000   acc = 0.768
  toxicity = 1, identity_any = 0  [n = 167]:	loss = 0.421  exp loss = 0.459  adjusted loss = 0.459  adv prob = 0.250000   acc = 0.856
  toxicity = 1, identity_any = 1  [n = 208]:	loss = 0.413  exp loss = 0.299  adjusted loss = 0.299  adv prob = 0.250000   acc = 0.856
Average incurred loss: 0.339  
Average sample loss: 0.339  
Average acc: 0.864  
  toxicity = 0, identity_any = 0  [n = 188]:	loss = 0.140  exp loss = 0.116  adjusted loss = 0.116  adv prob = 0.250000   acc = 0.926
  toxicity = 0, identity_any = 1  [n = 216]:	loss = 0.512  exp loss = 0.493  adjusted loss = 0.493  adv prob = 0.250000   acc = 0.769
  toxicity = 1, identity_any = 0  [n = 187]:	loss = 0.337  exp loss = 0.229  adjusted loss = 0.229  adv prob = 0.250000   acc = 0.882
  toxicity = 1, identity_any = 1  [n = 209]:	loss = 0.340  exp loss = 0.331  adjusted loss = 0.331  adv prob = 0.250000   acc = 0.890
Average incurred loss: 0.324  
Average sample loss: 0.324  
Average acc: 0.867  
  toxicity = 0, identity_any = 0  [n = 202]:	loss = 0.109  exp loss = 0.238  adjusted loss = 0.238  adv prob = 0.250000   acc = 0.950
  toxicity = 0, identity_any = 1  [n = 210]:	loss = 0.424  exp loss = 0.404  adjusted loss = 0.404  adv prob = 0.250000   acc = 0.776
  toxicity = 1, identity_any = 0  [n = 204]:	loss = 0.440  exp loss = 0.414  adjusted loss = 0.414  adv prob = 0.250000   acc = 0.858
  toxicity = 1, identity_any = 1  [n = 184]:	loss = 0.316  exp loss = 0.327  adjusted loss = 0.327  adv prob = 0.250000   acc = 0.891
Average incurred loss: 0.347  
Average sample loss: 0.347  
Average acc: 0.859  
  toxicity = 0, identity_any = 0  [n = 210]:	loss = 0.167  exp loss = 0.108  adjusted loss = 0.108  adv prob = 0.250000   acc = 0.914
  toxicity = 0, identity_any = 1  [n = 186]:	loss = 0.417  exp loss = 0.389  adjusted loss = 0.389  adv prob = 0.250000   acc = 0.785
  toxicity = 1, identity_any = 0  [n = 210]:	loss = 0.509  exp loss = 0.509  adjusted loss = 0.509  adv prob = 0.250000   acc = 0.824
  toxicity = 1, identity_any = 1  [n = 194]:	loss = 0.300  exp loss = 0.366  adjusted loss = 0.366  adv prob = 0.250000   acc = 0.907
Average incurred loss: 0.312  
Average sample loss: 0.312  
Average acc: 0.871  
  toxicity = 0, identity_any = 0  [n = 190]:	loss = 0.114  exp loss = 0.140  adjusted loss = 0.140  adv prob = 0.250000   acc = 0.953
  toxicity = 0, identity_any = 1  [n = 193]:	loss = 0.380  exp loss = 0.475  adjusted loss = 0.475  adv prob = 0.250000   acc = 0.793
  toxicity = 1, identity_any = 0  [n = 210]:	loss = 0.412  exp loss = 0.655  adjusted loss = 0.655  adv prob = 0.250000   acc = 0.862
  toxicity = 1, identity_any = 1  [n = 207]:	loss = 0.329  exp loss = 0.383  adjusted loss = 0.383  adv prob = 0.250000   acc = 0.879
Average incurred loss: 0.310  
Average sample loss: 0.310  
Average acc: 0.866  
  toxicity = 0, identity_any = 0  [n = 192]:	loss = 0.153  exp loss = 0.199  adjusted loss = 0.199  adv prob = 0.250000   acc = 0.911
  toxicity = 0, identity_any = 1  [n = 194]:	loss = 0.450  exp loss = 0.446  adjusted loss = 0.446  adv prob = 0.250000   acc = 0.753
  toxicity = 1, identity_any = 0  [n = 207]:	loss = 0.375  exp loss = 0.280  adjusted loss = 0.280  adv prob = 0.250000   acc = 0.879
  toxicity = 1, identity_any = 1  [n = 207]:	loss = 0.259  exp loss = 0.272  adjusted loss = 0.272  adv prob = 0.250000   acc = 0.918
Average incurred loss: 0.311  
Average sample loss: 0.311  
Average acc: 0.880  
  toxicity = 0, identity_any = 0  [n = 187]:	loss = 0.158  exp loss = 0.092  adjusted loss = 0.092  adv prob = 0.250000   acc = 0.925
  toxicity = 0, identity_any = 1  [n = 205]:	loss = 0.376  exp loss = 0.423  adjusted loss = 0.423  adv prob = 0.250000   acc = 0.810
  toxicity = 1, identity_any = 0  [n = 204]:	loss = 0.386  exp loss = 0.392  adjusted loss = 0.392  adv prob = 0.250000   acc = 0.897
  toxicity = 1, identity_any = 1  [n = 204]:	loss = 0.309  exp loss = 0.338  adjusted loss = 0.338  adv prob = 0.250000   acc = 0.892
Average incurred loss: 0.361  
Average sample loss: 0.361  
Average acc: 0.865  
  toxicity = 0, identity_any = 0  [n = 207]:	loss = 0.162  exp loss = 0.163  adjusted loss = 0.163  adv prob = 0.250000   acc = 0.928
  toxicity = 0, identity_any = 1  [n = 193]:	loss = 0.448  exp loss = 0.552  adjusted loss = 0.552  adv prob = 0.250000   acc = 0.782
  toxicity = 1, identity_any = 0  [n = 209]:	loss = 0.450  exp loss = 0.450  adjusted loss = 0.450  adv prob = 0.250000   acc = 0.861
  toxicity = 1, identity_any = 1  [n = 191]:	loss = 0.394  exp loss = 0.506  adjusted loss = 0.506  adv prob = 0.250000   acc = 0.885
Average incurred loss: 0.286  
Average sample loss: 0.287  
Average acc: 0.879  
  toxicity = 0, identity_any = 0  [n = 174]:	loss = 0.134  exp loss = 0.186  adjusted loss = 0.186  adv prob = 0.250000   acc = 0.937
  toxicity = 0, identity_any = 1  [n = 162]:	loss = 0.422  exp loss = 0.471  adjusted loss = 0.471  adv prob = 0.250000   acc = 0.784
  toxicity = 1, identity_any = 0  [n = 163]:	loss = 0.325  exp loss = 0.268  adjusted loss = 0.268  adv prob = 0.250000   acc = 0.871
  toxicity = 1, identity_any = 1  [n = 169]:	loss = 0.276  exp loss = 0.273  adjusted loss = 0.273  adv prob = 0.250000   acc = 0.917

Validation:
Average incurred loss: 0.243  
Average sample loss: 0.243  
Average acc: 0.879  
  toxicity = 0, identity_any = 0  [n = 166026]:	loss = 0.136  exp loss = 1.007  adjusted loss = 1.007  adv prob = 0.250000   acc = 0.933
  toxicity = 0, identity_any = 1  [n = 108687]:	loss = 0.433  exp loss = 1.066  adjusted loss = 1.066  adv prob = 0.250000   acc = 0.772
  toxicity = 1, identity_any = 0  [n = 11940]:	loss = 0.156  exp loss = 0.130  adjusted loss = 0.130  adv prob = 0.250000   acc = 0.966
  toxicity = 1, identity_any = 1  [n = 19696]:	loss = 0.155  exp loss = 0.117  adjusted loss = 0.117  adv prob = 0.250000   acc = 0.968
Current lr: 0.000003
Current lr: 0.000003
Current validation accuracy: 0.8792217969894409


Epoch [4]:
Training:
Average incurred loss: 0.324  
Average sample loss: 0.324  
Average acc: 0.870  
  toxicity = 0, identity_any = 0  [n = 204]:	loss = 0.200  exp loss = 0.183  adjusted loss = 0.183  adv prob = 0.250000   acc = 0.912
  toxicity = 0, identity_any = 1  [n = 192]:	loss = 0.423  exp loss = 0.351  adjusted loss = 0.351  adv prob = 0.250000   acc = 0.797
  toxicity = 1, identity_any = 0  [n = 198]:	loss = 0.402  exp loss = 0.380  adjusted loss = 0.380  adv prob = 0.250000   acc = 0.848
  toxicity = 1, identity_any = 1  [n = 206]:	loss = 0.280  exp loss = 0.287  adjusted loss = 0.287  adv prob = 0.250000   acc = 0.917
Average incurred loss: 0.299  
Average sample loss: 0.299  
Average acc: 0.876  
  toxicity = 0, identity_any = 0  [n = 216]:	loss = 0.173  exp loss = 0.133  adjusted loss = 0.133  adv prob = 0.250000   acc = 0.921
  toxicity = 0, identity_any = 1  [n = 188]:	loss = 0.413  exp loss = 0.350  adjusted loss = 0.350  adv prob = 0.250000   acc = 0.809
  toxicity = 1, identity_any = 0  [n = 195]:	loss = 0.264  exp loss = 0.350  adjusted loss = 0.350  adv prob = 0.250000   acc = 0.903
  toxicity = 1, identity_any = 1  [n = 201]:	loss = 0.361  exp loss = 0.374  adjusted loss = 0.374  adv prob = 0.250000   acc = 0.866
Average incurred loss: 0.316  
Average sample loss: 0.316  
Average acc: 0.866  
  toxicity = 0, identity_any = 0  [n = 187]:	loss = 0.118  exp loss = 0.101  adjusted loss = 0.101  adv prob = 0.250000   acc = 0.952
  toxicity = 0, identity_any = 1  [n = 197]:	loss = 0.408  exp loss = 0.418  adjusted loss = 0.418  adv prob = 0.250000   acc = 0.787
  toxicity = 1, identity_any = 0  [n = 193]:	loss = 0.383  exp loss = 0.566  adjusted loss = 0.566  adv prob = 0.250000   acc = 0.876
  toxicity = 1, identity_any = 1  [n = 223]:	loss = 0.345  exp loss = 0.352  adjusted loss = 0.352  adv prob = 0.250000   acc = 0.857
Average incurred loss: 0.316  
Average sample loss: 0.316  
Average acc: 0.869  
  toxicity = 0, identity_any = 0  [n = 192]:	loss = 0.136  exp loss = 0.172  adjusted loss = 0.172  adv prob = 0.250000   acc = 0.922
  toxicity = 0, identity_any = 1  [n = 217]:	loss = 0.411  exp loss = 0.337  adjusted loss = 0.337  adv prob = 0.250000   acc = 0.779
  toxicity = 1, identity_any = 0  [n = 208]:	loss = 0.375  exp loss = 0.463  adjusted loss = 0.463  adv prob = 0.250000   acc = 0.899
  toxicity = 1, identity_any = 1  [n = 183]:	loss = 0.326  exp loss = 0.366  adjusted loss = 0.366  adv prob = 0.250000   acc = 0.885
Average incurred loss: 0.322  
Average sample loss: 0.322  
Average acc: 0.861  
  toxicity = 0, identity_any = 0  [n = 193]:	loss = 0.142  exp loss = 0.099  adjusted loss = 0.099  adv prob = 0.250000   acc = 0.917
  toxicity = 0, identity_any = 1  [n = 208]:	loss = 0.407  exp loss = 0.527  adjusted loss = 0.527  adv prob = 0.250000   acc = 0.788
  toxicity = 1, identity_any = 0  [n = 186]:	loss = 0.457  exp loss = 0.512  adjusted loss = 0.512  adv prob = 0.250000   acc = 0.839
  toxicity = 1, identity_any = 1  [n = 213]:	loss = 0.286  exp loss = 0.228  adjusted loss = 0.228  adv prob = 0.250000   acc = 0.901
Average incurred loss: 0.383  
Average sample loss: 0.383  
Average acc: 0.835  
  toxicity = 0, identity_any = 0  [n = 205]:	loss = 0.180  exp loss = 0.083  adjusted loss = 0.083  adv prob = 0.250000   acc = 0.902
  toxicity = 0, identity_any = 1  [n = 196]:	loss = 0.444  exp loss = 0.343  adjusted loss = 0.343  adv prob = 0.250000   acc = 0.760
  toxicity = 1, identity_any = 0  [n = 205]:	loss = 0.486  exp loss = 0.433  adjusted loss = 0.433  adv prob = 0.250000   acc = 0.820
  toxicity = 1, identity_any = 1  [n = 194]:	loss = 0.428  exp loss = 0.358  adjusted loss = 0.358  adv prob = 0.250000   acc = 0.856
Average incurred loss: 0.334  
Average sample loss: 0.334  
Average acc: 0.873  
  toxicity = 0, identity_any = 0  [n = 201]:	loss = 0.153  exp loss = 0.080  adjusted loss = 0.080  adv prob = 0.250000   acc = 0.935
  toxicity = 0, identity_any = 1  [n = 196]:	loss = 0.448  exp loss = 0.427  adjusted loss = 0.427  adv prob = 0.250000   acc = 0.796
  toxicity = 1, identity_any = 0  [n = 189]:	loss = 0.440  exp loss = 0.478  adjusted loss = 0.478  adv prob = 0.250000   acc = 0.841
  toxicity = 1, identity_any = 1  [n = 214]:	loss = 0.305  exp loss = 0.308  adjusted loss = 0.308  adv prob = 0.250000   acc = 0.911
Average incurred loss: 0.371  
Average sample loss: 0.371  
Average acc: 0.840  
  toxicity = 0, identity_any = 0  [n = 201]:	loss = 0.186  exp loss = 0.147  adjusted loss = 0.147  adv prob = 0.250000   acc = 0.910
  toxicity = 0, identity_any = 1  [n = 181]:	loss = 0.423  exp loss = 0.548  adjusted loss = 0.548  adv prob = 0.250000   acc = 0.796
  toxicity = 1, identity_any = 0  [n = 225]:	loss = 0.483  exp loss = 0.522  adjusted loss = 0.522  adv prob = 0.250000   acc = 0.809
  toxicity = 1, identity_any = 1  [n = 193]:	loss = 0.384  exp loss = 0.291  adjusted loss = 0.291  adv prob = 0.250000   acc = 0.845
Average incurred loss: 0.319  
Average sample loss: 0.319  
Average acc: 0.861  
  toxicity = 0, identity_any = 0  [n = 203]:	loss = 0.125  exp loss = 0.091  adjusted loss = 0.091  adv prob = 0.250000   acc = 0.931
  toxicity = 0, identity_any = 1  [n = 213]:	loss = 0.503  exp loss = 0.457  adjusted loss = 0.457  adv prob = 0.250000   acc = 0.728
  toxicity = 1, identity_any = 0  [n = 200]:	loss = 0.337  exp loss = 0.399  adjusted loss = 0.399  adv prob = 0.250000   acc = 0.900
  toxicity = 1, identity_any = 1  [n = 184]:	loss = 0.302  exp loss = 0.367  adjusted loss = 0.367  adv prob = 0.250000   acc = 0.897
Average incurred loss: 0.330  
Average sample loss: 0.331  
Average acc: 0.870  
  toxicity = 0, identity_any = 0  [n = 165]:	loss = 0.170  exp loss = 0.279  adjusted loss = 0.279  adv prob = 0.250000   acc = 0.933
  toxicity = 0, identity_any = 1  [n = 179]:	loss = 0.471  exp loss = 0.538  adjusted loss = 0.538  adv prob = 0.250000   acc = 0.749
  toxicity = 1, identity_any = 0  [n = 168]:	loss = 0.363  exp loss = 0.743  adjusted loss = 0.743  adv prob = 0.250000   acc = 0.893
  toxicity = 1, identity_any = 1  [n = 156]:	loss = 0.300  exp loss = 0.261  adjusted loss = 0.261  adv prob = 0.250000   acc = 0.917

Validation:
Average incurred loss: 0.244  
Average sample loss: 0.244  
Average acc: 0.879  
  toxicity = 0, identity_any = 0  [n = 166026]:	loss = 0.138  exp loss = 1.011  adjusted loss = 1.011  adv prob = 0.250000   acc = 0.932
  toxicity = 0, identity_any = 1  [n = 108687]:	loss = 0.434  exp loss = 1.070  adjusted loss = 1.070  adv prob = 0.250000   acc = 0.771
  toxicity = 1, identity_any = 0  [n = 11940]:	loss = 0.151  exp loss = 0.125  adjusted loss = 0.125  adv prob = 0.250000   acc = 0.966
  toxicity = 1, identity_any = 1  [n = 19696]:	loss = 0.152  exp loss = 0.113  adjusted loss = 0.113  adv prob = 0.250000   acc = 0.968
Current lr: 0.000002
Current lr: 0.000002
Current validation accuracy: 0.8788654208183289


Epoch [5]:
Training:
Average incurred loss: 0.336  
Average sample loss: 0.336  
Average acc: 0.854  
  toxicity = 0, identity_any = 0  [n = 192]:	loss = 0.189  exp loss = 0.160  adjusted loss = 0.160  adv prob = 0.250000   acc = 0.885
  toxicity = 0, identity_any = 1  [n = 186]:	loss = 0.384  exp loss = 0.487  adjusted loss = 0.487  adv prob = 0.250000   acc = 0.801
  toxicity = 1, identity_any = 0  [n = 211]:	loss = 0.471  exp loss = 0.475  adjusted loss = 0.475  adv prob = 0.250000   acc = 0.810
  toxicity = 1, identity_any = 1  [n = 211]:	loss = 0.292  exp loss = 0.250  adjusted loss = 0.250  adv prob = 0.250000   acc = 0.915
Average incurred loss: 0.332  
Average sample loss: 0.332  
Average acc: 0.853  
  toxicity = 0, identity_any = 0  [n = 202]:	loss = 0.179  exp loss = 0.281  adjusted loss = 0.281  adv prob = 0.250000   acc = 0.911
  toxicity = 0, identity_any = 1  [n = 205]:	loss = 0.437  exp loss = 0.448  adjusted loss = 0.448  adv prob = 0.250000   acc = 0.746
  toxicity = 1, identity_any = 0  [n = 196]:	loss = 0.389  exp loss = 0.270  adjusted loss = 0.270  adv prob = 0.250000   acc = 0.867
  toxicity = 1, identity_any = 1  [n = 197]:	loss = 0.323  exp loss = 0.398  adjusted loss = 0.398  adv prob = 0.250000   acc = 0.888
Average incurred loss: 0.411  
Average sample loss: 0.411  
Average acc: 0.826  
  toxicity = 0, identity_any = 0  [n = 208]:	loss = 0.253  exp loss = 0.316  adjusted loss = 0.316  adv prob = 0.250000   acc = 0.880
  toxicity = 0, identity_any = 1  [n = 188]:	loss = 0.529  exp loss = 0.539  adjusted loss = 0.539  adv prob = 0.250000   acc = 0.729
  toxicity = 1, identity_any = 0  [n = 202]:	loss = 0.467  exp loss = 0.386  adjusted loss = 0.386  adv prob = 0.250000   acc = 0.847
  toxicity = 1, identity_any = 1  [n = 202]:	loss = 0.407  exp loss = 0.475  adjusted loss = 0.475  adv prob = 0.250000   acc = 0.842
Average incurred loss: 0.340  
Average sample loss: 0.340  
Average acc: 0.865  
  toxicity = 0, identity_any = 0  [n = 195]:	loss = 0.108  exp loss = 0.159  adjusted loss = 0.159  adv prob = 0.250000   acc = 0.954
  toxicity = 0, identity_any = 1  [n = 190]:	loss = 0.429  exp loss = 0.480  adjusted loss = 0.480  adv prob = 0.250000   acc = 0.805
  toxicity = 1, identity_any = 0  [n = 221]:	loss = 0.440  exp loss = 0.531  adjusted loss = 0.531  adv prob = 0.250000   acc = 0.837
  toxicity = 1, identity_any = 1  [n = 194]:	loss = 0.370  exp loss = 0.410  adjusted loss = 0.410  adv prob = 0.250000   acc = 0.866
Average incurred loss: 0.356  
Average sample loss: 0.356  
Average acc: 0.855  
  toxicity = 0, identity_any = 0  [n = 190]:	loss = 0.171  exp loss = 0.179  adjusted loss = 0.179  adv prob = 0.250000   acc = 0.911
  toxicity = 0, identity_any = 1  [n = 215]:	loss = 0.487  exp loss = 0.404  adjusted loss = 0.404  adv prob = 0.250000   acc = 0.749
  toxicity = 1, identity_any = 0  [n = 184]:	loss = 0.453  exp loss = 0.564  adjusted loss = 0.564  adv prob = 0.250000   acc = 0.864
  toxicity = 1, identity_any = 1  [n = 211]:	loss = 0.302  exp loss = 0.284  adjusted loss = 0.284  adv prob = 0.250000   acc = 0.905
Average incurred loss: 0.308  
Average sample loss: 0.308  
Average acc: 0.875  
  toxicity = 0, identity_any = 0  [n = 203]:	loss = 0.140  exp loss = 0.134  adjusted loss = 0.134  adv prob = 0.250000   acc = 0.946
  toxicity = 0, identity_any = 1  [n = 213]:	loss = 0.448  exp loss = 0.400  adjusted loss = 0.400  adv prob = 0.250000   acc = 0.765
  toxicity = 1, identity_any = 0  [n = 185]:	loss = 0.324  exp loss = 0.231  adjusted loss = 0.231  adv prob = 0.250000   acc = 0.914
  toxicity = 1, identity_any = 1  [n = 199]:	loss = 0.312  exp loss = 0.381  adjusted loss = 0.381  adv prob = 0.250000   acc = 0.884
Average incurred loss: 0.310  
Average sample loss: 0.310  
Average acc: 0.865  
  toxicity = 0, identity_any = 0  [n = 183]:	loss = 0.130  exp loss = 0.118  adjusted loss = 0.118  adv prob = 0.250000   acc = 0.918
  toxicity = 0, identity_any = 1  [n = 210]:	loss = 0.435  exp loss = 0.331  adjusted loss = 0.331  adv prob = 0.250000   acc = 0.757
  toxicity = 1, identity_any = 0  [n = 204]:	loss = 0.302  exp loss = 0.314  adjusted loss = 0.314  adv prob = 0.250000   acc = 0.917
  toxicity = 1, identity_any = 1  [n = 203]:	loss = 0.354  exp loss = 0.426  adjusted loss = 0.426  adv prob = 0.250000   acc = 0.877
Average incurred loss: 0.325  
Average sample loss: 0.325  
Average acc: 0.856  
  toxicity = 0, identity_any = 0  [n = 221]:	loss = 0.168  exp loss = 0.132  adjusted loss = 0.132  adv prob = 0.250000   acc = 0.914
  toxicity = 0, identity_any = 1  [n = 177]:	loss = 0.503  exp loss = 0.701  adjusted loss = 0.701  adv prob = 0.250000   acc = 0.729
  toxicity = 1, identity_any = 0  [n = 205]:	loss = 0.368  exp loss = 0.274  adjusted loss = 0.274  adv prob = 0.250000   acc = 0.878
  toxicity = 1, identity_any = 1  [n = 197]:	loss = 0.295  exp loss = 0.298  adjusted loss = 0.298  adv prob = 0.250000   acc = 0.883
Average incurred loss: 0.309  
Average sample loss: 0.309  
Average acc: 0.883  
  toxicity = 0, identity_any = 0  [n = 200]:	loss = 0.118  exp loss = 0.112  adjusted loss = 0.112  adv prob = 0.250000   acc = 0.950
  toxicity = 0, identity_any = 1  [n = 205]:	loss = 0.457  exp loss = 0.479  adjusted loss = 0.479  adv prob = 0.250000   acc = 0.790
  toxicity = 1, identity_any = 0  [n = 195]:	loss = 0.379  exp loss = 0.235  adjusted loss = 0.235  adv prob = 0.250000   acc = 0.882
  toxicity = 1, identity_any = 1  [n = 200]:	loss = 0.279  exp loss = 0.310  adjusted loss = 0.310  adv prob = 0.250000   acc = 0.910
Average incurred loss: 0.331  
Average sample loss: 0.330  
Average acc: 0.856  
  toxicity = 0, identity_any = 0  [n = 173]:	loss = 0.130  exp loss = 0.126  adjusted loss = 0.126  adv prob = 0.250000   acc = 0.948
  toxicity = 0, identity_any = 1  [n = 178]:	loss = 0.410  exp loss = 0.487  adjusted loss = 0.487  adv prob = 0.250000   acc = 0.781
  toxicity = 1, identity_any = 0  [n = 164]:	loss = 0.444  exp loss = 0.476  adjusted loss = 0.476  adv prob = 0.250000   acc = 0.841
  toxicity = 1, identity_any = 1  [n = 153]:	loss = 0.344  exp loss = 0.339  adjusted loss = 0.339  adv prob = 0.250000   acc = 0.856

Validation:
Average incurred loss: 0.246  
Average sample loss: 0.246  
Average acc: 0.878  
  toxicity = 0, identity_any = 0  [n = 166026]:	loss = 0.139  exp loss = 1.015  adjusted loss = 1.015  adv prob = 0.250000   acc = 0.932
  toxicity = 0, identity_any = 1  [n = 108687]:	loss = 0.437  exp loss = 1.075  adjusted loss = 1.075  adv prob = 0.250000   acc = 0.770
  toxicity = 1, identity_any = 0  [n = 11940]:	loss = 0.150  exp loss = 0.124  adjusted loss = 0.124  adv prob = 0.250000   acc = 0.966
  toxicity = 1, identity_any = 1  [n = 19696]:	loss = 0.151  exp loss = 0.113  adjusted loss = 0.113  adv prob = 0.250000   acc = 0.969
Current lr: 0.000000
Current lr: 0.000000
Current validation accuracy: 0.877910315990448

Total Experiment Time: 25097.2s
Finished with job 689 (seed=111)
