




 Using bert params 







WARNING: You are using 'all_data_with_identities.csv' instead of the default 'metadata.csv'.


Dataset: jigsaw
Shift type: confounder
Wandb: False
Project name: spurious
Target name: toxicity
Confounder names: ['identity_any']
Up weight: 0
Resume: False
Finetune: False
Normalize: False
Recalculate groups: False
Unfreeze: 0
Restart layers: 0
Minority fraction: None
Imbalance ratio: None
Fraction: 1.0
Root dir: ../datasets
Reweight groups: False
Augment data: False
Val fraction: 0.1
Loss type: erm
Alpha: 0.2
Generalization adjustment: 0.0
Sv dropout: 0.0
Automatic adjustment: False
Robust step size: 0.01
Joint dro alpha: 1
Use normalized loss: False
Btl: False
Hinge: False
Model: bert-base-uncased
Train from scratch: False
Pretrained path: 
N epochs: 5
Batch size: 16
Lr: 1e-05
Scheduler: False
L1: 0.0
Weight decay: 0.01
Gamma: 0.1
Minimum variational weight: 0
Seed: 111
Accum: 1
Show progress: False
Log dir: results/civilcomments/erm/model_outputs_111
Log every: 50
Save step: 10
Save best: True
Save last: True
Use bert params: 1
Num folds per sweep: 5
Num sweeps: 4
Q: 0.7
Metadata csv name: all_data_with_identities.csv
Fold: None
Metadata path: None
Aug col: None
Max grad norm: 1.0
Adam epsilon: 1e-08
Warmup steps: 0

metadata_csv_name: all_data_with_identities.csv
Training Data...
    toxicity = 0, identity_any = 0: n = 143628
    toxicity = 0, identity_any = 1: n = 94895
    toxicity = 1, identity_any = 0: n = 11940
    toxicity = 1, identity_any = 1: n = 18575
Validation Data...
    toxicity = 0, identity_any = 0: n = 24366
    toxicity = 0, identity_any = 1: n = 15759
    toxicity = 1, identity_any = 0: n = 1967
    toxicity = 1, identity_any = 1: n = 3088
Test Data...
    toxicity = 0, identity_any = 0: n = 72373
    toxicity = 0, identity_any = 1: n = 46185
    toxicity = 1, identity_any = 0: n = 6063
    toxicity = 1, identity_any = 1: n = 9161
Training
n_classes = 2
bert.embeddings.word_embeddings.weight True
bert.embeddings.position_embeddings.weight True
bert.embeddings.token_type_embeddings.weight True
bert.embeddings.LayerNorm.weight True
bert.embeddings.LayerNorm.bias True
bert.encoder.layer.0.attention.self.query.weight True
bert.encoder.layer.0.attention.self.query.bias True
bert.encoder.layer.0.attention.self.key.weight True
bert.encoder.layer.0.attention.self.key.bias True
bert.encoder.layer.0.attention.self.value.weight True
bert.encoder.layer.0.attention.self.value.bias True
bert.encoder.layer.0.attention.output.dense.weight True
bert.encoder.layer.0.attention.output.dense.bias True
bert.encoder.layer.0.attention.output.LayerNorm.weight True
bert.encoder.layer.0.attention.output.LayerNorm.bias True
bert.encoder.layer.0.intermediate.dense.weight True
bert.encoder.layer.0.intermediate.dense.bias True
bert.encoder.layer.0.output.dense.weight True
bert.encoder.layer.0.output.dense.bias True
bert.encoder.layer.0.output.LayerNorm.weight True
bert.encoder.layer.0.output.LayerNorm.bias True
bert.encoder.layer.1.attention.self.query.weight True
bert.encoder.layer.1.attention.self.query.bias True
bert.encoder.layer.1.attention.self.key.weight True
bert.encoder.layer.1.attention.self.key.bias True
bert.encoder.layer.1.attention.self.value.weight True
bert.encoder.layer.1.attention.self.value.bias True
bert.encoder.layer.1.attention.output.dense.weight True
bert.encoder.layer.1.attention.output.dense.bias True
bert.encoder.layer.1.attention.output.LayerNorm.weight True
bert.encoder.layer.1.attention.output.LayerNorm.bias True
bert.encoder.layer.1.intermediate.dense.weight True
bert.encoder.layer.1.intermediate.dense.bias True
bert.encoder.layer.1.output.dense.weight True
bert.encoder.layer.1.output.dense.bias True
bert.encoder.layer.1.output.LayerNorm.weight True
bert.encoder.layer.1.output.LayerNorm.bias True
bert.encoder.layer.2.attention.self.query.weight True
bert.encoder.layer.2.attention.self.query.bias True
bert.encoder.layer.2.attention.self.key.weight True
bert.encoder.layer.2.attention.self.key.bias True
bert.encoder.layer.2.attention.self.value.weight True
bert.encoder.layer.2.attention.self.value.bias True
bert.encoder.layer.2.attention.output.dense.weight True
bert.encoder.layer.2.attention.output.dense.bias True
bert.encoder.layer.2.attention.output.LayerNorm.weight True
bert.encoder.layer.2.attention.output.LayerNorm.bias True
bert.encoder.layer.2.intermediate.dense.weight True
bert.encoder.layer.2.intermediate.dense.bias True
bert.encoder.layer.2.output.dense.weight True
bert.encoder.layer.2.output.dense.bias True
bert.encoder.layer.2.output.LayerNorm.weight True
bert.encoder.layer.2.output.LayerNorm.bias True
bert.encoder.layer.3.attention.self.query.weight True
bert.encoder.layer.3.attention.self.query.bias True
bert.encoder.layer.3.attention.self.key.weight True
bert.encoder.layer.3.attention.self.key.bias True
bert.encoder.layer.3.attention.self.value.weight True
bert.encoder.layer.3.attention.self.value.bias True
bert.encoder.layer.3.attention.output.dense.weight True
bert.encoder.layer.3.attention.output.dense.bias True
bert.encoder.layer.3.attention.output.LayerNorm.weight True
bert.encoder.layer.3.attention.output.LayerNorm.bias True
bert.encoder.layer.3.intermediate.dense.weight True
bert.encoder.layer.3.intermediate.dense.bias True
bert.encoder.layer.3.output.dense.weight True
bert.encoder.layer.3.output.dense.bias True
bert.encoder.layer.3.output.LayerNorm.weight True
bert.encoder.layer.3.output.LayerNorm.bias True
bert.encoder.layer.4.attention.self.query.weight True
bert.encoder.layer.4.attention.self.query.bias True
bert.encoder.layer.4.attention.self.key.weight True
bert.encoder.layer.4.attention.self.key.bias True
bert.encoder.layer.4.attention.self.value.weight True
bert.encoder.layer.4.attention.self.value.bias True
bert.encoder.layer.4.attention.output.dense.weight True
bert.encoder.layer.4.attention.output.dense.bias True
bert.encoder.layer.4.attention.output.LayerNorm.weight True
bert.encoder.layer.4.attention.output.LayerNorm.bias True
bert.encoder.layer.4.intermediate.dense.weight True
bert.encoder.layer.4.intermediate.dense.bias True
bert.encoder.layer.4.output.dense.weight True
bert.encoder.layer.4.output.dense.bias True
bert.encoder.layer.4.output.LayerNorm.weight True
bert.encoder.layer.4.output.LayerNorm.bias True
bert.encoder.layer.5.attention.self.query.weight True
bert.encoder.layer.5.attention.self.query.bias True
bert.encoder.layer.5.attention.self.key.weight True
bert.encoder.layer.5.attention.self.key.bias True
bert.encoder.layer.5.attention.self.value.weight True
bert.encoder.layer.5.attention.self.value.bias True
bert.encoder.layer.5.attention.output.dense.weight True
bert.encoder.layer.5.attention.output.dense.bias True
bert.encoder.layer.5.attention.output.LayerNorm.weight True
bert.encoder.layer.5.attention.output.LayerNorm.bias True
bert.encoder.layer.5.intermediate.dense.weight True
bert.encoder.layer.5.intermediate.dense.bias True
bert.encoder.layer.5.output.dense.weight True
bert.encoder.layer.5.output.dense.bias True
bert.encoder.layer.5.output.LayerNorm.weight True
bert.encoder.layer.5.output.LayerNorm.bias True
bert.encoder.layer.6.attention.self.query.weight True
bert.encoder.layer.6.attention.self.query.bias True
bert.encoder.layer.6.attention.self.key.weight True
bert.encoder.layer.6.attention.self.key.bias True
bert.encoder.layer.6.attention.self.value.weight True
bert.encoder.layer.6.attention.self.value.bias True
bert.encoder.layer.6.attention.output.dense.weight True
bert.encoder.layer.6.attention.output.dense.bias True
bert.encoder.layer.6.attention.output.LayerNorm.weight True
bert.encoder.layer.6.attention.output.LayerNorm.bias True
bert.encoder.layer.6.intermediate.dense.weight True
bert.encoder.layer.6.intermediate.dense.bias True
bert.encoder.layer.6.output.dense.weight True
bert.encoder.layer.6.output.dense.bias True
bert.encoder.layer.6.output.LayerNorm.weight True
bert.encoder.layer.6.output.LayerNorm.bias True
bert.encoder.layer.7.attention.self.query.weight True
bert.encoder.layer.7.attention.self.query.bias True
bert.encoder.layer.7.attention.self.key.weight True
bert.encoder.layer.7.attention.self.key.bias True
bert.encoder.layer.7.attention.self.value.weight True
bert.encoder.layer.7.attention.self.value.bias True
bert.encoder.layer.7.attention.output.dense.weight True
bert.encoder.layer.7.attention.output.dense.bias True
bert.encoder.layer.7.attention.output.LayerNorm.weight True
bert.encoder.layer.7.attention.output.LayerNorm.bias True
bert.encoder.layer.7.intermediate.dense.weight True
bert.encoder.layer.7.intermediate.dense.bias True
bert.encoder.layer.7.output.dense.weight True
bert.encoder.layer.7.output.dense.bias True
bert.encoder.layer.7.output.LayerNorm.weight True
bert.encoder.layer.7.output.LayerNorm.bias True
bert.encoder.layer.8.attention.self.query.weight True
bert.encoder.layer.8.attention.self.query.bias True
bert.encoder.layer.8.attention.self.key.weight True
bert.encoder.layer.8.attention.self.key.bias True
bert.encoder.layer.8.attention.self.value.weight True
bert.encoder.layer.8.attention.self.value.bias True
bert.encoder.layer.8.attention.output.dense.weight True
bert.encoder.layer.8.attention.output.dense.bias True
bert.encoder.layer.8.attention.output.LayerNorm.weight True
bert.encoder.layer.8.attention.output.LayerNorm.bias True
bert.encoder.layer.8.intermediate.dense.weight True
bert.encoder.layer.8.intermediate.dense.bias True
bert.encoder.layer.8.output.dense.weight True
bert.encoder.layer.8.output.dense.bias True
bert.encoder.layer.8.output.LayerNorm.weight True
bert.encoder.layer.8.output.LayerNorm.bias True
bert.encoder.layer.9.attention.self.query.weight True
bert.encoder.layer.9.attention.self.query.bias True
bert.encoder.layer.9.attention.self.key.weight True
bert.encoder.layer.9.attention.self.key.bias True
bert.encoder.layer.9.attention.self.value.weight True
bert.encoder.layer.9.attention.self.value.bias True
bert.encoder.layer.9.attention.output.dense.weight True
bert.encoder.layer.9.attention.output.dense.bias True
bert.encoder.layer.9.attention.output.LayerNorm.weight True
bert.encoder.layer.9.attention.output.LayerNorm.bias True
bert.encoder.layer.9.intermediate.dense.weight True
bert.encoder.layer.9.intermediate.dense.bias True
bert.encoder.layer.9.output.dense.weight True
bert.encoder.layer.9.output.dense.bias True
bert.encoder.layer.9.output.LayerNorm.weight True
bert.encoder.layer.9.output.LayerNorm.bias True
bert.encoder.layer.10.attention.self.query.weight True
bert.encoder.layer.10.attention.self.query.bias True
bert.encoder.layer.10.attention.self.key.weight True
bert.encoder.layer.10.attention.self.key.bias True
bert.encoder.layer.10.attention.self.value.weight True
bert.encoder.layer.10.attention.self.value.bias True
bert.encoder.layer.10.attention.output.dense.weight True
bert.encoder.layer.10.attention.output.dense.bias True
bert.encoder.layer.10.attention.output.LayerNorm.weight True
bert.encoder.layer.10.attention.output.LayerNorm.bias True
bert.encoder.layer.10.intermediate.dense.weight True
bert.encoder.layer.10.intermediate.dense.bias True
bert.encoder.layer.10.output.dense.weight True
bert.encoder.layer.10.output.dense.bias True
bert.encoder.layer.10.output.LayerNorm.weight True
bert.encoder.layer.10.output.LayerNorm.bias True
bert.encoder.layer.11.attention.self.query.weight True
bert.encoder.layer.11.attention.self.query.bias True
bert.encoder.layer.11.attention.self.key.weight True
bert.encoder.layer.11.attention.self.key.bias True
bert.encoder.layer.11.attention.self.value.weight True
bert.encoder.layer.11.attention.self.value.bias True
bert.encoder.layer.11.attention.output.dense.weight True
bert.encoder.layer.11.attention.output.dense.bias True
bert.encoder.layer.11.attention.output.LayerNorm.weight True
bert.encoder.layer.11.attention.output.LayerNorm.bias True
bert.encoder.layer.11.intermediate.dense.weight True
bert.encoder.layer.11.intermediate.dense.bias True
bert.encoder.layer.11.output.dense.weight True
bert.encoder.layer.11.output.dense.bias True
bert.encoder.layer.11.output.LayerNorm.weight True
bert.encoder.layer.11.output.LayerNorm.bias True
bert.pooler.dense.weight True
bert.pooler.dense.bias True
classifier.weight True
classifier.bias True

t_total is 84075


Epoch [0]:
Training:
Average incurred loss: 0.430  
Average sample loss: 0.430  
Average acc: 0.835  
  toxicity = 0, identity_any = 0  [n = 423]:	loss = 0.253  exp loss = 0.152  adjusted loss = 0.152  adv prob = 0.250000   acc = 0.953
  toxicity = 0, identity_any = 1  [n = 272]:	loss = 0.258  exp loss = 0.145  adjusted loss = 0.145  adv prob = 0.250000   acc = 0.945
  toxicity = 1, identity_any = 0  [n = 43]:	loss = 1.581  exp loss = 1.864  adjusted loss = 1.864  adv prob = 0.250000   acc = 0.093
  toxicity = 1, identity_any = 1  [n = 62]:	loss = 1.587  exp loss = 1.930  adjusted loss = 1.930  adv prob = 0.250000   acc = 0.065
Average incurred loss: 0.331  
Average sample loss: 0.331  
Average acc: 0.897  
  toxicity = 0, identity_any = 0  [n = 443]:	loss = 0.114  exp loss = 0.096  adjusted loss = 0.096  adv prob = 0.250000   acc = 1.000
  toxicity = 0, identity_any = 1  [n = 275]:	loss = 0.114  exp loss = 0.100  adjusted loss = 0.100  adv prob = 0.250000   acc = 1.000
  toxicity = 1, identity_any = 0  [n = 30]:	loss = 2.224  exp loss = 2.234  adjusted loss = 2.234  adv prob = 0.250000   acc = 0.000
  toxicity = 1, identity_any = 1  [n = 52]:	loss = 2.230  exp loss = 2.311  adjusted loss = 2.311  adv prob = 0.250000   acc = 0.000
Average incurred loss: 0.299  
Average sample loss: 0.299  
Average acc: 0.909  
  toxicity = 0, identity_any = 0  [n = 438]:	loss = 0.088  exp loss = 0.078  adjusted loss = 0.078  adv prob = 0.250000   acc = 1.000
  toxicity = 0, identity_any = 1  [n = 289]:	loss = 0.089  exp loss = 0.079  adjusted loss = 0.079  adv prob = 0.250000   acc = 1.000
  toxicity = 1, identity_any = 0  [n = 32]:	loss = 2.373  exp loss = 2.394  adjusted loss = 2.394  adv prob = 0.250000   acc = 0.000
  toxicity = 1, identity_any = 1  [n = 41]:	loss = 2.413  exp loss = 2.450  adjusted loss = 2.450  adv prob = 0.250000   acc = 0.000
Average incurred loss: 0.321  
Average sample loss: 0.321  
Average acc: 0.874  
  toxicity = 0, identity_any = 0  [n = 423]:	loss = 0.100  exp loss = 0.117  adjusted loss = 0.117  adv prob = 0.250000   acc = 1.000
  toxicity = 0, identity_any = 1  [n = 275]:	loss = 0.124  exp loss = 0.155  adjusted loss = 0.155  adv prob = 0.250000   acc = 1.000
  toxicity = 1, identity_any = 0  [n = 52]:	loss = 1.868  exp loss = 1.703  adjusted loss = 1.703  adv prob = 0.250000   acc = 0.000
  toxicity = 1, identity_any = 1  [n = 50]:	loss = 1.657  exp loss = 1.443  adjusted loss = 1.443  adv prob = 0.250000   acc = 0.020
Average incurred loss: 0.323  
Average sample loss: 0.323  
Average acc: 0.886  
  toxicity = 0, identity_any = 0  [n = 426]:	loss = 0.077  exp loss = 0.084  adjusted loss = 0.084  adv prob = 0.250000   acc = 1.000
  toxicity = 0, identity_any = 1  [n = 280]:	loss = 0.095  exp loss = 0.103  adjusted loss = 0.103  adv prob = 0.250000   acc = 1.000
  toxicity = 1, identity_any = 0  [n = 36]:	loss = 2.231  exp loss = 1.803  adjusted loss = 1.803  adv prob = 0.250000   acc = 0.028
  toxicity = 1, identity_any = 1  [n = 58]:	loss = 2.052  exp loss = 1.925  adjusted loss = 1.925  adv prob = 0.250000   acc = 0.034
Average incurred loss: 0.269  
Average sample loss: 0.269  
Average acc: 0.893  
  toxicity = 0, identity_any = 0  [n = 435]:	loss = 0.074  exp loss = 0.060  adjusted loss = 0.060  adv prob = 0.250000   acc = 0.995
  toxicity = 0, identity_any = 1  [n = 272]:	loss = 0.124  exp loss = 0.089  adjusted loss = 0.089  adv prob = 0.250000   acc = 0.989
  toxicity = 1, identity_any = 0  [n = 41]:	loss = 1.685  exp loss = 1.644  adjusted loss = 1.644  adv prob = 0.250000   acc = 0.073
  toxicity = 1, identity_any = 1  [n = 52]:	loss = 1.553  exp loss = 1.515  adjusted loss = 1.515  adv prob = 0.250000   acc = 0.173
Average incurred loss: 0.266  
Average sample loss: 0.266  
Average acc: 0.887  
  toxicity = 0, identity_any = 0  [n = 404]:	loss = 0.060  exp loss = 0.060  adjusted loss = 0.060  adv prob = 0.250000   acc = 0.985
  toxicity = 0, identity_any = 1  [n = 299]:	loss = 0.138  exp loss = 0.168  adjusted loss = 0.168  adv prob = 0.250000   acc = 0.946
  toxicity = 1, identity_any = 0  [n = 35]:	loss = 1.771  exp loss = 1.433  adjusted loss = 1.433  adv prob = 0.250000   acc = 0.343
  toxicity = 1, identity_any = 1  [n = 62]:	loss = 1.378  exp loss = 1.390  adjusted loss = 1.390  adv prob = 0.250000   acc = 0.274
Average incurred loss: 0.270  
Average sample loss: 0.270  
Average acc: 0.894  
  toxicity = 0, identity_any = 0  [n = 415]:	loss = 0.072  exp loss = 0.051  adjusted loss = 0.051  adv prob = 0.250000   acc = 0.971
  toxicity = 0, identity_any = 1  [n = 272]:	loss = 0.167  exp loss = 0.132  adjusted loss = 0.132  adv prob = 0.250000   acc = 0.941
  toxicity = 1, identity_any = 0  [n = 43]:	loss = 1.220  exp loss = 1.437  adjusted loss = 1.437  adv prob = 0.250000   acc = 0.512
  toxicity = 1, identity_any = 1  [n = 70]:	loss = 1.260  exp loss = 1.532  adjusted loss = 1.532  adv prob = 0.250000   acc = 0.486
Average incurred loss: 0.265  
Average sample loss: 0.265  
Average acc: 0.899  
  toxicity = 0, identity_any = 0  [n = 407]:	loss = 0.073  exp loss = 0.056  adjusted loss = 0.056  adv prob = 0.250000   acc = 0.978
  toxicity = 0, identity_any = 1  [n = 301]:	loss = 0.109  exp loss = 0.083  adjusted loss = 0.083  adv prob = 0.250000   acc = 0.967
  toxicity = 1, identity_any = 0  [n = 36]:	loss = 1.455  exp loss = 1.462  adjusted loss = 1.462  adv prob = 0.250000   acc = 0.444
  toxicity = 1, identity_any = 1  [n = 56]:	loss = 1.731  exp loss = 1.936  adjusted loss = 1.936  adv prob = 0.250000   acc = 0.250
Average incurred loss: 0.246  
Average sample loss: 0.246  
Average acc: 0.903  
  toxicity = 0, identity_any = 0  [n = 425]:	loss = 0.082  exp loss = 0.107  adjusted loss = 0.107  adv prob = 0.250000   acc = 0.974
  toxicity = 0, identity_any = 1  [n = 277]:	loss = 0.150  exp loss = 0.193  adjusted loss = 0.193  adv prob = 0.250000   acc = 0.957
  toxicity = 1, identity_any = 0  [n = 38]:	loss = 0.849  exp loss = 0.738  adjusted loss = 0.738  adv prob = 0.250000   acc = 0.684
  toxicity = 1, identity_any = 1  [n = 60]:	loss = 1.465  exp loss = 1.197  adjusted loss = 1.197  adv prob = 0.250000   acc = 0.283
Average incurred loss: 0.231  
Average sample loss: 0.231  
Average acc: 0.909  
  toxicity = 0, identity_any = 0  [n = 457]:	loss = 0.068  exp loss = 0.062  adjusted loss = 0.062  adv prob = 0.250000   acc = 0.985
  toxicity = 0, identity_any = 1  [n = 264]:	loss = 0.130  exp loss = 0.105  adjusted loss = 0.105  adv prob = 0.250000   acc = 0.951
  toxicity = 1, identity_any = 0  [n = 32]:	loss = 1.356  exp loss = 1.219  adjusted loss = 1.219  adv prob = 0.250000   acc = 0.438
  toxicity = 1, identity_any = 1  [n = 47]:	loss = 1.617  exp loss = 1.701  adjusted loss = 1.701  adv prob = 0.250000   acc = 0.255
Average incurred loss: 0.238  
Average sample loss: 0.238  
Average acc: 0.913  
  toxicity = 0, identity_any = 0  [n = 409]:	loss = 0.043  exp loss = 0.076  adjusted loss = 0.076  adv prob = 0.250000   acc = 0.988
  toxicity = 0, identity_any = 1  [n = 300]:	loss = 0.109  exp loss = 0.145  adjusted loss = 0.145  adv prob = 0.250000   acc = 0.963
  toxicity = 1, identity_any = 0  [n = 34]:	loss = 1.463  exp loss = 1.535  adjusted loss = 1.535  adv prob = 0.250000   acc = 0.441
  toxicity = 1, identity_any = 1  [n = 57]:	loss = 1.579  exp loss = 1.401  adjusted loss = 1.401  adv prob = 0.250000   acc = 0.386
Average incurred loss: 0.242  
Average sample loss: 0.242  
Average acc: 0.905  
  toxicity = 0, identity_any = 0  [n = 398]:	loss = 0.074  exp loss = 0.079  adjusted loss = 0.079  adv prob = 0.250000   acc = 0.977
  toxicity = 0, identity_any = 1  [n = 303]:	loss = 0.139  exp loss = 0.176  adjusted loss = 0.176  adv prob = 0.250000   acc = 0.964
  toxicity = 1, identity_any = 0  [n = 38]:	loss = 0.936  exp loss = 0.959  adjusted loss = 0.959  adv prob = 0.250000   acc = 0.579
  toxicity = 1, identity_any = 1  [n = 61]:	loss = 1.419  exp loss = 1.267  adjusted loss = 1.267  adv prob = 0.250000   acc = 0.344
Average incurred loss: 0.220  
Average sample loss: 0.220  
Average acc: 0.916  
  toxicity = 0, identity_any = 0  [n = 442]:	loss = 0.056  exp loss = 0.068  adjusted loss = 0.068  adv prob = 0.250000   acc = 0.980
  toxicity = 0, identity_any = 1  [n = 268]:	loss = 0.136  exp loss = 0.203  adjusted loss = 0.203  adv prob = 0.250000   acc = 0.948
  toxicity = 1, identity_any = 0  [n = 32]:	loss = 1.246  exp loss = 1.154  adjusted loss = 1.154  adv prob = 0.250000   acc = 0.562
  toxicity = 1, identity_any = 1  [n = 58]:	loss = 1.290  exp loss = 1.372  adjusted loss = 1.372  adv prob = 0.250000   acc = 0.483
Average incurred loss: 0.216  
Average sample loss: 0.216  
Average acc: 0.914  
  toxicity = 0, identity_any = 0  [n = 414]:	loss = 0.063  exp loss = 0.061  adjusted loss = 0.061  adv prob = 0.250000   acc = 0.971
  toxicity = 0, identity_any = 1  [n = 299]:	loss = 0.081  exp loss = 0.092  adjusted loss = 0.092  adv prob = 0.250000   acc = 0.980
  toxicity = 1, identity_any = 0  [n = 34]:	loss = 1.287  exp loss = 1.268  adjusted loss = 1.268  adv prob = 0.250000   acc = 0.471
  toxicity = 1, identity_any = 1  [n = 53]:	loss = 1.484  exp loss = 1.575  adjusted loss = 1.575  adv prob = 0.250000   acc = 0.377
Average incurred loss: 0.230  
Average sample loss: 0.230  
Average acc: 0.910  
  toxicity = 0, identity_any = 0  [n = 402]:	loss = 0.047  exp loss = 0.033  adjusted loss = 0.033  adv prob = 0.250000   acc = 0.985
  toxicity = 0, identity_any = 1  [n = 302]:	loss = 0.096  exp loss = 0.068  adjusted loss = 0.068  adv prob = 0.250000   acc = 0.974
  toxicity = 1, identity_any = 0  [n = 34]:	loss = 1.320  exp loss = 1.414  adjusted loss = 1.414  adv prob = 0.250000   acc = 0.559
  toxicity = 1, identity_any = 1  [n = 62]:	loss = 1.475  exp loss = 1.572  adjusted loss = 1.572  adv prob = 0.250000   acc = 0.306
Average incurred loss: 0.246  
Average sample loss: 0.246  
Average acc: 0.896  
  toxicity = 0, identity_any = 0  [n = 405]:	loss = 0.050  exp loss = 0.043  adjusted loss = 0.043  adv prob = 0.250000   acc = 0.983
  toxicity = 0, identity_any = 1  [n = 298]:	loss = 0.170  exp loss = 0.147  adjusted loss = 0.147  adv prob = 0.250000   acc = 0.943
  toxicity = 1, identity_any = 0  [n = 33]:	loss = 1.562  exp loss = 1.430  adjusted loss = 1.430  adv prob = 0.250000   acc = 0.333
  toxicity = 1, identity_any = 1  [n = 64]:	loss = 1.162  exp loss = 1.225  adjusted loss = 1.225  adv prob = 0.250000   acc = 0.422
Average incurred loss: 0.185  
Average sample loss: 0.185  
Average acc: 0.931  
  toxicity = 0, identity_any = 0  [n = 437]:	loss = 0.038  exp loss = 0.037  adjusted loss = 0.037  adv prob = 0.250000   acc = 0.989
  toxicity = 0, identity_any = 1  [n = 283]:	loss = 0.081  exp loss = 0.074  adjusted loss = 0.074  adv prob = 0.250000   acc = 0.975
  toxicity = 1, identity_any = 0  [n = 30]:	loss = 1.189  exp loss = 0.996  adjusted loss = 0.996  adv prob = 0.250000   acc = 0.533
  toxicity = 1, identity_any = 1  [n = 50]:	loss = 1.457  exp loss = 1.368  adjusted loss = 1.368  adv prob = 0.250000   acc = 0.420
Average incurred loss: 0.224  
Average sample loss: 0.224  
Average acc: 0.909  
  toxicity = 0, identity_any = 0  [n = 409]:	loss = 0.053  exp loss = 0.080  adjusted loss = 0.080  adv prob = 0.250000   acc = 0.980
  toxicity = 0, identity_any = 1  [n = 309]:	loss = 0.122  exp loss = 0.133  adjusted loss = 0.133  adv prob = 0.250000   acc = 0.961
  toxicity = 1, identity_any = 0  [n = 36]:	loss = 1.446  exp loss = 1.481  adjusted loss = 1.481  adv prob = 0.250000   acc = 0.444
  toxicity = 1, identity_any = 1  [n = 46]:	loss = 1.470  exp loss = 1.411  adjusted loss = 1.411  adv prob = 0.250000   acc = 0.283
Average incurred loss: 0.229  
Average sample loss: 0.229  
Average acc: 0.905  
  toxicity = 0, identity_any = 0  [n = 405]:	loss = 0.065  exp loss = 0.064  adjusted loss = 0.064  adv prob = 0.250000   acc = 0.970
  toxicity = 0, identity_any = 1  [n = 302]:	loss = 0.117  exp loss = 0.106  adjusted loss = 0.106  adv prob = 0.250000   acc = 0.974
  toxicity = 1, identity_any = 0  [n = 42]:	loss = 1.013  exp loss = 1.106  adjusted loss = 1.106  adv prob = 0.250000   acc = 0.452
  toxicity = 1, identity_any = 1  [n = 51]:	loss = 1.551  exp loss = 1.691  adjusted loss = 1.691  adv prob = 0.250000   acc = 0.353
Average incurred loss: 0.191  
Average sample loss: 0.191  
Average acc: 0.924  
  toxicity = 0, identity_any = 0  [n = 445]:	loss = 0.043  exp loss = 0.036  adjusted loss = 0.036  adv prob = 0.250000   acc = 0.989
  toxicity = 0, identity_any = 1  [n = 266]:	loss = 0.115  exp loss = 0.088  adjusted loss = 0.088  adv prob = 0.250000   acc = 0.974
  toxicity = 1, identity_any = 0  [n = 37]:	loss = 0.930  exp loss = 0.733  adjusted loss = 0.733  adv prob = 0.250000   acc = 0.541
  toxicity = 1, identity_any = 1  [n = 52]:	loss = 1.314  exp loss = 1.552  adjusted loss = 1.552  adv prob = 0.250000   acc = 0.385
Average incurred loss: 0.229  
Average sample loss: 0.229  
Average acc: 0.914  
  toxicity = 0, identity_any = 0  [n = 465]:	loss = 0.053  exp loss = 0.031  adjusted loss = 0.031  adv prob = 0.250000   acc = 0.989
  toxicity = 0, identity_any = 1  [n = 253]:	loss = 0.143  exp loss = 0.093  adjusted loss = 0.093  adv prob = 0.250000   acc = 0.933
  toxicity = 1, identity_any = 0  [n = 35]:	loss = 1.315  exp loss = 1.312  adjusted loss = 1.312  adv prob = 0.250000   acc = 0.600
  toxicity = 1, identity_any = 1  [n = 47]:	loss = 1.623  exp loss = 1.683  adjusted loss = 1.683  adv prob = 0.250000   acc = 0.298
Average incurred loss: 0.214  
Average sample loss: 0.214  
Average acc: 0.921  
  toxicity = 0, identity_any = 0  [n = 441]:	loss = 0.049  exp loss = 0.044  adjusted loss = 0.044  adv prob = 0.250000   acc = 0.986
  toxicity = 0, identity_any = 1  [n = 265]:	loss = 0.112  exp loss = 0.108  adjusted loss = 0.108  adv prob = 0.250000   acc = 0.970
  toxicity = 1, identity_any = 0  [n = 34]:	loss = 1.234  exp loss = 1.141  adjusted loss = 1.141  adv prob = 0.250000   acc = 0.559
  toxicity = 1, identity_any = 1  [n = 60]:	loss = 1.302  exp loss = 1.240  adjusted loss = 1.240  adv prob = 0.250000   acc = 0.433
Average incurred loss: 0.264  
Average sample loss: 0.264  
Average acc: 0.885  
  toxicity = 0, identity_any = 0  [n = 404]:	loss = 0.094  exp loss = 0.080  adjusted loss = 0.080  adv prob = 0.250000   acc = 0.955
  toxicity = 0, identity_any = 1  [n = 274]:	loss = 0.166  exp loss = 0.176  adjusted loss = 0.176  adv prob = 0.250000   acc = 0.938
  toxicity = 1, identity_any = 0  [n = 47]:	loss = 1.189  exp loss = 0.997  adjusted loss = 0.997  adv prob = 0.250000   acc = 0.468
  toxicity = 1, identity_any = 1  [n = 75]:	loss = 0.954  exp loss = 0.956  adjusted loss = 0.956  adv prob = 0.250000   acc = 0.573
Average incurred loss: 0.231  
Average sample loss: 0.231  
Average acc: 0.904  
  toxicity = 0, identity_any = 0  [n = 414]:	loss = 0.046  exp loss = 0.049  adjusted loss = 0.049  adv prob = 0.250000   acc = 0.986
  toxicity = 0, identity_any = 1  [n = 279]:	loss = 0.137  exp loss = 0.133  adjusted loss = 0.133  adv prob = 0.250000   acc = 0.961
  toxicity = 1, identity_any = 0  [n = 40]:	loss = 1.374  exp loss = 1.128  adjusted loss = 1.128  adv prob = 0.250000   acc = 0.425
  toxicity = 1, identity_any = 1  [n = 67]:	loss = 1.081  exp loss = 0.974  adjusted loss = 0.974  adv prob = 0.250000   acc = 0.448
Average incurred loss: 0.213  
Average sample loss: 0.213  
Average acc: 0.920  
  toxicity = 0, identity_any = 0  [n = 447]:	loss = 0.040  exp loss = 0.049  adjusted loss = 0.049  adv prob = 0.250000   acc = 0.987
  toxicity = 0, identity_any = 1  [n = 265]:	loss = 0.142  exp loss = 0.094  adjusted loss = 0.094  adv prob = 0.250000   acc = 0.943
  toxicity = 1, identity_any = 0  [n = 39]:	loss = 1.025  exp loss = 1.271  adjusted loss = 1.271  adv prob = 0.250000   acc = 0.667
  toxicity = 1, identity_any = 1  [n = 49]:	loss = 1.533  exp loss = 1.576  adjusted loss = 1.576  adv prob = 0.250000   acc = 0.388
Average incurred loss: 0.191  
Average sample loss: 0.191  
Average acc: 0.927  
  toxicity = 0, identity_any = 0  [n = 435]:	loss = 0.037  exp loss = 0.034  adjusted loss = 0.034  adv prob = 0.250000   acc = 0.989
  toxicity = 0, identity_any = 1  [n = 285]:	loss = 0.103  exp loss = 0.092  adjusted loss = 0.092  adv prob = 0.250000   acc = 0.979
  toxicity = 1, identity_any = 0  [n = 29]:	loss = 1.423  exp loss = 1.669  adjusted loss = 1.669  adv prob = 0.250000   acc = 0.517
  toxicity = 1, identity_any = 1  [n = 51]:	loss = 1.299  exp loss = 1.368  adjusted loss = 1.368  adv prob = 0.250000   acc = 0.353
Average incurred loss: 0.231  
Average sample loss: 0.231  
Average acc: 0.925  
  toxicity = 0, identity_any = 0  [n = 436]:	loss = 0.050  exp loss = 0.091  adjusted loss = 0.091  adv prob = 0.250000   acc = 0.979
  toxicity = 0, identity_any = 1  [n = 274]:	loss = 0.094  exp loss = 0.108  adjusted loss = 0.108  adv prob = 0.250000   acc = 0.971
  toxicity = 1, identity_any = 0  [n = 33]:	loss = 1.321  exp loss = 1.289  adjusted loss = 1.289  adv prob = 0.250000   acc = 0.606
  toxicity = 1, identity_any = 1  [n = 57]:	loss = 1.647  exp loss = 1.883  adjusted loss = 1.883  adv prob = 0.250000   acc = 0.474
Average incurred loss: 0.204  
Average sample loss: 0.204  
Average acc: 0.927  
  toxicity = 0, identity_any = 0  [n = 421]:	loss = 0.036  exp loss = 0.028  adjusted loss = 0.028  adv prob = 0.250000   acc = 0.990
  toxicity = 0, identity_any = 1  [n = 287]:	loss = 0.078  exp loss = 0.050  adjusted loss = 0.050  adv prob = 0.250000   acc = 0.983
  toxicity = 1, identity_any = 0  [n = 41]:	loss = 1.159  exp loss = 1.043  adjusted loss = 1.043  adv prob = 0.250000   acc = 0.561
  toxicity = 1, identity_any = 1  [n = 51]:	loss = 1.524  exp loss = 1.448  adjusted loss = 1.448  adv prob = 0.250000   acc = 0.392
Average incurred loss: 0.233  
Average sample loss: 0.233  
Average acc: 0.925  
  toxicity = 0, identity_any = 0  [n = 417]:	loss = 0.037  exp loss = 0.029  adjusted loss = 0.029  adv prob = 0.250000   acc = 0.986
  toxicity = 0, identity_any = 1  [n = 293]:	loss = 0.057  exp loss = 0.041  adjusted loss = 0.041  adv prob = 0.250000   acc = 0.980
  toxicity = 1, identity_any = 0  [n = 32]:	loss = 1.605  exp loss = 1.242  adjusted loss = 1.242  adv prob = 0.250000   acc = 0.594
  toxicity = 1, identity_any = 1  [n = 58]:	loss = 1.770  exp loss = 2.118  adjusted loss = 2.118  adv prob = 0.250000   acc = 0.397
Average incurred loss: 0.188  
Average sample loss: 0.188  
Average acc: 0.928  
  toxicity = 0, identity_any = 0  [n = 442]:	loss = 0.055  exp loss = 0.030  adjusted loss = 0.030  adv prob = 0.250000   acc = 0.982
  toxicity = 0, identity_any = 1  [n = 277]:	loss = 0.092  exp loss = 0.104  adjusted loss = 0.104  adv prob = 0.250000   acc = 0.975
  toxicity = 1, identity_any = 0  [n = 23]:	loss = 1.600  exp loss = 1.410  adjusted loss = 1.410  adv prob = 0.250000   acc = 0.478
  toxicity = 1, identity_any = 1  [n = 58]:	loss = 1.095  exp loss = 0.905  adjusted loss = 0.905  adv prob = 0.250000   acc = 0.466
Average incurred loss: 0.223  
Average sample loss: 0.223  
Average acc: 0.909  
  toxicity = 0, identity_any = 0  [n = 426]:	loss = 0.055  exp loss = 0.030  adjusted loss = 0.030  adv prob = 0.250000   acc = 0.979
  toxicity = 0, identity_any = 1  [n = 289]:	loss = 0.129  exp loss = 0.110  adjusted loss = 0.110  adv prob = 0.250000   acc = 0.948
  toxicity = 1, identity_any = 0  [n = 32]:	loss = 1.324  exp loss = 1.568  adjusted loss = 1.568  adv prob = 0.250000   acc = 0.469
  toxicity = 1, identity_any = 1  [n = 53]:	loss = 1.420  exp loss = 1.602  adjusted loss = 1.602  adv prob = 0.250000   acc = 0.396
Average incurred loss: 0.202  
Average sample loss: 0.202  
Average acc: 0.933  
  toxicity = 0, identity_any = 0  [n = 424]:	loss = 0.045  exp loss = 0.012  adjusted loss = 0.012  adv prob = 0.250000   acc = 0.986
  toxicity = 0, identity_any = 1  [n = 295]:	loss = 0.081  exp loss = 0.030  adjusted loss = 0.030  adv prob = 0.250000   acc = 0.976
  toxicity = 1, identity_any = 0  [n = 35]:	loss = 1.377  exp loss = 1.584  adjusted loss = 1.584  adv prob = 0.250000   acc = 0.629
  toxicity = 1, identity_any = 1  [n = 46]:	loss = 1.530  exp loss = 2.235  adjusted loss = 2.235  adv prob = 0.250000   acc = 0.391
Average incurred loss: 0.197  
Average sample loss: 0.197  
Average acc: 0.920  
  toxicity = 0, identity_any = 0  [n = 406]:	loss = 0.066  exp loss = 0.061  adjusted loss = 0.061  adv prob = 0.250000   acc = 0.975
  toxicity = 0, identity_any = 1  [n = 299]:	loss = 0.090  exp loss = 0.068  adjusted loss = 0.068  adv prob = 0.250000   acc = 0.970
  toxicity = 1, identity_any = 0  [n = 37]:	loss = 1.020  exp loss = 0.892  adjusted loss = 0.892  adv prob = 0.250000   acc = 0.649
  toxicity = 1, identity_any = 1  [n = 58]:	loss = 1.141  exp loss = 1.309  adjusted loss = 1.309  adv prob = 0.250000   acc = 0.448
Average incurred loss: 0.198  
Average sample loss: 0.198  
Average acc: 0.914  
  toxicity = 0, identity_any = 0  [n = 427]:	loss = 0.041  exp loss = 0.026  adjusted loss = 0.026  adv prob = 0.250000   acc = 0.984
  toxicity = 0, identity_any = 1  [n = 285]:	loss = 0.141  exp loss = 0.151  adjusted loss = 0.151  adv prob = 0.250000   acc = 0.944
  toxicity = 1, identity_any = 0  [n = 27]:	loss = 1.091  exp loss = 1.376  adjusted loss = 1.376  adv prob = 0.250000   acc = 0.630
  toxicity = 1, identity_any = 1  [n = 61]:	loss = 1.174  exp loss = 1.418  adjusted loss = 1.418  adv prob = 0.250000   acc = 0.410
Average incurred loss: 0.177  
Average sample loss: 0.177  
Average acc: 0.927  
  toxicity = 0, identity_any = 0  [n = 400]:	loss = 0.042  exp loss = 0.059  adjusted loss = 0.059  adv prob = 0.250000   acc = 0.985
  toxicity = 0, identity_any = 1  [n = 311]:	loss = 0.113  exp loss = 0.206  adjusted loss = 0.206  adv prob = 0.250000   acc = 0.958
  toxicity = 1, identity_any = 0  [n = 42]:	loss = 1.115  exp loss = 1.250  adjusted loss = 1.250  adv prob = 0.250000   acc = 0.548
  toxicity = 1, identity_any = 1  [n = 47]:	loss = 0.908  exp loss = 0.713  adjusted loss = 0.713  adv prob = 0.250000   acc = 0.574
Average incurred loss: 0.208  
Average sample loss: 0.208  
Average acc: 0.924  
  toxicity = 0, identity_any = 0  [n = 430]:	loss = 0.060  exp loss = 0.054  adjusted loss = 0.054  adv prob = 0.250000   acc = 0.974
  toxicity = 0, identity_any = 1  [n = 279]:	loss = 0.103  exp loss = 0.070  adjusted loss = 0.070  adv prob = 0.250000   acc = 0.968
  toxicity = 1, identity_any = 0  [n = 30]:	loss = 1.163  exp loss = 1.495  adjusted loss = 1.495  adv prob = 0.250000   acc = 0.633
  toxicity = 1, identity_any = 1  [n = 61]:	loss = 1.261  exp loss = 1.381  adjusted loss = 1.381  adv prob = 0.250000   acc = 0.508
Average incurred loss: 0.212  
Average sample loss: 0.212  
Average acc: 0.905  
  toxicity = 0, identity_any = 0  [n = 448]:	loss = 0.058  exp loss = 0.090  adjusted loss = 0.090  adv prob = 0.250000   acc = 0.969
  toxicity = 0, identity_any = 1  [n = 261]:	loss = 0.121  exp loss = 0.099  adjusted loss = 0.099  adv prob = 0.250000   acc = 0.969
  toxicity = 1, identity_any = 0  [n = 30]:	loss = 1.325  exp loss = 1.625  adjusted loss = 1.625  adv prob = 0.250000   acc = 0.500
  toxicity = 1, identity_any = 1  [n = 61]:	loss = 1.178  exp loss = 1.057  adjusted loss = 1.057  adv prob = 0.250000   acc = 0.361
Average incurred loss: 0.201  
Average sample loss: 0.201  
Average acc: 0.922  
  toxicity = 0, identity_any = 0  [n = 430]:	loss = 0.054  exp loss = 0.056  adjusted loss = 0.056  adv prob = 0.250000   acc = 0.977
  toxicity = 0, identity_any = 1  [n = 277]:	loss = 0.088  exp loss = 0.045  adjusted loss = 0.045  adv prob = 0.250000   acc = 0.978
  toxicity = 1, identity_any = 0  [n = 45]:	loss = 1.115  exp loss = 0.867  adjusted loss = 0.867  adv prob = 0.250000   acc = 0.578
  toxicity = 1, identity_any = 1  [n = 48]:	loss = 1.310  exp loss = 1.371  adjusted loss = 1.371  adv prob = 0.250000   acc = 0.438
Average incurred loss: 0.213  
Average sample loss: 0.213  
Average acc: 0.916  
  toxicity = 0, identity_any = 0  [n = 419]:	loss = 0.056  exp loss = 0.033  adjusted loss = 0.033  adv prob = 0.250000   acc = 0.983
  toxicity = 0, identity_any = 1  [n = 282]:	loss = 0.148  exp loss = 0.218  adjusted loss = 0.218  adv prob = 0.250000   acc = 0.940
  toxicity = 1, identity_any = 0  [n = 35]:	loss = 1.058  exp loss = 1.170  adjusted loss = 1.170  adv prob = 0.250000   acc = 0.543
  toxicity = 1, identity_any = 1  [n = 64]:	loss = 1.063  exp loss = 1.155  adjusted loss = 1.155  adv prob = 0.250000   acc = 0.578
Average incurred loss: 0.182  
Average sample loss: 0.182  
Average acc: 0.933  
  toxicity = 0, identity_any = 0  [n = 424]:	loss = 0.039  exp loss = 0.048  adjusted loss = 0.048  adv prob = 0.250000   acc = 0.986
  toxicity = 0, identity_any = 1  [n = 286]:	loss = 0.081  exp loss = 0.073  adjusted loss = 0.073  adv prob = 0.250000   acc = 0.983
  toxicity = 1, identity_any = 0  [n = 42]:	loss = 1.098  exp loss = 1.420  adjusted loss = 1.420  adv prob = 0.250000   acc = 0.548
  toxicity = 1, identity_any = 1  [n = 48]:	loss = 1.246  exp loss = 1.296  adjusted loss = 1.296  adv prob = 0.250000   acc = 0.500
Average incurred loss: 0.227  
Average sample loss: 0.227  
Average acc: 0.908  
  toxicity = 0, identity_any = 0  [n = 436]:	loss = 0.053  exp loss = 0.058  adjusted loss = 0.058  adv prob = 0.250000   acc = 0.984
  toxicity = 0, identity_any = 1  [n = 265]:	loss = 0.163  exp loss = 0.130  adjusted loss = 0.130  adv prob = 0.250000   acc = 0.936
  toxicity = 1, identity_any = 0  [n = 40]:	loss = 1.422  exp loss = 1.557  adjusted loss = 1.557  adv prob = 0.250000   acc = 0.525
  toxicity = 1, identity_any = 1  [n = 59]:	loss = 1.000  exp loss = 1.069  adjusted loss = 1.069  adv prob = 0.250000   acc = 0.475
Average incurred loss: 0.228  
Average sample loss: 0.228  
Average acc: 0.913  
  toxicity = 0, identity_any = 0  [n = 436]:	loss = 0.044  exp loss = 0.024  adjusted loss = 0.024  adv prob = 0.250000   acc = 0.986
  toxicity = 0, identity_any = 1  [n = 281]:	loss = 0.144  exp loss = 0.128  adjusted loss = 0.128  adv prob = 0.250000   acc = 0.943
  toxicity = 1, identity_any = 0  [n = 32]:	loss = 1.175  exp loss = 1.322  adjusted loss = 1.322  adv prob = 0.250000   acc = 0.594
  toxicity = 1, identity_any = 1  [n = 51]:	loss = 1.673  exp loss = 1.683  adjusted loss = 1.683  adv prob = 0.250000   acc = 0.314
Average incurred loss: 0.205  
Average sample loss: 0.205  
Average acc: 0.925  
  toxicity = 0, identity_any = 0  [n = 417]:	loss = 0.056  exp loss = 0.023  adjusted loss = 0.023  adv prob = 0.250000   acc = 0.981
  toxicity = 0, identity_any = 1  [n = 297]:	loss = 0.076  exp loss = 0.037  adjusted loss = 0.037  adv prob = 0.250000   acc = 0.973
  toxicity = 1, identity_any = 0  [n = 40]:	loss = 1.452  exp loss = 1.458  adjusted loss = 1.458  adv prob = 0.250000   acc = 0.500
  toxicity = 1, identity_any = 1  [n = 46]:	loss = 1.310  exp loss = 1.543  adjusted loss = 1.543  adv prob = 0.250000   acc = 0.478
Average incurred loss: 0.252  
Average sample loss: 0.252  
Average acc: 0.900  
  toxicity = 0, identity_any = 0  [n = 415]:	loss = 0.057  exp loss = 0.050  adjusted loss = 0.050  adv prob = 0.250000   acc = 0.981
  toxicity = 0, identity_any = 1  [n = 281]:	loss = 0.148  exp loss = 0.145  adjusted loss = 0.145  adv prob = 0.250000   acc = 0.940
  toxicity = 1, identity_any = 0  [n = 46]:	loss = 1.376  exp loss = 1.523  adjusted loss = 1.523  adv prob = 0.250000   acc = 0.543
  toxicity = 1, identity_any = 1  [n = 58]:	loss = 1.267  exp loss = 1.107  adjusted loss = 1.107  adv prob = 0.250000   acc = 0.414
Average incurred loss: 0.196  
Average sample loss: 0.196  
Average acc: 0.919  
  toxicity = 0, identity_any = 0  [n = 418]:	loss = 0.037  exp loss = 0.034  adjusted loss = 0.034  adv prob = 0.250000   acc = 0.993
  toxicity = 0, identity_any = 1  [n = 288]:	loss = 0.099  exp loss = 0.128  adjusted loss = 0.128  adv prob = 0.250000   acc = 0.962
  toxicity = 1, identity_any = 0  [n = 42]:	loss = 1.245  exp loss = 0.998  adjusted loss = 0.998  adv prob = 0.250000   acc = 0.548
  toxicity = 1, identity_any = 1  [n = 52]:	loss = 1.155  exp loss = 0.992  adjusted loss = 0.992  adv prob = 0.250000   acc = 0.385
Average incurred loss: 0.245  
Average sample loss: 0.245  
Average acc: 0.904  
  toxicity = 0, identity_any = 0  [n = 408]:	loss = 0.093  exp loss = 0.075  adjusted loss = 0.075  adv prob = 0.250000   acc = 0.963
  toxicity = 0, identity_any = 1  [n = 280]:	loss = 0.128  exp loss = 0.153  adjusted loss = 0.153  adv prob = 0.250000   acc = 0.971
  toxicity = 1, identity_any = 0  [n = 42]:	loss = 1.049  exp loss = 1.145  adjusted loss = 1.145  adv prob = 0.250000   acc = 0.500
  toxicity = 1, identity_any = 1  [n = 70]:	loss = 1.118  exp loss = 0.958  adjusted loss = 0.958  adv prob = 0.250000   acc = 0.529
Average incurred loss: 0.215  
Average sample loss: 0.215  
Average acc: 0.916  
  toxicity = 0, identity_any = 0  [n = 426]:	loss = 0.057  exp loss = 0.068  adjusted loss = 0.068  adv prob = 0.250000   acc = 0.977
  toxicity = 0, identity_any = 1  [n = 276]:	loss = 0.118  exp loss = 0.107  adjusted loss = 0.107  adv prob = 0.250000   acc = 0.971
  toxicity = 1, identity_any = 0  [n = 25]:	loss = 1.219  exp loss = 1.428  adjusted loss = 1.428  adv prob = 0.250000   acc = 0.600
  toxicity = 1, identity_any = 1  [n = 73]:	loss = 1.164  exp loss = 1.066  adjusted loss = 1.066  adv prob = 0.250000   acc = 0.466
Average incurred loss: 0.212  
Average sample loss: 0.212  
Average acc: 0.918  
  toxicity = 0, identity_any = 0  [n = 409]:	loss = 0.062  exp loss = 0.055  adjusted loss = 0.055  adv prob = 0.250000   acc = 0.978
  toxicity = 0, identity_any = 1  [n = 300]:	loss = 0.098  exp loss = 0.067  adjusted loss = 0.067  adv prob = 0.250000   acc = 0.967
  toxicity = 1, identity_any = 0  [n = 34]:	loss = 1.365  exp loss = 1.637  adjusted loss = 1.637  adv prob = 0.250000   acc = 0.500
  toxicity = 1, identity_any = 1  [n = 57]:	loss = 1.193  exp loss = 1.570  adjusted loss = 1.570  adv prob = 0.250000   acc = 0.474
Average incurred loss: 0.201  
Average sample loss: 0.201  
Average acc: 0.928  
  toxicity = 0, identity_any = 0  [n = 434]:	loss = 0.040  exp loss = 0.021  adjusted loss = 0.021  adv prob = 0.250000   acc = 0.988
  toxicity = 0, identity_any = 1  [n = 277]:	loss = 0.096  exp loss = 0.071  adjusted loss = 0.071  adv prob = 0.250000   acc = 0.978
  toxicity = 1, identity_any = 0  [n = 37]:	loss = 1.484  exp loss = 1.582  adjusted loss = 1.582  adv prob = 0.250000   acc = 0.459
  toxicity = 1, identity_any = 1  [n = 52]:	loss = 1.191  exp loss = 1.432  adjusted loss = 1.432  adv prob = 0.250000   acc = 0.481
Average incurred loss: 0.198  
Average sample loss: 0.198  
Average acc: 0.918  
  toxicity = 0, identity_any = 0  [n = 424]:	loss = 0.055  exp loss = 0.044  adjusted loss = 0.044  adv prob = 0.250000   acc = 0.983
  toxicity = 0, identity_any = 1  [n = 275]:	loss = 0.140  exp loss = 0.112  adjusted loss = 0.112  adv prob = 0.250000   acc = 0.949
  toxicity = 1, identity_any = 0  [n = 35]:	loss = 0.618  exp loss = 0.689  adjusted loss = 0.689  adv prob = 0.250000   acc = 0.743
  toxicity = 1, identity_any = 1  [n = 66]:	loss = 1.135  exp loss = 1.211  adjusted loss = 1.211  adv prob = 0.250000   acc = 0.455
Average incurred loss: 0.235  
Average sample loss: 0.235  
Average acc: 0.919  
  toxicity = 0, identity_any = 0  [n = 425]:	loss = 0.036  exp loss = 0.022  adjusted loss = 0.022  adv prob = 0.250000   acc = 0.986
  toxicity = 0, identity_any = 1  [n = 286]:	loss = 0.114  exp loss = 0.090  adjusted loss = 0.090  adv prob = 0.250000   acc = 0.958
  toxicity = 1, identity_any = 0  [n = 38]:	loss = 1.715  exp loss = 1.749  adjusted loss = 1.749  adv prob = 0.250000   acc = 0.526
  toxicity = 1, identity_any = 1  [n = 51]:	loss = 1.473  exp loss = 1.372  adjusted loss = 1.372  adv prob = 0.250000   acc = 0.431
Average incurred loss: 0.215  
Average sample loss: 0.215  
Average acc: 0.914  
  toxicity = 0, identity_any = 0  [n = 424]:	loss = 0.052  exp loss = 0.054  adjusted loss = 0.054  adv prob = 0.250000   acc = 0.988
  toxicity = 0, identity_any = 1  [n = 283]:	loss = 0.116  exp loss = 0.099  adjusted loss = 0.099  adv prob = 0.250000   acc = 0.968
  toxicity = 1, identity_any = 0  [n = 25]:	loss = 1.011  exp loss = 1.211  adjusted loss = 1.211  adv prob = 0.250000   acc = 0.640
  toxicity = 1, identity_any = 1  [n = 68]:	loss = 1.359  exp loss = 1.382  adjusted loss = 1.382  adv prob = 0.250000   acc = 0.324
Average incurred loss: 0.203  
Average sample loss: 0.203  
Average acc: 0.925  
  toxicity = 0, identity_any = 0  [n = 435]:	loss = 0.029  exp loss = 0.025  adjusted loss = 0.025  adv prob = 0.250000   acc = 0.989
  toxicity = 0, identity_any = 1  [n = 289]:	loss = 0.103  exp loss = 0.064  adjusted loss = 0.064  adv prob = 0.250000   acc = 0.969
  toxicity = 1, identity_any = 0  [n = 32]:	loss = 1.619  exp loss = 2.086  adjusted loss = 2.086  adv prob = 0.250000   acc = 0.344
  toxicity = 1, identity_any = 1  [n = 44]:	loss = 1.559  exp loss = 1.778  adjusted loss = 1.778  adv prob = 0.250000   acc = 0.432
Average incurred loss: 0.204  
Average sample loss: 0.204  
Average acc: 0.921  
  toxicity = 0, identity_any = 0  [n = 419]:	loss = 0.048  exp loss = 0.037  adjusted loss = 0.037  adv prob = 0.250000   acc = 0.988
  toxicity = 0, identity_any = 1  [n = 302]:	loss = 0.094  exp loss = 0.070  adjusted loss = 0.070  adv prob = 0.250000   acc = 0.974
  toxicity = 1, identity_any = 0  [n = 31]:	loss = 1.395  exp loss = 1.204  adjusted loss = 1.204  adv prob = 0.250000   acc = 0.484
  toxicity = 1, identity_any = 1  [n = 48]:	loss = 1.485  exp loss = 1.382  adjusted loss = 1.382  adv prob = 0.250000   acc = 0.292
Average incurred loss: 0.229  
Average sample loss: 0.229  
Average acc: 0.919  
  toxicity = 0, identity_any = 0  [n = 445]:	loss = 0.046  exp loss = 0.052  adjusted loss = 0.052  adv prob = 0.250000   acc = 0.989
  toxicity = 0, identity_any = 1  [n = 264]:	loss = 0.144  exp loss = 0.105  adjusted loss = 0.105  adv prob = 0.250000   acc = 0.958
  toxicity = 1, identity_any = 0  [n = 39]:	loss = 1.428  exp loss = 1.641  adjusted loss = 1.641  adv prob = 0.250000   acc = 0.564
  toxicity = 1, identity_any = 1  [n = 52]:	loss = 1.336  exp loss = 1.662  adjusted loss = 1.662  adv prob = 0.250000   acc = 0.385
Average incurred loss: 0.195  
Average sample loss: 0.195  
Average acc: 0.931  
  toxicity = 0, identity_any = 0  [n = 420]:	loss = 0.029  exp loss = 0.056  adjusted loss = 0.056  adv prob = 0.250000   acc = 0.993
  toxicity = 0, identity_any = 1  [n = 304]:	loss = 0.074  exp loss = 0.072  adjusted loss = 0.072  adv prob = 0.250000   acc = 0.990
  toxicity = 1, identity_any = 0  [n = 37]:	loss = 1.456  exp loss = 1.667  adjusted loss = 1.667  adv prob = 0.250000   acc = 0.459
  toxicity = 1, identity_any = 1  [n = 39]:	loss = 1.737  exp loss = 1.925  adjusted loss = 1.925  adv prob = 0.250000   acc = 0.256
Average incurred loss: 0.231  
Average sample loss: 0.231  
Average acc: 0.908  
  toxicity = 0, identity_any = 0  [n = 407]:	loss = 0.065  exp loss = 0.062  adjusted loss = 0.062  adv prob = 0.250000   acc = 0.983
  toxicity = 0, identity_any = 1  [n = 283]:	loss = 0.148  exp loss = 0.114  adjusted loss = 0.114  adv prob = 0.250000   acc = 0.943
  toxicity = 1, identity_any = 0  [n = 51]:	loss = 1.132  exp loss = 1.579  adjusted loss = 1.579  adv prob = 0.250000   acc = 0.569
  toxicity = 1, identity_any = 1  [n = 59]:	loss = 0.989  exp loss = 1.252  adjusted loss = 1.252  adv prob = 0.250000   acc = 0.508
Average incurred loss: 0.203  
Average sample loss: 0.203  
Average acc: 0.929  
  toxicity = 0, identity_any = 0  [n = 438]:	loss = 0.038  exp loss = 0.023  adjusted loss = 0.023  adv prob = 0.250000   acc = 0.989
  toxicity = 0, identity_any = 1  [n = 278]:	loss = 0.090  exp loss = 0.079  adjusted loss = 0.079  adv prob = 0.250000   acc = 0.975
  toxicity = 1, identity_any = 0  [n = 27]:	loss = 1.712  exp loss = 1.938  adjusted loss = 1.938  adv prob = 0.250000   acc = 0.481
  toxicity = 1, identity_any = 1  [n = 57]:	loss = 1.297  exp loss = 1.455  adjusted loss = 1.455  adv prob = 0.250000   acc = 0.456
Average incurred loss: 0.206  
Average sample loss: 0.206  
Average acc: 0.922  
  toxicity = 0, identity_any = 0  [n = 402]:	loss = 0.071  exp loss = 0.085  adjusted loss = 0.085  adv prob = 0.250000   acc = 0.978
  toxicity = 0, identity_any = 1  [n = 307]:	loss = 0.106  exp loss = 0.087  adjusted loss = 0.087  adv prob = 0.250000   acc = 0.974
  toxicity = 1, identity_any = 0  [n = 34]:	loss = 1.316  exp loss = 1.544  adjusted loss = 1.544  adv prob = 0.250000   acc = 0.471
  toxicity = 1, identity_any = 1  [n = 57]:	loss = 1.039  exp loss = 1.046  adjusted loss = 1.046  adv prob = 0.250000   acc = 0.526
Average incurred loss: 0.230  
Average sample loss: 0.230  
Average acc: 0.896  
  toxicity = 0, identity_any = 0  [n = 408]:	loss = 0.068  exp loss = 0.057  adjusted loss = 0.057  adv prob = 0.250000   acc = 0.968
  toxicity = 0, identity_any = 1  [n = 287]:	loss = 0.128  exp loss = 0.101  adjusted loss = 0.101  adv prob = 0.250000   acc = 0.951
  toxicity = 1, identity_any = 0  [n = 43]:	loss = 1.119  exp loss = 1.217  adjusted loss = 1.217  adv prob = 0.250000   acc = 0.535
  toxicity = 1, identity_any = 1  [n = 62]:	loss = 1.156  exp loss = 1.056  adjusted loss = 1.056  adv prob = 0.250000   acc = 0.419
Average incurred loss: 0.191  
Average sample loss: 0.191  
Average acc: 0.931  
  toxicity = 0, identity_any = 0  [n = 430]:	loss = 0.040  exp loss = 0.073  adjusted loss = 0.073  adv prob = 0.250000   acc = 0.984
  toxicity = 0, identity_any = 1  [n = 276]:	loss = 0.072  exp loss = 0.095  adjusted loss = 0.095  adv prob = 0.250000   acc = 0.982
  toxicity = 1, identity_any = 0  [n = 38]:	loss = 1.299  exp loss = 0.907  adjusted loss = 0.907  adv prob = 0.250000   acc = 0.579
  toxicity = 1, identity_any = 1  [n = 56]:	loss = 1.188  exp loss = 1.100  adjusted loss = 1.100  adv prob = 0.250000   acc = 0.518
Average incurred loss: 0.217  
Average sample loss: 0.217  
Average acc: 0.916  
  toxicity = 0, identity_any = 0  [n = 419]:	loss = 0.046  exp loss = 0.061  adjusted loss = 0.061  adv prob = 0.250000   acc = 0.986
  toxicity = 0, identity_any = 1  [n = 291]:	loss = 0.109  exp loss = 0.087  adjusted loss = 0.087  adv prob = 0.250000   acc = 0.966
  toxicity = 1, identity_any = 0  [n = 39]:	loss = 1.411  exp loss = 1.269  adjusted loss = 1.269  adv prob = 0.250000   acc = 0.513
  toxicity = 1, identity_any = 1  [n = 51]:	loss = 1.324  exp loss = 0.950  adjusted loss = 0.950  adv prob = 0.250000   acc = 0.373
Average incurred loss: 0.197  
Average sample loss: 0.197  
Average acc: 0.925  
  toxicity = 0, identity_any = 0  [n = 407]:	loss = 0.039  exp loss = 0.053  adjusted loss = 0.053  adv prob = 0.250000   acc = 0.983
  toxicity = 0, identity_any = 1  [n = 302]:	loss = 0.102  exp loss = 0.087  adjusted loss = 0.087  adv prob = 0.250000   acc = 0.960
  toxicity = 1, identity_any = 0  [n = 38]:	loss = 1.160  exp loss = 1.183  adjusted loss = 1.183  adv prob = 0.250000   acc = 0.579
  toxicity = 1, identity_any = 1  [n = 53]:	loss = 1.260  exp loss = 1.081  adjusted loss = 1.081  adv prob = 0.250000   acc = 0.528
Average incurred loss: 0.214  
Average sample loss: 0.214  
Average acc: 0.915  
  toxicity = 0, identity_any = 0  [n = 420]:	loss = 0.054  exp loss = 0.077  adjusted loss = 0.077  adv prob = 0.250000   acc = 0.981
  toxicity = 0, identity_any = 1  [n = 288]:	loss = 0.109  exp loss = 0.126  adjusted loss = 0.126  adv prob = 0.250000   acc = 0.958
  toxicity = 1, identity_any = 0  [n = 39]:	loss = 1.104  exp loss = 1.381  adjusted loss = 1.381  adv prob = 0.250000   acc = 0.538
  toxicity = 1, identity_any = 1  [n = 53]:	loss = 1.398  exp loss = 1.347  adjusted loss = 1.347  adv prob = 0.250000   acc = 0.434
Average incurred loss: 0.214  
Average sample loss: 0.214  
Average acc: 0.925  
  toxicity = 0, identity_any = 0  [n = 409]:	loss = 0.065  exp loss = 0.091  adjusted loss = 0.091  adv prob = 0.250000   acc = 0.980
  toxicity = 0, identity_any = 1  [n = 305]:	loss = 0.108  exp loss = 0.161  adjusted loss = 0.161  adv prob = 0.250000   acc = 0.970
  toxicity = 1, identity_any = 0  [n = 32]:	loss = 1.117  exp loss = 1.142  adjusted loss = 1.142  adv prob = 0.250000   acc = 0.531
  toxicity = 1, identity_any = 1  [n = 54]:	loss = 1.412  exp loss = 1.038  adjusted loss = 1.038  adv prob = 0.250000   acc = 0.481
Average incurred loss: 0.196  
Average sample loss: 0.196  
Average acc: 0.914  
  toxicity = 0, identity_any = 0  [n = 433]:	loss = 0.040  exp loss = 0.030  adjusted loss = 0.030  adv prob = 0.250000   acc = 0.979
  toxicity = 0, identity_any = 1  [n = 267]:	loss = 0.104  exp loss = 0.090  adjusted loss = 0.090  adv prob = 0.250000   acc = 0.959
  toxicity = 1, identity_any = 0  [n = 32]:	loss = 1.242  exp loss = 1.312  adjusted loss = 1.312  adv prob = 0.250000   acc = 0.562
  toxicity = 1, identity_any = 1  [n = 68]:	loss = 1.061  exp loss = 0.867  adjusted loss = 0.867  adv prob = 0.250000   acc = 0.485
Average incurred loss: 0.215  
Average sample loss: 0.215  
Average acc: 0.917  
  toxicity = 0, identity_any = 0  [n = 434]:	loss = 0.042  exp loss = 0.053  adjusted loss = 0.053  adv prob = 0.250000   acc = 0.982
  toxicity = 0, identity_any = 1  [n = 279]:	loss = 0.108  exp loss = 0.090  adjusted loss = 0.090  adv prob = 0.250000   acc = 0.968
  toxicity = 1, identity_any = 0  [n = 36]:	loss = 1.369  exp loss = 1.615  adjusted loss = 1.615  adv prob = 0.250000   acc = 0.500
  toxicity = 1, identity_any = 1  [n = 51]:	loss = 1.455  exp loss = 1.383  adjusted loss = 1.383  adv prob = 0.250000   acc = 0.392
Average incurred loss: 0.172  
Average sample loss: 0.172  
Average acc: 0.931  
  toxicity = 0, identity_any = 0  [n = 426]:	loss = 0.041  exp loss = 0.043  adjusted loss = 0.043  adv prob = 0.250000   acc = 0.988
  toxicity = 0, identity_any = 1  [n = 293]:	loss = 0.086  exp loss = 0.070  adjusted loss = 0.070  adv prob = 0.250000   acc = 0.976
  toxicity = 1, identity_any = 0  [n = 33]:	loss = 1.339  exp loss = 1.625  adjusted loss = 1.625  adv prob = 0.250000   acc = 0.424
  toxicity = 1, identity_any = 1  [n = 48]:	loss = 1.053  exp loss = 0.982  adjusted loss = 0.982  adv prob = 0.250000   acc = 0.500
Average incurred loss: 0.220  
Average sample loss: 0.220  
Average acc: 0.920  
  toxicity = 0, identity_any = 0  [n = 453]:	loss = 0.046  exp loss = 0.043  adjusted loss = 0.043  adv prob = 0.250000   acc = 0.980
  toxicity = 0, identity_any = 1  [n = 268]:	loss = 0.079  exp loss = 0.084  adjusted loss = 0.084  adv prob = 0.250000   acc = 0.974
  toxicity = 1, identity_any = 0  [n = 29]:	loss = 1.522  exp loss = 1.111  adjusted loss = 1.111  adv prob = 0.250000   acc = 0.517
  toxicity = 1, identity_any = 1  [n = 50]:	loss = 1.800  exp loss = 1.588  adjusted loss = 1.588  adv prob = 0.250000   acc = 0.320
Average incurred loss: 0.206  
Average sample loss: 0.206  
Average acc: 0.919  
  toxicity = 0, identity_any = 0  [n = 432]:	loss = 0.046  exp loss = 0.038  adjusted loss = 0.038  adv prob = 0.250000   acc = 0.986
  toxicity = 0, identity_any = 1  [n = 281]:	loss = 0.094  exp loss = 0.089  adjusted loss = 0.089  adv prob = 0.250000   acc = 0.968
  toxicity = 1, identity_any = 0  [n = 31]:	loss = 1.311  exp loss = 1.121  adjusted loss = 1.121  adv prob = 0.250000   acc = 0.516
  toxicity = 1, identity_any = 1  [n = 56]:	loss = 1.393  exp loss = 1.325  adjusted loss = 1.325  adv prob = 0.250000   acc = 0.375
Average incurred loss: 0.225  
Average sample loss: 0.225  
Average acc: 0.925  
  toxicity = 0, identity_any = 0  [n = 415]:	loss = 0.058  exp loss = 0.059  adjusted loss = 0.059  adv prob = 0.250000   acc = 0.986
  toxicity = 0, identity_any = 1  [n = 289]:	loss = 0.128  exp loss = 0.171  adjusted loss = 0.171  adv prob = 0.250000   acc = 0.958
  toxicity = 1, identity_any = 0  [n = 43]:	loss = 1.159  exp loss = 0.770  adjusted loss = 0.770  adv prob = 0.250000   acc = 0.651
  toxicity = 1, identity_any = 1  [n = 53]:	loss = 1.304  exp loss = 1.037  adjusted loss = 1.037  adv prob = 0.250000   acc = 0.491
Average incurred loss: 0.226  
Average sample loss: 0.226  
Average acc: 0.913  
  toxicity = 0, identity_any = 0  [n = 413]:	loss = 0.054  exp loss = 0.029  adjusted loss = 0.029  adv prob = 0.250000   acc = 0.981
  toxicity = 0, identity_any = 1  [n = 284]:	loss = 0.117  exp loss = 0.111  adjusted loss = 0.111  adv prob = 0.250000   acc = 0.968
  toxicity = 1, identity_any = 0  [n = 36]:	loss = 1.180  exp loss = 1.162  adjusted loss = 1.162  adv prob = 0.250000   acc = 0.528
  toxicity = 1, identity_any = 1  [n = 67]:	loss = 1.238  exp loss = 1.310  adjusted loss = 1.310  adv prob = 0.250000   acc = 0.463
Average incurred loss: 0.205  
Average sample loss: 0.205  
Average acc: 0.914  
  toxicity = 0, identity_any = 0  [n = 412]:	loss = 0.057  exp loss = 0.093  adjusted loss = 0.093  adv prob = 0.250000   acc = 0.978
  toxicity = 0, identity_any = 1  [n = 284]:	loss = 0.127  exp loss = 0.191  adjusted loss = 0.191  adv prob = 0.250000   acc = 0.958
  toxicity = 1, identity_any = 0  [n = 39]:	loss = 0.780  exp loss = 0.736  adjusted loss = 0.736  adv prob = 0.250000   acc = 0.641
  toxicity = 1, identity_any = 1  [n = 65]:	loss = 1.142  exp loss = 1.529  adjusted loss = 1.529  adv prob = 0.250000   acc = 0.477
Average incurred loss: 0.188  
Average sample loss: 0.188  
Average acc: 0.927  
  toxicity = 0, identity_any = 0  [n = 409]:	loss = 0.048  exp loss = 0.036  adjusted loss = 0.036  adv prob = 0.250000   acc = 0.985
  toxicity = 0, identity_any = 1  [n = 300]:	loss = 0.105  exp loss = 0.077  adjusted loss = 0.077  adv prob = 0.250000   acc = 0.960
  toxicity = 1, identity_any = 0  [n = 35]:	loss = 0.929  exp loss = 0.909  adjusted loss = 0.909  adv prob = 0.250000   acc = 0.629
  toxicity = 1, identity_any = 1  [n = 56]:	loss = 1.194  exp loss = 1.018  adjusted loss = 1.018  adv prob = 0.250000   acc = 0.518
Average incurred loss: 0.231  
Average sample loss: 0.231  
Average acc: 0.900  
  toxicity = 0, identity_any = 0  [n = 446]:	loss = 0.066  exp loss = 0.043  adjusted loss = 0.043  adv prob = 0.250000   acc = 0.971
  toxicity = 0, identity_any = 1  [n = 263]:	loss = 0.103  exp loss = 0.103  adjusted loss = 0.103  adv prob = 0.250000   acc = 0.951
  toxicity = 1, identity_any = 0  [n = 42]:	loss = 1.647  exp loss = 1.658  adjusted loss = 1.658  adv prob = 0.250000   acc = 0.405
  toxicity = 1, identity_any = 1  [n = 49]:	loss = 1.210  exp loss = 1.187  adjusted loss = 1.187  adv prob = 0.250000   acc = 0.408
Average incurred loss: 0.211  
Average sample loss: 0.211  
Average acc: 0.920  
  toxicity = 0, identity_any = 0  [n = 400]:	loss = 0.035  exp loss = 0.021  adjusted loss = 0.021  adv prob = 0.250000   acc = 0.993
  toxicity = 0, identity_any = 1  [n = 309]:	loss = 0.074  exp loss = 0.080  adjusted loss = 0.080  adv prob = 0.250000   acc = 0.984
  toxicity = 1, identity_any = 0  [n = 33]:	loss = 1.347  exp loss = 1.378  adjusted loss = 1.378  adv prob = 0.250000   acc = 0.455
  toxicity = 1, identity_any = 1  [n = 58]:	loss = 1.513  exp loss = 1.389  adjusted loss = 1.389  adv prob = 0.250000   acc = 0.345
Average incurred loss: 0.200  
Average sample loss: 0.200  
Average acc: 0.914  
  toxicity = 0, identity_any = 0  [n = 416]:	loss = 0.066  exp loss = 0.047  adjusted loss = 0.047  adv prob = 0.250000   acc = 0.978
  toxicity = 0, identity_any = 1  [n = 294]:	loss = 0.136  exp loss = 0.064  adjusted loss = 0.064  adv prob = 0.250000   acc = 0.949
  toxicity = 1, identity_any = 0  [n = 29]:	loss = 0.995  exp loss = 1.141  adjusted loss = 1.141  adv prob = 0.250000   acc = 0.552
  toxicity = 1, identity_any = 1  [n = 61]:	loss = 1.037  exp loss = 1.025  adjusted loss = 1.025  adv prob = 0.250000   acc = 0.475
Average incurred loss: 0.182  
Average sample loss: 0.182  
Average acc: 0.924  
  toxicity = 0, identity_any = 0  [n = 439]:	loss = 0.050  exp loss = 0.055  adjusted loss = 0.055  adv prob = 0.250000   acc = 0.977
  toxicity = 0, identity_any = 1  [n = 270]:	loss = 0.100  exp loss = 0.090  adjusted loss = 0.090  adv prob = 0.250000   acc = 0.963
  toxicity = 1, identity_any = 0  [n = 37]:	loss = 0.989  exp loss = 1.146  adjusted loss = 1.146  adv prob = 0.250000   acc = 0.676
  toxicity = 1, identity_any = 1  [n = 54]:	loss = 1.111  exp loss = 1.240  adjusted loss = 1.240  adv prob = 0.250000   acc = 0.463
Average incurred loss: 0.181  
Average sample loss: 0.181  
Average acc: 0.935  
  toxicity = 0, identity_any = 0  [n = 429]:	loss = 0.062  exp loss = 0.107  adjusted loss = 0.107  adv prob = 0.250000   acc = 0.977
  toxicity = 0, identity_any = 1  [n = 287]:	loss = 0.080  exp loss = 0.078  adjusted loss = 0.078  adv prob = 0.250000   acc = 0.976
  toxicity = 1, identity_any = 0  [n = 32]:	loss = 1.099  exp loss = 0.979  adjusted loss = 0.979  adv prob = 0.250000   acc = 0.656
  toxicity = 1, identity_any = 1  [n = 52]:	loss = 1.153  exp loss = 1.109  adjusted loss = 1.109  adv prob = 0.250000   acc = 0.538
Average incurred loss: 0.195  
Average sample loss: 0.195  
Average acc: 0.924  
  toxicity = 0, identity_any = 0  [n = 440]:	loss = 0.035  exp loss = 0.048  adjusted loss = 0.048  adv prob = 0.250000   acc = 0.986
  toxicity = 0, identity_any = 1  [n = 268]:	loss = 0.102  exp loss = 0.122  adjusted loss = 0.122  adv prob = 0.250000   acc = 0.955
  toxicity = 1, identity_any = 0  [n = 41]:	loss = 1.239  exp loss = 1.327  adjusted loss = 1.327  adv prob = 0.250000   acc = 0.585
  toxicity = 1, identity_any = 1  [n = 51]:	loss = 1.219  exp loss = 1.119  adjusted loss = 1.119  adv prob = 0.250000   acc = 0.490
Average incurred loss: 0.193  
Average sample loss: 0.193  
Average acc: 0.916  
  toxicity = 0, identity_any = 0  [n = 452]:	loss = 0.074  exp loss = 0.050  adjusted loss = 0.050  adv prob = 0.250000   acc = 0.962
  toxicity = 0, identity_any = 1  [n = 271]:	loss = 0.119  exp loss = 0.071  adjusted loss = 0.071  adv prob = 0.250000   acc = 0.956
  toxicity = 1, identity_any = 0  [n = 26]:	loss = 1.214  exp loss = 1.160  adjusted loss = 1.160  adv prob = 0.250000   acc = 0.462
  toxicity = 1, identity_any = 1  [n = 51]:	loss = 1.120  exp loss = 1.300  adjusted loss = 1.300  adv prob = 0.250000   acc = 0.529
Average incurred loss: 0.167  
Average sample loss: 0.167  
Average acc: 0.941  
  toxicity = 0, identity_any = 0  [n = 435]:	loss = 0.036  exp loss = 0.024  adjusted loss = 0.024  adv prob = 0.250000   acc = 0.989
  toxicity = 0, identity_any = 1  [n = 282]:	loss = 0.087  exp loss = 0.097  adjusted loss = 0.097  adv prob = 0.250000   acc = 0.979
  toxicity = 1, identity_any = 0  [n = 34]:	loss = 0.950  exp loss = 0.864  adjusted loss = 0.864  adv prob = 0.250000   acc = 0.647
  toxicity = 1, identity_any = 1  [n = 49]:	loss = 1.239  exp loss = 1.383  adjusted loss = 1.383  adv prob = 0.250000   acc = 0.510
Average incurred loss: 0.171  
Average sample loss: 0.171  
Average acc: 0.941  
  toxicity = 0, identity_any = 0  [n = 436]:	loss = 0.026  exp loss = 0.029  adjusted loss = 0.029  adv prob = 0.250000   acc = 0.995
  toxicity = 0, identity_any = 1  [n = 279]:	loss = 0.084  exp loss = 0.069  adjusted loss = 0.069  adv prob = 0.250000   acc = 0.975
  toxicity = 1, identity_any = 0  [n = 30]:	loss = 0.988  exp loss = 0.901  adjusted loss = 0.901  adv prob = 0.250000   acc = 0.600
  toxicity = 1, identity_any = 1  [n = 55]:	loss = 1.318  exp loss = 1.438  adjusted loss = 1.438  adv prob = 0.250000   acc = 0.527
Average incurred loss: 0.225  
Average sample loss: 0.225  
Average acc: 0.926  
  toxicity = 0, identity_any = 0  [n = 420]:	loss = 0.060  exp loss = 0.053  adjusted loss = 0.053  adv prob = 0.250000   acc = 0.983
  toxicity = 0, identity_any = 1  [n = 278]:	loss = 0.128  exp loss = 0.120  adjusted loss = 0.120  adv prob = 0.250000   acc = 0.953
  toxicity = 1, identity_any = 0  [n = 39]:	loss = 1.397  exp loss = 1.716  adjusted loss = 1.716  adv prob = 0.250000   acc = 0.667
  toxicity = 1, identity_any = 1  [n = 63]:	loss = 1.018  exp loss = 0.821  adjusted loss = 0.821  adv prob = 0.250000   acc = 0.587
Average incurred loss: 0.254  
Average sample loss: 0.254  
Average acc: 0.909  
  toxicity = 0, identity_any = 0  [n = 404]:	loss = 0.058  exp loss = 0.040  adjusted loss = 0.040  adv prob = 0.250000   acc = 0.980
  toxicity = 0, identity_any = 1  [n = 290]:	loss = 0.098  exp loss = 0.071  adjusted loss = 0.071  adv prob = 0.250000   acc = 0.966
  toxicity = 1, identity_any = 0  [n = 40]:	loss = 1.507  exp loss = 1.645  adjusted loss = 1.645  adv prob = 0.250000   acc = 0.575
  toxicity = 1, identity_any = 1  [n = 66]:	loss = 1.381  exp loss = 1.842  adjusted loss = 1.842  adv prob = 0.250000   acc = 0.424
Average incurred loss: 0.214  
Average sample loss: 0.214  
Average acc: 0.909  
  toxicity = 0, identity_any = 0  [n = 408]:	loss = 0.049  exp loss = 0.064  adjusted loss = 0.064  adv prob = 0.250000   acc = 0.988
  toxicity = 0, identity_any = 1  [n = 284]:	loss = 0.141  exp loss = 0.216  adjusted loss = 0.216  adv prob = 0.250000   acc = 0.951
  toxicity = 1, identity_any = 0  [n = 42]:	loss = 0.767  exp loss = 0.670  adjusted loss = 0.670  adv prob = 0.250000   acc = 0.643
  toxicity = 1, identity_any = 1  [n = 66]:	loss = 1.191  exp loss = 1.107  adjusted loss = 1.107  adv prob = 0.250000   acc = 0.409
Average incurred loss: 0.225  
Average sample loss: 0.225  
Average acc: 0.920  
  toxicity = 0, identity_any = 0  [n = 433]:	loss = 0.036  exp loss = 0.025  adjusted loss = 0.025  adv prob = 0.250000   acc = 0.991
  toxicity = 0, identity_any = 1  [n = 293]:	loss = 0.077  exp loss = 0.085  adjusted loss = 0.085  adv prob = 0.250000   acc = 0.986
  toxicity = 1, identity_any = 0  [n = 35]:	loss = 1.656  exp loss = 1.297  adjusted loss = 1.297  adv prob = 0.250000   acc = 0.400
  toxicity = 1, identity_any = 1  [n = 39]:	loss = 2.151  exp loss = 2.148  adjusted loss = 2.148  adv prob = 0.250000   acc = 0.103
Average incurred loss: 0.179  
Average sample loss: 0.179  
Average acc: 0.938  
  toxicity = 0, identity_any = 0  [n = 446]:	loss = 0.027  exp loss = 0.020  adjusted loss = 0.020  adv prob = 0.250000   acc = 0.993
  toxicity = 0, identity_any = 1  [n = 271]:	loss = 0.078  exp loss = 0.102  adjusted loss = 0.102  adv prob = 0.250000   acc = 0.978
  toxicity = 1, identity_any = 0  [n = 34]:	loss = 1.234  exp loss = 1.390  adjusted loss = 1.390  adv prob = 0.250000   acc = 0.559
  toxicity = 1, identity_any = 1  [n = 49]:	loss = 1.386  exp loss = 1.314  adjusted loss = 1.314  adv prob = 0.250000   acc = 0.469
Average incurred loss: 0.234  
Average sample loss: 0.234  
Average acc: 0.899  
  toxicity = 0, identity_any = 0  [n = 414]:	loss = 0.067  exp loss = 0.049  adjusted loss = 0.049  adv prob = 0.250000   acc = 0.973
  toxicity = 0, identity_any = 1  [n = 284]:	loss = 0.147  exp loss = 0.134  adjusted loss = 0.134  adv prob = 0.250000   acc = 0.944
  toxicity = 1, identity_any = 0  [n = 39]:	loss = 1.285  exp loss = 1.294  adjusted loss = 1.294  adv prob = 0.250000   acc = 0.487
  toxicity = 1, identity_any = 1  [n = 63]:	loss = 1.072  exp loss = 1.159  adjusted loss = 1.159  adv prob = 0.250000   acc = 0.460
Average incurred loss: 0.174  
Average sample loss: 0.174  
Average acc: 0.926  
  toxicity = 0, identity_any = 0  [n = 428]:	loss = 0.041  exp loss = 0.056  adjusted loss = 0.056  adv prob = 0.250000   acc = 0.981
  toxicity = 0, identity_any = 1  [n = 300]:	loss = 0.092  exp loss = 0.061  adjusted loss = 0.061  adv prob = 0.250000   acc = 0.977
  toxicity = 1, identity_any = 0  [n = 27]:	loss = 1.021  exp loss = 1.030  adjusted loss = 1.030  adv prob = 0.250000   acc = 0.444
  toxicity = 1, identity_any = 1  [n = 45]:	loss = 1.478  exp loss = 1.651  adjusted loss = 1.651  adv prob = 0.250000   acc = 0.356
Average incurred loss: 0.205  
Average sample loss: 0.205  
Average acc: 0.929  
  toxicity = 0, identity_any = 0  [n = 417]:	loss = 0.061  exp loss = 0.101  adjusted loss = 0.101  adv prob = 0.250000   acc = 0.978
  toxicity = 0, identity_any = 1  [n = 298]:	loss = 0.076  exp loss = 0.085  adjusted loss = 0.085  adv prob = 0.250000   acc = 0.970
  toxicity = 1, identity_any = 0  [n = 40]:	loss = 1.247  exp loss = 1.216  adjusted loss = 1.216  adv prob = 0.250000   acc = 0.575
  toxicity = 1, identity_any = 1  [n = 45]:	loss = 1.463  exp loss = 1.087  adjusted loss = 1.087  adv prob = 0.250000   acc = 0.511
Average incurred loss: 0.165  
Average sample loss: 0.165  
Average acc: 0.930  
  toxicity = 0, identity_any = 0  [n = 409]:	loss = 0.027  exp loss = 0.030  adjusted loss = 0.030  adv prob = 0.250000   acc = 0.995
  toxicity = 0, identity_any = 1  [n = 298]:	loss = 0.111  exp loss = 0.137  adjusted loss = 0.137  adv prob = 0.250000   acc = 0.946
  toxicity = 1, identity_any = 0  [n = 32]:	loss = 0.939  exp loss = 1.061  adjusted loss = 1.061  adv prob = 0.250000   acc = 0.688
  toxicity = 1, identity_any = 1  [n = 61]:	loss = 0.942  exp loss = 0.995  adjusted loss = 0.995  adv prob = 0.250000   acc = 0.541
Average incurred loss: 0.176  
Average sample loss: 0.176  
Average acc: 0.933  
  toxicity = 0, identity_any = 0  [n = 432]:	loss = 0.053  exp loss = 0.031  adjusted loss = 0.031  adv prob = 0.250000   acc = 0.972
  toxicity = 0, identity_any = 1  [n = 283]:	loss = 0.097  exp loss = 0.062  adjusted loss = 0.062  adv prob = 0.250000   acc = 0.968
  toxicity = 1, identity_any = 0  [n = 29]:	loss = 1.188  exp loss = 1.570  adjusted loss = 1.570  adv prob = 0.250000   acc = 0.586
  toxicity = 1, identity_any = 1  [n = 56]:	loss = 0.996  exp loss = 1.369  adjusted loss = 1.369  adv prob = 0.250000   acc = 0.625
Average incurred loss: 0.199  
Average sample loss: 0.199  
Average acc: 0.920  
  toxicity = 0, identity_any = 0  [n = 436]:	loss = 0.038  exp loss = 0.025  adjusted loss = 0.025  adv prob = 0.250000   acc = 0.989
  toxicity = 0, identity_any = 1  [n = 277]:	loss = 0.120  exp loss = 0.128  adjusted loss = 0.128  adv prob = 0.250000   acc = 0.957
  toxicity = 1, identity_any = 0  [n = 27]:	loss = 1.093  exp loss = 1.329  adjusted loss = 1.329  adv prob = 0.250000   acc = 0.630
  toxicity = 1, identity_any = 1  [n = 60]:	loss = 1.336  exp loss = 1.216  adjusted loss = 1.216  adv prob = 0.250000   acc = 0.383
Average incurred loss: 0.198  
Average sample loss: 0.198  
Average acc: 0.923  
  toxicity = 0, identity_any = 0  [n = 425]:	loss = 0.040  exp loss = 0.031  adjusted loss = 0.031  adv prob = 0.250000   acc = 0.981
  toxicity = 0, identity_any = 1  [n = 277]:	loss = 0.104  exp loss = 0.077  adjusted loss = 0.077  adv prob = 0.250000   acc = 0.975
  toxicity = 1, identity_any = 0  [n = 44]:	loss = 0.908  exp loss = 0.931  adjusted loss = 0.931  adv prob = 0.250000   acc = 0.614
  toxicity = 1, identity_any = 1  [n = 54]:	loss = 1.339  exp loss = 1.440  adjusted loss = 1.440  adv prob = 0.250000   acc = 0.444
Average incurred loss: 0.196  
Average sample loss: 0.196  
Average acc: 0.931  
  toxicity = 0, identity_any = 0  [n = 446]:	loss = 0.065  exp loss = 0.025  adjusted loss = 0.025  adv prob = 0.250000   acc = 0.973
  toxicity = 0, identity_any = 1  [n = 269]:	loss = 0.105  exp loss = 0.049  adjusted loss = 0.049  adv prob = 0.250000   acc = 0.963
  toxicity = 1, identity_any = 0  [n = 40]:	loss = 1.173  exp loss = 1.741  adjusted loss = 1.741  adv prob = 0.250000   acc = 0.675
  toxicity = 1, identity_any = 1  [n = 45]:	loss = 1.180  exp loss = 1.836  adjusted loss = 1.836  adv prob = 0.250000   acc = 0.556
Average incurred loss: 0.144  
Average sample loss: 0.144  
Average acc: 0.950  
  toxicity = 0, identity_any = 0  [n = 455]:	loss = 0.041  exp loss = 0.054  adjusted loss = 0.054  adv prob = 0.250000   acc = 0.982
  toxicity = 0, identity_any = 1  [n = 277]:	loss = 0.069  exp loss = 0.105  adjusted loss = 0.105  adv prob = 0.250000   acc = 0.982
  toxicity = 1, identity_any = 0  [n = 32]:	loss = 1.147  exp loss = 1.019  adjusted loss = 1.019  adv prob = 0.250000   acc = 0.625
  toxicity = 1, identity_any = 1  [n = 36]:	loss = 1.129  exp loss = 1.222  adjusted loss = 1.222  adv prob = 0.250000   acc = 0.583
Average incurred loss: 0.208  
Average sample loss: 0.208  
Average acc: 0.925  
  toxicity = 0, identity_any = 0  [n = 416]:	loss = 0.050  exp loss = 0.061  adjusted loss = 0.061  adv prob = 0.250000   acc = 0.986
  toxicity = 0, identity_any = 1  [n = 300]:	loss = 0.079  exp loss = 0.100  adjusted loss = 0.100  adv prob = 0.250000   acc = 0.980
  toxicity = 1, identity_any = 0  [n = 34]:	loss = 1.192  exp loss = 0.932  adjusted loss = 0.932  adv prob = 0.250000   acc = 0.500
  toxicity = 1, identity_any = 1  [n = 50]:	loss = 1.630  exp loss = 1.228  adjusted loss = 1.228  adv prob = 0.250000   acc = 0.380
Average incurred loss: 0.174  
Average sample loss: 0.174  
Average acc: 0.930  
  toxicity = 0, identity_any = 0  [n = 429]:	loss = 0.020  exp loss = 0.012  adjusted loss = 0.012  adv prob = 0.250000   acc = 0.995
  toxicity = 0, identity_any = 1  [n = 296]:	loss = 0.074  exp loss = 0.064  adjusted loss = 0.064  adv prob = 0.250000   acc = 0.973
  toxicity = 1, identity_any = 0  [n = 32]:	loss = 1.398  exp loss = 1.814  adjusted loss = 1.814  adv prob = 0.250000   acc = 0.562
  toxicity = 1, identity_any = 1  [n = 43]:	loss = 1.479  exp loss = 1.583  adjusted loss = 1.583  adv prob = 0.250000   acc = 0.256
Average incurred loss: 0.205  
Average sample loss: 0.205  
Average acc: 0.914  
  toxicity = 0, identity_any = 0  [n = 415]:	loss = 0.065  exp loss = 0.055  adjusted loss = 0.055  adv prob = 0.250000   acc = 0.976
  toxicity = 0, identity_any = 1  [n = 291]:	loss = 0.173  exp loss = 0.195  adjusted loss = 0.195  adv prob = 0.250000   acc = 0.931
  toxicity = 1, identity_any = 0  [n = 38]:	loss = 0.715  exp loss = 0.801  adjusted loss = 0.801  adv prob = 0.250000   acc = 0.737
  toxicity = 1, identity_any = 1  [n = 56]:	loss = 1.071  exp loss = 0.937  adjusted loss = 0.937  adv prob = 0.250000   acc = 0.482
Average incurred loss: 0.163  
Average sample loss: 0.163  
Average acc: 0.935  
  toxicity = 0, identity_any = 0  [n = 435]:	loss = 0.022  exp loss = 0.034  adjusted loss = 0.034  adv prob = 0.250000   acc = 0.991
  toxicity = 0, identity_any = 1  [n = 285]:	loss = 0.078  exp loss = 0.086  adjusted loss = 0.086  adv prob = 0.250000   acc = 0.979
  toxicity = 1, identity_any = 0  [n = 31]:	loss = 1.070  exp loss = 1.026  adjusted loss = 1.026  adv prob = 0.250000   acc = 0.645
  toxicity = 1, identity_any = 1  [n = 49]:	loss = 1.326  exp loss = 0.853  adjusted loss = 0.853  adv prob = 0.250000   acc = 0.367
Average incurred loss: 0.194  
Average sample loss: 0.194  
Average acc: 0.919  
  toxicity = 0, identity_any = 0  [n = 417]:	loss = 0.034  exp loss = 0.048  adjusted loss = 0.048  adv prob = 0.250000   acc = 0.990
  toxicity = 0, identity_any = 1  [n = 290]:	loss = 0.142  exp loss = 0.188  adjusted loss = 0.188  adv prob = 0.250000   acc = 0.938
  toxicity = 1, identity_any = 0  [n = 32]:	loss = 1.224  exp loss = 0.880  adjusted loss = 0.880  adv prob = 0.250000   acc = 0.500
  toxicity = 1, identity_any = 1  [n = 61]:	loss = 0.991  exp loss = 0.702  adjusted loss = 0.702  adv prob = 0.250000   acc = 0.557
Average incurred loss: 0.180  
Average sample loss: 0.180  
Average acc: 0.934  
  toxicity = 0, identity_any = 0  [n = 434]:	loss = 0.030  exp loss = 0.037  adjusted loss = 0.037  adv prob = 0.250000   acc = 0.986
  toxicity = 0, identity_any = 1  [n = 287]:	loss = 0.077  exp loss = 0.078  adjusted loss = 0.078  adv prob = 0.250000   acc = 0.979
  toxicity = 1, identity_any = 0  [n = 36]:	loss = 1.684  exp loss = 2.031  adjusted loss = 2.031  adv prob = 0.250000   acc = 0.444
  toxicity = 1, identity_any = 1  [n = 43]:	loss = 1.122  exp loss = 0.937  adjusted loss = 0.937  adv prob = 0.250000   acc = 0.512
Average incurred loss: 0.233  
Average sample loss: 0.233  
Average acc: 0.915  
  toxicity = 0, identity_any = 0  [n = 424]:	loss = 0.055  exp loss = 0.024  adjusted loss = 0.024  adv prob = 0.250000   acc = 0.979
  toxicity = 0, identity_any = 1  [n = 278]:	loss = 0.106  exp loss = 0.089  adjusted loss = 0.089  adv prob = 0.250000   acc = 0.971
  toxicity = 1, identity_any = 0  [n = 32]:	loss = 1.219  exp loss = 1.314  adjusted loss = 1.314  adv prob = 0.250000   acc = 0.594
  toxicity = 1, identity_any = 1  [n = 66]:	loss = 1.438  exp loss = 1.289  adjusted loss = 1.289  adv prob = 0.250000   acc = 0.424
Average incurred loss: 0.218  
Average sample loss: 0.218  
Average acc: 0.916  
  toxicity = 0, identity_any = 0  [n = 434]:	loss = 0.060  exp loss = 0.054  adjusted loss = 0.054  adv prob = 0.250000   acc = 0.984
  toxicity = 0, identity_any = 1  [n = 269]:	loss = 0.121  exp loss = 0.178  adjusted loss = 0.178  adv prob = 0.250000   acc = 0.937
  toxicity = 1, identity_any = 0  [n = 44]:	loss = 1.115  exp loss = 0.881  adjusted loss = 0.881  adv prob = 0.250000   acc = 0.636
  toxicity = 1, identity_any = 1  [n = 53]:	loss = 1.268  exp loss = 1.251  adjusted loss = 1.251  adv prob = 0.250000   acc = 0.491
Average incurred loss: 0.174  
Average sample loss: 0.174  
Average acc: 0.935  
  toxicity = 0, identity_any = 0  [n = 414]:	loss = 0.057  exp loss = 0.065  adjusted loss = 0.065  adv prob = 0.250000   acc = 0.981
  toxicity = 0, identity_any = 1  [n = 295]:	loss = 0.070  exp loss = 0.048  adjusted loss = 0.048  adv prob = 0.250000   acc = 0.980
  toxicity = 1, identity_any = 0  [n = 34]:	loss = 0.969  exp loss = 0.593  adjusted loss = 0.593  adv prob = 0.250000   acc = 0.676
  toxicity = 1, identity_any = 1  [n = 57]:	loss = 1.084  exp loss = 1.336  adjusted loss = 1.336  adv prob = 0.250000   acc = 0.526
Average incurred loss: 0.208  
Average sample loss: 0.208  
Average acc: 0.906  
  toxicity = 0, identity_any = 0  [n = 421]:	loss = 0.068  exp loss = 0.041  adjusted loss = 0.041  adv prob = 0.250000   acc = 0.971
  toxicity = 0, identity_any = 1  [n = 269]:	loss = 0.138  exp loss = 0.121  adjusted loss = 0.121  adv prob = 0.250000   acc = 0.941
  toxicity = 1, identity_any = 0  [n = 39]:	loss = 0.908  exp loss = 0.912  adjusted loss = 0.912  adv prob = 0.250000   acc = 0.615
  toxicity = 1, identity_any = 1  [n = 71]:	loss = 0.926  exp loss = 0.803  adjusted loss = 0.803  adv prob = 0.250000   acc = 0.549
Average incurred loss: 0.200  
Average sample loss: 0.200  
Average acc: 0.929  
  toxicity = 0, identity_any = 0  [n = 449]:	loss = 0.049  exp loss = 0.046  adjusted loss = 0.046  adv prob = 0.250000   acc = 0.982
  toxicity = 0, identity_any = 1  [n = 263]:	loss = 0.128  exp loss = 0.140  adjusted loss = 0.140  adv prob = 0.250000   acc = 0.939
  toxicity = 1, identity_any = 0  [n = 38]:	loss = 1.099  exp loss = 1.214  adjusted loss = 1.214  adv prob = 0.250000   acc = 0.658
  toxicity = 1, identity_any = 1  [n = 50]:	loss = 1.251  exp loss = 1.767  adjusted loss = 1.767  adv prob = 0.250000   acc = 0.600
Average incurred loss: 0.186  
Average sample loss: 0.186  
Average acc: 0.931  
  toxicity = 0, identity_any = 0  [n = 411]:	loss = 0.050  exp loss = 0.124  adjusted loss = 0.124  adv prob = 0.250000   acc = 0.985
  toxicity = 0, identity_any = 1  [n = 298]:	loss = 0.100  exp loss = 0.153  adjusted loss = 0.153  adv prob = 0.250000   acc = 0.970
  toxicity = 1, identity_any = 0  [n = 35]:	loss = 1.242  exp loss = 0.971  adjusted loss = 0.971  adv prob = 0.250000   acc = 0.543
  toxicity = 1, identity_any = 1  [n = 56]:	loss = 0.977  exp loss = 0.790  adjusted loss = 0.790  adv prob = 0.250000   acc = 0.571
Average incurred loss: 0.181  
Average sample loss: 0.181  
Average acc: 0.935  
  toxicity = 0, identity_any = 0  [n = 460]:	loss = 0.034  exp loss = 0.033  adjusted loss = 0.033  adv prob = 0.250000   acc = 0.987
  toxicity = 0, identity_any = 1  [n = 247]:	loss = 0.123  exp loss = 0.063  adjusted loss = 0.063  adv prob = 0.250000   acc = 0.955
  toxicity = 1, identity_any = 0  [n = 33]:	loss = 0.777  exp loss = 0.808  adjusted loss = 0.808  adv prob = 0.250000   acc = 0.727
  toxicity = 1, identity_any = 1  [n = 60]:	loss = 1.213  exp loss = 1.099  adjusted loss = 1.099  adv prob = 0.250000   acc = 0.567
Average incurred loss: 0.177  
Average sample loss: 0.177  
Average acc: 0.921  
  toxicity = 0, identity_any = 0  [n = 433]:	loss = 0.038  exp loss = 0.024  adjusted loss = 0.024  adv prob = 0.250000   acc = 0.988
  toxicity = 0, identity_any = 1  [n = 269]:	loss = 0.131  exp loss = 0.092  adjusted loss = 0.092  adv prob = 0.250000   acc = 0.952
  toxicity = 1, identity_any = 0  [n = 29]:	loss = 1.166  exp loss = 1.202  adjusted loss = 1.202  adv prob = 0.250000   acc = 0.552
  toxicity = 1, identity_any = 1  [n = 69]:	loss = 0.810  exp loss = 0.785  adjusted loss = 0.785  adv prob = 0.250000   acc = 0.536
Average incurred loss: 0.199  
Average sample loss: 0.199  
Average acc: 0.928  
  toxicity = 0, identity_any = 0  [n = 429]:	loss = 0.055  exp loss = 0.054  adjusted loss = 0.054  adv prob = 0.250000   acc = 0.979
  toxicity = 0, identity_any = 1  [n = 278]:	loss = 0.159  exp loss = 0.085  adjusted loss = 0.085  adv prob = 0.250000   acc = 0.942
  toxicity = 1, identity_any = 0  [n = 40]:	loss = 0.786  exp loss = 0.638  adjusted loss = 0.638  adv prob = 0.250000   acc = 0.750
  toxicity = 1, identity_any = 1  [n = 53]:	loss = 1.123  exp loss = 1.460  adjusted loss = 1.460  adv prob = 0.250000   acc = 0.566
Average incurred loss: 0.180  
Average sample loss: 0.180  
Average acc: 0.933  
  toxicity = 0, identity_any = 0  [n = 432]:	loss = 0.043  exp loss = 0.022  adjusted loss = 0.022  adv prob = 0.250000   acc = 0.984
  toxicity = 0, identity_any = 1  [n = 290]:	loss = 0.109  exp loss = 0.066  adjusted loss = 0.066  adv prob = 0.250000   acc = 0.955
  toxicity = 1, identity_any = 0  [n = 31]:	loss = 1.658  exp loss = 1.397  adjusted loss = 1.397  adv prob = 0.250000   acc = 0.516
  toxicity = 1, identity_any = 1  [n = 47]:	loss = 0.906  exp loss = 0.969  adjusted loss = 0.969  adv prob = 0.250000   acc = 0.596
Average incurred loss: 0.189  
Average sample loss: 0.189  
Average acc: 0.921  
  toxicity = 0, identity_any = 0  [n = 464]:	loss = 0.038  exp loss = 0.028  adjusted loss = 0.028  adv prob = 0.250000   acc = 0.983
  toxicity = 0, identity_any = 1  [n = 259]:	loss = 0.139  exp loss = 0.110  adjusted loss = 0.110  adv prob = 0.250000   acc = 0.946
  toxicity = 1, identity_any = 0  [n = 28]:	loss = 1.318  exp loss = 1.311  adjusted loss = 1.311  adv prob = 0.250000   acc = 0.500
  toxicity = 1, identity_any = 1  [n = 49]:	loss = 1.244  exp loss = 1.201  adjusted loss = 1.201  adv prob = 0.250000   acc = 0.449
Average incurred loss: 0.162  
Average sample loss: 0.162  
Average acc: 0.936  
  toxicity = 0, identity_any = 0  [n = 431]:	loss = 0.029  exp loss = 0.018  adjusted loss = 0.018  adv prob = 0.250000   acc = 0.988
  toxicity = 0, identity_any = 1  [n = 270]:	loss = 0.079  exp loss = 0.070  adjusted loss = 0.070  adv prob = 0.250000   acc = 0.967
  toxicity = 1, identity_any = 0  [n = 36]:	loss = 0.911  exp loss = 0.855  adjusted loss = 0.855  adv prob = 0.250000   acc = 0.694
  toxicity = 1, identity_any = 1  [n = 63]:	loss = 0.999  exp loss = 0.869  adjusted loss = 0.869  adv prob = 0.250000   acc = 0.587
Average incurred loss: 0.171  
Average sample loss: 0.171  
Average acc: 0.935  
  toxicity = 0, identity_any = 0  [n = 436]:	loss = 0.028  exp loss = 0.021  adjusted loss = 0.021  adv prob = 0.250000   acc = 0.995
  toxicity = 0, identity_any = 1  [n = 273]:	loss = 0.112  exp loss = 0.074  adjusted loss = 0.074  adv prob = 0.250000   acc = 0.952
  toxicity = 1, identity_any = 0  [n = 39]:	loss = 0.839  exp loss = 0.875  adjusted loss = 0.875  adv prob = 0.250000   acc = 0.667
  toxicity = 1, identity_any = 1  [n = 52]:	loss = 1.178  exp loss = 0.863  adjusted loss = 0.863  adv prob = 0.250000   acc = 0.538
Average incurred loss: 0.188  
Average sample loss: 0.188  
Average acc: 0.933  
  toxicity = 0, identity_any = 0  [n = 437]:	loss = 0.046  exp loss = 0.039  adjusted loss = 0.039  adv prob = 0.250000   acc = 0.986
  toxicity = 0, identity_any = 1  [n = 277]:	loss = 0.110  exp loss = 0.092  adjusted loss = 0.092  adv prob = 0.250000   acc = 0.957
  toxicity = 1, identity_any = 0  [n = 36]:	loss = 0.960  exp loss = 0.631  adjusted loss = 0.631  adv prob = 0.250000   acc = 0.750
  toxicity = 1, identity_any = 1  [n = 50]:	loss = 1.318  exp loss = 1.135  adjusted loss = 1.135  adv prob = 0.250000   acc = 0.460
Average incurred loss: 0.178  
Average sample loss: 0.178  
Average acc: 0.926  
  toxicity = 0, identity_any = 0  [n = 426]:	loss = 0.025  exp loss = 0.029  adjusted loss = 0.029  adv prob = 0.250000   acc = 0.993
  toxicity = 0, identity_any = 1  [n = 284]:	loss = 0.141  exp loss = 0.124  adjusted loss = 0.124  adv prob = 0.250000   acc = 0.940
  toxicity = 1, identity_any = 0  [n = 44]:	loss = 0.913  exp loss = 0.765  adjusted loss = 0.765  adv prob = 0.250000   acc = 0.614
  toxicity = 1, identity_any = 1  [n = 46]:	loss = 1.121  exp loss = 0.949  adjusted loss = 0.949  adv prob = 0.250000   acc = 0.522
Average incurred loss: 0.200  
Average sample loss: 0.200  
Average acc: 0.940  
  toxicity = 0, identity_any = 0  [n = 445]:	loss = 0.041  exp loss = 0.016  adjusted loss = 0.016  adv prob = 0.250000   acc = 0.987
  toxicity = 0, identity_any = 1  [n = 279]:	loss = 0.061  exp loss = 0.041  adjusted loss = 0.041  adv prob = 0.250000   acc = 0.978
  toxicity = 1, identity_any = 0  [n = 32]:	loss = 1.671  exp loss = 1.813  adjusted loss = 1.813  adv prob = 0.250000   acc = 0.594
  toxicity = 1, identity_any = 1  [n = 44]:	loss = 1.626  exp loss = 1.514  adjusted loss = 1.514  adv prob = 0.250000   acc = 0.477
Average incurred loss: 0.180  
Average sample loss: 0.180  
Average acc: 0.934  
  toxicity = 0, identity_any = 0  [n = 432]:	loss = 0.033  exp loss = 0.031  adjusted loss = 0.031  adv prob = 0.250000   acc = 0.993
  toxicity = 0, identity_any = 1  [n = 283]:	loss = 0.102  exp loss = 0.046  adjusted loss = 0.046  adv prob = 0.250000   acc = 0.958
  toxicity = 1, identity_any = 0  [n = 39]:	loss = 1.152  exp loss = 1.426  adjusted loss = 1.426  adv prob = 0.250000   acc = 0.615
  toxicity = 1, identity_any = 1  [n = 46]:	loss = 1.207  exp loss = 1.520  adjusted loss = 1.520  adv prob = 0.250000   acc = 0.500
Average incurred loss: 0.178  
Average sample loss: 0.178  
Average acc: 0.939  
  toxicity = 0, identity_any = 0  [n = 459]:	loss = 0.058  exp loss = 0.055  adjusted loss = 0.055  adv prob = 0.250000   acc = 0.980
  toxicity = 0, identity_any = 1  [n = 251]:	loss = 0.069  exp loss = 0.090  adjusted loss = 0.090  adv prob = 0.250000   acc = 0.988
  toxicity = 1, identity_any = 0  [n = 39]:	loss = 0.949  exp loss = 0.807  adjusted loss = 0.807  adv prob = 0.250000   acc = 0.615
  toxicity = 1, identity_any = 1  [n = 51]:	loss = 1.201  exp loss = 1.253  adjusted loss = 1.253  adv prob = 0.250000   acc = 0.569
Average incurred loss: 0.194  
Average sample loss: 0.194  
Average acc: 0.916  
  toxicity = 0, identity_any = 0  [n = 444]:	loss = 0.032  exp loss = 0.036  adjusted loss = 0.036  adv prob = 0.250000   acc = 0.986
  toxicity = 0, identity_any = 1  [n = 273]:	loss = 0.113  exp loss = 0.106  adjusted loss = 0.106  adv prob = 0.250000   acc = 0.952
  toxicity = 1, identity_any = 0  [n = 25]:	loss = 1.500  exp loss = 1.835  adjusted loss = 1.835  adv prob = 0.250000   acc = 0.400
  toxicity = 1, identity_any = 1  [n = 58]:	loss = 1.252  exp loss = 1.160  adjusted loss = 1.160  adv prob = 0.250000   acc = 0.431
Average incurred loss: 0.172  
Average sample loss: 0.172  
Average acc: 0.935  
  toxicity = 0, identity_any = 0  [n = 432]:	loss = 0.050  exp loss = 0.058  adjusted loss = 0.058  adv prob = 0.250000   acc = 0.981
  toxicity = 0, identity_any = 1  [n = 283]:	loss = 0.071  exp loss = 0.083  adjusted loss = 0.083  adv prob = 0.250000   acc = 0.968
  toxicity = 1, identity_any = 0  [n = 28]:	loss = 0.873  exp loss = 1.145  adjusted loss = 1.145  adv prob = 0.250000   acc = 0.607
  toxicity = 1, identity_any = 1  [n = 57]:	loss = 1.257  exp loss = 1.331  adjusted loss = 1.331  adv prob = 0.250000   acc = 0.579
Average incurred loss: 0.166  
Average sample loss: 0.166  
Average acc: 0.935  
  toxicity = 0, identity_any = 0  [n = 437]:	loss = 0.031  exp loss = 0.017  adjusted loss = 0.017  adv prob = 0.250000   acc = 0.984
  toxicity = 0, identity_any = 1  [n = 281]:	loss = 0.093  exp loss = 0.053  adjusted loss = 0.053  adv prob = 0.250000   acc = 0.972
  toxicity = 1, identity_any = 0  [n = 26]:	loss = 1.782  exp loss = 1.824  adjusted loss = 1.824  adv prob = 0.250000   acc = 0.423
  toxicity = 1, identity_any = 1  [n = 56]:	loss = 0.840  exp loss = 0.907  adjusted loss = 0.907  adv prob = 0.250000   acc = 0.607
Average incurred loss: 0.188  
Average sample loss: 0.188  
Average acc: 0.930  
  toxicity = 0, identity_any = 0  [n = 433]:	loss = 0.027  exp loss = 0.042  adjusted loss = 0.042  adv prob = 0.250000   acc = 0.993
  toxicity = 0, identity_any = 1  [n = 279]:	loss = 0.100  exp loss = 0.149  adjusted loss = 0.149  adv prob = 0.250000   acc = 0.964
  toxicity = 1, identity_any = 0  [n = 35]:	loss = 0.904  exp loss = 0.847  adjusted loss = 0.847  adv prob = 0.250000   acc = 0.657
  toxicity = 1, identity_any = 1  [n = 53]:	loss = 1.501  exp loss = 1.358  adjusted loss = 1.358  adv prob = 0.250000   acc = 0.415
Average incurred loss: 0.200  
Average sample loss: 0.200  
Average acc: 0.924  
  toxicity = 0, identity_any = 0  [n = 440]:	loss = 0.043  exp loss = 0.062  adjusted loss = 0.062  adv prob = 0.250000   acc = 0.984
  toxicity = 0, identity_any = 1  [n = 262]:	loss = 0.099  exp loss = 0.138  adjusted loss = 0.138  adv prob = 0.250000   acc = 0.966
  toxicity = 1, identity_any = 0  [n = 44]:	loss = 1.100  exp loss = 1.536  adjusted loss = 1.536  adv prob = 0.250000   acc = 0.636
  toxicity = 1, identity_any = 1  [n = 54]:	loss = 1.233  exp loss = 1.272  adjusted loss = 1.272  adv prob = 0.250000   acc = 0.463
Average incurred loss: 0.204  
Average sample loss: 0.204  
Average acc: 0.925  
  toxicity = 0, identity_any = 0  [n = 444]:	loss = 0.070  exp loss = 0.039  adjusted loss = 0.039  adv prob = 0.250000   acc = 0.977
  toxicity = 0, identity_any = 1  [n = 272]:	loss = 0.100  exp loss = 0.083  adjusted loss = 0.083  adv prob = 0.250000   acc = 0.960
  toxicity = 1, identity_any = 0  [n = 40]:	loss = 1.122  exp loss = 1.520  adjusted loss = 1.520  adv prob = 0.250000   acc = 0.700
  toxicity = 1, identity_any = 1  [n = 44]:	loss = 1.362  exp loss = 1.339  adjusted loss = 1.339  adv prob = 0.250000   acc = 0.386
Average incurred loss: 0.185  
Average sample loss: 0.185  
Average acc: 0.921  
  toxicity = 0, identity_any = 0  [n = 447]:	loss = 0.037  exp loss = 0.026  adjusted loss = 0.026  adv prob = 0.250000   acc = 0.987
  toxicity = 0, identity_any = 1  [n = 265]:	loss = 0.107  exp loss = 0.123  adjusted loss = 0.123  adv prob = 0.250000   acc = 0.958
  toxicity = 1, identity_any = 0  [n = 35]:	loss = 1.058  exp loss = 1.098  adjusted loss = 1.098  adv prob = 0.250000   acc = 0.571
  toxicity = 1, identity_any = 1  [n = 53]:	loss = 1.255  exp loss = 1.293  adjusted loss = 1.293  adv prob = 0.250000   acc = 0.415
Average incurred loss: 0.191  
Average sample loss: 0.191  
Average acc: 0.926  
  toxicity = 0, identity_any = 0  [n = 443]:	loss = 0.052  exp loss = 0.036  adjusted loss = 0.036  adv prob = 0.250000   acc = 0.980
  toxicity = 0, identity_any = 1  [n = 259]:	loss = 0.131  exp loss = 0.120  adjusted loss = 0.120  adv prob = 0.250000   acc = 0.946
  toxicity = 1, identity_any = 0  [n = 46]:	loss = 1.122  exp loss = 1.157  adjusted loss = 1.157  adv prob = 0.250000   acc = 0.652
  toxicity = 1, identity_any = 1  [n = 52]:	loss = 0.858  exp loss = 0.866  adjusted loss = 0.866  adv prob = 0.250000   acc = 0.615
Average incurred loss: 0.179  
Average sample loss: 0.179  
Average acc: 0.930  
  toxicity = 0, identity_any = 0  [n = 428]:	loss = 0.025  exp loss = 0.022  adjusted loss = 0.022  adv prob = 0.250000   acc = 0.988
  toxicity = 0, identity_any = 1  [n = 297]:	loss = 0.076  exp loss = 0.063  adjusted loss = 0.063  adv prob = 0.250000   acc = 0.966
  toxicity = 1, identity_any = 0  [n = 34]:	loss = 1.817  exp loss = 1.852  adjusted loss = 1.852  adv prob = 0.250000   acc = 0.382
  toxicity = 1, identity_any = 1  [n = 41]:	loss = 1.173  exp loss = 1.491  adjusted loss = 1.491  adv prob = 0.250000   acc = 0.512
Average incurred loss: 0.227  
Average sample loss: 0.227  
Average acc: 0.921  
  toxicity = 0, identity_any = 0  [n = 430]:	loss = 0.057  exp loss = 0.072  adjusted loss = 0.072  adv prob = 0.250000   acc = 0.986
  toxicity = 0, identity_any = 1  [n = 266]:	loss = 0.118  exp loss = 0.085  adjusted loss = 0.085  adv prob = 0.250000   acc = 0.962
  toxicity = 1, identity_any = 0  [n = 42]:	loss = 1.455  exp loss = 1.917  adjusted loss = 1.917  adv prob = 0.250000   acc = 0.548
  toxicity = 1, identity_any = 1  [n = 62]:	loss = 1.041  exp loss = 0.957  adjusted loss = 0.957  adv prob = 0.250000   acc = 0.548
Average incurred loss: 0.222  
Average sample loss: 0.222  
Average acc: 0.923  
  toxicity = 0, identity_any = 0  [n = 406]:	loss = 0.056  exp loss = 0.080  adjusted loss = 0.080  adv prob = 0.250000   acc = 0.985
  toxicity = 0, identity_any = 1  [n = 293]:	loss = 0.111  exp loss = 0.106  adjusted loss = 0.106  adv prob = 0.250000   acc = 0.969
  toxicity = 1, identity_any = 0  [n = 42]:	loss = 1.066  exp loss = 1.185  adjusted loss = 1.185  adv prob = 0.250000   acc = 0.571
  toxicity = 1, identity_any = 1  [n = 59]:	loss = 1.309  exp loss = 1.047  adjusted loss = 1.047  adv prob = 0.250000   acc = 0.508
Average incurred loss: 0.178  
Average sample loss: 0.178  
Average acc: 0.923  
  toxicity = 0, identity_any = 0  [n = 438]:	loss = 0.046  exp loss = 0.040  adjusted loss = 0.040  adv prob = 0.250000   acc = 0.979
  toxicity = 0, identity_any = 1  [n = 278]:	loss = 0.102  exp loss = 0.102  adjusted loss = 0.102  adv prob = 0.250000   acc = 0.957
  toxicity = 1, identity_any = 0  [n = 35]:	loss = 0.924  exp loss = 0.883  adjusted loss = 0.883  adv prob = 0.250000   acc = 0.600
  toxicity = 1, identity_any = 1  [n = 49]:	loss = 1.261  exp loss = 1.188  adjusted loss = 1.188  adv prob = 0.250000   acc = 0.449
Average incurred loss: 0.200  
Average sample loss: 0.200  
Average acc: 0.923  
  toxicity = 0, identity_any = 0  [n = 439]:	loss = 0.021  exp loss = 0.021  adjusted loss = 0.021  adv prob = 0.250000   acc = 0.995
  toxicity = 0, identity_any = 1  [n = 274]:	loss = 0.125  exp loss = 0.097  adjusted loss = 0.097  adv prob = 0.250000   acc = 0.938
  toxicity = 1, identity_any = 0  [n = 36]:	loss = 1.294  exp loss = 1.145  adjusted loss = 1.145  adv prob = 0.250000   acc = 0.528
  toxicity = 1, identity_any = 1  [n = 51]:	loss = 1.372  exp loss = 1.525  adjusted loss = 1.525  adv prob = 0.250000   acc = 0.490
Average incurred loss: 0.163  
Average sample loss: 0.163  
Average acc: 0.936  
  toxicity = 0, identity_any = 0  [n = 447]:	loss = 0.053  exp loss = 0.053  adjusted loss = 0.053  adv prob = 0.250000   acc = 0.978
  toxicity = 0, identity_any = 1  [n = 266]:	loss = 0.058  exp loss = 0.050  adjusted loss = 0.050  adv prob = 0.250000   acc = 0.992
  toxicity = 1, identity_any = 0  [n = 29]:	loss = 0.974  exp loss = 0.725  adjusted loss = 0.725  adv prob = 0.250000   acc = 0.586
  toxicity = 1, identity_any = 1  [n = 58]:	loss = 1.093  exp loss = 0.899  adjusted loss = 0.899  adv prob = 0.250000   acc = 0.534
Average incurred loss: 0.192  
Average sample loss: 0.192  
Average acc: 0.920  
  toxicity = 0, identity_any = 0  [n = 444]:	loss = 0.036  exp loss = 0.037  adjusted loss = 0.037  adv prob = 0.250000   acc = 0.989
  toxicity = 0, identity_any = 1  [n = 267]:	loss = 0.143  exp loss = 0.116  adjusted loss = 0.116  adv prob = 0.250000   acc = 0.933
  toxicity = 1, identity_any = 0  [n = 27]:	loss = 1.117  exp loss = 1.380  adjusted loss = 1.380  adv prob = 0.250000   acc = 0.481
  toxicity = 1, identity_any = 1  [n = 62]:	loss = 1.113  exp loss = 1.055  adjusted loss = 1.055  adv prob = 0.250000   acc = 0.565
Average incurred loss: 0.183  
Average sample loss: 0.183  
Average acc: 0.928  
  toxicity = 0, identity_any = 0  [n = 424]:	loss = 0.031  exp loss = 0.045  adjusted loss = 0.045  adv prob = 0.250000   acc = 0.991
  toxicity = 0, identity_any = 1  [n = 286]:	loss = 0.093  exp loss = 0.121  adjusted loss = 0.121  adv prob = 0.250000   acc = 0.969
  toxicity = 1, identity_any = 0  [n = 33]:	loss = 1.058  exp loss = 0.821  adjusted loss = 0.821  adv prob = 0.250000   acc = 0.545
  toxicity = 1, identity_any = 1  [n = 57]:	loss = 1.261  exp loss = 1.151  adjusted loss = 1.151  adv prob = 0.250000   acc = 0.474
Average incurred loss: 0.202  
Average sample loss: 0.202  
Average acc: 0.924  
  toxicity = 0, identity_any = 0  [n = 443]:	loss = 0.023  exp loss = 0.025  adjusted loss = 0.025  adv prob = 0.250000   acc = 0.995
  toxicity = 0, identity_any = 1  [n = 277]:	loss = 0.167  exp loss = 0.189  adjusted loss = 0.189  adv prob = 0.250000   acc = 0.935
  toxicity = 1, identity_any = 0  [n = 28]:	loss = 1.561  exp loss = 1.498  adjusted loss = 1.498  adv prob = 0.250000   acc = 0.464
  toxicity = 1, identity_any = 1  [n = 52]:	loss = 1.181  exp loss = 0.977  adjusted loss = 0.977  adv prob = 0.250000   acc = 0.500
Average incurred loss: 0.205  
Average sample loss: 0.205  
Average acc: 0.908  
  toxicity = 0, identity_any = 0  [n = 422]:	loss = 0.065  exp loss = 0.054  adjusted loss = 0.054  adv prob = 0.250000   acc = 0.974
  toxicity = 0, identity_any = 1  [n = 262]:	loss = 0.138  exp loss = 0.185  adjusted loss = 0.185  adv prob = 0.250000   acc = 0.931
  toxicity = 1, identity_any = 0  [n = 40]:	loss = 0.781  exp loss = 0.866  adjusted loss = 0.866  adv prob = 0.250000   acc = 0.650
  toxicity = 1, identity_any = 1  [n = 76]:	loss = 0.916  exp loss = 1.086  adjusted loss = 1.086  adv prob = 0.250000   acc = 0.592
Average incurred loss: 0.193  
Average sample loss: 0.193  
Average acc: 0.919  
  toxicity = 0, identity_any = 0  [n = 419]:	loss = 0.060  exp loss = 0.063  adjusted loss = 0.063  adv prob = 0.250000   acc = 0.976
  toxicity = 0, identity_any = 1  [n = 296]:	loss = 0.104  exp loss = 0.083  adjusted loss = 0.083  adv prob = 0.250000   acc = 0.949
  toxicity = 1, identity_any = 0  [n = 27]:	loss = 1.468  exp loss = 1.445  adjusted loss = 1.445  adv prob = 0.250000   acc = 0.370
  toxicity = 1, identity_any = 1  [n = 58]:	loss = 1.011  exp loss = 1.021  adjusted loss = 1.021  adv prob = 0.250000   acc = 0.603
Average incurred loss: 0.228  
Average sample loss: 0.228  
Average acc: 0.901  
  toxicity = 0, identity_any = 0  [n = 409]:	loss = 0.058  exp loss = 0.057  adjusted loss = 0.057  adv prob = 0.250000   acc = 0.973
  toxicity = 0, identity_any = 1  [n = 290]:	loss = 0.135  exp loss = 0.181  adjusted loss = 0.181  adv prob = 0.250000   acc = 0.941
  toxicity = 1, identity_any = 0  [n = 36]:	loss = 1.479  exp loss = 1.523  adjusted loss = 1.523  adv prob = 0.250000   acc = 0.417
  toxicity = 1, identity_any = 1  [n = 65]:	loss = 1.012  exp loss = 1.000  adjusted loss = 1.000  adv prob = 0.250000   acc = 0.538
