




 Using bert params 







WARNING: You are using 'dfr/metadata_val_as_train.csv' instead of the default 'metadata.csv'.


Dataset: jigsaw
Shift type: confounder
Wandb: False
Project name: spurious
Target name: toxicity
Confounder names: ['identity_any']
Up weight: 0
Resume: False
Finetune: True
Normalize: False
Recalculate groups: False
Unfreeze: 0
Restart layers: 0
Minority fraction: None
Imbalance ratio: None
Fraction: 1.0
Root dir: ../datasets
Reweight groups: True
Augment data: False
Val fraction: 0.1
Loss type: group_dro
Alpha: 0.2
Generalization adjustment: 0.0
Sv dropout: 0.0
Automatic adjustment: False
Robust step size: 0.01
Joint dro alpha: 1
Use normalized loss: False
Btl: False
Hinge: False
Model: bert-base-uncased
Train from scratch: False
Pretrained path: pretrained_models/civilcomments/erm_0.9_222.pth
N epochs: 6
Batch size: 16
Lr: 1e-05
Scheduler: False
L1: 0.0
Weight decay: 0.01
Gamma: 0.1
Minimum variational weight: 0
Seed: 222
Accum: 1
Show progress: False
Log dir: results/civilcomments/erm_dfr_gdro_0.9/model_outputs_222
Log every: 50
Save step: 10
Save best: True
Save last: True
Use bert params: 1
Num folds per sweep: 5
Num sweeps: 4
Q: 0.7
Metadata csv name: dfr/metadata_val_as_train.csv
Fold: None
Metadata path: None
Aug col: None
Max grad norm: 1.0
Adam epsilon: 1e-08
Warmup steps: 0

metadata_csv_name: dfr/metadata_val_as_train.csv
Training Data...
    toxicity = 0, identity_any = 0: n = 1967
    toxicity = 0, identity_any = 1: n = 1967
    toxicity = 1, identity_any = 0: n = 1967
    toxicity = 1, identity_any = 1: n = 1967
Validation Data...
    toxicity = 0, identity_any = 0: n = 166026
    toxicity = 0, identity_any = 1: n = 108687
    toxicity = 1, identity_any = 0: n = 11940
    toxicity = 1, identity_any = 1: n = 19696
Test Data...
    toxicity = 0, identity_any = 0: n = 72372
    toxicity = 0, identity_any = 1: n = 46185
    toxicity = 1, identity_any = 0: n = 6063
    toxicity = 1, identity_any = 1: n = 9161
Training
n_classes = 2
Loading pretrained model from: pretrained_models/civilcomments/erm_0.9_222.pth
bert.embeddings.word_embeddings.weight False
bert.embeddings.position_embeddings.weight False
bert.embeddings.token_type_embeddings.weight False
bert.embeddings.LayerNorm.weight False
bert.embeddings.LayerNorm.bias False
bert.encoder.layer.0.attention.self.query.weight False
bert.encoder.layer.0.attention.self.query.bias False
bert.encoder.layer.0.attention.self.key.weight False
bert.encoder.layer.0.attention.self.key.bias False
bert.encoder.layer.0.attention.self.value.weight False
bert.encoder.layer.0.attention.self.value.bias False
bert.encoder.layer.0.attention.output.dense.weight False
bert.encoder.layer.0.attention.output.dense.bias False
bert.encoder.layer.0.attention.output.LayerNorm.weight False
bert.encoder.layer.0.attention.output.LayerNorm.bias False
bert.encoder.layer.0.intermediate.dense.weight False
bert.encoder.layer.0.intermediate.dense.bias False
bert.encoder.layer.0.output.dense.weight False
bert.encoder.layer.0.output.dense.bias False
bert.encoder.layer.0.output.LayerNorm.weight False
bert.encoder.layer.0.output.LayerNorm.bias False
bert.encoder.layer.1.attention.self.query.weight False
bert.encoder.layer.1.attention.self.query.bias False
bert.encoder.layer.1.attention.self.key.weight False
bert.encoder.layer.1.attention.self.key.bias False
bert.encoder.layer.1.attention.self.value.weight False
bert.encoder.layer.1.attention.self.value.bias False
bert.encoder.layer.1.attention.output.dense.weight False
bert.encoder.layer.1.attention.output.dense.bias False
bert.encoder.layer.1.attention.output.LayerNorm.weight False
bert.encoder.layer.1.attention.output.LayerNorm.bias False
bert.encoder.layer.1.intermediate.dense.weight False
bert.encoder.layer.1.intermediate.dense.bias False
bert.encoder.layer.1.output.dense.weight False
bert.encoder.layer.1.output.dense.bias False
bert.encoder.layer.1.output.LayerNorm.weight False
bert.encoder.layer.1.output.LayerNorm.bias False
bert.encoder.layer.2.attention.self.query.weight False
bert.encoder.layer.2.attention.self.query.bias False
bert.encoder.layer.2.attention.self.key.weight False
bert.encoder.layer.2.attention.self.key.bias False
bert.encoder.layer.2.attention.self.value.weight False
bert.encoder.layer.2.attention.self.value.bias False
bert.encoder.layer.2.attention.output.dense.weight False
bert.encoder.layer.2.attention.output.dense.bias False
bert.encoder.layer.2.attention.output.LayerNorm.weight False
bert.encoder.layer.2.attention.output.LayerNorm.bias False
bert.encoder.layer.2.intermediate.dense.weight False
bert.encoder.layer.2.intermediate.dense.bias False
bert.encoder.layer.2.output.dense.weight False
bert.encoder.layer.2.output.dense.bias False
bert.encoder.layer.2.output.LayerNorm.weight False
bert.encoder.layer.2.output.LayerNorm.bias False
bert.encoder.layer.3.attention.self.query.weight False
bert.encoder.layer.3.attention.self.query.bias False
bert.encoder.layer.3.attention.self.key.weight False
bert.encoder.layer.3.attention.self.key.bias False
bert.encoder.layer.3.attention.self.value.weight False
bert.encoder.layer.3.attention.self.value.bias False
bert.encoder.layer.3.attention.output.dense.weight False
bert.encoder.layer.3.attention.output.dense.bias False
bert.encoder.layer.3.attention.output.LayerNorm.weight False
bert.encoder.layer.3.attention.output.LayerNorm.bias False
bert.encoder.layer.3.intermediate.dense.weight False
bert.encoder.layer.3.intermediate.dense.bias False
bert.encoder.layer.3.output.dense.weight False
bert.encoder.layer.3.output.dense.bias False
bert.encoder.layer.3.output.LayerNorm.weight False
bert.encoder.layer.3.output.LayerNorm.bias False
bert.encoder.layer.4.attention.self.query.weight False
bert.encoder.layer.4.attention.self.query.bias False
bert.encoder.layer.4.attention.self.key.weight False
bert.encoder.layer.4.attention.self.key.bias False
bert.encoder.layer.4.attention.self.value.weight False
bert.encoder.layer.4.attention.self.value.bias False
bert.encoder.layer.4.attention.output.dense.weight False
bert.encoder.layer.4.attention.output.dense.bias False
bert.encoder.layer.4.attention.output.LayerNorm.weight False
bert.encoder.layer.4.attention.output.LayerNorm.bias False
bert.encoder.layer.4.intermediate.dense.weight False
bert.encoder.layer.4.intermediate.dense.bias False
bert.encoder.layer.4.output.dense.weight False
bert.encoder.layer.4.output.dense.bias False
bert.encoder.layer.4.output.LayerNorm.weight False
bert.encoder.layer.4.output.LayerNorm.bias False
bert.encoder.layer.5.attention.self.query.weight False
bert.encoder.layer.5.attention.self.query.bias False
bert.encoder.layer.5.attention.self.key.weight False
bert.encoder.layer.5.attention.self.key.bias False
bert.encoder.layer.5.attention.self.value.weight False
bert.encoder.layer.5.attention.self.value.bias False
bert.encoder.layer.5.attention.output.dense.weight False
bert.encoder.layer.5.attention.output.dense.bias False
bert.encoder.layer.5.attention.output.LayerNorm.weight False
bert.encoder.layer.5.attention.output.LayerNorm.bias False
bert.encoder.layer.5.intermediate.dense.weight False
bert.encoder.layer.5.intermediate.dense.bias False
bert.encoder.layer.5.output.dense.weight False
bert.encoder.layer.5.output.dense.bias False
bert.encoder.layer.5.output.LayerNorm.weight False
bert.encoder.layer.5.output.LayerNorm.bias False
bert.encoder.layer.6.attention.self.query.weight False
bert.encoder.layer.6.attention.self.query.bias False
bert.encoder.layer.6.attention.self.key.weight False
bert.encoder.layer.6.attention.self.key.bias False
bert.encoder.layer.6.attention.self.value.weight False
bert.encoder.layer.6.attention.self.value.bias False
bert.encoder.layer.6.attention.output.dense.weight False
bert.encoder.layer.6.attention.output.dense.bias False
bert.encoder.layer.6.attention.output.LayerNorm.weight False
bert.encoder.layer.6.attention.output.LayerNorm.bias False
bert.encoder.layer.6.intermediate.dense.weight False
bert.encoder.layer.6.intermediate.dense.bias False
bert.encoder.layer.6.output.dense.weight False
bert.encoder.layer.6.output.dense.bias False
bert.encoder.layer.6.output.LayerNorm.weight False
bert.encoder.layer.6.output.LayerNorm.bias False
bert.encoder.layer.7.attention.self.query.weight False
bert.encoder.layer.7.attention.self.query.bias False
bert.encoder.layer.7.attention.self.key.weight False
bert.encoder.layer.7.attention.self.key.bias False
bert.encoder.layer.7.attention.self.value.weight False
bert.encoder.layer.7.attention.self.value.bias False
bert.encoder.layer.7.attention.output.dense.weight False
bert.encoder.layer.7.attention.output.dense.bias False
bert.encoder.layer.7.attention.output.LayerNorm.weight False
bert.encoder.layer.7.attention.output.LayerNorm.bias False
bert.encoder.layer.7.intermediate.dense.weight False
bert.encoder.layer.7.intermediate.dense.bias False
bert.encoder.layer.7.output.dense.weight False
bert.encoder.layer.7.output.dense.bias False
bert.encoder.layer.7.output.LayerNorm.weight False
bert.encoder.layer.7.output.LayerNorm.bias False
bert.encoder.layer.8.attention.self.query.weight False
bert.encoder.layer.8.attention.self.query.bias False
bert.encoder.layer.8.attention.self.key.weight False
bert.encoder.layer.8.attention.self.key.bias False
bert.encoder.layer.8.attention.self.value.weight False
bert.encoder.layer.8.attention.self.value.bias False
bert.encoder.layer.8.attention.output.dense.weight False
bert.encoder.layer.8.attention.output.dense.bias False
bert.encoder.layer.8.attention.output.LayerNorm.weight False
bert.encoder.layer.8.attention.output.LayerNorm.bias False
bert.encoder.layer.8.intermediate.dense.weight False
bert.encoder.layer.8.intermediate.dense.bias False
bert.encoder.layer.8.output.dense.weight False
bert.encoder.layer.8.output.dense.bias False
bert.encoder.layer.8.output.LayerNorm.weight False
bert.encoder.layer.8.output.LayerNorm.bias False
bert.encoder.layer.9.attention.self.query.weight False
bert.encoder.layer.9.attention.self.query.bias False
bert.encoder.layer.9.attention.self.key.weight False
bert.encoder.layer.9.attention.self.key.bias False
bert.encoder.layer.9.attention.self.value.weight False
bert.encoder.layer.9.attention.self.value.bias False
bert.encoder.layer.9.attention.output.dense.weight False
bert.encoder.layer.9.attention.output.dense.bias False
bert.encoder.layer.9.attention.output.LayerNorm.weight False
bert.encoder.layer.9.attention.output.LayerNorm.bias False
bert.encoder.layer.9.intermediate.dense.weight False
bert.encoder.layer.9.intermediate.dense.bias False
bert.encoder.layer.9.output.dense.weight False
bert.encoder.layer.9.output.dense.bias False
bert.encoder.layer.9.output.LayerNorm.weight False
bert.encoder.layer.9.output.LayerNorm.bias False
bert.encoder.layer.10.attention.self.query.weight False
bert.encoder.layer.10.attention.self.query.bias False
bert.encoder.layer.10.attention.self.key.weight False
bert.encoder.layer.10.attention.self.key.bias False
bert.encoder.layer.10.attention.self.value.weight False
bert.encoder.layer.10.attention.self.value.bias False
bert.encoder.layer.10.attention.output.dense.weight False
bert.encoder.layer.10.attention.output.dense.bias False
bert.encoder.layer.10.attention.output.LayerNorm.weight False
bert.encoder.layer.10.attention.output.LayerNorm.bias False
bert.encoder.layer.10.intermediate.dense.weight False
bert.encoder.layer.10.intermediate.dense.bias False
bert.encoder.layer.10.output.dense.weight False
bert.encoder.layer.10.output.dense.bias False
bert.encoder.layer.10.output.LayerNorm.weight False
bert.encoder.layer.10.output.LayerNorm.bias False
bert.encoder.layer.11.attention.self.query.weight False
bert.encoder.layer.11.attention.self.query.bias False
bert.encoder.layer.11.attention.self.key.weight False
bert.encoder.layer.11.attention.self.key.bias False
bert.encoder.layer.11.attention.self.value.weight False
bert.encoder.layer.11.attention.self.value.bias False
bert.encoder.layer.11.attention.output.dense.weight False
bert.encoder.layer.11.attention.output.dense.bias False
bert.encoder.layer.11.attention.output.LayerNorm.weight False
bert.encoder.layer.11.attention.output.LayerNorm.bias False
bert.encoder.layer.11.intermediate.dense.weight False
bert.encoder.layer.11.intermediate.dense.bias False
bert.encoder.layer.11.output.dense.weight False
bert.encoder.layer.11.output.dense.bias False
bert.encoder.layer.11.output.LayerNorm.weight False
bert.encoder.layer.11.output.LayerNorm.bias False
bert.pooler.dense.weight False
bert.pooler.dense.bias False
classifier.weight True
classifier.bias True

t_total is 2952


Epoch [0]:
Training:
Average incurred loss: 0.672  
Average sample loss: 0.794  
Average acc: 0.774  
  toxicity = 0, identity_any = 0  [n = 210]:	loss = 0.021  exp loss = 0.018  adjusted loss = 0.018  adv prob = 0.170472   acc = 0.995
  toxicity = 0, identity_any = 1  [n = 195]:	loss = 0.067  exp loss = 0.077  adjusted loss = 0.077  adv prob = 0.174493   acc = 0.979
  toxicity = 1, identity_any = 0  [n = 212]:	loss = 1.469  exp loss = 1.657  adjusted loss = 1.657  adv prob = 0.351063   acc = 0.566
  toxicity = 1, identity_any = 1  [n = 183]:	loss = 1.142  exp loss = 1.157  adjusted loss = 1.157  adv prob = 0.303972   acc = 0.541
Average incurred loss: 0.629  
Average sample loss: 0.930  
Average acc: 0.793  
  toxicity = 0, identity_any = 0  [n = 213]:	loss = 0.038  exp loss = 0.022  adjusted loss = 0.022  adv prob = 0.109420   acc = 0.981
  toxicity = 0, identity_any = 1  [n = 217]:	loss = 0.041  exp loss = 0.036  adjusted loss = 0.036  adv prob = 0.111832   acc = 0.991
  toxicity = 1, identity_any = 0  [n = 168]:	loss = 1.034  exp loss = 1.082  adjusted loss = 1.082  adv prob = 0.374646   acc = 0.673
  toxicity = 1, identity_any = 1  [n = 202]:	loss = 1.546  exp loss = 1.522  adjusted loss = 1.522  adv prob = 0.404103   acc = 0.480
Average incurred loss: 0.687  
Average sample loss: 1.094  
Average acc: 0.745  
  toxicity = 0, identity_any = 0  [n = 190]:	loss = 0.022  exp loss = 0.014  adjusted loss = 0.014  adv prob = 0.064189   acc = 0.995
  toxicity = 0, identity_any = 1  [n = 209]:	loss = 0.099  exp loss = 0.151  adjusted loss = 0.151  adv prob = 0.067964   acc = 0.952
  toxicity = 1, identity_any = 0  [n = 198]:	loss = 1.273  exp loss = 1.070  adjusted loss = 1.070  adv prob = 0.404930   acc = 0.556
  toxicity = 1, identity_any = 1  [n = 203]:	loss = 1.345  exp loss = 1.425  adjusted loss = 1.425  adv prob = 0.462917   acc = 0.483
Average incurred loss: 0.588  
Average sample loss: 1.016  
Average acc: 0.763  
  toxicity = 0, identity_any = 0  [n = 189]:	loss = 0.036  exp loss = 0.011  adjusted loss = 0.011  adv prob = 0.039212   acc = 0.979
  toxicity = 0, identity_any = 1  [n = 205]:	loss = 0.088  exp loss = 0.128  adjusted loss = 0.128  adv prob = 0.042723   acc = 0.966
  toxicity = 1, identity_any = 0  [n = 197]:	loss = 1.220  exp loss = 1.159  adjusted loss = 1.159  adv prob = 0.467907   acc = 0.548
  toxicity = 1, identity_any = 1  [n = 209]:	loss = 0.982  exp loss = 1.029  adjusted loss = 1.029  adv prob = 0.450157   acc = 0.569
Average incurred loss: 0.560  
Average sample loss: 0.963  
Average acc: 0.778  
  toxicity = 0, identity_any = 0  [n = 204]:	loss = 0.060  exp loss = 0.030  adjusted loss = 0.030  adv prob = 0.025071   acc = 0.975
  toxicity = 0, identity_any = 1  [n = 196]:	loss = 0.100  exp loss = 0.124  adjusted loss = 0.124  adv prob = 0.027848   acc = 0.954
  toxicity = 1, identity_any = 0  [n = 188]:	loss = 1.043  exp loss = 1.256  adjusted loss = 1.256  adv prob = 0.483044   acc = 0.644
  toxicity = 1, identity_any = 1  [n = 212]:	loss = 1.037  exp loss = 0.851  adjusted loss = 0.851  adv prob = 0.464038   acc = 0.542
Average incurred loss: 0.525  
Average sample loss: 0.953  
Average acc: 0.801  
  toxicity = 0, identity_any = 0  [n = 218]:	loss = 0.070  exp loss = 0.061  adjusted loss = 0.061  adv prob = 0.015999   acc = 0.977
  toxicity = 0, identity_any = 1  [n = 197]:	loss = 0.073  exp loss = 0.099  adjusted loss = 0.099  adv prob = 0.017858   acc = 0.975
  toxicity = 1, identity_any = 0  [n = 175]:	loss = 1.007  exp loss = 1.162  adjusted loss = 1.162  adv prob = 0.491352   acc = 0.646
  toxicity = 1, identity_any = 1  [n = 210]:	loss = 1.019  exp loss = 0.815  adjusted loss = 0.815  adv prob = 0.474792   acc = 0.586
Average incurred loss: 0.487  
Average sample loss: 0.855  
Average acc: 0.795  
  toxicity = 0, identity_any = 0  [n = 194]:	loss = 0.060  exp loss = 0.032  adjusted loss = 0.032  adv prob = 0.010706   acc = 0.979
  toxicity = 0, identity_any = 1  [n = 225]:	loss = 0.139  exp loss = 0.158  adjusted loss = 0.158  adv prob = 0.012462   acc = 0.938
  toxicity = 1, identity_any = 0  [n = 189]:	loss = 0.913  exp loss = 0.796  adjusted loss = 0.796  adv prob = 0.500840   acc = 0.635
  toxicity = 1, identity_any = 1  [n = 192]:	loss = 0.908  exp loss = 1.069  adjusted loss = 1.069  adv prob = 0.475992   acc = 0.599
Average incurred loss: 0.462  
Average sample loss: 0.778  
Average acc: 0.812  
  toxicity = 0, identity_any = 0  [n = 188]:	loss = 0.054  exp loss = 0.029  adjusted loss = 0.029  adv prob = 0.007449   acc = 0.984
  toxicity = 0, identity_any = 1  [n = 222]:	loss = 0.177  exp loss = 0.158  adjusted loss = 0.158  adv prob = 0.009205   acc = 0.923
  toxicity = 1, identity_any = 0  [n = 200]:	loss = 0.971  exp loss = 0.964  adjusted loss = 0.964  adv prob = 0.538240   acc = 0.655
  toxicity = 1, identity_any = 1  [n = 190]:	loss = 0.663  exp loss = 0.585  adjusted loss = 0.585  adv prob = 0.445106   acc = 0.679
Average incurred loss: 0.425  
Average sample loss: 0.729  
Average acc: 0.810  
  toxicity = 0, identity_any = 0  [n = 186]:	loss = 0.049  exp loss = 0.028  adjusted loss = 0.028  adv prob = 0.005283   acc = 0.984
  toxicity = 0, identity_any = 1  [n = 210]:	loss = 0.148  exp loss = 0.167  adjusted loss = 0.167  adv prob = 0.006822   acc = 0.938
  toxicity = 1, identity_any = 0  [n = 206]:	loss = 0.819  exp loss = 0.920  adjusted loss = 0.920  adv prob = 0.558188   acc = 0.680
  toxicity = 1, identity_any = 1  [n = 198]:	loss = 0.663  exp loss = 0.510  adjusted loss = 0.510  adv prob = 0.429707   acc = 0.646
Average incurred loss: 0.428  
Average sample loss: 0.691  
Average acc: 0.793  
  toxicity = 0, identity_any = 0  [n = 171]:	loss = 0.056  exp loss = 0.041  adjusted loss = 0.041  adv prob = 0.004056   acc = 0.971
  toxicity = 0, identity_any = 1  [n = 160]:	loss = 0.212  exp loss = 0.254  adjusted loss = 0.254  adv prob = 0.005636   acc = 0.894
  toxicity = 1, identity_any = 0  [n = 165]:	loss = 0.691  exp loss = 0.665  adjusted loss = 0.665  adv prob = 0.549837   acc = 0.703
  toxicity = 1, identity_any = 1  [n = 172]:	loss = 0.748  exp loss = 0.724  adjusted loss = 0.724  adv prob = 0.440471   acc = 0.610

Validation:
Average incurred loss: 0.128  
Average sample loss: 0.148  
Average acc: 0.952  
  toxicity = 0, identity_any = 0  [n = 166026]:	loss = 0.056  exp loss = 0.395  adjusted loss = 0.395  adv prob = 0.000001   acc = 0.981
  toxicity = 0, identity_any = 1  [n = 108687]:	loss = 0.180  exp loss = 0.446  adjusted loss = 0.446  adv prob = 0.999999   acc = 0.934
  toxicity = 1, identity_any = 0  [n = 11940]:	loss = 0.312  exp loss = 0.242  adjusted loss = 0.242  adv prob = 0.000000   acc = 0.875
  toxicity = 1, identity_any = 1  [n = 19696]:	loss = 0.348  exp loss = 0.301  adjusted loss = 0.301  adv prob = 0.000000   acc = 0.847
Current lr: 0.000008
Current lr: 0.000008
Current validation accuracy: 0.8469234704971313
Best model saved at epoch 0


Epoch [1]:
Training:
Average incurred loss: 0.414  
Average sample loss: 0.754  
Average acc: 0.806  
  toxicity = 0, identity_any = 0  [n = 208]:	loss = 0.048  exp loss = 0.065  adjusted loss = 0.065  adv prob = 0.002848   acc = 0.981
  toxicity = 0, identity_any = 1  [n = 190]:	loss = 0.226  exp loss = 0.206  adjusted loss = 0.206  adv prob = 0.004297   acc = 0.895
  toxicity = 1, identity_any = 0  [n = 222]:	loss = 0.645  exp loss = 0.885  adjusted loss = 0.885  adv prob = 0.546739   acc = 0.707
  toxicity = 1, identity_any = 1  [n = 180]:	loss = 0.752  exp loss = 0.687  adjusted loss = 0.687  adv prob = 0.446116   acc = 0.633
Average incurred loss: 0.333  
Average sample loss: 0.513  
Average acc: 0.846  
  toxicity = 0, identity_any = 0  [n = 210]:	loss = 0.096  exp loss = 0.108  adjusted loss = 0.108  adv prob = 0.002339   acc = 0.962
  toxicity = 0, identity_any = 1  [n = 214]:	loss = 0.214  exp loss = 0.241  adjusted loss = 0.241  adv prob = 0.003694   acc = 0.902
  toxicity = 1, identity_any = 0  [n = 179]:	loss = 0.515  exp loss = 0.487  adjusted loss = 0.487  adv prob = 0.533354   acc = 0.788
  toxicity = 1, identity_any = 1  [n = 197]:	loss = 0.550  exp loss = 0.596  adjusted loss = 0.596  adv prob = 0.460614   acc = 0.716
Average incurred loss: 0.391  
Average sample loss: 0.656  
Average acc: 0.841  
  toxicity = 0, identity_any = 0  [n = 194]:	loss = 0.089  exp loss = 0.115  adjusted loss = 0.115  adv prob = 0.001778   acc = 0.948
  toxicity = 0, identity_any = 1  [n = 206]:	loss = 0.218  exp loss = 0.278  adjusted loss = 0.278  adv prob = 0.002963   acc = 0.893
  toxicity = 1, identity_any = 0  [n = 190]:	loss = 0.714  exp loss = 0.683  adjusted loss = 0.683  adv prob = 0.561805   acc = 0.747
  toxicity = 1, identity_any = 1  [n = 210]:	loss = 0.549  exp loss = 0.454  adjusted loss = 0.454  adv prob = 0.433454   acc = 0.776
Average incurred loss: 0.386  
Average sample loss: 0.568  
Average acc: 0.831  
  toxicity = 0, identity_any = 0  [n = 215]:	loss = 0.086  exp loss = 0.062  adjusted loss = 0.062  adv prob = 0.001393   acc = 0.958
  toxicity = 0, identity_any = 1  [n = 183]:	loss = 0.351  exp loss = 0.274  adjusted loss = 0.274  adv prob = 0.002605   acc = 0.825
  toxicity = 1, identity_any = 0  [n = 195]:	loss = 0.634  exp loss = 0.665  adjusted loss = 0.665  adv prob = 0.585156   acc = 0.769
  toxicity = 1, identity_any = 1  [n = 207]:	loss = 0.494  exp loss = 0.482  adjusted loss = 0.482  adv prob = 0.410847   acc = 0.763
Average incurred loss: 0.386  
Average sample loss: 0.565  
Average acc: 0.839  
  toxicity = 0, identity_any = 0  [n = 180]:	loss = 0.123  exp loss = 0.115  adjusted loss = 0.115  adv prob = 0.001110   acc = 0.922
  toxicity = 0, identity_any = 1  [n = 199]:	loss = 0.265  exp loss = 0.201  adjusted loss = 0.201  adv prob = 0.002222   acc = 0.884
  toxicity = 1, identity_any = 0  [n = 201]:	loss = 0.573  exp loss = 0.429  adjusted loss = 0.429  adv prob = 0.593358   acc = 0.761
  toxicity = 1, identity_any = 1  [n = 220]:	loss = 0.539  exp loss = 0.408  adjusted loss = 0.408  adv prob = 0.403311   acc = 0.800
Average incurred loss: 0.345  
Average sample loss: 0.498  
Average acc: 0.870  
  toxicity = 0, identity_any = 0  [n = 193]:	loss = 0.082  exp loss = 0.084  adjusted loss = 0.084  adv prob = 0.000897   acc = 0.959
  toxicity = 0, identity_any = 1  [n = 210]:	loss = 0.303  exp loss = 0.368  adjusted loss = 0.368  adv prob = 0.002055   acc = 0.843
  toxicity = 1, identity_any = 0  [n = 190]:	loss = 0.575  exp loss = 0.465  adjusted loss = 0.465  adv prob = 0.612292   acc = 0.832
  toxicity = 1, identity_any = 1  [n = 207]:	loss = 0.420  exp loss = 0.362  adjusted loss = 0.362  adv prob = 0.384756   acc = 0.850
Average incurred loss: 0.314  
Average sample loss: 0.398  
Average acc: 0.852  
  toxicity = 0, identity_any = 0  [n = 230]:	loss = 0.117  exp loss = 0.168  adjusted loss = 0.168  adv prob = 0.000781   acc = 0.943
  toxicity = 0, identity_any = 1  [n = 198]:	loss = 0.375  exp loss = 0.387  adjusted loss = 0.387  adv prob = 0.002060   acc = 0.788
  toxicity = 1, identity_any = 0  [n = 197]:	loss = 0.377  exp loss = 0.343  adjusted loss = 0.343  adv prob = 0.608920   acc = 0.817
  toxicity = 1, identity_any = 1  [n = 175]:	loss = 0.436  exp loss = 0.431  adjusted loss = 0.431  adv prob = 0.388240   acc = 0.846
Average incurred loss: 0.326  
Average sample loss: 0.395  
Average acc: 0.854  
  toxicity = 0, identity_any = 0  [n = 203]:	loss = 0.127  exp loss = 0.140  adjusted loss = 0.140  adv prob = 0.000687   acc = 0.936
  toxicity = 0, identity_any = 1  [n = 183]:	loss = 0.398  exp loss = 0.470  adjusted loss = 0.470  adv prob = 0.002091   acc = 0.743
  toxicity = 1, identity_any = 0  [n = 197]:	loss = 0.420  exp loss = 0.462  adjusted loss = 0.462  adv prob = 0.615711   acc = 0.832
  toxicity = 1, identity_any = 1  [n = 217]:	loss = 0.367  exp loss = 0.350  adjusted loss = 0.350  adv prob = 0.381511   acc = 0.889
Average incurred loss: 0.315  
Average sample loss: 0.408  
Average acc: 0.885  
  toxicity = 0, identity_any = 0  [n = 175]:	loss = 0.103  exp loss = 0.099  adjusted loss = 0.099  adv prob = 0.000597   acc = 0.943
  toxicity = 0, identity_any = 1  [n = 202]:	loss = 0.379  exp loss = 0.558  adjusted loss = 0.558  adv prob = 0.002105   acc = 0.807
  toxicity = 1, identity_any = 0  [n = 219]:	loss = 0.384  exp loss = 0.674  adjusted loss = 0.674  adv prob = 0.620003   acc = 0.895
  toxicity = 1, identity_any = 1  [n = 204]:	loss = 0.361  exp loss = 0.325  adjusted loss = 0.325  adv prob = 0.377296   acc = 0.902
Average incurred loss: 0.326  
Average sample loss: 0.364  
Average acc: 0.856  
  toxicity = 0, identity_any = 0  [n = 140]:	loss = 0.108  exp loss = 0.096  adjusted loss = 0.096  adv prob = 0.000539   acc = 0.936
  toxicity = 0, identity_any = 1  [n = 168]:	loss = 0.414  exp loss = 0.463  adjusted loss = 0.463  adv prob = 0.002189   acc = 0.738
  toxicity = 1, identity_any = 0  [n = 183]:	loss = 0.343  exp loss = 0.499  adjusted loss = 0.499  adv prob = 0.616803   acc = 0.880
  toxicity = 1, identity_any = 1  [n = 177]:	loss = 0.396  exp loss = 0.353  adjusted loss = 0.353  adv prob = 0.380469   acc = 0.881

Validation:
Average incurred loss: 0.254  
Average sample loss: 0.380  
Average acc: 0.852  
  toxicity = 0, identity_any = 0  [n = 166026]:	loss = 0.141  exp loss = 0.897  adjusted loss = 0.897  adv prob = 0.000000   acc = 0.922
  toxicity = 0, identity_any = 1  [n = 108687]:	loss = 0.451  exp loss = 0.973  adjusted loss = 0.973  adv prob = 1.000000   acc = 0.709
  toxicity = 1, identity_any = 0  [n = 11940]:	loss = 0.174  exp loss = 0.145  adjusted loss = 0.145  adv prob = 0.000000   acc = 0.970
  toxicity = 1, identity_any = 1  [n = 19696]:	loss = 0.172  exp loss = 0.158  adjusted loss = 0.158  adv prob = 0.000000   acc = 0.979
Current lr: 0.000007
Current lr: 0.000007
Current validation accuracy: 0.7093099355697632


Epoch [2]:
Training:
Average incurred loss: 0.339  
Average sample loss: 0.407  
Average acc: 0.865  
  toxicity = 0, identity_any = 0  [n = 213]:	loss = 0.183  exp loss = 0.268  adjusted loss = 0.268  adv prob = 0.000484   acc = 0.901
  toxicity = 0, identity_any = 1  [n = 192]:	loss = 0.423  exp loss = 0.461  adjusted loss = 0.461  adv prob = 0.002222   acc = 0.740
  toxicity = 1, identity_any = 0  [n = 194]:	loss = 0.458  exp loss = 0.557  adjusted loss = 0.557  adv prob = 0.635589   acc = 0.887
  toxicity = 1, identity_any = 1  [n = 201]:	loss = 0.310  exp loss = 0.290  adjusted loss = 0.290  adv prob = 0.361705   acc = 0.925
Average incurred loss: 0.338  
Average sample loss: 0.411  
Average acc: 0.862  
  toxicity = 0, identity_any = 0  [n = 226]:	loss = 0.132  exp loss = 0.127  adjusted loss = 0.127  adv prob = 0.000423   acc = 0.942
  toxicity = 0, identity_any = 1  [n = 185]:	loss = 0.488  exp loss = 0.441  adjusted loss = 0.441  adv prob = 0.002327   acc = 0.708
  toxicity = 1, identity_any = 0  [n = 213]:	loss = 0.436  exp loss = 0.390  adjusted loss = 0.390  adv prob = 0.657505   acc = 0.854
  toxicity = 1, identity_any = 1  [n = 176]:	loss = 0.329  exp loss = 0.237  adjusted loss = 0.237  adv prob = 0.339746   acc = 0.932
Average incurred loss: 0.285  
Average sample loss: 0.253  
Average acc: 0.864  
  toxicity = 0, identity_any = 0  [n = 232]:	loss = 0.158  exp loss = 0.134  adjusted loss = 0.134  adv prob = 0.000400   acc = 0.918
  toxicity = 0, identity_any = 1  [n = 198]:	loss = 0.483  exp loss = 0.437  adjusted loss = 0.437  adv prob = 0.002595   acc = 0.677
  toxicity = 1, identity_any = 0  [n = 162]:	loss = 0.258  exp loss = 0.265  adjusted loss = 0.265  adv prob = 0.658210   acc = 0.920
  toxicity = 1, identity_any = 1  [n = 208]:	loss = 0.262  exp loss = 0.214  adjusted loss = 0.214  adv prob = 0.338795   acc = 0.938
Average incurred loss: 0.313  
Average sample loss: 0.290  
Average acc: 0.879  
  toxicity = 0, identity_any = 0  [n = 212]:	loss = 0.156  exp loss = 0.144  adjusted loss = 0.144  adv prob = 0.000372   acc = 0.920
  toxicity = 0, identity_any = 1  [n = 187]:	loss = 0.532  exp loss = 0.463  adjusted loss = 0.463  adv prob = 0.002909   acc = 0.722
  toxicity = 1, identity_any = 0  [n = 194]:	loss = 0.356  exp loss = 0.222  adjusted loss = 0.222  adv prob = 0.668576   acc = 0.902
  toxicity = 1, identity_any = 1  [n = 207]:	loss = 0.235  exp loss = 0.201  adjusted loss = 0.201  adv prob = 0.328143   acc = 0.957
Average incurred loss: 0.357  
Average sample loss: 0.321  
Average acc: 0.835  
  toxicity = 0, identity_any = 0  [n = 203]:	loss = 0.193  exp loss = 0.179  adjusted loss = 0.179  adv prob = 0.000346   acc = 0.887
  toxicity = 0, identity_any = 1  [n = 213]:	loss = 0.590  exp loss = 0.525  adjusted loss = 0.525  adv prob = 0.003349   acc = 0.643
  toxicity = 1, identity_any = 0  [n = 176]:	loss = 0.331  exp loss = 0.220  adjusted loss = 0.220  adv prob = 0.674948   acc = 0.892
  toxicity = 1, identity_any = 1  [n = 208]:	loss = 0.299  exp loss = 0.194  adjusted loss = 0.194  adv prob = 0.321357   acc = 0.933
Average incurred loss: 0.365  
Average sample loss: 0.275  
Average acc: 0.827  
  toxicity = 0, identity_any = 0  [n = 202]:	loss = 0.239  exp loss = 0.196  adjusted loss = 0.196  adv prob = 0.000338   acc = 0.881
  toxicity = 0, identity_any = 1  [n = 225]:	loss = 0.657  exp loss = 0.651  adjusted loss = 0.651  adv prob = 0.004123   acc = 0.596
  toxicity = 1, identity_any = 0  [n = 197]:	loss = 0.297  exp loss = 0.244  adjusted loss = 0.244  adv prob = 0.680738   acc = 0.934
  toxicity = 1, identity_any = 1  [n = 176]:	loss = 0.214  exp loss = 0.296  adjusted loss = 0.296  adv prob = 0.314801   acc = 0.943
Average incurred loss: 0.347  
Average sample loss: 0.249  
Average acc: 0.846  
  toxicity = 0, identity_any = 0  [n = 216]:	loss = 0.229  exp loss = 0.277  adjusted loss = 0.277  adv prob = 0.000330   acc = 0.884
  toxicity = 0, identity_any = 1  [n = 207]:	loss = 0.677  exp loss = 0.641  adjusted loss = 0.641  adv prob = 0.004972   acc = 0.618
  toxicity = 1, identity_any = 0  [n = 208]:	loss = 0.296  exp loss = 0.252  adjusted loss = 0.252  adv prob = 0.693709   acc = 0.918
  toxicity = 1, identity_any = 1  [n = 169]:	loss = 0.159  exp loss = 0.146  adjusted loss = 0.146  adv prob = 0.300989   acc = 0.988
Average incurred loss: 0.347  
Average sample loss: 0.258  
Average acc: 0.836  
  toxicity = 0, identity_any = 0  [n = 215]:	loss = 0.314  exp loss = 0.254  adjusted loss = 0.254  adv prob = 0.000345   acc = 0.828
  toxicity = 0, identity_any = 1  [n = 190]:	loss = 0.619  exp loss = 0.607  adjusted loss = 0.607  adv prob = 0.005726   acc = 0.616
  toxicity = 1, identity_any = 0  [n = 205]:	loss = 0.273  exp loss = 0.292  adjusted loss = 0.292  adv prob = 0.700652   acc = 0.927
  toxicity = 1, identity_any = 1  [n = 190]:	loss = 0.194  exp loss = 0.180  adjusted loss = 0.180  adv prob = 0.293276   acc = 0.968
Average incurred loss: 0.364  
Average sample loss: 0.210  
Average acc: 0.839  
  toxicity = 0, identity_any = 0  [n = 192]:	loss = 0.256  exp loss = 0.343  adjusted loss = 0.343  adv prob = 0.000354   acc = 0.870
  toxicity = 0, identity_any = 1  [n = 209]:	loss = 0.760  exp loss = 0.738  adjusted loss = 0.738  adv prob = 0.007733   acc = 0.574
  toxicity = 1, identity_any = 0  [n = 194]:	loss = 0.243  exp loss = 0.184  adjusted loss = 0.184  adv prob = 0.705718   acc = 0.938
  toxicity = 1, identity_any = 1  [n = 205]:	loss = 0.176  exp loss = 0.179  adjusted loss = 0.179  adv prob = 0.286195   acc = 0.985
Average incurred loss: 0.361  
Average sample loss: 0.252  
Average acc: 0.838  
  toxicity = 0, identity_any = 0  [n = 162]:	loss = 0.232  exp loss = 0.143  adjusted loss = 0.143  adv prob = 0.000349   acc = 0.889
  toxicity = 0, identity_any = 1  [n = 158]:	loss = 0.753  exp loss = 0.792  adjusted loss = 0.792  adv prob = 0.009315   acc = 0.589
  toxicity = 1, identity_any = 0  [n = 177]:	loss = 0.284  exp loss = 0.330  adjusted loss = 0.330  adv prob = 0.710997   acc = 0.915
  toxicity = 1, identity_any = 1  [n = 171]:	loss = 0.201  exp loss = 0.230  adjusted loss = 0.230  adv prob = 0.279339   acc = 0.942

Validation:
Average incurred loss: 0.425  
Average sample loss: 0.663  
Average acc: 0.770  
  toxicity = 0, identity_any = 0  [n = 166026]:	loss = 0.256  exp loss = 1.410  adjusted loss = 1.410  adv prob = 0.000000   acc = 0.860
  toxicity = 0, identity_any = 1  [n = 108687]:	loss = 0.778  exp loss = 1.544  adjusted loss = 1.544  adv prob = 1.000000   acc = 0.569
  toxicity = 1, identity_any = 0  [n = 11940]:	loss = 0.107  exp loss = 0.091  adjusted loss = 0.091  adv prob = 0.000000   acc = 0.991
  toxicity = 1, identity_any = 1  [n = 19696]:	loss = 0.100  exp loss = 0.094  adjusted loss = 0.094  adv prob = 0.000000   acc = 0.993
Current lr: 0.000005
Current lr: 0.000005
Current validation accuracy: 0.5691019892692566


Epoch [3]:
Training:
Average incurred loss: 0.408  
Average sample loss: 0.264  
Average acc: 0.811  
  toxicity = 0, identity_any = 0  [n = 216]:	loss = 0.304  exp loss = 0.413  adjusted loss = 0.413  adv prob = 0.000358   acc = 0.838
  toxicity = 0, identity_any = 1  [n = 194]:	loss = 0.883  exp loss = 0.753  adjusted loss = 0.753  adv prob = 0.012574   acc = 0.526
  toxicity = 1, identity_any = 0  [n = 197]:	loss = 0.302  exp loss = 0.204  adjusted loss = 0.204  adv prob = 0.723161   acc = 0.909
  toxicity = 1, identity_any = 1  [n = 193]:	loss = 0.155  exp loss = 0.153  adjusted loss = 0.153  adv prob = 0.263906   acc = 0.969
Average incurred loss: 0.381  
Average sample loss: 0.231  
Average acc: 0.824  
  toxicity = 0, identity_any = 0  [n = 183]:	loss = 0.334  exp loss = 0.218  adjusted loss = 0.218  adv prob = 0.000368   acc = 0.809
  toxicity = 0, identity_any = 1  [n = 200]:	loss = 0.830  exp loss = 0.809  adjusted loss = 0.809  adv prob = 0.016612   acc = 0.550
  toxicity = 1, identity_any = 0  [n = 208]:	loss = 0.237  exp loss = 0.231  adjusted loss = 0.231  adv prob = 0.731711   acc = 0.942
  toxicity = 1, identity_any = 1  [n = 209]:	loss = 0.136  exp loss = 0.150  adjusted loss = 0.150  adv prob = 0.251309   acc = 0.981
Average incurred loss: 0.341  
Average sample loss: 0.185  
Average acc: 0.852  
  toxicity = 0, identity_any = 0  [n = 202]:	loss = 0.250  exp loss = 0.208  adjusted loss = 0.208  adv prob = 0.000378   acc = 0.876
  toxicity = 0, identity_any = 1  [n = 195]:	loss = 0.774  exp loss = 0.751  adjusted loss = 0.751  adv prob = 0.021951   acc = 0.610
  toxicity = 1, identity_any = 0  [n = 192]:	loss = 0.198  exp loss = 0.206  adjusted loss = 0.206  adv prob = 0.729559   acc = 0.958
  toxicity = 1, identity_any = 1  [n = 211]:	loss = 0.159  exp loss = 0.166  adjusted loss = 0.166  adv prob = 0.248113   acc = 0.957
Average incurred loss: 0.375  
Average sample loss: 0.184  
Average acc: 0.841  
  toxicity = 0, identity_any = 0  [n = 207]:	loss = 0.338  exp loss = 0.338  adjusted loss = 0.338  adv prob = 0.000405   acc = 0.836
  toxicity = 0, identity_any = 1  [n = 199]:	loss = 0.851  exp loss = 0.949  adjusted loss = 0.949  adv prob = 0.031494   acc = 0.578
  toxicity = 1, identity_any = 0  [n = 190]:	loss = 0.173  exp loss = 0.216  adjusted loss = 0.216  adv prob = 0.724716   acc = 0.984
  toxicity = 1, identity_any = 1  [n = 204]:	loss = 0.136  exp loss = 0.135  adjusted loss = 0.135  adv prob = 0.243385   acc = 0.971
Average incurred loss: 0.428  
Average sample loss: 0.208  
Average acc: 0.816  
  toxicity = 0, identity_any = 0  [n = 220]:	loss = 0.373  exp loss = 0.375  adjusted loss = 0.375  adv prob = 0.000436   acc = 0.827
  toxicity = 0, identity_any = 1  [n = 190]:	loss = 1.019  exp loss = 1.242  adjusted loss = 1.242  adv prob = 0.048671   acc = 0.505
  toxicity = 1, identity_any = 0  [n = 196]:	loss = 0.189  exp loss = 0.187  adjusted loss = 0.187  adv prob = 0.714092   acc = 0.959
  toxicity = 1, identity_any = 1  [n = 194]:	loss = 0.151  exp loss = 0.144  adjusted loss = 0.144  adv prob = 0.236802   acc = 0.964
Average incurred loss: 0.406  
Average sample loss: 0.202  
Average acc: 0.812  
  toxicity = 0, identity_any = 0  [n = 207]:	loss = 0.366  exp loss = 0.494  adjusted loss = 0.494  adv prob = 0.000470   acc = 0.802
  toxicity = 0, identity_any = 1  [n = 216]:	loss = 0.875  exp loss = 0.754  adjusted loss = 0.754  adv prob = 0.067393   acc = 0.565
  toxicity = 1, identity_any = 0  [n = 184]:	loss = 0.192  exp loss = 0.213  adjusted loss = 0.213  adv prob = 0.704835   acc = 0.935
  toxicity = 1, identity_any = 1  [n = 193]:	loss = 0.128  exp loss = 0.120  adjusted loss = 0.120  adv prob = 0.227303   acc = 0.984
Average incurred loss: 0.350  
Average sample loss: 0.194  
Average acc: 0.849  
  toxicity = 0, identity_any = 0  [n = 195]:	loss = 0.297  exp loss = 0.322  adjusted loss = 0.322  adv prob = 0.000496   acc = 0.862
  toxicity = 0, identity_any = 1  [n = 184]:	loss = 0.911  exp loss = 0.974  adjusted loss = 0.974  adv prob = 0.095013   acc = 0.538
  toxicity = 1, identity_any = 0  [n = 198]:	loss = 0.131  exp loss = 0.169  adjusted loss = 0.169  adv prob = 0.683640   acc = 0.975
  toxicity = 1, identity_any = 1  [n = 223]:	loss = 0.127  exp loss = 0.110  adjusted loss = 0.110  adv prob = 0.220851   acc = 0.982
Average incurred loss: 0.391  
Average sample loss: 0.268  
Average acc: 0.826  
  toxicity = 0, identity_any = 0  [n = 194]:	loss = 0.305  exp loss = 0.339  adjusted loss = 0.339  adv prob = 0.000493   acc = 0.866
  toxicity = 0, identity_any = 1  [n = 196]:	loss = 0.946  exp loss = 0.906  adjusted loss = 0.906  adv prob = 0.135767   acc = 0.520
  toxicity = 1, identity_any = 0  [n = 212]:	loss = 0.179  exp loss = 0.142  adjusted loss = 0.142  adv prob = 0.655285   acc = 0.948
  toxicity = 1, identity_any = 1  [n = 198]:	loss = 0.155  exp loss = 0.138  adjusted loss = 0.138  adv prob = 0.208455   acc = 0.960
Average incurred loss: 0.367  
Average sample loss: 0.260  
Average acc: 0.836  
  toxicity = 0, identity_any = 0  [n = 186]:	loss = 0.261  exp loss = 0.344  adjusted loss = 0.344  adv prob = 0.000497   acc = 0.876
  toxicity = 0, identity_any = 1  [n = 215]:	loss = 0.894  exp loss = 0.863  adjusted loss = 0.863  adv prob = 0.188171   acc = 0.544
  toxicity = 1, identity_any = 0  [n = 211]:	loss = 0.128  exp loss = 0.135  adjusted loss = 0.135  adv prob = 0.614238   acc = 0.972
  toxicity = 1, identity_any = 1  [n = 188]:	loss = 0.136  exp loss = 0.137  adjusted loss = 0.137  adv prob = 0.197094   acc = 0.979
Average incurred loss: 0.411  
Average sample loss: 0.367  
Average acc: 0.813  
  toxicity = 0, identity_any = 0  [n = 158]:	loss = 0.380  exp loss = 0.269  adjusted loss = 0.269  adv prob = 0.000491   acc = 0.785
  toxicity = 0, identity_any = 1  [n = 158]:	loss = 0.935  exp loss = 1.000  adjusted loss = 1.000  adv prob = 0.234832   acc = 0.532
  toxicity = 1, identity_any = 0  [n = 170]:	loss = 0.272  exp loss = 0.163  adjusted loss = 0.163  adv prob = 0.587369   acc = 0.924
  toxicity = 1, identity_any = 1  [n = 182]:	loss = 0.114  exp loss = 0.135  adjusted loss = 0.135  adv prob = 0.177308   acc = 0.978

Validation:
Average incurred loss: 0.501  
Average sample loss: 0.784  
Average acc: 0.745  
  toxicity = 0, identity_any = 0  [n = 166026]:	loss = 0.310  exp loss = 1.606  adjusted loss = 1.606  adv prob = 0.000000   acc = 0.838
  toxicity = 0, identity_any = 1  [n = 108687]:	loss = 0.916  exp loss = 1.777  adjusted loss = 1.777  adv prob = 1.000000   acc = 0.530
  toxicity = 1, identity_any = 0  [n = 11940]:	loss = 0.080  exp loss = 0.062  adjusted loss = 0.062  adv prob = 0.000000   acc = 0.994
  toxicity = 1, identity_any = 1  [n = 19696]:	loss = 0.075  exp loss = 0.069  adjusted loss = 0.069  adv prob = 0.000000   acc = 0.995
Current lr: 0.000003
Current lr: 0.000003
Current validation accuracy: 0.5301738977432251


Epoch [4]:
Training:
Average incurred loss: 0.357  
Average sample loss: 0.335  
Average acc: 0.841  
  toxicity = 0, identity_any = 0  [n = 198]:	loss = 0.353  exp loss = 0.390  adjusted loss = 0.390  adv prob = 0.000501   acc = 0.808
  toxicity = 0, identity_any = 1  [n = 189]:	loss = 0.754  exp loss = 0.959  adjusted loss = 0.959  adv prob = 0.288841   acc = 0.619
  toxicity = 1, identity_any = 0  [n = 219]:	loss = 0.217  exp loss = 0.199  adjusted loss = 0.199  adv prob = 0.552132   acc = 0.941
  toxicity = 1, identity_any = 1  [n = 194]:	loss = 0.131  exp loss = 0.118  adjusted loss = 0.118  adv prob = 0.158526   acc = 0.979
Average incurred loss: 0.359  
Average sample loss: 0.388  
Average acc: 0.845  
  toxicity = 0, identity_any = 0  [n = 201]:	loss = 0.242  exp loss = 0.280  adjusted loss = 0.280  adv prob = 0.000471   acc = 0.886
  toxicity = 0, identity_any = 1  [n = 210]:	loss = 0.856  exp loss = 0.962  adjusted loss = 0.962  adv prob = 0.364360   acc = 0.576
  toxicity = 1, identity_any = 0  [n = 172]:	loss = 0.183  exp loss = 0.200  adjusted loss = 0.200  adv prob = 0.496694   acc = 0.959
  toxicity = 1, identity_any = 1  [n = 217]:	loss = 0.126  exp loss = 0.139  adjusted loss = 0.139  adv prob = 0.138475   acc = 0.977
Average incurred loss: 0.382  
Average sample loss: 0.468  
Average acc: 0.831  
  toxicity = 0, identity_any = 0  [n = 205]:	loss = 0.352  exp loss = 0.480  adjusted loss = 0.480  adv prob = 0.000445   acc = 0.820
  toxicity = 0, identity_any = 1  [n = 205]:	loss = 0.801  exp loss = 1.245  adjusted loss = 1.245  adv prob = 0.442087   acc = 0.590
  toxicity = 1, identity_any = 0  [n = 204]:	loss = 0.212  exp loss = 0.324  adjusted loss = 0.324  adv prob = 0.440131   acc = 0.956
  toxicity = 1, identity_any = 1  [n = 186]:	loss = 0.139  exp loss = 0.104  adjusted loss = 0.104  adv prob = 0.117336   acc = 0.973
Average incurred loss: 0.355  
Average sample loss: 0.497  
Average acc: 0.838  
  toxicity = 0, identity_any = 0  [n = 200]:	loss = 0.283  exp loss = 0.243  adjusted loss = 0.243  adv prob = 0.000404   acc = 0.860
  toxicity = 0, identity_any = 1  [n = 190]:	loss = 0.863  exp loss = 0.704  adjusted loss = 0.704  adv prob = 0.526939   acc = 0.537
  toxicity = 1, identity_any = 0  [n = 192]:	loss = 0.177  exp loss = 0.239  adjusted loss = 0.239  adv prob = 0.374622   acc = 0.958
  toxicity = 1, identity_any = 1  [n = 218]:	loss = 0.135  exp loss = 0.116  adjusted loss = 0.116  adv prob = 0.098035   acc = 0.972
Average incurred loss: 0.436  
Average sample loss: 0.574  
Average acc: 0.800  
  toxicity = 0, identity_any = 0  [n = 186]:	loss = 0.388  exp loss = 0.232  adjusted loss = 0.232  adv prob = 0.000358   acc = 0.785
  toxicity = 0, identity_any = 1  [n = 234]:	loss = 0.810  exp loss = 0.918  adjusted loss = 0.918  adv prob = 0.599308   acc = 0.585
  toxicity = 1, identity_any = 0  [n = 184]:	loss = 0.279  exp loss = 0.268  adjusted loss = 0.268  adv prob = 0.319710   acc = 0.908
  toxicity = 1, identity_any = 1  [n = 196]:	loss = 0.183  exp loss = 0.171  adjusted loss = 0.171  adv prob = 0.080624   acc = 0.969
Average incurred loss: 0.369  
Average sample loss: 0.570  
Average acc: 0.837  
  toxicity = 0, identity_any = 0  [n = 212]:	loss = 0.322  exp loss = 0.296  adjusted loss = 0.296  adv prob = 0.000316   acc = 0.854
  toxicity = 0, identity_any = 1  [n = 219]:	loss = 0.759  exp loss = 0.860  adjusted loss = 0.860  adv prob = 0.667283   acc = 0.598
  toxicity = 1, identity_any = 0  [n = 175]:	loss = 0.197  exp loss = 0.185  adjusted loss = 0.185  adv prob = 0.266971   acc = 0.966
  toxicity = 1, identity_any = 1  [n = 194]:	loss = 0.138  exp loss = 0.181  adjusted loss = 0.181  adv prob = 0.065430   acc = 0.974
Average incurred loss: 0.322  
Average sample loss: 0.552  
Average acc: 0.861  
  toxicity = 0, identity_any = 0  [n = 189]:	loss = 0.290  exp loss = 0.219  adjusted loss = 0.219  adv prob = 0.000276   acc = 0.857
  toxicity = 0, identity_any = 1  [n = 194]:	loss = 0.728  exp loss = 0.747  adjusted loss = 0.747  adv prob = 0.725723   acc = 0.613
  toxicity = 1, identity_any = 0  [n = 244]:	loss = 0.170  exp loss = 0.141  adjusted loss = 0.141  adv prob = 0.221205   acc = 0.971
  toxicity = 1, identity_any = 1  [n = 173]:	loss = 0.119  exp loss = 0.098  adjusted loss = 0.098  adv prob = 0.052796   acc = 0.988
Average incurred loss: 0.350  
Average sample loss: 0.612  
Average acc: 0.846  
  toxicity = 0, identity_any = 0  [n = 205]:	loss = 0.282  exp loss = 0.224  adjusted loss = 0.224  adv prob = 0.000233   acc = 0.849
  toxicity = 0, identity_any = 1  [n = 204]:	loss = 0.710  exp loss = 0.850  adjusted loss = 0.850  adv prob = 0.771203   acc = 0.632
  toxicity = 1, identity_any = 0  [n = 194]:	loss = 0.244  exp loss = 0.164  adjusted loss = 0.164  adv prob = 0.186592   acc = 0.938
  toxicity = 1, identity_any = 1  [n = 197]:	loss = 0.154  exp loss = 0.146  adjusted loss = 0.146  adv prob = 0.041972   acc = 0.975
Average incurred loss: 0.344  
Average sample loss: 0.645  
Average acc: 0.832  
  toxicity = 0, identity_any = 0  [n = 209]:	loss = 0.283  exp loss = 0.341  adjusted loss = 0.341  adv prob = 0.000197   acc = 0.847
  toxicity = 0, identity_any = 1  [n = 187]:	loss = 0.768  exp loss = 0.709  adjusted loss = 0.709  adv prob = 0.818572   acc = 0.561
  toxicity = 1, identity_any = 0  [n = 220]:	loss = 0.208  exp loss = 0.185  adjusted loss = 0.185  adv prob = 0.148625   acc = 0.932
  toxicity = 1, identity_any = 1  [n = 184]:	loss = 0.144  exp loss = 0.140  adjusted loss = 0.140  adv prob = 0.032605   acc = 0.973
Average incurred loss: 0.365  
Average sample loss: 0.612  
Average acc: 0.834  
  toxicity = 0, identity_any = 0  [n = 164]:	loss = 0.265  exp loss = 0.335  adjusted loss = 0.335  adv prob = 0.000172   acc = 0.866
  toxicity = 0, identity_any = 1  [n = 172]:	loss = 0.701  exp loss = 0.670  adjusted loss = 0.670  adv prob = 0.843786   acc = 0.616
  toxicity = 1, identity_any = 0  [n = 171]:	loss = 0.317  exp loss = 0.303  adjusted loss = 0.303  adv prob = 0.129324   acc = 0.912
  toxicity = 1, identity_any = 1  [n = 161]:	loss = 0.160  exp loss = 0.140  adjusted loss = 0.140  adv prob = 0.026717   acc = 0.950

Validation:
Average incurred loss: 0.403  
Average sample loss: 0.631  
Average acc: 0.779  
  toxicity = 0, identity_any = 0  [n = 166026]:	loss = 0.244  exp loss = 1.344  adjusted loss = 1.344  adv prob = 0.000000   acc = 0.868
  toxicity = 0, identity_any = 1  [n = 108687]:	loss = 0.739  exp loss = 1.497  adjusted loss = 1.497  adv prob = 1.000000   acc = 0.582
  toxicity = 1, identity_any = 0  [n = 11940]:	loss = 0.088  exp loss = 0.062  adjusted loss = 0.062  adv prob = 0.000000   acc = 0.989
  toxicity = 1, identity_any = 1  [n = 19696]:	loss = 0.086  exp loss = 0.077  adjusted loss = 0.077  adv prob = 0.000000   acc = 0.992
Current lr: 0.000002
Current lr: 0.000002
Current validation accuracy: 0.5817910432815552


Epoch [5]:
Training:
Average incurred loss: 0.295  
Average sample loss: 0.609  
Average acc: 0.868  
  toxicity = 0, identity_any = 0  [n = 213]:	loss = 0.255  exp loss = 0.156  adjusted loss = 0.156  adv prob = 0.000143   acc = 0.873
  toxicity = 0, identity_any = 1  [n = 164]:	loss = 0.699  exp loss = 0.804  adjusted loss = 0.804  adv prob = 0.874168   acc = 0.616
  toxicity = 1, identity_any = 0  [n = 212]:	loss = 0.187  exp loss = 0.169  adjusted loss = 0.169  adv prob = 0.104674   acc = 0.948
  toxicity = 1, identity_any = 1  [n = 211]:	loss = 0.132  exp loss = 0.125  adjusted loss = 0.125  adv prob = 0.021015   acc = 0.976
Average incurred loss: 0.341  
Average sample loss: 0.665  
Average acc: 0.849  
  toxicity = 0, identity_any = 0  [n = 204]:	loss = 0.286  exp loss = 0.252  adjusted loss = 0.252  adv prob = 0.000118   acc = 0.853
  toxicity = 0, identity_any = 1  [n = 192]:	loss = 0.673  exp loss = 0.887  adjusted loss = 0.887  adv prob = 0.898864   acc = 0.609
  toxicity = 1, identity_any = 0  [n = 200]:	loss = 0.272  exp loss = 0.177  adjusted loss = 0.177  adv prob = 0.084683   acc = 0.945
  toxicity = 1, identity_any = 1  [n = 204]:	loss = 0.153  exp loss = 0.123  adjusted loss = 0.123  adv prob = 0.016334   acc = 0.975
Average incurred loss: 0.367  
Average sample loss: 0.717  
Average acc: 0.834  
  toxicity = 0, identity_any = 0  [n = 204]:	loss = 0.287  exp loss = 0.304  adjusted loss = 0.304  adv prob = 0.000096   acc = 0.858
  toxicity = 0, identity_any = 1  [n = 192]:	loss = 0.777  exp loss = 0.837  adjusted loss = 0.837  adv prob = 0.920066   acc = 0.578
  toxicity = 1, identity_any = 0  [n = 194]:	loss = 0.271  exp loss = 0.251  adjusted loss = 0.251  adv prob = 0.067513   acc = 0.907
  toxicity = 1, identity_any = 1  [n = 210]:	loss = 0.160  exp loss = 0.149  adjusted loss = 0.149  adv prob = 0.012325   acc = 0.976
Average incurred loss: 0.386  
Average sample loss: 0.777  
Average acc: 0.829  
  toxicity = 0, identity_any = 0  [n = 193]:	loss = 0.325  exp loss = 0.430  adjusted loss = 0.430  adv prob = 0.000076   acc = 0.845
  toxicity = 0, identity_any = 1  [n = 195]:	loss = 0.828  exp loss = 0.841  adjusted loss = 0.841  adv prob = 0.939086   acc = 0.574
  toxicity = 1, identity_any = 0  [n = 200]:	loss = 0.236  exp loss = 0.159  adjusted loss = 0.159  adv prob = 0.051750   acc = 0.925
  toxicity = 1, identity_any = 1  [n = 212]:	loss = 0.178  exp loss = 0.118  adjusted loss = 0.118  adv prob = 0.009088   acc = 0.958
Average incurred loss: 0.323  
Average sample loss: 0.585  
Average acc: 0.860  
  toxicity = 0, identity_any = 0  [n = 191]:	loss = 0.270  exp loss = 0.245  adjusted loss = 0.245  adv prob = 0.000064   acc = 0.869
  toxicity = 0, identity_any = 1  [n = 194]:	loss = 0.622  exp loss = 0.577  adjusted loss = 0.577  adv prob = 0.949279   acc = 0.680
  toxicity = 1, identity_any = 0  [n = 210]:	loss = 0.207  exp loss = 0.198  adjusted loss = 0.198  adv prob = 0.043154   acc = 0.929
  toxicity = 1, identity_any = 1  [n = 205]:	loss = 0.208  exp loss = 0.164  adjusted loss = 0.164  adv prob = 0.007503   acc = 0.951
Average incurred loss: 0.352  
Average sample loss: 0.746  
Average acc: 0.836  
  toxicity = 0, identity_any = 0  [n = 209]:	loss = 0.230  exp loss = 0.164  adjusted loss = 0.164  adv prob = 0.000050   acc = 0.876
  toxicity = 0, identity_any = 1  [n = 193]:	loss = 0.805  exp loss = 0.599  adjusted loss = 0.599  adv prob = 0.961285   acc = 0.565
  toxicity = 1, identity_any = 0  [n = 200]:	loss = 0.209  exp loss = 0.272  adjusted loss = 0.272  adv prob = 0.032919   acc = 0.940
  toxicity = 1, identity_any = 1  [n = 198]:	loss = 0.183  exp loss = 0.196  adjusted loss = 0.196  adv prob = 0.005746   acc = 0.955
Average incurred loss: 0.313  
Average sample loss: 0.652  
Average acc: 0.851  
  toxicity = 0, identity_any = 0  [n = 220]:	loss = 0.195  exp loss = 0.182  adjusted loss = 0.182  adv prob = 0.000039   acc = 0.891
  toxicity = 0, identity_any = 1  [n = 220]:	loss = 0.634  exp loss = 0.674  adjusted loss = 0.674  adv prob = 0.967897   acc = 0.645
  toxicity = 1, identity_any = 0  [n = 178]:	loss = 0.243  exp loss = 0.370  adjusted loss = 0.370  adv prob = 0.027617   acc = 0.927
  toxicity = 1, identity_any = 1  [n = 182]:	loss = 0.134  exp loss = 0.149  adjusted loss = 0.149  adv prob = 0.004447   acc = 0.978
Average incurred loss: 0.333  
Average sample loss: 0.666  
Average acc: 0.856  
  toxicity = 0, identity_any = 0  [n = 219]:	loss = 0.220  exp loss = 0.228  adjusted loss = 0.228  adv prob = 0.000031   acc = 0.890
  toxicity = 0, identity_any = 1  [n = 186]:	loss = 0.648  exp loss = 0.681  adjusted loss = 0.681  adv prob = 0.972555   acc = 0.640
  toxicity = 1, identity_any = 0  [n = 195]:	loss = 0.334  exp loss = 0.401  adjusted loss = 0.401  adv prob = 0.023938   acc = 0.897
  toxicity = 1, identity_any = 1  [n = 200]:	loss = 0.162  exp loss = 0.160  adjusted loss = 0.160  adv prob = 0.003475   acc = 0.980
Average incurred loss: 0.324  
Average sample loss: 0.645  
Average acc: 0.861  
  toxicity = 0, identity_any = 0  [n = 205]:	loss = 0.175  exp loss = 0.122  adjusted loss = 0.122  adv prob = 0.000024   acc = 0.907
  toxicity = 0, identity_any = 1  [n = 199]:	loss = 0.660  exp loss = 0.640  adjusted loss = 0.640  adv prob = 0.977263   acc = 0.658
  toxicity = 1, identity_any = 0  [n = 205]:	loss = 0.287  exp loss = 0.259  adjusted loss = 0.259  adv prob = 0.019959   acc = 0.907
  toxicity = 1, identity_any = 1  [n = 191]:	loss = 0.172  exp loss = 0.218  adjusted loss = 0.218  adv prob = 0.002754   acc = 0.974
Average incurred loss: 0.293  
Average sample loss: 0.630  
Average acc: 0.874  
  toxicity = 0, identity_any = 0  [n = 169]:	loss = 0.151  exp loss = 0.092  adjusted loss = 0.092  adv prob = 0.000020   acc = 0.917
  toxicity = 0, identity_any = 1  [n = 148]:	loss = 0.675  exp loss = 0.620  adjusted loss = 0.620  adv prob = 0.980825   acc = 0.642
  toxicity = 1, identity_any = 0  [n = 174]:	loss = 0.233  exp loss = 0.224  adjusted loss = 0.224  adv prob = 0.016898   acc = 0.925
  toxicity = 1, identity_any = 1  [n = 177]:	loss = 0.167  exp loss = 0.134  adjusted loss = 0.134  adv prob = 0.002257   acc = 0.977

Validation:
Average incurred loss: 0.367  
Average sample loss: 0.572  
Average acc: 0.795  
  toxicity = 0, identity_any = 0  [n = 166026]:	loss = 0.219  exp loss = 1.239  adjusted loss = 1.239  adv prob = 0.000000   acc = 0.881
  toxicity = 0, identity_any = 1  [n = 108687]:	loss = 0.672  exp loss = 1.385  adjusted loss = 1.385  adv prob = 1.000000   acc = 0.606
  toxicity = 1, identity_any = 0  [n = 11940]:	loss = 0.094  exp loss = 0.063  adjusted loss = 0.063  adv prob = 0.000000   acc = 0.985
  toxicity = 1, identity_any = 1  [n = 19696]:	loss = 0.094  exp loss = 0.083  adjusted loss = 0.083  adv prob = 0.000000   acc = 0.990
Current lr: 0.000000
Current lr: 0.000000
Current validation accuracy: 0.6062777638435364

Total Experiment Time: 24197.5s
Finished with job 834 (seed=222)
