




 Using bert params 







WARNING: You are using 'dfr/metadata_val_as_train.csv' instead of the default 'metadata.csv'.


Dataset: jigsaw
Shift type: confounder
Wandb: False
Project name: spurious
Target name: toxicity
Confounder names: ['identity_any']
Up weight: 0
Resume: False
Finetune: True
Normalize: False
Recalculate groups: False
Unfreeze: 0
Restart layers: 0
Minority fraction: None
Imbalance ratio: None
Fraction: 1.0
Root dir: ../datasets
Reweight groups: True
Augment data: False
Val fraction: 0.1
Loss type: group_dro
Alpha: 0.2
Generalization adjustment: 0.0
Sv dropout: 0.0
Automatic adjustment: False
Robust step size: 0.01
Joint dro alpha: 1
Use normalized loss: False
Btl: False
Hinge: False
Model: bert-base-uncased
Train from scratch: False
Pretrained path: pretrained_models/civilcomments/erm_0.9_333.pth
N epochs: 6
Batch size: 16
Lr: 1e-05
Scheduler: False
L1: 0.0
Weight decay: 0.01
Gamma: 0.1
Minimum variational weight: 0
Seed: 333
Accum: 1
Show progress: False
Log dir: results/civilcomments/erm_dfr_gdro_0.9/model_outputs_333
Log every: 50
Save step: 10
Save best: True
Save last: True
Use bert params: 1
Num folds per sweep: 5
Num sweeps: 4
Q: 0.7
Metadata csv name: dfr/metadata_val_as_train.csv
Fold: None
Metadata path: None
Aug col: None
Max grad norm: 1.0
Adam epsilon: 1e-08
Warmup steps: 0

metadata_csv_name: dfr/metadata_val_as_train.csv
Training Data...
    toxicity = 0, identity_any = 0: n = 1967
    toxicity = 0, identity_any = 1: n = 1967
    toxicity = 1, identity_any = 0: n = 1967
    toxicity = 1, identity_any = 1: n = 1967
Validation Data...
    toxicity = 0, identity_any = 0: n = 166026
    toxicity = 0, identity_any = 1: n = 108687
    toxicity = 1, identity_any = 0: n = 11940
    toxicity = 1, identity_any = 1: n = 19696
Test Data...
    toxicity = 0, identity_any = 0: n = 72372
    toxicity = 0, identity_any = 1: n = 46185
    toxicity = 1, identity_any = 0: n = 6063
    toxicity = 1, identity_any = 1: n = 9161
Training
n_classes = 2
Loading pretrained model from: pretrained_models/civilcomments/erm_0.9_333.pth
bert.embeddings.word_embeddings.weight False
bert.embeddings.position_embeddings.weight False
bert.embeddings.token_type_embeddings.weight False
bert.embeddings.LayerNorm.weight False
bert.embeddings.LayerNorm.bias False
bert.encoder.layer.0.attention.self.query.weight False
bert.encoder.layer.0.attention.self.query.bias False
bert.encoder.layer.0.attention.self.key.weight False
bert.encoder.layer.0.attention.self.key.bias False
bert.encoder.layer.0.attention.self.value.weight False
bert.encoder.layer.0.attention.self.value.bias False
bert.encoder.layer.0.attention.output.dense.weight False
bert.encoder.layer.0.attention.output.dense.bias False
bert.encoder.layer.0.attention.output.LayerNorm.weight False
bert.encoder.layer.0.attention.output.LayerNorm.bias False
bert.encoder.layer.0.intermediate.dense.weight False
bert.encoder.layer.0.intermediate.dense.bias False
bert.encoder.layer.0.output.dense.weight False
bert.encoder.layer.0.output.dense.bias False
bert.encoder.layer.0.output.LayerNorm.weight False
bert.encoder.layer.0.output.LayerNorm.bias False
bert.encoder.layer.1.attention.self.query.weight False
bert.encoder.layer.1.attention.self.query.bias False
bert.encoder.layer.1.attention.self.key.weight False
bert.encoder.layer.1.attention.self.key.bias False
bert.encoder.layer.1.attention.self.value.weight False
bert.encoder.layer.1.attention.self.value.bias False
bert.encoder.layer.1.attention.output.dense.weight False
bert.encoder.layer.1.attention.output.dense.bias False
bert.encoder.layer.1.attention.output.LayerNorm.weight False
bert.encoder.layer.1.attention.output.LayerNorm.bias False
bert.encoder.layer.1.intermediate.dense.weight False
bert.encoder.layer.1.intermediate.dense.bias False
bert.encoder.layer.1.output.dense.weight False
bert.encoder.layer.1.output.dense.bias False
bert.encoder.layer.1.output.LayerNorm.weight False
bert.encoder.layer.1.output.LayerNorm.bias False
bert.encoder.layer.2.attention.self.query.weight False
bert.encoder.layer.2.attention.self.query.bias False
bert.encoder.layer.2.attention.self.key.weight False
bert.encoder.layer.2.attention.self.key.bias False
bert.encoder.layer.2.attention.self.value.weight False
bert.encoder.layer.2.attention.self.value.bias False
bert.encoder.layer.2.attention.output.dense.weight False
bert.encoder.layer.2.attention.output.dense.bias False
bert.encoder.layer.2.attention.output.LayerNorm.weight False
bert.encoder.layer.2.attention.output.LayerNorm.bias False
bert.encoder.layer.2.intermediate.dense.weight False
bert.encoder.layer.2.intermediate.dense.bias False
bert.encoder.layer.2.output.dense.weight False
bert.encoder.layer.2.output.dense.bias False
bert.encoder.layer.2.output.LayerNorm.weight False
bert.encoder.layer.2.output.LayerNorm.bias False
bert.encoder.layer.3.attention.self.query.weight False
bert.encoder.layer.3.attention.self.query.bias False
bert.encoder.layer.3.attention.self.key.weight False
bert.encoder.layer.3.attention.self.key.bias False
bert.encoder.layer.3.attention.self.value.weight False
bert.encoder.layer.3.attention.self.value.bias False
bert.encoder.layer.3.attention.output.dense.weight False
bert.encoder.layer.3.attention.output.dense.bias False
bert.encoder.layer.3.attention.output.LayerNorm.weight False
bert.encoder.layer.3.attention.output.LayerNorm.bias False
bert.encoder.layer.3.intermediate.dense.weight False
bert.encoder.layer.3.intermediate.dense.bias False
bert.encoder.layer.3.output.dense.weight False
bert.encoder.layer.3.output.dense.bias False
bert.encoder.layer.3.output.LayerNorm.weight False
bert.encoder.layer.3.output.LayerNorm.bias False
bert.encoder.layer.4.attention.self.query.weight False
bert.encoder.layer.4.attention.self.query.bias False
bert.encoder.layer.4.attention.self.key.weight False
bert.encoder.layer.4.attention.self.key.bias False
bert.encoder.layer.4.attention.self.value.weight False
bert.encoder.layer.4.attention.self.value.bias False
bert.encoder.layer.4.attention.output.dense.weight False
bert.encoder.layer.4.attention.output.dense.bias False
bert.encoder.layer.4.attention.output.LayerNorm.weight False
bert.encoder.layer.4.attention.output.LayerNorm.bias False
bert.encoder.layer.4.intermediate.dense.weight False
bert.encoder.layer.4.intermediate.dense.bias False
bert.encoder.layer.4.output.dense.weight False
bert.encoder.layer.4.output.dense.bias False
bert.encoder.layer.4.output.LayerNorm.weight False
bert.encoder.layer.4.output.LayerNorm.bias False
bert.encoder.layer.5.attention.self.query.weight False
bert.encoder.layer.5.attention.self.query.bias False
bert.encoder.layer.5.attention.self.key.weight False
bert.encoder.layer.5.attention.self.key.bias False
bert.encoder.layer.5.attention.self.value.weight False
bert.encoder.layer.5.attention.self.value.bias False
bert.encoder.layer.5.attention.output.dense.weight False
bert.encoder.layer.5.attention.output.dense.bias False
bert.encoder.layer.5.attention.output.LayerNorm.weight False
bert.encoder.layer.5.attention.output.LayerNorm.bias False
bert.encoder.layer.5.intermediate.dense.weight False
bert.encoder.layer.5.intermediate.dense.bias False
bert.encoder.layer.5.output.dense.weight False
bert.encoder.layer.5.output.dense.bias False
bert.encoder.layer.5.output.LayerNorm.weight False
bert.encoder.layer.5.output.LayerNorm.bias False
bert.encoder.layer.6.attention.self.query.weight False
bert.encoder.layer.6.attention.self.query.bias False
bert.encoder.layer.6.attention.self.key.weight False
bert.encoder.layer.6.attention.self.key.bias False
bert.encoder.layer.6.attention.self.value.weight False
bert.encoder.layer.6.attention.self.value.bias False
bert.encoder.layer.6.attention.output.dense.weight False
bert.encoder.layer.6.attention.output.dense.bias False
bert.encoder.layer.6.attention.output.LayerNorm.weight False
bert.encoder.layer.6.attention.output.LayerNorm.bias False
bert.encoder.layer.6.intermediate.dense.weight False
bert.encoder.layer.6.intermediate.dense.bias False
bert.encoder.layer.6.output.dense.weight False
bert.encoder.layer.6.output.dense.bias False
bert.encoder.layer.6.output.LayerNorm.weight False
bert.encoder.layer.6.output.LayerNorm.bias False
bert.encoder.layer.7.attention.self.query.weight False
bert.encoder.layer.7.attention.self.query.bias False
bert.encoder.layer.7.attention.self.key.weight False
bert.encoder.layer.7.attention.self.key.bias False
bert.encoder.layer.7.attention.self.value.weight False
bert.encoder.layer.7.attention.self.value.bias False
bert.encoder.layer.7.attention.output.dense.weight False
bert.encoder.layer.7.attention.output.dense.bias False
bert.encoder.layer.7.attention.output.LayerNorm.weight False
bert.encoder.layer.7.attention.output.LayerNorm.bias False
bert.encoder.layer.7.intermediate.dense.weight False
bert.encoder.layer.7.intermediate.dense.bias False
bert.encoder.layer.7.output.dense.weight False
bert.encoder.layer.7.output.dense.bias False
bert.encoder.layer.7.output.LayerNorm.weight False
bert.encoder.layer.7.output.LayerNorm.bias False
bert.encoder.layer.8.attention.self.query.weight False
bert.encoder.layer.8.attention.self.query.bias False
bert.encoder.layer.8.attention.self.key.weight False
bert.encoder.layer.8.attention.self.key.bias False
bert.encoder.layer.8.attention.self.value.weight False
bert.encoder.layer.8.attention.self.value.bias False
bert.encoder.layer.8.attention.output.dense.weight False
bert.encoder.layer.8.attention.output.dense.bias False
bert.encoder.layer.8.attention.output.LayerNorm.weight False
bert.encoder.layer.8.attention.output.LayerNorm.bias False
bert.encoder.layer.8.intermediate.dense.weight False
bert.encoder.layer.8.intermediate.dense.bias False
bert.encoder.layer.8.output.dense.weight False
bert.encoder.layer.8.output.dense.bias False
bert.encoder.layer.8.output.LayerNorm.weight False
bert.encoder.layer.8.output.LayerNorm.bias False
bert.encoder.layer.9.attention.self.query.weight False
bert.encoder.layer.9.attention.self.query.bias False
bert.encoder.layer.9.attention.self.key.weight False
bert.encoder.layer.9.attention.self.key.bias False
bert.encoder.layer.9.attention.self.value.weight False
bert.encoder.layer.9.attention.self.value.bias False
bert.encoder.layer.9.attention.output.dense.weight False
bert.encoder.layer.9.attention.output.dense.bias False
bert.encoder.layer.9.attention.output.LayerNorm.weight False
bert.encoder.layer.9.attention.output.LayerNorm.bias False
bert.encoder.layer.9.intermediate.dense.weight False
bert.encoder.layer.9.intermediate.dense.bias False
bert.encoder.layer.9.output.dense.weight False
bert.encoder.layer.9.output.dense.bias False
bert.encoder.layer.9.output.LayerNorm.weight False
bert.encoder.layer.9.output.LayerNorm.bias False
bert.encoder.layer.10.attention.self.query.weight False
bert.encoder.layer.10.attention.self.query.bias False
bert.encoder.layer.10.attention.self.key.weight False
bert.encoder.layer.10.attention.self.key.bias False
bert.encoder.layer.10.attention.self.value.weight False
bert.encoder.layer.10.attention.self.value.bias False
bert.encoder.layer.10.attention.output.dense.weight False
bert.encoder.layer.10.attention.output.dense.bias False
bert.encoder.layer.10.attention.output.LayerNorm.weight False
bert.encoder.layer.10.attention.output.LayerNorm.bias False
bert.encoder.layer.10.intermediate.dense.weight False
bert.encoder.layer.10.intermediate.dense.bias False
bert.encoder.layer.10.output.dense.weight False
bert.encoder.layer.10.output.dense.bias False
bert.encoder.layer.10.output.LayerNorm.weight False
bert.encoder.layer.10.output.LayerNorm.bias False
bert.encoder.layer.11.attention.self.query.weight False
bert.encoder.layer.11.attention.self.query.bias False
bert.encoder.layer.11.attention.self.key.weight False
bert.encoder.layer.11.attention.self.key.bias False
bert.encoder.layer.11.attention.self.value.weight False
bert.encoder.layer.11.attention.self.value.bias False
bert.encoder.layer.11.attention.output.dense.weight False
bert.encoder.layer.11.attention.output.dense.bias False
bert.encoder.layer.11.attention.output.LayerNorm.weight False
bert.encoder.layer.11.attention.output.LayerNorm.bias False
bert.encoder.layer.11.intermediate.dense.weight False
bert.encoder.layer.11.intermediate.dense.bias False
bert.encoder.layer.11.output.dense.weight False
bert.encoder.layer.11.output.dense.bias False
bert.encoder.layer.11.output.LayerNorm.weight False
bert.encoder.layer.11.output.LayerNorm.bias False
bert.pooler.dense.weight False
bert.pooler.dense.bias False
classifier.weight True
classifier.bias True

t_total is 2952


Epoch [0]:
Training:
Average incurred loss: 0.689  
Average sample loss: 0.707  
Average acc: 0.729  
  toxicity = 0, identity_any = 0  [n = 179]:	loss = 0.059  exp loss = 0.038  adjusted loss = 0.038  adv prob = 0.180684   acc = 0.983
  toxicity = 0, identity_any = 1  [n = 186]:	loss = 0.122  exp loss = 0.101  adjusted loss = 0.101  adv prob = 0.186642   acc = 0.930
  toxicity = 1, identity_any = 0  [n = 224]:	loss = 1.014  exp loss = 1.006  adjusted loss = 1.006  adv prob = 0.296255   acc = 0.616
  toxicity = 1, identity_any = 1  [n = 211]:	loss = 1.378  exp loss = 1.056  adjusted loss = 1.056  adv prob = 0.336419   acc = 0.455
Average incurred loss: 0.576  
Average sample loss: 0.683  
Average acc: 0.756  
  toxicity = 0, identity_any = 0  [n = 195]:	loss = 0.043  exp loss = 0.020  adjusted loss = 0.020  adv prob = 0.131095   acc = 0.985
  toxicity = 0, identity_any = 1  [n = 190]:	loss = 0.082  exp loss = 0.074  adjusted loss = 0.074  adv prob = 0.137436   acc = 0.963
  toxicity = 1, identity_any = 0  [n = 198]:	loss = 0.926  exp loss = 0.909  adjusted loss = 0.909  adv prob = 0.323318   acc = 0.596
  toxicity = 1, identity_any = 1  [n = 217]:	loss = 1.169  exp loss = 0.981  adjusted loss = 0.981  adv prob = 0.408151   acc = 0.516
Average incurred loss: 0.597  
Average sample loss: 0.865  
Average acc: 0.739  
  toxicity = 0, identity_any = 0  [n = 190]:	loss = 0.038  exp loss = 0.032  adjusted loss = 0.032  adv prob = 0.086571   acc = 0.989
  toxicity = 0, identity_any = 1  [n = 191]:	loss = 0.112  exp loss = 0.099  adjusted loss = 0.099  adv prob = 0.094372   acc = 0.942
  toxicity = 1, identity_any = 0  [n = 203]:	loss = 1.073  exp loss = 0.975  adjusted loss = 0.975  adv prob = 0.377460   acc = 0.571
  toxicity = 1, identity_any = 1  [n = 216]:	loss = 1.069  exp loss = 1.009  adjusted loss = 1.009  adv prob = 0.441597   acc = 0.495
Average incurred loss: 0.521  
Average sample loss: 0.870  
Average acc: 0.799  
  toxicity = 0, identity_any = 0  [n = 221]:	loss = 0.024  exp loss = 0.024  adjusted loss = 0.024  adv prob = 0.056764   acc = 0.995
  toxicity = 0, identity_any = 1  [n = 189]:	loss = 0.127  exp loss = 0.111  adjusted loss = 0.111  adv prob = 0.065109   acc = 0.942
  toxicity = 1, identity_any = 0  [n = 193]:	loss = 1.031  exp loss = 0.998  adjusted loss = 0.998  adv prob = 0.414930   acc = 0.637
  toxicity = 1, identity_any = 1  [n = 197]:	loss = 0.957  exp loss = 0.838  adjusted loss = 0.838  adv prob = 0.463197   acc = 0.599
Average incurred loss: 0.463  
Average sample loss: 0.722  
Average acc: 0.812  
  toxicity = 0, identity_any = 0  [n = 211]:	loss = 0.071  exp loss = 0.046  adjusted loss = 0.046  adv prob = 0.040712   acc = 0.972
  toxicity = 0, identity_any = 1  [n = 200]:	loss = 0.130  exp loss = 0.135  adjusted loss = 0.135  adv prob = 0.048524   acc = 0.925
  toxicity = 1, identity_any = 0  [n = 196]:	loss = 0.914  exp loss = 0.921  adjusted loss = 0.921  adv prob = 0.451823   acc = 0.648
  toxicity = 1, identity_any = 1  [n = 193]:	loss = 0.779  exp loss = 0.788  adjusted loss = 0.788  adv prob = 0.458942   acc = 0.689
Average incurred loss: 0.453  
Average sample loss: 0.780  
Average acc: 0.809  
  toxicity = 0, identity_any = 0  [n = 215]:	loss = 0.058  exp loss = 0.043  adjusted loss = 0.043  adv prob = 0.028351   acc = 0.963
  toxicity = 0, identity_any = 1  [n = 203]:	loss = 0.181  exp loss = 0.163  adjusted loss = 0.163  adv prob = 0.036606   acc = 0.882
  toxicity = 1, identity_any = 0  [n = 204]:	loss = 0.885  exp loss = 1.125  adjusted loss = 1.125  adv prob = 0.478868   acc = 0.686
  toxicity = 1, identity_any = 1  [n = 178]:	loss = 0.747  exp loss = 0.651  adjusted loss = 0.651  adv prob = 0.456175   acc = 0.680
Average incurred loss: 0.436  
Average sample loss: 0.725  
Average acc: 0.827  
  toxicity = 0, identity_any = 0  [n = 209]:	loss = 0.063  exp loss = 0.061  adjusted loss = 0.061  adv prob = 0.020373   acc = 0.967
  toxicity = 0, identity_any = 1  [n = 202]:	loss = 0.205  exp loss = 0.208  adjusted loss = 0.208  adv prob = 0.028343   acc = 0.866
  toxicity = 1, identity_any = 0  [n = 189]:	loss = 0.807  exp loss = 0.653  adjusted loss = 0.653  adv prob = 0.493020   acc = 0.720
  toxicity = 1, identity_any = 1  [n = 200]:	loss = 0.707  exp loss = 0.616  adjusted loss = 0.616  adv prob = 0.458264   acc = 0.745
Average incurred loss: 0.421  
Average sample loss: 0.661  
Average acc: 0.844  
  toxicity = 0, identity_any = 0  [n = 208]:	loss = 0.076  exp loss = 0.139  adjusted loss = 0.139  adv prob = 0.015187   acc = 0.962
  toxicity = 0, identity_any = 1  [n = 188]:	loss = 0.197  exp loss = 0.179  adjusted loss = 0.179  adv prob = 0.022365   acc = 0.899
  toxicity = 1, identity_any = 0  [n = 181]:	loss = 0.700  exp loss = 0.474  adjusted loss = 0.474  adv prob = 0.486880   acc = 0.762
  toxicity = 1, identity_any = 1  [n = 223]:	loss = 0.704  exp loss = 0.756  adjusted loss = 0.756  adv prob = 0.475569   acc = 0.753
Average incurred loss: 0.429  
Average sample loss: 0.752  
Average acc: 0.852  
  toxicity = 0, identity_any = 0  [n = 198]:	loss = 0.065  exp loss = 0.075  adjusted loss = 0.075  adv prob = 0.010716   acc = 0.970
  toxicity = 0, identity_any = 1  [n = 198]:	loss = 0.189  exp loss = 0.142  adjusted loss = 0.142  adv prob = 0.016764   acc = 0.884
  toxicity = 1, identity_any = 0  [n = 204]:	loss = 0.748  exp loss = 0.804  adjusted loss = 0.804  adv prob = 0.504401   acc = 0.779
  toxicity = 1, identity_any = 1  [n = 200]:	loss = 0.701  exp loss = 0.648  adjusted loss = 0.648  adv prob = 0.468119   acc = 0.780
Average incurred loss: 0.393  
Average sample loss: 0.630  
Average acc: 0.853  
  toxicity = 0, identity_any = 0  [n = 176]:	loss = 0.089  exp loss = 0.113  adjusted loss = 0.113  adv prob = 0.008527   acc = 0.938
  toxicity = 0, identity_any = 1  [n = 164]:	loss = 0.218  exp loss = 0.190  adjusted loss = 0.190  adv prob = 0.013967   acc = 0.866
  toxicity = 1, identity_any = 0  [n = 161]:	loss = 0.707  exp loss = 0.891  adjusted loss = 0.891  adv prob = 0.523312   acc = 0.789
  toxicity = 1, identity_any = 1  [n = 167]:	loss = 0.582  exp loss = 0.546  adjusted loss = 0.546  adv prob = 0.454193   acc = 0.814

Validation:
Average incurred loss: 0.178  
Average sample loss: 0.214  
Average acc: 0.910  
  toxicity = 0, identity_any = 0  [n = 166026]:	loss = 0.080  exp loss = 0.592  adjusted loss = 0.592  adv prob = 0.000000   acc = 0.956
  toxicity = 0, identity_any = 1  [n = 108687]:	loss = 0.252  exp loss = 0.667  adjusted loss = 0.667  adv prob = 1.000000   acc = 0.849
  toxicity = 1, identity_any = 0  [n = 11940]:	loss = 0.431  exp loss = 0.422  adjusted loss = 0.422  adv prob = 0.000000   acc = 0.872
  toxicity = 1, identity_any = 1  [n = 19696]:	loss = 0.440  exp loss = 0.361  adjusted loss = 0.361  adv prob = 0.000000   acc = 0.876
Current lr: 0.000008
Current lr: 0.000008
Current validation accuracy: 0.8494277596473694
Best model saved at epoch 0


Epoch [1]:
Training:
Average incurred loss: 0.445  
Average sample loss: 0.692  
Average acc: 0.836  
  toxicity = 0, identity_any = 0  [n = 175]:	loss = 0.089  exp loss = 0.094  adjusted loss = 0.094  adv prob = 0.006305   acc = 0.943
  toxicity = 0, identity_any = 1  [n = 210]:	loss = 0.216  exp loss = 0.216  adjusted loss = 0.216  adv prob = 0.011148   acc = 0.862
  toxicity = 1, identity_any = 0  [n = 212]:	loss = 0.763  exp loss = 0.552  adjusted loss = 0.552  adv prob = 0.537173   acc = 0.764
  toxicity = 1, identity_any = 1  [n = 203]:	loss = 0.655  exp loss = 0.679  adjusted loss = 0.679  adv prob = 0.445374   acc = 0.793
Average incurred loss: 0.393  
Average sample loss: 0.603  
Average acc: 0.865  
  toxicity = 0, identity_any = 0  [n = 203]:	loss = 0.097  exp loss = 0.138  adjusted loss = 0.138  adv prob = 0.004888   acc = 0.951
  toxicity = 0, identity_any = 1  [n = 208]:	loss = 0.254  exp loss = 0.256  adjusted loss = 0.256  adv prob = 0.009355   acc = 0.846
  toxicity = 1, identity_any = 0  [n = 177]:	loss = 0.660  exp loss = 0.775  adjusted loss = 0.775  adv prob = 0.551618   acc = 0.831
  toxicity = 1, identity_any = 1  [n = 212]:	loss = 0.590  exp loss = 0.523  adjusted loss = 0.523  adv prob = 0.434140   acc = 0.830
Average incurred loss: 0.452  
Average sample loss: 0.679  
Average acc: 0.836  
  toxicity = 0, identity_any = 0  [n = 176]:	loss = 0.111  exp loss = 0.047  adjusted loss = 0.047  adv prob = 0.003681   acc = 0.920
  toxicity = 0, identity_any = 1  [n = 208]:	loss = 0.301  exp loss = 0.267  adjusted loss = 0.267  adv prob = 0.007665   acc = 0.808
  toxicity = 1, identity_any = 0  [n = 191]:	loss = 0.711  exp loss = 0.671  adjusted loss = 0.671  adv prob = 0.538922   acc = 0.801
  toxicity = 1, identity_any = 1  [n = 225]:	loss = 0.639  exp loss = 0.623  adjusted loss = 0.623  adv prob = 0.449732   acc = 0.827
Average incurred loss: 0.371  
Average sample loss: 0.525  
Average acc: 0.860  
  toxicity = 0, identity_any = 0  [n = 188]:	loss = 0.123  exp loss = 0.187  adjusted loss = 0.187  adv prob = 0.003010   acc = 0.926
  toxicity = 0, identity_any = 1  [n = 194]:	loss = 0.281  exp loss = 0.300  adjusted loss = 0.300  adv prob = 0.006812   acc = 0.840
  toxicity = 1, identity_any = 0  [n = 220]:	loss = 0.534  exp loss = 0.647  adjusted loss = 0.647  adv prob = 0.546404   acc = 0.845
  toxicity = 1, identity_any = 1  [n = 198]:	loss = 0.513  exp loss = 0.472  adjusted loss = 0.472  adv prob = 0.443774   acc = 0.833
Average incurred loss: 0.365  
Average sample loss: 0.456  
Average acc: 0.854  
  toxicity = 0, identity_any = 0  [n = 193]:	loss = 0.148  exp loss = 0.159  adjusted loss = 0.159  adv prob = 0.002581   acc = 0.907
  toxicity = 0, identity_any = 1  [n = 201]:	loss = 0.366  exp loss = 0.288  adjusted loss = 0.288  adv prob = 0.006445   acc = 0.781
  toxicity = 1, identity_any = 0  [n = 203]:	loss = 0.463  exp loss = 0.404  adjusted loss = 0.404  adv prob = 0.543508   acc = 0.852
  toxicity = 1, identity_any = 1  [n = 203]:	loss = 0.471  exp loss = 0.425  adjusted loss = 0.425  adv prob = 0.447466   acc = 0.877
Average incurred loss: 0.362  
Average sample loss: 0.492  
Average acc: 0.859  
  toxicity = 0, identity_any = 0  [n = 199]:	loss = 0.140  exp loss = 0.186  adjusted loss = 0.186  adv prob = 0.002146   acc = 0.920
  toxicity = 0, identity_any = 1  [n = 190]:	loss = 0.339  exp loss = 0.355  adjusted loss = 0.355  adv prob = 0.005891   acc = 0.816
  toxicity = 1, identity_any = 0  [n = 227]:	loss = 0.534  exp loss = 0.581  adjusted loss = 0.581  adv prob = 0.565615   acc = 0.828
  toxicity = 1, identity_any = 1  [n = 184]:	loss = 0.413  exp loss = 0.351  adjusted loss = 0.351  adv prob = 0.426347   acc = 0.875
Average incurred loss: 0.327  
Average sample loss: 0.448  
Average acc: 0.868  
  toxicity = 0, identity_any = 0  [n = 218]:	loss = 0.105  exp loss = 0.113  adjusted loss = 0.113  adv prob = 0.001803   acc = 0.940
  toxicity = 0, identity_any = 1  [n = 207]:	loss = 0.368  exp loss = 0.387  adjusted loss = 0.387  adv prob = 0.005677   acc = 0.792
  toxicity = 1, identity_any = 0  [n = 187]:	loss = 0.454  exp loss = 0.578  adjusted loss = 0.578  adv prob = 0.574829   acc = 0.877
  toxicity = 1, identity_any = 1  [n = 188]:	loss = 0.415  exp loss = 0.363  adjusted loss = 0.363  adv prob = 0.417692   acc = 0.856
Average incurred loss: 0.354  
Average sample loss: 0.429  
Average acc: 0.866  
  toxicity = 0, identity_any = 0  [n = 187]:	loss = 0.107  exp loss = 0.086  adjusted loss = 0.086  adv prob = 0.001533   acc = 0.947
  toxicity = 0, identity_any = 1  [n = 199]:	loss = 0.397  exp loss = 0.322  adjusted loss = 0.322  adv prob = 0.005587   acc = 0.779
  toxicity = 1, identity_any = 0  [n = 223]:	loss = 0.511  exp loss = 0.561  adjusted loss = 0.561  adv prob = 0.590452   acc = 0.865
  toxicity = 1, identity_any = 1  [n = 191]:	loss = 0.367  exp loss = 0.346  adjusted loss = 0.346  adv prob = 0.402428   acc = 0.880
Average incurred loss: 0.322  
Average sample loss: 0.408  
Average acc: 0.874  
  toxicity = 0, identity_any = 0  [n = 215]:	loss = 0.110  exp loss = 0.132  adjusted loss = 0.132  adv prob = 0.001319   acc = 0.930
  toxicity = 0, identity_any = 1  [n = 206]:	loss = 0.350  exp loss = 0.342  adjusted loss = 0.342  adv prob = 0.005404   acc = 0.801
  toxicity = 1, identity_any = 0  [n = 188]:	loss = 0.454  exp loss = 0.476  adjusted loss = 0.476  adv prob = 0.591686   acc = 0.867
  toxicity = 1, identity_any = 1  [n = 191]:	loss = 0.399  exp loss = 0.342  adjusted loss = 0.342  adv prob = 0.401592   acc = 0.895
Average incurred loss: 0.354  
Average sample loss: 0.478  
Average acc: 0.856  
  toxicity = 0, identity_any = 0  [n = 192]:	loss = 0.145  exp loss = 0.108  adjusted loss = 0.108  adv prob = 0.001135   acc = 0.927
  toxicity = 0, identity_any = 1  [n = 182]:	loss = 0.398  exp loss = 0.303  adjusted loss = 0.303  adv prob = 0.005196   acc = 0.775
  toxicity = 1, identity_any = 0  [n = 151]:	loss = 0.441  exp loss = 0.461  adjusted loss = 0.461  adv prob = 0.573137   acc = 0.881
  toxicity = 1, identity_any = 1  [n = 143]:	loss = 0.487  exp loss = 0.574  adjusted loss = 0.574  adv prob = 0.420532   acc = 0.839

Validation:
Average incurred loss: 0.269  
Average sample loss: 0.380  
Average acc: 0.862  
  toxicity = 0, identity_any = 0  [n = 166026]:	loss = 0.149  exp loss = 1.007  adjusted loss = 1.007  adv prob = 0.000000   acc = 0.921
  toxicity = 0, identity_any = 1  [n = 108687]:	loss = 0.447  exp loss = 1.111  adjusted loss = 1.111  adv prob = 1.000000   acc = 0.750
  toxicity = 1, identity_any = 0  [n = 11940]:	loss = 0.287  exp loss = 0.303  adjusted loss = 0.303  adv prob = 0.000000   acc = 0.936
  toxicity = 1, identity_any = 1  [n = 19696]:	loss = 0.287  exp loss = 0.243  adjusted loss = 0.243  adv prob = 0.000000   acc = 0.944
Current lr: 0.000007
Current lr: 0.000007
Current validation accuracy: 0.7498587369918823


Epoch [2]:
Training:
Average incurred loss: 0.367  
Average sample loss: 0.440  
Average acc: 0.855  
  toxicity = 0, identity_any = 0  [n = 196]:	loss = 0.136  exp loss = 0.119  adjusted loss = 0.119  adv prob = 0.000974   acc = 0.939
  toxicity = 0, identity_any = 1  [n = 195]:	loss = 0.472  exp loss = 0.459  adjusted loss = 0.459  adv prob = 0.005208   acc = 0.738
  toxicity = 1, identity_any = 0  [n = 223]:	loss = 0.480  exp loss = 0.345  adjusted loss = 0.345  adv prob = 0.582355   acc = 0.843
  toxicity = 1, identity_any = 1  [n = 186]:	loss = 0.366  exp loss = 0.536  adjusted loss = 0.536  adv prob = 0.411462   acc = 0.903
Average incurred loss: 0.377  
Average sample loss: 0.481  
Average acc: 0.853  
  toxicity = 0, identity_any = 0  [n = 216]:	loss = 0.183  exp loss = 0.263  adjusted loss = 0.263  adv prob = 0.000843   acc = 0.898
  toxicity = 0, identity_any = 1  [n = 203]:	loss = 0.433  exp loss = 0.386  adjusted loss = 0.386  adv prob = 0.005030   acc = 0.768
  toxicity = 1, identity_any = 0  [n = 184]:	loss = 0.529  exp loss = 0.587  adjusted loss = 0.587  adv prob = 0.601819   acc = 0.848
  toxicity = 1, identity_any = 1  [n = 197]:	loss = 0.388  exp loss = 0.391  adjusted loss = 0.391  adv prob = 0.392308   acc = 0.893
Average incurred loss: 0.354  
Average sample loss: 0.397  
Average acc: 0.859  
  toxicity = 0, identity_any = 0  [n = 202]:	loss = 0.200  exp loss = 0.276  adjusted loss = 0.276  adv prob = 0.000783   acc = 0.876
  toxicity = 0, identity_any = 1  [n = 197]:	loss = 0.479  exp loss = 0.522  adjusted loss = 0.522  adv prob = 0.005350   acc = 0.756
  toxicity = 1, identity_any = 0  [n = 179]:	loss = 0.418  exp loss = 0.409  adjusted loss = 0.409  adv prob = 0.614783   acc = 0.872
  toxicity = 1, identity_any = 1  [n = 222]:	loss = 0.331  exp loss = 0.362  adjusted loss = 0.362  adv prob = 0.379084   acc = 0.923
Average incurred loss: 0.316  
Average sample loss: 0.332  
Average acc: 0.881  
  toxicity = 0, identity_any = 0  [n = 207]:	loss = 0.167  exp loss = 0.112  adjusted loss = 0.112  adv prob = 0.000721   acc = 0.908
  toxicity = 0, identity_any = 1  [n = 202]:	loss = 0.438  exp loss = 0.358  adjusted loss = 0.358  adv prob = 0.005448   acc = 0.782
  toxicity = 1, identity_any = 0  [n = 200]:	loss = 0.359  exp loss = 0.292  adjusted loss = 0.292  adv prob = 0.621125   acc = 0.915
  toxicity = 1, identity_any = 1  [n = 191]:	loss = 0.301  exp loss = 0.310  adjusted loss = 0.310  adv prob = 0.372706   acc = 0.921
Average incurred loss: 0.346  
Average sample loss: 0.399  
Average acc: 0.857  
  toxicity = 0, identity_any = 0  [n = 198]:	loss = 0.182  exp loss = 0.139  adjusted loss = 0.139  adv prob = 0.000651   acc = 0.899
  toxicity = 0, identity_any = 1  [n = 202]:	loss = 0.448  exp loss = 0.472  adjusted loss = 0.472  adv prob = 0.005557   acc = 0.738
  toxicity = 1, identity_any = 0  [n = 198]:	loss = 0.407  exp loss = 0.487  adjusted loss = 0.487  adv prob = 0.634851   acc = 0.874
  toxicity = 1, identity_any = 1  [n = 202]:	loss = 0.346  exp loss = 0.294  adjusted loss = 0.294  adv prob = 0.358941   acc = 0.921
Average incurred loss: 0.324  
Average sample loss: 0.271  
Average acc: 0.871  
  toxicity = 0, identity_any = 0  [n = 179]:	loss = 0.142  exp loss = 0.126  adjusted loss = 0.126  adv prob = 0.000616   acc = 0.939
  toxicity = 0, identity_any = 1  [n = 207]:	loss = 0.524  exp loss = 0.585  adjusted loss = 0.585  adv prob = 0.006238   acc = 0.725
  toxicity = 1, identity_any = 0  [n = 200]:	loss = 0.285  exp loss = 0.219  adjusted loss = 0.219  adv prob = 0.629822   acc = 0.935
  toxicity = 1, identity_any = 1  [n = 214]:	loss = 0.319  exp loss = 0.356  adjusted loss = 0.356  adv prob = 0.363323   acc = 0.897
Average incurred loss: 0.349  
Average sample loss: 0.368  
Average acc: 0.867  
  toxicity = 0, identity_any = 0  [n = 179]:	loss = 0.165  exp loss = 0.110  adjusted loss = 0.110  adv prob = 0.000550   acc = 0.922
  toxicity = 0, identity_any = 1  [n = 214]:	loss = 0.473  exp loss = 0.432  adjusted loss = 0.432  adv prob = 0.006494   acc = 0.748
  toxicity = 1, identity_any = 0  [n = 208]:	loss = 0.412  exp loss = 0.423  adjusted loss = 0.423  adv prob = 0.639591   acc = 0.880
  toxicity = 1, identity_any = 1  [n = 199]:	loss = 0.315  exp loss = 0.436  adjusted loss = 0.436  adv prob = 0.353365   acc = 0.935
Average incurred loss: 0.403  
Average sample loss: 0.423  
Average acc: 0.829  
  toxicity = 0, identity_any = 0  [n = 199]:	loss = 0.213  exp loss = 0.215  adjusted loss = 0.215  adv prob = 0.000499   acc = 0.894
  toxicity = 0, identity_any = 1  [n = 214]:	loss = 0.527  exp loss = 0.740  adjusted loss = 0.740  adv prob = 0.006900   acc = 0.701
  toxicity = 1, identity_any = 0  [n = 179]:	loss = 0.510  exp loss = 0.457  adjusted loss = 0.457  adv prob = 0.650084   acc = 0.844
  toxicity = 1, identity_any = 1  [n = 208]:	loss = 0.365  exp loss = 0.295  adjusted loss = 0.295  adv prob = 0.342517   acc = 0.885
Average incurred loss: 0.305  
Average sample loss: 0.282  
Average acc: 0.884  
  toxicity = 0, identity_any = 0  [n = 212]:	loss = 0.168  exp loss = 0.145  adjusted loss = 0.145  adv prob = 0.000471   acc = 0.920
  toxicity = 0, identity_any = 1  [n = 207]:	loss = 0.456  exp loss = 0.506  adjusted loss = 0.506  adv prob = 0.007321   acc = 0.783
  toxicity = 1, identity_any = 0  [n = 174]:	loss = 0.319  exp loss = 0.260  adjusted loss = 0.260  adv prob = 0.653084   acc = 0.902
  toxicity = 1, identity_any = 1  [n = 207]:	loss = 0.283  exp loss = 0.254  adjusted loss = 0.254  adv prob = 0.339123   acc = 0.932
Average incurred loss: 0.332  
Average sample loss: 0.300  
Average acc: 0.867  
  toxicity = 0, identity_any = 0  [n = 157]:	loss = 0.166  exp loss = 0.104  adjusted loss = 0.104  adv prob = 0.000445   acc = 0.924
  toxicity = 0, identity_any = 1  [n = 186]:	loss = 0.527  exp loss = 0.538  adjusted loss = 0.538  adv prob = 0.008076   acc = 0.737
  toxicity = 1, identity_any = 0  [n = 161]:	loss = 0.363  exp loss = 0.291  adjusted loss = 0.291  adv prob = 0.663537   acc = 0.857
  toxicity = 1, identity_any = 1  [n = 164]:	loss = 0.240  exp loss = 0.252  adjusted loss = 0.252  adv prob = 0.327942   acc = 0.970

Validation:
Average incurred loss: 0.346  
Average sample loss: 0.508  
Average acc: 0.830  
  toxicity = 0, identity_any = 0  [n = 166026]:	loss = 0.209  exp loss = 1.324  adjusted loss = 1.324  adv prob = 0.000000   acc = 0.896
  toxicity = 0, identity_any = 1  [n = 108687]:	loss = 0.595  exp loss = 1.437  adjusted loss = 1.437  adv prob = 1.000000   acc = 0.692
  toxicity = 1, identity_any = 0  [n = 11940]:	loss = 0.209  exp loss = 0.224  adjusted loss = 0.224  adv prob = 0.000000   acc = 0.955
  toxicity = 1, identity_any = 1  [n = 19696]:	loss = 0.208  exp loss = 0.173  adjusted loss = 0.173  adv prob = 0.000000   acc = 0.964
Current lr: 0.000005
Current lr: 0.000005
Current validation accuracy: 0.6915732026100159


Epoch [3]:
Training:
Average incurred loss: 0.323  
Average sample loss: 0.287  
Average acc: 0.866  
  toxicity = 0, identity_any = 0  [n = 208]:	loss = 0.202  exp loss = 0.224  adjusted loss = 0.224  adv prob = 0.000425   acc = 0.885
  toxicity = 0, identity_any = 1  [n = 167]:	loss = 0.547  exp loss = 0.616  adjusted loss = 0.616  adv prob = 0.009293   acc = 0.725
  toxicity = 1, identity_any = 0  [n = 208]:	loss = 0.267  exp loss = 0.250  adjusted loss = 0.250  adv prob = 0.656680   acc = 0.918
  toxicity = 1, identity_any = 1  [n = 217]:	loss = 0.319  exp loss = 0.310  adjusted loss = 0.310  adv prob = 0.333602   acc = 0.908
Average incurred loss: 0.330  
Average sample loss: 0.263  
Average acc: 0.864  
  toxicity = 0, identity_any = 0  [n = 201]:	loss = 0.215  exp loss = 0.199  adjusted loss = 0.199  adv prob = 0.000414   acc = 0.900
  toxicity = 0, identity_any = 1  [n = 190]:	loss = 0.608  exp loss = 0.539  adjusted loss = 0.539  adv prob = 0.011082   acc = 0.679
  toxicity = 1, identity_any = 0  [n = 206]:	loss = 0.297  exp loss = 0.201  adjusted loss = 0.201  adv prob = 0.662742   acc = 0.908
  toxicity = 1, identity_any = 1  [n = 203]:	loss = 0.219  exp loss = 0.182  adjusted loss = 0.182  adv prob = 0.325761   acc = 0.956
Average incurred loss: 0.344  
Average sample loss: 0.365  
Average acc: 0.875  
  toxicity = 0, identity_any = 0  [n = 204]:	loss = 0.205  exp loss = 0.248  adjusted loss = 0.248  adv prob = 0.000383   acc = 0.922
  toxicity = 0, identity_any = 1  [n = 187]:	loss = 0.578  exp loss = 0.727  adjusted loss = 0.727  adv prob = 0.012787   acc = 0.706
  toxicity = 1, identity_any = 0  [n = 228]:	loss = 0.330  exp loss = 0.302  adjusted loss = 0.302  adv prob = 0.672524   acc = 0.917
  toxicity = 1, identity_any = 1  [n = 181]:	loss = 0.275  exp loss = 0.410  adjusted loss = 0.410  adv prob = 0.314306   acc = 0.945
Average incurred loss: 0.361  
Average sample loss: 0.271  
Average acc: 0.840  
  toxicity = 0, identity_any = 0  [n = 190]:	loss = 0.308  exp loss = 0.227  adjusted loss = 0.227  adv prob = 0.000390   acc = 0.837
  toxicity = 0, identity_any = 1  [n = 206]:	loss = 0.584  exp loss = 0.539  adjusted loss = 0.539  adv prob = 0.014618   acc = 0.684
  toxicity = 1, identity_any = 0  [n = 184]:	loss = 0.284  exp loss = 0.306  adjusted loss = 0.306  adv prob = 0.671838   acc = 0.918
  toxicity = 1, identity_any = 1  [n = 220]:	loss = 0.264  exp loss = 0.211  adjusted loss = 0.211  adv prob = 0.313154   acc = 0.923
Average incurred loss: 0.378  
Average sample loss: 0.327  
Average acc: 0.846  
  toxicity = 0, identity_any = 0  [n = 215]:	loss = 0.259  exp loss = 0.243  adjusted loss = 0.243  adv prob = 0.000377   acc = 0.874
  toxicity = 0, identity_any = 1  [n = 200]:	loss = 0.631  exp loss = 0.761  adjusted loss = 0.761  adv prob = 0.017152   acc = 0.705
  toxicity = 1, identity_any = 0  [n = 193]:	loss = 0.344  exp loss = 0.380  adjusted loss = 0.380  adv prob = 0.680208   acc = 0.896
  toxicity = 1, identity_any = 1  [n = 192]:	loss = 0.281  exp loss = 0.255  adjusted loss = 0.255  adv prob = 0.302263   acc = 0.911
Average incurred loss: 0.372  
Average sample loss: 0.318  
Average acc: 0.850  
  toxicity = 0, identity_any = 0  [n = 228]:	loss = 0.216  exp loss = 0.187  adjusted loss = 0.187  adv prob = 0.000357   acc = 0.895
  toxicity = 0, identity_any = 1  [n = 170]:	loss = 0.672  exp loss = 0.661  adjusted loss = 0.661  adv prob = 0.021121   acc = 0.671
  toxicity = 1, identity_any = 0  [n = 208]:	loss = 0.348  exp loss = 0.489  adjusted loss = 0.489  adv prob = 0.679981   acc = 0.894
  toxicity = 1, identity_any = 1  [n = 194]:	loss = 0.319  exp loss = 0.265  adjusted loss = 0.265  adv prob = 0.298541   acc = 0.907
Average incurred loss: 0.372  
Average sample loss: 0.315  
Average acc: 0.844  
  toxicity = 0, identity_any = 0  [n = 206]:	loss = 0.187  exp loss = 0.143  adjusted loss = 0.143  adv prob = 0.000337   acc = 0.913
  toxicity = 0, identity_any = 1  [n = 216]:	loss = 0.695  exp loss = 0.922  adjusted loss = 0.922  adv prob = 0.026035   acc = 0.657
  toxicity = 1, identity_any = 0  [n = 188]:	loss = 0.304  exp loss = 0.316  adjusted loss = 0.316  adv prob = 0.674920   acc = 0.904
  toxicity = 1, identity_any = 1  [n = 190]:	loss = 0.271  exp loss = 0.222  adjusted loss = 0.222  adv prob = 0.298708   acc = 0.921
Average incurred loss: 0.349  
Average sample loss: 0.339  
Average acc: 0.868  
  toxicity = 0, identity_any = 0  [n = 200]:	loss = 0.245  exp loss = 0.260  adjusted loss = 0.260  adv prob = 0.000320   acc = 0.880
  toxicity = 0, identity_any = 1  [n = 198]:	loss = 0.600  exp loss = 0.755  adjusted loss = 0.755  adv prob = 0.029937   acc = 0.717
  toxicity = 1, identity_any = 0  [n = 188]:	loss = 0.323  exp loss = 0.427  adjusted loss = 0.427  adv prob = 0.685575   acc = 0.926
  toxicity = 1, identity_any = 1  [n = 214]:	loss = 0.238  exp loss = 0.260  adjusted loss = 0.260  adv prob = 0.284168   acc = 0.944
Average incurred loss: 0.380  
Average sample loss: 0.296  
Average acc: 0.831  
  toxicity = 0, identity_any = 0  [n = 204]:	loss = 0.320  exp loss = 0.412  adjusted loss = 0.412  adv prob = 0.000324   acc = 0.838
  toxicity = 0, identity_any = 1  [n = 210]:	loss = 0.606  exp loss = 0.652  adjusted loss = 0.652  adv prob = 0.034490   acc = 0.671
  toxicity = 1, identity_any = 0  [n = 180]:	loss = 0.306  exp loss = 0.256  adjusted loss = 0.256  adv prob = 0.679510   acc = 0.917
  toxicity = 1, identity_any = 1  [n = 206]:	loss = 0.273  exp loss = 0.358  adjusted loss = 0.358  adv prob = 0.285676   acc = 0.913
Average incurred loss: 0.350  
Average sample loss: 0.299  
Average acc: 0.867  
  toxicity = 0, identity_any = 0  [n = 185]:	loss = 0.230  exp loss = 0.272  adjusted loss = 0.272  adv prob = 0.000314   acc = 0.908
  toxicity = 0, identity_any = 1  [n = 153]:	loss = 0.651  exp loss = 0.699  adjusted loss = 0.699  adv prob = 0.039313   acc = 0.680
  toxicity = 1, identity_any = 0  [n = 165]:	loss = 0.333  exp loss = 0.340  adjusted loss = 0.340  adv prob = 0.685050   acc = 0.903
  toxicity = 1, identity_any = 1  [n = 165]:	loss = 0.225  exp loss = 0.279  adjusted loss = 0.279  adv prob = 0.275323   acc = 0.958

Validation:
Average incurred loss: 0.408  
Average sample loss: 0.606  
Average acc: 0.807  
  toxicity = 0, identity_any = 0  [n = 166026]:	loss = 0.258  exp loss = 1.551  adjusted loss = 1.551  adv prob = 0.000000   acc = 0.877
  toxicity = 0, identity_any = 1  [n = 108687]:	loss = 0.707  exp loss = 1.667  adjusted loss = 1.667  adv prob = 1.000000   acc = 0.653
  toxicity = 1, identity_any = 0  [n = 11940]:	loss = 0.169  exp loss = 0.183  adjusted loss = 0.183  adv prob = 0.000000   acc = 0.966
  toxicity = 1, identity_any = 1  [n = 19696]:	loss = 0.169  exp loss = 0.140  adjusted loss = 0.140  adv prob = 0.000000   acc = 0.974
Current lr: 0.000003
Current lr: 0.000003
Current validation accuracy: 0.6529024243354797


Epoch [4]:
Training:
Average incurred loss: 0.348  
Average sample loss: 0.243  
Average acc: 0.859  
  toxicity = 0, identity_any = 0  [n = 175]:	loss = 0.277  exp loss = 0.638  adjusted loss = 0.638  adv prob = 0.000327   acc = 0.880
  toxicity = 0, identity_any = 1  [n = 184]:	loss = 0.689  exp loss = 0.573  adjusted loss = 0.573  adv prob = 0.049340   acc = 0.647
  toxicity = 1, identity_any = 0  [n = 206]:	loss = 0.224  exp loss = 0.190  adjusted loss = 0.190  adv prob = 0.673051   acc = 0.937
  toxicity = 1, identity_any = 1  [n = 235]:	loss = 0.241  exp loss = 0.414  adjusted loss = 0.414  adv prob = 0.277282   acc = 0.940
Average incurred loss: 0.288  
Average sample loss: 0.252  
Average acc: 0.891  
  toxicity = 0, identity_any = 0  [n = 216]:	loss = 0.176  exp loss = 0.230  adjusted loss = 0.230  adv prob = 0.000319   acc = 0.917
  toxicity = 0, identity_any = 1  [n = 182]:	loss = 0.573  exp loss = 0.707  adjusted loss = 0.707  adv prob = 0.057659   acc = 0.742
  toxicity = 1, identity_any = 0  [n = 209]:	loss = 0.252  exp loss = 0.217  adjusted loss = 0.217  adv prob = 0.669412   acc = 0.928
  toxicity = 1, identity_any = 1  [n = 193]:	loss = 0.183  exp loss = 0.293  adjusted loss = 0.293  adv prob = 0.272610   acc = 0.964
Average incurred loss: 0.326  
Average sample loss: 0.255  
Average acc: 0.876  
  toxicity = 0, identity_any = 0  [n = 210]:	loss = 0.207  exp loss = 0.188  adjusted loss = 0.188  adv prob = 0.000311   acc = 0.910
  toxicity = 0, identity_any = 1  [n = 179]:	loss = 0.699  exp loss = 0.560  adjusted loss = 0.560  adv prob = 0.070945   acc = 0.665
  toxicity = 1, identity_any = 0  [n = 208]:	loss = 0.203  exp loss = 0.228  adjusted loss = 0.228  adv prob = 0.657310   acc = 0.962
  toxicity = 1, identity_any = 1  [n = 203]:	loss = 0.245  exp loss = 0.272  adjusted loss = 0.272  adv prob = 0.271434   acc = 0.941
Average incurred loss: 0.356  
Average sample loss: 0.274  
Average acc: 0.847  
  toxicity = 0, identity_any = 0  [n = 200]:	loss = 0.316  exp loss = 0.275  adjusted loss = 0.275  adv prob = 0.000319   acc = 0.855
  toxicity = 0, identity_any = 1  [n = 194]:	loss = 0.626  exp loss = 0.619  adjusted loss = 0.619  adv prob = 0.084980   acc = 0.655
  toxicity = 1, identity_any = 0  [n = 203]:	loss = 0.271  exp loss = 0.459  adjusted loss = 0.459  adv prob = 0.650405   acc = 0.926
  toxicity = 1, identity_any = 1  [n = 203]:	loss = 0.220  exp loss = 0.191  adjusted loss = 0.191  adv prob = 0.264296   acc = 0.946
Average incurred loss: 0.332  
Average sample loss: 0.237  
Average acc: 0.871  
  toxicity = 0, identity_any = 0  [n = 190]:	loss = 0.249  exp loss = 0.297  adjusted loss = 0.297  adv prob = 0.000322   acc = 0.900
  toxicity = 0, identity_any = 1  [n = 198]:	loss = 0.643  exp loss = 0.571  adjusted loss = 0.571  adv prob = 0.101916   acc = 0.697
  toxicity = 1, identity_any = 0  [n = 214]:	loss = 0.240  exp loss = 0.158  adjusted loss = 0.158  adv prob = 0.639468   acc = 0.939
  toxicity = 1, identity_any = 1  [n = 198]:	loss = 0.200  exp loss = 0.204  adjusted loss = 0.204  adv prob = 0.258294   acc = 0.944
Average incurred loss: 0.349  
Average sample loss: 0.265  
Average acc: 0.854  
  toxicity = 0, identity_any = 0  [n = 217]:	loss = 0.242  exp loss = 0.209  adjusted loss = 0.209  adv prob = 0.000318   acc = 0.889
  toxicity = 0, identity_any = 1  [n = 193]:	loss = 0.762  exp loss = 0.810  adjusted loss = 0.810  adv prob = 0.131339   acc = 0.642
  toxicity = 1, identity_any = 0  [n = 200]:	loss = 0.211  exp loss = 0.249  adjusted loss = 0.249  adv prob = 0.620124   acc = 0.930
  toxicity = 1, identity_any = 1  [n = 190]:	loss = 0.195  exp loss = 0.141  adjusted loss = 0.141  adv prob = 0.248218   acc = 0.947
Average incurred loss: 0.346  
Average sample loss: 0.294  
Average acc: 0.841  
  toxicity = 0, identity_any = 0  [n = 198]:	loss = 0.231  exp loss = 0.209  adjusted loss = 0.209  adv prob = 0.000308   acc = 0.859
  toxicity = 0, identity_any = 1  [n = 220]:	loss = 0.668  exp loss = 0.597  adjusted loss = 0.597  adv prob = 0.155375   acc = 0.659
  toxicity = 1, identity_any = 0  [n = 186]:	loss = 0.266  exp loss = 0.302  adjusted loss = 0.302  adv prob = 0.609753   acc = 0.914
  toxicity = 1, identity_any = 1  [n = 196]:	loss = 0.178  exp loss = 0.203  adjusted loss = 0.203  adv prob = 0.234563   acc = 0.959
Average incurred loss: 0.371  
Average sample loss: 0.341  
Average acc: 0.854  
  toxicity = 0, identity_any = 0  [n = 224]:	loss = 0.237  exp loss = 0.151  adjusted loss = 0.151  adv prob = 0.000290   acc = 0.888
  toxicity = 0, identity_any = 1  [n = 224]:	loss = 0.708  exp loss = 0.802  adjusted loss = 0.802  adv prob = 0.188069   acc = 0.679
  toxicity = 1, identity_any = 0  [n = 174]:	loss = 0.276  exp loss = 0.189  adjusted loss = 0.189  adv prob = 0.593581   acc = 0.931
  toxicity = 1, identity_any = 1  [n = 178]:	loss = 0.207  exp loss = 0.167  adjusted loss = 0.167  adv prob = 0.218060   acc = 0.955
Average incurred loss: 0.376  
Average sample loss: 0.319  
Average acc: 0.845  
  toxicity = 0, identity_any = 0  [n = 194]:	loss = 0.319  exp loss = 0.252  adjusted loss = 0.252  adv prob = 0.000295   acc = 0.861
  toxicity = 0, identity_any = 1  [n = 209]:	loss = 0.668  exp loss = 0.535  adjusted loss = 0.535  adv prob = 0.217900   acc = 0.694
  toxicity = 1, identity_any = 0  [n = 207]:	loss = 0.273  exp loss = 0.259  adjusted loss = 0.259  adv prob = 0.573598   acc = 0.903
  toxicity = 1, identity_any = 1  [n = 190]:	loss = 0.224  exp loss = 0.234  adjusted loss = 0.234  adv prob = 0.208207   acc = 0.932
Average incurred loss: 0.306  
Average sample loss: 0.274  
Average acc: 0.858  
  toxicity = 0, identity_any = 0  [n = 174]:	loss = 0.208  exp loss = 0.280  adjusted loss = 0.280  adv prob = 0.000285   acc = 0.874
  toxicity = 0, identity_any = 1  [n = 164]:	loss = 0.650  exp loss = 0.513  adjusted loss = 0.513  adv prob = 0.248573   acc = 0.677
  toxicity = 1, identity_any = 0  [n = 155]:	loss = 0.205  exp loss = 0.176  adjusted loss = 0.176  adv prob = 0.552528   acc = 0.935
  toxicity = 1, identity_any = 1  [n = 175]:	loss = 0.171  exp loss = 0.189  adjusted loss = 0.189  adv prob = 0.198613   acc = 0.943

Validation:
Average incurred loss: 0.415  
Average sample loss: 0.616  
Average acc: 0.806  
  toxicity = 0, identity_any = 0  [n = 166026]:	loss = 0.267  exp loss = 1.595  adjusted loss = 1.595  adv prob = 0.000000   acc = 0.875
  toxicity = 0, identity_any = 1  [n = 108687]:	loss = 0.719  exp loss = 1.702  adjusted loss = 1.702  adv prob = 1.000000   acc = 0.651
  toxicity = 1, identity_any = 0  [n = 11940]:	loss = 0.150  exp loss = 0.158  adjusted loss = 0.158  adv prob = 0.000000   acc = 0.966
  toxicity = 1, identity_any = 1  [n = 19696]:	loss = 0.150  exp loss = 0.117  adjusted loss = 0.117  adv prob = 0.000000   acc = 0.974
Current lr: 0.000002
Current lr: 0.000002
Current validation accuracy: 0.6509085297584534


Epoch [5]:
Training:
Average incurred loss: 0.379  
Average sample loss: 0.335  
Average acc: 0.843  
  toxicity = 0, identity_any = 0  [n = 205]:	loss = 0.354  exp loss = 0.321  adjusted loss = 0.321  adv prob = 0.000284   acc = 0.844
  toxicity = 0, identity_any = 1  [n = 206]:	loss = 0.669  exp loss = 0.654  adjusted loss = 0.654  adv prob = 0.289391   acc = 0.675
  toxicity = 1, identity_any = 0  [n = 190]:	loss = 0.238  exp loss = 0.278  adjusted loss = 0.278  adv prob = 0.521782   acc = 0.937
  toxicity = 1, identity_any = 1  [n = 199]:	loss = 0.239  exp loss = 0.193  adjusted loss = 0.193  adv prob = 0.188542   acc = 0.925
Average incurred loss: 0.398  
Average sample loss: 0.418  
Average acc: 0.836  
  toxicity = 0, identity_any = 0  [n = 194]:	loss = 0.266  exp loss = 0.343  adjusted loss = 0.343  adv prob = 0.000263   acc = 0.871
  toxicity = 0, identity_any = 1  [n = 215]:	loss = 0.771  exp loss = 0.754  adjusted loss = 0.754  adv prob = 0.345858   acc = 0.637
  toxicity = 1, identity_any = 0  [n = 208]:	loss = 0.277  exp loss = 0.246  adjusted loss = 0.246  adv prob = 0.481743   acc = 0.933
  toxicity = 1, identity_any = 1  [n = 183]:	loss = 0.240  exp loss = 0.209  adjusted loss = 0.209  adv prob = 0.172137   acc = 0.923
Average incurred loss: 0.319  
Average sample loss: 0.350  
Average acc: 0.877  
  toxicity = 0, identity_any = 0  [n = 202]:	loss = 0.285  exp loss = 0.365  adjusted loss = 0.365  adv prob = 0.000255   acc = 0.881
  toxicity = 0, identity_any = 1  [n = 179]:	loss = 0.659  exp loss = 0.753  adjusted loss = 0.753  adv prob = 0.402442   acc = 0.704
  toxicity = 1, identity_any = 0  [n = 208]:	loss = 0.172  exp loss = 0.145  adjusted loss = 0.145  adv prob = 0.437343   acc = 0.942
  toxicity = 1, identity_any = 1  [n = 211]:	loss = 0.210  exp loss = 0.207  adjusted loss = 0.207  adv prob = 0.159960   acc = 0.957
Average incurred loss: 0.354  
Average sample loss: 0.438  
Average acc: 0.868  
  toxicity = 0, identity_any = 0  [n = 182]:	loss = 0.303  exp loss = 0.342  adjusted loss = 0.342  adv prob = 0.000238   acc = 0.890
  toxicity = 0, identity_any = 1  [n = 213]:	loss = 0.650  exp loss = 0.713  adjusted loss = 0.713  adv prob = 0.443674   acc = 0.704
  toxicity = 1, identity_any = 0  [n = 204]:	loss = 0.249  exp loss = 0.359  adjusted loss = 0.359  adv prob = 0.414143   acc = 0.926
  toxicity = 1, identity_any = 1  [n = 201]:	loss = 0.194  exp loss = 0.187  adjusted loss = 0.187  adv prob = 0.141944   acc = 0.960
Average incurred loss: 0.354  
Average sample loss: 0.454  
Average acc: 0.854  
  toxicity = 0, identity_any = 0  [n = 182]:	loss = 0.280  exp loss = 0.136  adjusted loss = 0.136  adv prob = 0.000221   acc = 0.868
  toxicity = 0, identity_any = 1  [n = 215]:	loss = 0.657  exp loss = 0.717  adjusted loss = 0.717  adv prob = 0.501731   acc = 0.693
  toxicity = 1, identity_any = 0  [n = 197]:	loss = 0.264  exp loss = 0.178  adjusted loss = 0.178  adv prob = 0.374266   acc = 0.919
  toxicity = 1, identity_any = 1  [n = 206]:	loss = 0.190  exp loss = 0.176  adjusted loss = 0.176  adv prob = 0.123782   acc = 0.947
Average incurred loss: 0.362  
Average sample loss: 0.504  
Average acc: 0.853  
  toxicity = 0, identity_any = 0  [n = 200]:	loss = 0.203  exp loss = 0.175  adjusted loss = 0.175  adv prob = 0.000190   acc = 0.905
  toxicity = 0, identity_any = 1  [n = 190]:	loss = 0.771  exp loss = 0.664  adjusted loss = 0.664  adv prob = 0.564630   acc = 0.653
  toxicity = 1, identity_any = 0  [n = 186]:	loss = 0.231  exp loss = 0.326  adjusted loss = 0.326  adv prob = 0.326811   acc = 0.914
  toxicity = 1, identity_any = 1  [n = 224]:	loss = 0.264  exp loss = 0.294  adjusted loss = 0.294  adv prob = 0.108368   acc = 0.924
Average incurred loss: 0.341  
Average sample loss: 0.465  
Average acc: 0.855  
  toxicity = 0, identity_any = 0  [n = 211]:	loss = 0.257  exp loss = 0.228  adjusted loss = 0.228  adv prob = 0.000173   acc = 0.877
  toxicity = 0, identity_any = 1  [n = 218]:	loss = 0.622  exp loss = 0.761  adjusted loss = 0.761  adv prob = 0.609275   acc = 0.688
  toxicity = 1, identity_any = 0  [n = 174]:	loss = 0.291  exp loss = 0.311  adjusted loss = 0.311  adv prob = 0.297549   acc = 0.914
  toxicity = 1, identity_any = 1  [n = 197]:	loss = 0.165  exp loss = 0.206  adjusted loss = 0.206  adv prob = 0.093003   acc = 0.964
Average incurred loss: 0.337  
Average sample loss: 0.474  
Average acc: 0.860  
  toxicity = 0, identity_any = 0  [n = 193]:	loss = 0.250  exp loss = 0.306  adjusted loss = 0.306  adv prob = 0.000153   acc = 0.886
  toxicity = 0, identity_any = 1  [n = 192]:	loss = 0.683  exp loss = 0.584  adjusted loss = 0.584  adv prob = 0.656188   acc = 0.688
  toxicity = 1, identity_any = 0  [n = 197]:	loss = 0.216  exp loss = 0.231  adjusted loss = 0.231  adv prob = 0.261842   acc = 0.924
  toxicity = 1, identity_any = 1  [n = 218]:	loss = 0.220  exp loss = 0.294  adjusted loss = 0.294  adv prob = 0.081817   acc = 0.931
Average incurred loss: 0.318  
Average sample loss: 0.460  
Average acc: 0.863  
  toxicity = 0, identity_any = 0  [n = 203]:	loss = 0.236  exp loss = 0.302  adjusted loss = 0.302  adv prob = 0.000138   acc = 0.897
  toxicity = 0, identity_any = 1  [n = 208]:	loss = 0.599  exp loss = 0.440  adjusted loss = 0.440  adv prob = 0.695205   acc = 0.697
  toxicity = 1, identity_any = 0  [n = 196]:	loss = 0.201  exp loss = 0.193  adjusted loss = 0.193  adv prob = 0.230506   acc = 0.934
  toxicity = 1, identity_any = 1  [n = 193]:	loss = 0.223  exp loss = 0.261  adjusted loss = 0.261  adv prob = 0.074151   acc = 0.933
Average incurred loss: 0.392  
Average sample loss: 0.479  
Average acc: 0.850  
  toxicity = 0, identity_any = 0  [n = 151]:	loss = 0.388  exp loss = 0.360  adjusted loss = 0.360  adv prob = 0.000130   acc = 0.841
  toxicity = 0, identity_any = 1  [n = 180]:	loss = 0.654  exp loss = 0.571  adjusted loss = 0.571  adv prob = 0.723237   acc = 0.728
  toxicity = 1, identity_any = 0  [n = 166]:	loss = 0.270  exp loss = 0.203  adjusted loss = 0.203  adv prob = 0.209755   acc = 0.922
  toxicity = 1, identity_any = 1  [n = 171]:	loss = 0.236  exp loss = 0.198  adjusted loss = 0.198  adv prob = 0.066879   acc = 0.918

Validation:
Average incurred loss: 0.395  
Average sample loss: 0.586  
Average acc: 0.813  
  toxicity = 0, identity_any = 0  [n = 166026]:	loss = 0.254  exp loss = 1.540  adjusted loss = 1.540  adv prob = 0.000000   acc = 0.881
  toxicity = 0, identity_any = 1  [n = 108687]:	loss = 0.683  exp loss = 1.639  adjusted loss = 1.639  adv prob = 1.000000   acc = 0.663
  toxicity = 1, identity_any = 0  [n = 11940]:	loss = 0.150  exp loss = 0.153  adjusted loss = 0.153  adv prob = 0.000000   acc = 0.964
  toxicity = 1, identity_any = 1  [n = 19696]:	loss = 0.151  exp loss = 0.113  adjusted loss = 0.113  adv prob = 0.000000   acc = 0.971
Current lr: 0.000000
Current lr: 0.000000
Current validation accuracy: 0.6631970405578613

Total Experiment Time: 24748.4s
Finished with job 835 (seed=333)
