/home/araymond/pyenv/versions/mini/lib/python3.10/site-packages/transformers/utils/hub.py:111: FutureWarning: Using `TRANSFORMERS_CACHE` is deprecated and will be removed in v5 of Transformers. Use `HF_HOME` instead.
  warnings.warn(
Some weights of BertForSequenceClassification were not initialized from the model checkpoint at bert-base-uncased and are newly initialized: ['classifier.bias', 'classifier.weight']
You should probably TRAIN this model on a down-stream task to be able to use it for predictions and inference.
/home/araymond/pyenv/versions/mini/lib/python3.10/site-packages/torch/optim/lr_scheduler.py:182: UserWarning: Detected call of `lr_scheduler.step()` before `optimizer.step()`. In PyTorch 1.1.0 and later, you should call them in the opposite order: `optimizer.step()` before `lr_scheduler.step()`.  Failure to do this will result in PyTorch skipping the first value of the learning rate schedule. See more details at https://pytorch.org/docs/stable/optim.html#how-to-adjust-learning-rate
  warnings.warn(
/home/araymond/pyenv/versions/mini/lib/python3.10/site-packages/pytorch_transformers/optimization.py:166: UserWarning: This overload of add_ is deprecated:
	add_(Number alpha, Tensor other)
Consider using one of the following signatures instead:
	add_(Tensor other, *, Number alpha = 1) (Triggered internally at /pytorch/torch/csrc/utils/python_arg_parser.cpp:1691.)
  exp_avg.mul_(beta1).add_(1.0 - beta1, grad)
Traceback (most recent call last):
  File "/workspace1/araymond/svdrop/run_expt.py", line 347, in <module>
    main(args)
  File "/workspace1/araymond/svdrop/run_expt.py", line 199, in main
    train(
  File "/workspace1/araymond/svdrop/train.py", line 308, in train
    run_epoch(
  File "/workspace1/araymond/svdrop/train.py", line 60, in run_epoch
    for batch_idx, batch in enumerate(prog_bar_loader):
  File "/home/araymond/pyenv/versions/mini/lib/python3.10/site-packages/torch/utils/data/dataloader.py", line 733, in __next__
    data = self._next_data()
  File "/home/araymond/pyenv/versions/mini/lib/python3.10/site-packages/torch/utils/data/dataloader.py", line 1515, in _next_data
    return self._process_data(data, worker_id)
  File "/home/araymond/pyenv/versions/mini/lib/python3.10/site-packages/torch/utils/data/dataloader.py", line 1550, in _process_data
    data.reraise()
  File "/home/araymond/pyenv/versions/mini/lib/python3.10/site-packages/torch/_utils.py", line 750, in reraise
    raise exception
ValueError: Caught ValueError in DataLoader worker process 0.
Original Traceback (most recent call last):
  File "/home/araymond/pyenv/versions/mini/lib/python3.10/site-packages/torch/utils/data/_utils/worker.py", line 349, in _worker_loop
    data = fetcher.fetch(index)  # type: ignore[possibly-undefined]
  File "/home/araymond/pyenv/versions/mini/lib/python3.10/site-packages/torch/utils/data/_utils/fetch.py", line 52, in fetch
    data = [self.dataset[idx] for idx in possibly_batched_index]
  File "/home/araymond/pyenv/versions/mini/lib/python3.10/site-packages/torch/utils/data/_utils/fetch.py", line 52, in <listcomp>
    data = [self.dataset[idx] for idx in possibly_batched_index]
  File "/workspace1/araymond/svdrop/data/dro_dataset.py", line 34, in __getitem__
    return self.dataset[idx]
  File "/workspace1/araymond/svdrop/data/folds.py", line 22, in __getitem__
    return self.dataset[self.indices[idx]]
  File "/workspace1/araymond/svdrop/data/jigsaw_dataset.py", line 116, in __getitem__
    tokens = self.tokenizer(
  File "/home/araymond/pyenv/versions/mini/lib/python3.10/site-packages/transformers/tokenization_utils_base.py", line 2911, in __call__
    encodings = self._call_one(text=text, text_pair=text_pair, **all_kwargs)
  File "/home/araymond/pyenv/versions/mini/lib/python3.10/site-packages/transformers/tokenization_utils_base.py", line 2971, in _call_one
    raise ValueError(
ValueError: text input must be of type `str` (single example), `list[str]` (batch or single pretokenized example) or `list[list[str]]` (batch of pretokenized examples).

