




 Using bert params 







WARNING: You are using 'dfr/metadata_val_as_train.csv' instead of the default 'metadata.csv'.


Dataset: jigsaw
Shift type: confounder
Wandb: False
Project name: spurious
Target name: toxicity
Confounder names: ['identity_any']
Up weight: 0
Resume: False
Finetune: True
Normalize: False
Recalculate groups: False
Unfreeze: 0
Restart layers: 0
Minority fraction: None
Imbalance ratio: None
Fraction: 1.0
Root dir: ../datasets
Reweight groups: False
Augment data: False
Val fraction: 0.1
Loss type: erm
Alpha: 0.2
Generalization adjustment: 0.0
Sv dropout: 0.0
Automatic adjustment: False
Robust step size: 0.01
Joint dro alpha: 1
Use normalized loss: False
Btl: False
Hinge: False
Model: bert-base-uncased
Train from scratch: False
Pretrained path: pretrained_models/civilcomments/erm_0.9_222.pth
N epochs: 6
Batch size: 16
Lr: 1e-05
Scheduler: False
L1: 0.0
Weight decay: 0.01
Gamma: 0.1
Minimum variational weight: 0
Seed: 222
Accum: 1
Show progress: False
Log dir: results/civilcomments/dfr/model_outputs_222
Log every: 50
Save step: 10
Save best: True
Save last: True
Use bert params: 1
Num folds per sweep: 5
Num sweeps: 4
Q: 0.7
Metadata csv name: dfr/metadata_val_as_train.csv
Fold: None
Metadata path: None
Aug col: None
Max grad norm: 1.0
Adam epsilon: 1e-08
Warmup steps: 0

metadata_csv_name: dfr/metadata_val_as_train.csv
Training Data...
    toxicity = 0, identity_any = 0: n = 1967
    toxicity = 0, identity_any = 1: n = 1967
    toxicity = 1, identity_any = 0: n = 1967
    toxicity = 1, identity_any = 1: n = 1967
Validation Data...
    toxicity = 0, identity_any = 0: n = 166026
    toxicity = 0, identity_any = 1: n = 108687
    toxicity = 1, identity_any = 0: n = 11940
    toxicity = 1, identity_any = 1: n = 19696
Test Data...
    toxicity = 0, identity_any = 0: n = 72372
    toxicity = 0, identity_any = 1: n = 46185
    toxicity = 1, identity_any = 0: n = 6063
    toxicity = 1, identity_any = 1: n = 9161
Training
n_classes = 2
Loading pretrained model from: pretrained_models/civilcomments/erm_0.9_222.pth
bert.embeddings.word_embeddings.weight False
bert.embeddings.position_embeddings.weight False
bert.embeddings.token_type_embeddings.weight False
bert.embeddings.LayerNorm.weight False
bert.embeddings.LayerNorm.bias False
bert.encoder.layer.0.attention.self.query.weight False
bert.encoder.layer.0.attention.self.query.bias False
bert.encoder.layer.0.attention.self.key.weight False
bert.encoder.layer.0.attention.self.key.bias False
bert.encoder.layer.0.attention.self.value.weight False
bert.encoder.layer.0.attention.self.value.bias False
bert.encoder.layer.0.attention.output.dense.weight False
bert.encoder.layer.0.attention.output.dense.bias False
bert.encoder.layer.0.attention.output.LayerNorm.weight False
bert.encoder.layer.0.attention.output.LayerNorm.bias False
bert.encoder.layer.0.intermediate.dense.weight False
bert.encoder.layer.0.intermediate.dense.bias False
bert.encoder.layer.0.output.dense.weight False
bert.encoder.layer.0.output.dense.bias False
bert.encoder.layer.0.output.LayerNorm.weight False
bert.encoder.layer.0.output.LayerNorm.bias False
bert.encoder.layer.1.attention.self.query.weight False
bert.encoder.layer.1.attention.self.query.bias False
bert.encoder.layer.1.attention.self.key.weight False
bert.encoder.layer.1.attention.self.key.bias False
bert.encoder.layer.1.attention.self.value.weight False
bert.encoder.layer.1.attention.self.value.bias False
bert.encoder.layer.1.attention.output.dense.weight False
bert.encoder.layer.1.attention.output.dense.bias False
bert.encoder.layer.1.attention.output.LayerNorm.weight False
bert.encoder.layer.1.attention.output.LayerNorm.bias False
bert.encoder.layer.1.intermediate.dense.weight False
bert.encoder.layer.1.intermediate.dense.bias False
bert.encoder.layer.1.output.dense.weight False
bert.encoder.layer.1.output.dense.bias False
bert.encoder.layer.1.output.LayerNorm.weight False
bert.encoder.layer.1.output.LayerNorm.bias False
bert.encoder.layer.2.attention.self.query.weight False
bert.encoder.layer.2.attention.self.query.bias False
bert.encoder.layer.2.attention.self.key.weight False
bert.encoder.layer.2.attention.self.key.bias False
bert.encoder.layer.2.attention.self.value.weight False
bert.encoder.layer.2.attention.self.value.bias False
bert.encoder.layer.2.attention.output.dense.weight False
bert.encoder.layer.2.attention.output.dense.bias False
bert.encoder.layer.2.attention.output.LayerNorm.weight False
bert.encoder.layer.2.attention.output.LayerNorm.bias False
bert.encoder.layer.2.intermediate.dense.weight False
bert.encoder.layer.2.intermediate.dense.bias False
bert.encoder.layer.2.output.dense.weight False
bert.encoder.layer.2.output.dense.bias False
bert.encoder.layer.2.output.LayerNorm.weight False
bert.encoder.layer.2.output.LayerNorm.bias False
bert.encoder.layer.3.attention.self.query.weight False
bert.encoder.layer.3.attention.self.query.bias False
bert.encoder.layer.3.attention.self.key.weight False
bert.encoder.layer.3.attention.self.key.bias False
bert.encoder.layer.3.attention.self.value.weight False
bert.encoder.layer.3.attention.self.value.bias False
bert.encoder.layer.3.attention.output.dense.weight False
bert.encoder.layer.3.attention.output.dense.bias False
bert.encoder.layer.3.attention.output.LayerNorm.weight False
bert.encoder.layer.3.attention.output.LayerNorm.bias False
bert.encoder.layer.3.intermediate.dense.weight False
bert.encoder.layer.3.intermediate.dense.bias False
bert.encoder.layer.3.output.dense.weight False
bert.encoder.layer.3.output.dense.bias False
bert.encoder.layer.3.output.LayerNorm.weight False
bert.encoder.layer.3.output.LayerNorm.bias False
bert.encoder.layer.4.attention.self.query.weight False
bert.encoder.layer.4.attention.self.query.bias False
bert.encoder.layer.4.attention.self.key.weight False
bert.encoder.layer.4.attention.self.key.bias False
bert.encoder.layer.4.attention.self.value.weight False
bert.encoder.layer.4.attention.self.value.bias False
bert.encoder.layer.4.attention.output.dense.weight False
bert.encoder.layer.4.attention.output.dense.bias False
bert.encoder.layer.4.attention.output.LayerNorm.weight False
bert.encoder.layer.4.attention.output.LayerNorm.bias False
bert.encoder.layer.4.intermediate.dense.weight False
bert.encoder.layer.4.intermediate.dense.bias False
bert.encoder.layer.4.output.dense.weight False
bert.encoder.layer.4.output.dense.bias False
bert.encoder.layer.4.output.LayerNorm.weight False
bert.encoder.layer.4.output.LayerNorm.bias False
bert.encoder.layer.5.attention.self.query.weight False
bert.encoder.layer.5.attention.self.query.bias False
bert.encoder.layer.5.attention.self.key.weight False
bert.encoder.layer.5.attention.self.key.bias False
bert.encoder.layer.5.attention.self.value.weight False
bert.encoder.layer.5.attention.self.value.bias False
bert.encoder.layer.5.attention.output.dense.weight False
bert.encoder.layer.5.attention.output.dense.bias False
bert.encoder.layer.5.attention.output.LayerNorm.weight False
bert.encoder.layer.5.attention.output.LayerNorm.bias False
bert.encoder.layer.5.intermediate.dense.weight False
bert.encoder.layer.5.intermediate.dense.bias False
bert.encoder.layer.5.output.dense.weight False
bert.encoder.layer.5.output.dense.bias False
bert.encoder.layer.5.output.LayerNorm.weight False
bert.encoder.layer.5.output.LayerNorm.bias False
bert.encoder.layer.6.attention.self.query.weight False
bert.encoder.layer.6.attention.self.query.bias False
bert.encoder.layer.6.attention.self.key.weight False
bert.encoder.layer.6.attention.self.key.bias False
bert.encoder.layer.6.attention.self.value.weight False
bert.encoder.layer.6.attention.self.value.bias False
bert.encoder.layer.6.attention.output.dense.weight False
bert.encoder.layer.6.attention.output.dense.bias False
bert.encoder.layer.6.attention.output.LayerNorm.weight False
bert.encoder.layer.6.attention.output.LayerNorm.bias False
bert.encoder.layer.6.intermediate.dense.weight False
bert.encoder.layer.6.intermediate.dense.bias False
bert.encoder.layer.6.output.dense.weight False
bert.encoder.layer.6.output.dense.bias False
bert.encoder.layer.6.output.LayerNorm.weight False
bert.encoder.layer.6.output.LayerNorm.bias False
bert.encoder.layer.7.attention.self.query.weight False
bert.encoder.layer.7.attention.self.query.bias False
bert.encoder.layer.7.attention.self.key.weight False
bert.encoder.layer.7.attention.self.key.bias False
bert.encoder.layer.7.attention.self.value.weight False
bert.encoder.layer.7.attention.self.value.bias False
bert.encoder.layer.7.attention.output.dense.weight False
bert.encoder.layer.7.attention.output.dense.bias False
bert.encoder.layer.7.attention.output.LayerNorm.weight False
bert.encoder.layer.7.attention.output.LayerNorm.bias False
bert.encoder.layer.7.intermediate.dense.weight False
bert.encoder.layer.7.intermediate.dense.bias False
bert.encoder.layer.7.output.dense.weight False
bert.encoder.layer.7.output.dense.bias False
bert.encoder.layer.7.output.LayerNorm.weight False
bert.encoder.layer.7.output.LayerNorm.bias False
bert.encoder.layer.8.attention.self.query.weight False
bert.encoder.layer.8.attention.self.query.bias False
bert.encoder.layer.8.attention.self.key.weight False
bert.encoder.layer.8.attention.self.key.bias False
bert.encoder.layer.8.attention.self.value.weight False
bert.encoder.layer.8.attention.self.value.bias False
bert.encoder.layer.8.attention.output.dense.weight False
bert.encoder.layer.8.attention.output.dense.bias False
bert.encoder.layer.8.attention.output.LayerNorm.weight False
bert.encoder.layer.8.attention.output.LayerNorm.bias False
bert.encoder.layer.8.intermediate.dense.weight False
bert.encoder.layer.8.intermediate.dense.bias False
bert.encoder.layer.8.output.dense.weight False
bert.encoder.layer.8.output.dense.bias False
bert.encoder.layer.8.output.LayerNorm.weight False
bert.encoder.layer.8.output.LayerNorm.bias False
bert.encoder.layer.9.attention.self.query.weight False
bert.encoder.layer.9.attention.self.query.bias False
bert.encoder.layer.9.attention.self.key.weight False
bert.encoder.layer.9.attention.self.key.bias False
bert.encoder.layer.9.attention.self.value.weight False
bert.encoder.layer.9.attention.self.value.bias False
bert.encoder.layer.9.attention.output.dense.weight False
bert.encoder.layer.9.attention.output.dense.bias False
bert.encoder.layer.9.attention.output.LayerNorm.weight False
bert.encoder.layer.9.attention.output.LayerNorm.bias False
bert.encoder.layer.9.intermediate.dense.weight False
bert.encoder.layer.9.intermediate.dense.bias False
bert.encoder.layer.9.output.dense.weight False
bert.encoder.layer.9.output.dense.bias False
bert.encoder.layer.9.output.LayerNorm.weight False
bert.encoder.layer.9.output.LayerNorm.bias False
bert.encoder.layer.10.attention.self.query.weight False
bert.encoder.layer.10.attention.self.query.bias False
bert.encoder.layer.10.attention.self.key.weight False
bert.encoder.layer.10.attention.self.key.bias False
bert.encoder.layer.10.attention.self.value.weight False
bert.encoder.layer.10.attention.self.value.bias False
bert.encoder.layer.10.attention.output.dense.weight False
bert.encoder.layer.10.attention.output.dense.bias False
bert.encoder.layer.10.attention.output.LayerNorm.weight False
bert.encoder.layer.10.attention.output.LayerNorm.bias False
bert.encoder.layer.10.intermediate.dense.weight False
bert.encoder.layer.10.intermediate.dense.bias False
bert.encoder.layer.10.output.dense.weight False
bert.encoder.layer.10.output.dense.bias False
bert.encoder.layer.10.output.LayerNorm.weight False
bert.encoder.layer.10.output.LayerNorm.bias False
bert.encoder.layer.11.attention.self.query.weight False
bert.encoder.layer.11.attention.self.query.bias False
bert.encoder.layer.11.attention.self.key.weight False
bert.encoder.layer.11.attention.self.key.bias False
bert.encoder.layer.11.attention.self.value.weight False
bert.encoder.layer.11.attention.self.value.bias False
bert.encoder.layer.11.attention.output.dense.weight False
bert.encoder.layer.11.attention.output.dense.bias False
bert.encoder.layer.11.attention.output.LayerNorm.weight False
bert.encoder.layer.11.attention.output.LayerNorm.bias False
bert.encoder.layer.11.intermediate.dense.weight False
bert.encoder.layer.11.intermediate.dense.bias False
bert.encoder.layer.11.output.dense.weight False
bert.encoder.layer.11.output.dense.bias False
bert.encoder.layer.11.output.LayerNorm.weight False
bert.encoder.layer.11.output.LayerNorm.bias False
bert.pooler.dense.weight False
bert.pooler.dense.bias False
classifier.weight True
classifier.bias True

t_total is 2952


Epoch [0]:
Training:
Average incurred loss: 0.736  
Average sample loss: 0.736  
Average acc: 0.766  
  toxicity = 0, identity_any = 0  [n = 207]:	loss = 0.025  exp loss = 0.037  adjusted loss = 0.037  adv prob = 0.250000   acc = 0.995
  toxicity = 0, identity_any = 1  [n = 179]:	loss = 0.081  exp loss = 0.102  adjusted loss = 0.102  adv prob = 0.250000   acc = 0.966
  toxicity = 1, identity_any = 0  [n = 190]:	loss = 1.462  exp loss = 1.297  adjusted loss = 1.297  adv prob = 0.250000   acc = 0.600
  toxicity = 1, identity_any = 1  [n = 224]:	loss = 1.299  exp loss = 1.500  adjusted loss = 1.500  adv prob = 0.250000   acc = 0.536
Average incurred loss: 0.613  
Average sample loss: 0.613  
Average acc: 0.778  
  toxicity = 0, identity_any = 0  [n = 201]:	loss = 0.006  exp loss = 0.005  adjusted loss = 0.005  adv prob = 0.250000   acc = 1.000
  toxicity = 0, identity_any = 1  [n = 217]:	loss = 0.104  exp loss = 0.177  adjusted loss = 0.177  adv prob = 0.250000   acc = 0.959
  toxicity = 1, identity_any = 0  [n = 194]:	loss = 1.249  exp loss = 1.403  adjusted loss = 1.403  adv prob = 0.250000   acc = 0.572
  toxicity = 1, identity_any = 1  [n = 188]:	loss = 1.193  exp loss = 1.166  adjusted loss = 1.166  adv prob = 0.250000   acc = 0.543
Average incurred loss: 0.648  
Average sample loss: 0.648  
Average acc: 0.764  
  toxicity = 0, identity_any = 0  [n = 205]:	loss = 0.055  exp loss = 0.109  adjusted loss = 0.109  adv prob = 0.250000   acc = 0.971
  toxicity = 0, identity_any = 1  [n = 194]:	loss = 0.078  exp loss = 0.139  adjusted loss = 0.139  adv prob = 0.250000   acc = 0.969
  toxicity = 1, identity_any = 0  [n = 204]:	loss = 1.364  exp loss = 1.191  adjusted loss = 1.191  adv prob = 0.250000   acc = 0.564
  toxicity = 1, identity_any = 1  [n = 197]:	loss = 1.084  exp loss = 1.267  adjusted loss = 1.267  adv prob = 0.250000   acc = 0.553
Average incurred loss: 0.570  
Average sample loss: 0.570  
Average acc: 0.790  
  toxicity = 0, identity_any = 0  [n = 205]:	loss = 0.037  exp loss = 0.061  adjusted loss = 0.061  adv prob = 0.250000   acc = 0.985
  toxicity = 0, identity_any = 1  [n = 218]:	loss = 0.118  exp loss = 0.162  adjusted loss = 0.162  adv prob = 0.250000   acc = 0.959
  toxicity = 1, identity_any = 0  [n = 185]:	loss = 1.043  exp loss = 0.788  adjusted loss = 0.788  adv prob = 0.250000   acc = 0.643
  toxicity = 1, identity_any = 1  [n = 192]:	loss = 1.197  exp loss = 1.485  adjusted loss = 1.485  adv prob = 0.250000   acc = 0.531
Average incurred loss: 0.530  
Average sample loss: 0.530  
Average acc: 0.784  
  toxicity = 0, identity_any = 0  [n = 187]:	loss = 0.042  exp loss = 0.068  adjusted loss = 0.068  adv prob = 0.250000   acc = 0.984
  toxicity = 0, identity_any = 1  [n = 197]:	loss = 0.107  exp loss = 0.139  adjusted loss = 0.139  adv prob = 0.250000   acc = 0.939
  toxicity = 1, identity_any = 0  [n = 197]:	loss = 0.934  exp loss = 1.028  adjusted loss = 1.028  adv prob = 0.250000   acc = 0.670
  toxicity = 1, identity_any = 1  [n = 219]:	loss = 0.965  exp loss = 1.195  adjusted loss = 1.195  adv prob = 0.250000   acc = 0.575
Average incurred loss: 0.504  
Average sample loss: 0.504  
Average acc: 0.806  
  toxicity = 0, identity_any = 0  [n = 198]:	loss = 0.034  exp loss = 0.043  adjusted loss = 0.043  adv prob = 0.250000   acc = 0.990
  toxicity = 0, identity_any = 1  [n = 210]:	loss = 0.113  exp loss = 0.099  adjusted loss = 0.099  adv prob = 0.250000   acc = 0.971
  toxicity = 1, identity_any = 0  [n = 187]:	loss = 0.891  exp loss = 0.663  adjusted loss = 0.663  adv prob = 0.250000   acc = 0.706
  toxicity = 1, identity_any = 1  [n = 205]:	loss = 1.004  exp loss = 0.872  adjusted loss = 0.872  adv prob = 0.250000   acc = 0.551
Average incurred loss: 0.538  
Average sample loss: 0.538  
Average acc: 0.769  
  toxicity = 0, identity_any = 0  [n = 223]:	loss = 0.053  exp loss = 0.053  adjusted loss = 0.053  adv prob = 0.250000   acc = 0.982
  toxicity = 0, identity_any = 1  [n = 188]:	loss = 0.170  exp loss = 0.190  adjusted loss = 0.190  adv prob = 0.250000   acc = 0.904
  toxicity = 1, identity_any = 0  [n = 196]:	loss = 0.911  exp loss = 1.037  adjusted loss = 1.037  adv prob = 0.250000   acc = 0.638
  toxicity = 1, identity_any = 1  [n = 193]:	loss = 1.076  exp loss = 0.852  adjusted loss = 0.852  adv prob = 0.250000   acc = 0.523
Average incurred loss: 0.467  
Average sample loss: 0.467  
Average acc: 0.790  
  toxicity = 0, identity_any = 0  [n = 206]:	loss = 0.064  exp loss = 0.031  adjusted loss = 0.031  adv prob = 0.250000   acc = 0.966
  toxicity = 0, identity_any = 1  [n = 202]:	loss = 0.185  exp loss = 0.149  adjusted loss = 0.149  adv prob = 0.250000   acc = 0.926
  toxicity = 1, identity_any = 0  [n = 205]:	loss = 0.787  exp loss = 0.912  adjusted loss = 0.912  adv prob = 0.250000   acc = 0.683
  toxicity = 1, identity_any = 1  [n = 187]:	loss = 0.865  exp loss = 1.198  adjusted loss = 1.198  adv prob = 0.250000   acc = 0.567
Average incurred loss: 0.491  
Average sample loss: 0.491  
Average acc: 0.794  
  toxicity = 0, identity_any = 0  [n = 188]:	loss = 0.055  exp loss = 0.049  adjusted loss = 0.049  adv prob = 0.250000   acc = 0.973
  toxicity = 0, identity_any = 1  [n = 195]:	loss = 0.124  exp loss = 0.184  adjusted loss = 0.184  adv prob = 0.250000   acc = 0.954
  toxicity = 1, identity_any = 0  [n = 225]:	loss = 0.930  exp loss = 1.118  adjusted loss = 1.118  adv prob = 0.250000   acc = 0.636
  toxicity = 1, identity_any = 1  [n = 192]:	loss = 0.777  exp loss = 0.844  adjusted loss = 0.844  adv prob = 0.250000   acc = 0.641
Average incurred loss: 0.487  
Average sample loss: 0.486  
Average acc: 0.795  
  toxicity = 0, identity_any = 0  [n = 147]:	loss = 0.046  exp loss = 0.042  adjusted loss = 0.042  adv prob = 0.250000   acc = 0.986
  toxicity = 0, identity_any = 1  [n = 167]:	loss = 0.144  exp loss = 0.168  adjusted loss = 0.168  adv prob = 0.250000   acc = 0.958
  toxicity = 1, identity_any = 0  [n = 184]:	loss = 0.905  exp loss = 0.760  adjusted loss = 0.760  adv prob = 0.250000   acc = 0.636
  toxicity = 1, identity_any = 1  [n = 170]:	loss = 0.751  exp loss = 0.754  adjusted loss = 0.754  adv prob = 0.250000   acc = 0.641

Validation:
Average incurred loss: 0.125  
Average sample loss: 0.125  
Average acc: 0.953  
  toxicity = 0, identity_any = 0  [n = 166026]:	loss = 0.052  exp loss = 0.371  adjusted loss = 0.371  adv prob = 0.250000   acc = 0.983
  toxicity = 0, identity_any = 1  [n = 108687]:	loss = 0.169  exp loss = 0.419  adjusted loss = 0.419  adv prob = 0.250000   acc = 0.940
  toxicity = 1, identity_any = 0  [n = 11940]:	loss = 0.331  exp loss = 0.262  adjusted loss = 0.262  adv prob = 0.250000   acc = 0.868
  toxicity = 1, identity_any = 1  [n = 19696]:	loss = 0.371  exp loss = 0.323  adjusted loss = 0.323  adv prob = 0.250000   acc = 0.835
Current lr: 0.000008
Current lr: 0.000008
Current validation accuracy: 0.9534112811088562
Best model saved at epoch 0


Epoch [1]:
Training:
Average incurred loss: 0.429  
Average sample loss: 0.429  
Average acc: 0.820  
  toxicity = 0, identity_any = 0  [n = 194]:	loss = 0.051  exp loss = 0.046  adjusted loss = 0.046  adv prob = 0.250000   acc = 0.979
  toxicity = 0, identity_any = 1  [n = 195]:	loss = 0.196  exp loss = 0.228  adjusted loss = 0.228  adv prob = 0.250000   acc = 0.918
  toxicity = 1, identity_any = 0  [n = 211]:	loss = 0.737  exp loss = 1.054  adjusted loss = 1.054  adv prob = 0.250000   acc = 0.716
  toxicity = 1, identity_any = 1  [n = 200]:	loss = 0.699  exp loss = 0.643  adjusted loss = 0.643  adv prob = 0.250000   acc = 0.680
Average incurred loss: 0.465  
Average sample loss: 0.465  
Average acc: 0.811  
  toxicity = 0, identity_any = 0  [n = 196]:	loss = 0.066  exp loss = 0.054  adjusted loss = 0.054  adv prob = 0.250000   acc = 0.980
  toxicity = 0, identity_any = 1  [n = 203]:	loss = 0.176  exp loss = 0.246  adjusted loss = 0.246  adv prob = 0.250000   acc = 0.931
  toxicity = 1, identity_any = 0  [n = 202]:	loss = 0.972  exp loss = 0.903  adjusted loss = 0.903  adv prob = 0.250000   acc = 0.619
  toxicity = 1, identity_any = 1  [n = 199]:	loss = 0.637  exp loss = 0.619  adjusted loss = 0.619  adv prob = 0.250000   acc = 0.719
Average incurred loss: 0.376  
Average sample loss: 0.376  
Average acc: 0.822  
  toxicity = 0, identity_any = 0  [n = 196]:	loss = 0.086  exp loss = 0.090  adjusted loss = 0.090  adv prob = 0.250000   acc = 0.944
  toxicity = 0, identity_any = 1  [n = 221]:	loss = 0.212  exp loss = 0.214  adjusted loss = 0.214  adv prob = 0.250000   acc = 0.905
  toxicity = 1, identity_any = 0  [n = 177]:	loss = 0.604  exp loss = 0.594  adjusted loss = 0.594  adv prob = 0.250000   acc = 0.729
  toxicity = 1, identity_any = 1  [n = 206]:	loss = 0.634  exp loss = 0.596  adjusted loss = 0.596  adv prob = 0.250000   acc = 0.699
Average incurred loss: 0.403  
Average sample loss: 0.403  
Average acc: 0.826  
  toxicity = 0, identity_any = 0  [n = 201]:	loss = 0.076  exp loss = 0.085  adjusted loss = 0.085  adv prob = 0.250000   acc = 0.980
  toxicity = 0, identity_any = 1  [n = 195]:	loss = 0.261  exp loss = 0.356  adjusted loss = 0.356  adv prob = 0.250000   acc = 0.872
  toxicity = 1, identity_any = 0  [n = 202]:	loss = 0.644  exp loss = 0.599  adjusted loss = 0.599  adv prob = 0.250000   acc = 0.767
  toxicity = 1, identity_any = 1  [n = 202]:	loss = 0.625  exp loss = 0.446  adjusted loss = 0.446  adv prob = 0.250000   acc = 0.688
Average incurred loss: 0.350  
Average sample loss: 0.350  
Average acc: 0.849  
  toxicity = 0, identity_any = 0  [n = 218]:	loss = 0.042  exp loss = 0.041  adjusted loss = 0.041  adv prob = 0.250000   acc = 0.977
  toxicity = 0, identity_any = 1  [n = 192]:	loss = 0.203  exp loss = 0.250  adjusted loss = 0.250  adv prob = 0.250000   acc = 0.901
  toxicity = 1, identity_any = 0  [n = 196]:	loss = 0.680  exp loss = 0.813  adjusted loss = 0.813  adv prob = 0.250000   acc = 0.740
  toxicity = 1, identity_any = 1  [n = 194]:	loss = 0.507  exp loss = 0.599  adjusted loss = 0.599  adv prob = 0.250000   acc = 0.763
Average incurred loss: 0.362  
Average sample loss: 0.362  
Average acc: 0.845  
  toxicity = 0, identity_any = 0  [n = 204]:	loss = 0.066  exp loss = 0.035  adjusted loss = 0.035  adv prob = 0.250000   acc = 0.980
  toxicity = 0, identity_any = 1  [n = 204]:	loss = 0.275  exp loss = 0.311  adjusted loss = 0.311  adv prob = 0.250000   acc = 0.868
  toxicity = 1, identity_any = 0  [n = 198]:	loss = 0.643  exp loss = 0.755  adjusted loss = 0.755  adv prob = 0.250000   acc = 0.727
  toxicity = 1, identity_any = 1  [n = 194]:	loss = 0.476  exp loss = 0.415  adjusted loss = 0.415  adv prob = 0.250000   acc = 0.799
Average incurred loss: 0.342  
Average sample loss: 0.342  
Average acc: 0.850  
  toxicity = 0, identity_any = 0  [n = 199]:	loss = 0.098  exp loss = 0.054  adjusted loss = 0.054  adv prob = 0.250000   acc = 0.935
  toxicity = 0, identity_any = 1  [n = 210]:	loss = 0.289  exp loss = 0.270  adjusted loss = 0.270  adv prob = 0.250000   acc = 0.876
  toxicity = 1, identity_any = 0  [n = 190]:	loss = 0.481  exp loss = 0.642  adjusted loss = 0.642  adv prob = 0.250000   acc = 0.837
  toxicity = 1, identity_any = 1  [n = 201]:	loss = 0.505  exp loss = 0.437  adjusted loss = 0.437  adv prob = 0.250000   acc = 0.751
Average incurred loss: 0.339  
Average sample loss: 0.339  
Average acc: 0.846  
  toxicity = 0, identity_any = 0  [n = 188]:	loss = 0.096  exp loss = 0.049  adjusted loss = 0.049  adv prob = 0.250000   acc = 0.957
  toxicity = 0, identity_any = 1  [n = 195]:	loss = 0.269  exp loss = 0.350  adjusted loss = 0.350  adv prob = 0.250000   acc = 0.841
  toxicity = 1, identity_any = 0  [n = 214]:	loss = 0.501  exp loss = 0.546  adjusted loss = 0.546  adv prob = 0.250000   acc = 0.776
  toxicity = 1, identity_any = 1  [n = 203]:	loss = 0.460  exp loss = 0.460  adjusted loss = 0.460  adv prob = 0.250000   acc = 0.823
Average incurred loss: 0.360  
Average sample loss: 0.360  
Average acc: 0.840  
  toxicity = 0, identity_any = 0  [n = 206]:	loss = 0.104  exp loss = 0.122  adjusted loss = 0.122  adv prob = 0.250000   acc = 0.956
  toxicity = 0, identity_any = 1  [n = 180]:	loss = 0.337  exp loss = 0.319  adjusted loss = 0.319  adv prob = 0.250000   acc = 0.822
  toxicity = 1, identity_any = 0  [n = 211]:	loss = 0.514  exp loss = 0.507  adjusted loss = 0.507  adv prob = 0.250000   acc = 0.773
  toxicity = 1, identity_any = 1  [n = 203]:	loss = 0.479  exp loss = 0.469  adjusted loss = 0.469  adv prob = 0.250000   acc = 0.808
Average incurred loss: 0.354  
Average sample loss: 0.354  
Average acc: 0.837  
  toxicity = 0, identity_any = 0  [n = 165]:	loss = 0.149  exp loss = 0.210  adjusted loss = 0.210  adv prob = 0.250000   acc = 0.921
  toxicity = 0, identity_any = 1  [n = 172]:	loss = 0.329  exp loss = 0.293  adjusted loss = 0.293  adv prob = 0.250000   acc = 0.826
  toxicity = 1, identity_any = 0  [n = 166]:	loss = 0.417  exp loss = 0.569  adjusted loss = 0.569  adv prob = 0.250000   acc = 0.843
  toxicity = 1, identity_any = 1  [n = 165]:	loss = 0.520  exp loss = 0.493  adjusted loss = 0.493  adv prob = 0.250000   acc = 0.758

Validation:
Average incurred loss: 0.184  
Average sample loss: 0.184  
Average acc: 0.912  
  toxicity = 0, identity_any = 0  [n = 166026]:	loss = 0.095  exp loss = 0.637  adjusted loss = 0.637  adv prob = 0.250000   acc = 0.959
  toxicity = 0, identity_any = 1  [n = 108687]:	loss = 0.306  exp loss = 0.698  adjusted loss = 0.698  adv prob = 0.250000   acc = 0.833
  toxicity = 1, identity_any = 0  [n = 11940]:	loss = 0.221  exp loss = 0.177  adjusted loss = 0.177  adv prob = 0.250000   acc = 0.934
  toxicity = 1, identity_any = 1  [n = 19696]:	loss = 0.234  exp loss = 0.209  adjusted loss = 0.209  adv prob = 0.250000   acc = 0.939
Current lr: 0.000007
Current lr: 0.000007
Current validation accuracy: 0.9121993780136108


Epoch [2]:
Training:
Average incurred loss: 0.314  
Average sample loss: 0.314  
Average acc: 0.866  
  toxicity = 0, identity_any = 0  [n = 201]:	loss = 0.075  exp loss = 0.078  adjusted loss = 0.078  adv prob = 0.250000   acc = 0.970
  toxicity = 0, identity_any = 1  [n = 204]:	loss = 0.256  exp loss = 0.251  adjusted loss = 0.251  adv prob = 0.250000   acc = 0.858
  toxicity = 1, identity_any = 0  [n = 205]:	loss = 0.555  exp loss = 0.565  adjusted loss = 0.565  adv prob = 0.250000   acc = 0.785
  toxicity = 1, identity_any = 1  [n = 190]:	loss = 0.367  exp loss = 0.399  adjusted loss = 0.399  adv prob = 0.250000   acc = 0.853
Average incurred loss: 0.324  
Average sample loss: 0.324  
Average acc: 0.875  
  toxicity = 0, identity_any = 0  [n = 193]:	loss = 0.117  exp loss = 0.072  adjusted loss = 0.072  adv prob = 0.250000   acc = 0.948
  toxicity = 0, identity_any = 1  [n = 204]:	loss = 0.316  exp loss = 0.362  adjusted loss = 0.362  adv prob = 0.250000   acc = 0.833
  toxicity = 1, identity_any = 0  [n = 201]:	loss = 0.443  exp loss = 0.323  adjusted loss = 0.323  adv prob = 0.250000   acc = 0.851
  toxicity = 1, identity_any = 1  [n = 202]:	loss = 0.410  exp loss = 0.350  adjusted loss = 0.350  adv prob = 0.250000   acc = 0.871
Average incurred loss: 0.325  
Average sample loss: 0.325  
Average acc: 0.861  
  toxicity = 0, identity_any = 0  [n = 190]:	loss = 0.106  exp loss = 0.141  adjusted loss = 0.141  adv prob = 0.250000   acc = 0.947
  toxicity = 0, identity_any = 1  [n = 188]:	loss = 0.285  exp loss = 0.220  adjusted loss = 0.220  adv prob = 0.250000   acc = 0.846
  toxicity = 1, identity_any = 0  [n = 208]:	loss = 0.466  exp loss = 0.527  adjusted loss = 0.527  adv prob = 0.250000   acc = 0.808
  toxicity = 1, identity_any = 1  [n = 214]:	loss = 0.417  exp loss = 0.397  adjusted loss = 0.397  adv prob = 0.250000   acc = 0.850
Average incurred loss: 0.357  
Average sample loss: 0.357  
Average acc: 0.840  
  toxicity = 0, identity_any = 0  [n = 193]:	loss = 0.119  exp loss = 0.165  adjusted loss = 0.165  adv prob = 0.250000   acc = 0.938
  toxicity = 0, identity_any = 1  [n = 201]:	loss = 0.353  exp loss = 0.405  adjusted loss = 0.405  adv prob = 0.250000   acc = 0.791
  toxicity = 1, identity_any = 0  [n = 199]:	loss = 0.514  exp loss = 0.403  adjusted loss = 0.403  adv prob = 0.250000   acc = 0.769
  toxicity = 1, identity_any = 1  [n = 207]:	loss = 0.431  exp loss = 0.306  adjusted loss = 0.306  adv prob = 0.250000   acc = 0.865
Average incurred loss: 0.339  
Average sample loss: 0.339  
Average acc: 0.846  
  toxicity = 0, identity_any = 0  [n = 224]:	loss = 0.183  exp loss = 0.185  adjusted loss = 0.185  adv prob = 0.250000   acc = 0.897
  toxicity = 0, identity_any = 1  [n = 211]:	loss = 0.347  exp loss = 0.349  adjusted loss = 0.349  adv prob = 0.250000   acc = 0.791
  toxicity = 1, identity_any = 0  [n = 197]:	loss = 0.439  exp loss = 0.341  adjusted loss = 0.341  adv prob = 0.250000   acc = 0.843
  toxicity = 1, identity_any = 1  [n = 168]:	loss = 0.419  exp loss = 0.483  adjusted loss = 0.483  adv prob = 0.250000   acc = 0.851
Average incurred loss: 0.326  
Average sample loss: 0.326  
Average acc: 0.847  
  toxicity = 0, identity_any = 0  [n = 200]:	loss = 0.080  exp loss = 0.038  adjusted loss = 0.038  adv prob = 0.250000   acc = 0.955
  toxicity = 0, identity_any = 1  [n = 210]:	loss = 0.369  exp loss = 0.409  adjusted loss = 0.409  adv prob = 0.250000   acc = 0.786
  toxicity = 1, identity_any = 0  [n = 197]:	loss = 0.473  exp loss = 0.431  adjusted loss = 0.431  adv prob = 0.250000   acc = 0.802
  toxicity = 1, identity_any = 1  [n = 193]:	loss = 0.385  exp loss = 0.356  adjusted loss = 0.356  adv prob = 0.250000   acc = 0.850
Average incurred loss: 0.345  
Average sample loss: 0.345  
Average acc: 0.856  
  toxicity = 0, identity_any = 0  [n = 196]:	loss = 0.107  exp loss = 0.062  adjusted loss = 0.062  adv prob = 0.250000   acc = 0.949
  toxicity = 0, identity_any = 1  [n = 189]:	loss = 0.361  exp loss = 0.348  adjusted loss = 0.348  adv prob = 0.250000   acc = 0.778
  toxicity = 1, identity_any = 0  [n = 199]:	loss = 0.479  exp loss = 0.278  adjusted loss = 0.278  adv prob = 0.250000   acc = 0.829
  toxicity = 1, identity_any = 1  [n = 216]:	loss = 0.422  exp loss = 0.396  adjusted loss = 0.396  adv prob = 0.250000   acc = 0.866
Average incurred loss: 0.289  
Average sample loss: 0.289  
Average acc: 0.884  
  toxicity = 0, identity_any = 0  [n = 199]:	loss = 0.088  exp loss = 0.180  adjusted loss = 0.180  adv prob = 0.250000   acc = 0.960
  toxicity = 0, identity_any = 1  [n = 204]:	loss = 0.379  exp loss = 0.372  adjusted loss = 0.372  adv prob = 0.250000   acc = 0.804
  toxicity = 1, identity_any = 0  [n = 198]:	loss = 0.393  exp loss = 0.265  adjusted loss = 0.265  adv prob = 0.250000   acc = 0.843
  toxicity = 1, identity_any = 1  [n = 199]:	loss = 0.295  exp loss = 0.257  adjusted loss = 0.257  adv prob = 0.250000   acc = 0.930
Average incurred loss: 0.338  
Average sample loss: 0.338  
Average acc: 0.850  
  toxicity = 0, identity_any = 0  [n = 197]:	loss = 0.156  exp loss = 0.107  adjusted loss = 0.107  adv prob = 0.250000   acc = 0.919
  toxicity = 0, identity_any = 1  [n = 200]:	loss = 0.443  exp loss = 0.427  adjusted loss = 0.427  adv prob = 0.250000   acc = 0.745
  toxicity = 1, identity_any = 0  [n = 192]:	loss = 0.361  exp loss = 0.298  adjusted loss = 0.298  adv prob = 0.250000   acc = 0.859
  toxicity = 1, identity_any = 1  [n = 211]:	loss = 0.388  exp loss = 0.294  adjusted loss = 0.294  adv prob = 0.250000   acc = 0.877
Average incurred loss: 0.354  
Average sample loss: 0.352  
Average acc: 0.843  
  toxicity = 0, identity_any = 0  [n = 174]:	loss = 0.165  exp loss = 0.194  adjusted loss = 0.194  adv prob = 0.250000   acc = 0.908
  toxicity = 0, identity_any = 1  [n = 156]:	loss = 0.446  exp loss = 0.403  adjusted loss = 0.403  adv prob = 0.250000   acc = 0.744
  toxicity = 1, identity_any = 0  [n = 171]:	loss = 0.505  exp loss = 0.600  adjusted loss = 0.600  adv prob = 0.250000   acc = 0.789
  toxicity = 1, identity_any = 1  [n = 167]:	loss = 0.310  exp loss = 0.259  adjusted loss = 0.259  adv prob = 0.250000   acc = 0.922

Validation:
Average incurred loss: 0.221  
Average sample loss: 0.221  
Average acc: 0.881  
  toxicity = 0, identity_any = 0  [n = 166026]:	loss = 0.121  exp loss = 0.774  adjusted loss = 0.774  adv prob = 0.250000   acc = 0.941
  toxicity = 0, identity_any = 1  [n = 108687]:	loss = 0.383  exp loss = 0.849  adjusted loss = 0.849  adv prob = 0.250000   acc = 0.765
  toxicity = 1, identity_any = 0  [n = 11940]:	loss = 0.178  exp loss = 0.138  adjusted loss = 0.138  adv prob = 0.250000   acc = 0.955
  toxicity = 1, identity_any = 1  [n = 19696]:	loss = 0.187  exp loss = 0.167  adjusted loss = 0.167  adv prob = 0.250000   acc = 0.965
Current lr: 0.000005
Current lr: 0.000005
Current validation accuracy: 0.8808451890945435


Epoch [3]:
Training:
Average incurred loss: 0.324  
Average sample loss: 0.324  
Average acc: 0.871  
  toxicity = 0, identity_any = 0  [n = 202]:	loss = 0.134  exp loss = 0.097  adjusted loss = 0.097  adv prob = 0.250000   acc = 0.931
  toxicity = 0, identity_any = 1  [n = 177]:	loss = 0.426  exp loss = 0.408  adjusted loss = 0.408  adv prob = 0.250000   acc = 0.763
  toxicity = 1, identity_any = 0  [n = 200]:	loss = 0.451  exp loss = 0.334  adjusted loss = 0.334  adv prob = 0.250000   acc = 0.855
  toxicity = 1, identity_any = 1  [n = 221]:	loss = 0.302  exp loss = 0.284  adjusted loss = 0.284  adv prob = 0.250000   acc = 0.919
Average incurred loss: 0.316  
Average sample loss: 0.316  
Average acc: 0.848  
  toxicity = 0, identity_any = 0  [n = 202]:	loss = 0.130  exp loss = 0.220  adjusted loss = 0.220  adv prob = 0.250000   acc = 0.921
  toxicity = 0, identity_any = 1  [n = 198]:	loss = 0.399  exp loss = 0.327  adjusted loss = 0.327  adv prob = 0.250000   acc = 0.753
  toxicity = 1, identity_any = 0  [n = 199]:	loss = 0.386  exp loss = 0.323  adjusted loss = 0.323  adv prob = 0.250000   acc = 0.819
  toxicity = 1, identity_any = 1  [n = 201]:	loss = 0.354  exp loss = 0.377  adjusted loss = 0.377  adv prob = 0.250000   acc = 0.896
Average incurred loss: 0.348  
Average sample loss: 0.348  
Average acc: 0.842  
  toxicity = 0, identity_any = 0  [n = 197]:	loss = 0.091  exp loss = 0.106  adjusted loss = 0.106  adv prob = 0.250000   acc = 0.954
  toxicity = 0, identity_any = 1  [n = 204]:	loss = 0.454  exp loss = 0.489  adjusted loss = 0.489  adv prob = 0.250000   acc = 0.745
  toxicity = 1, identity_any = 0  [n = 208]:	loss = 0.469  exp loss = 0.334  adjusted loss = 0.334  adv prob = 0.250000   acc = 0.812
  toxicity = 1, identity_any = 1  [n = 191]:	loss = 0.368  exp loss = 0.346  adjusted loss = 0.346  adv prob = 0.250000   acc = 0.864
Average incurred loss: 0.323  
Average sample loss: 0.323  
Average acc: 0.866  
  toxicity = 0, identity_any = 0  [n = 200]:	loss = 0.161  exp loss = 0.283  adjusted loss = 0.283  adv prob = 0.250000   acc = 0.925
  toxicity = 0, identity_any = 1  [n = 215]:	loss = 0.320  exp loss = 0.297  adjusted loss = 0.297  adv prob = 0.250000   acc = 0.800
  toxicity = 1, identity_any = 0  [n = 195]:	loss = 0.470  exp loss = 0.417  adjusted loss = 0.417  adv prob = 0.250000   acc = 0.856
  toxicity = 1, identity_any = 1  [n = 190]:	loss = 0.344  exp loss = 0.280  adjusted loss = 0.280  adv prob = 0.250000   acc = 0.889
Average incurred loss: 0.284  
Average sample loss: 0.284  
Average acc: 0.872  
  toxicity = 0, identity_any = 0  [n = 202]:	loss = 0.114  exp loss = 0.108  adjusted loss = 0.108  adv prob = 0.250000   acc = 0.936
  toxicity = 0, identity_any = 1  [n = 185]:	loss = 0.410  exp loss = 0.345  adjusted loss = 0.345  adv prob = 0.250000   acc = 0.757
  toxicity = 1, identity_any = 0  [n = 207]:	loss = 0.340  exp loss = 0.259  adjusted loss = 0.259  adv prob = 0.250000   acc = 0.865
  toxicity = 1, identity_any = 1  [n = 206]:	loss = 0.282  exp loss = 0.283  adjusted loss = 0.283  adv prob = 0.250000   acc = 0.922
Average incurred loss: 0.329  
Average sample loss: 0.329  
Average acc: 0.856  
  toxicity = 0, identity_any = 0  [n = 192]:	loss = 0.122  exp loss = 0.131  adjusted loss = 0.131  adv prob = 0.250000   acc = 0.932
  toxicity = 0, identity_any = 1  [n = 197]:	loss = 0.402  exp loss = 0.402  adjusted loss = 0.402  adv prob = 0.250000   acc = 0.756
  toxicity = 1, identity_any = 0  [n = 215]:	loss = 0.421  exp loss = 0.359  adjusted loss = 0.359  adv prob = 0.250000   acc = 0.870
  toxicity = 1, identity_any = 1  [n = 196]:	loss = 0.356  exp loss = 0.359  adjusted loss = 0.359  adv prob = 0.250000   acc = 0.867
Average incurred loss: 0.317  
Average sample loss: 0.317  
Average acc: 0.852  
  toxicity = 0, identity_any = 0  [n = 200]:	loss = 0.165  exp loss = 0.208  adjusted loss = 0.208  adv prob = 0.250000   acc = 0.900
  toxicity = 0, identity_any = 1  [n = 212]:	loss = 0.390  exp loss = 0.353  adjusted loss = 0.353  adv prob = 0.250000   acc = 0.769
  toxicity = 1, identity_any = 0  [n = 208]:	loss = 0.381  exp loss = 0.518  adjusted loss = 0.518  adv prob = 0.250000   acc = 0.870
  toxicity = 1, identity_any = 1  [n = 180]:	loss = 0.329  exp loss = 0.280  adjusted loss = 0.280  adv prob = 0.250000   acc = 0.878
Average incurred loss: 0.333  
Average sample loss: 0.333  
Average acc: 0.856  
  toxicity = 0, identity_any = 0  [n = 219]:	loss = 0.178  exp loss = 0.191  adjusted loss = 0.191  adv prob = 0.250000   acc = 0.922
  toxicity = 0, identity_any = 1  [n = 188]:	loss = 0.438  exp loss = 0.410  adjusted loss = 0.410  adv prob = 0.250000   acc = 0.734
  toxicity = 1, identity_any = 0  [n = 190]:	loss = 0.443  exp loss = 0.443  adjusted loss = 0.443  adv prob = 0.250000   acc = 0.842
  toxicity = 1, identity_any = 1  [n = 203]:	loss = 0.299  exp loss = 0.295  adjusted loss = 0.295  adv prob = 0.250000   acc = 0.911
Average incurred loss: 0.318  
Average sample loss: 0.318  
Average acc: 0.860  
  toxicity = 0, identity_any = 0  [n = 200]:	loss = 0.132  exp loss = 0.123  adjusted loss = 0.123  adv prob = 0.250000   acc = 0.925
  toxicity = 0, identity_any = 1  [n = 213]:	loss = 0.402  exp loss = 0.387  adjusted loss = 0.387  adv prob = 0.250000   acc = 0.761
  toxicity = 1, identity_any = 0  [n = 182]:	loss = 0.343  exp loss = 0.286  adjusted loss = 0.286  adv prob = 0.250000   acc = 0.868
  toxicity = 1, identity_any = 1  [n = 205]:	loss = 0.391  exp loss = 0.397  adjusted loss = 0.397  adv prob = 0.250000   acc = 0.893
Average incurred loss: 0.352  
Average sample loss: 0.352  
Average acc: 0.846  
  toxicity = 0, identity_any = 0  [n = 153]:	loss = 0.183  exp loss = 0.152  adjusted loss = 0.152  adv prob = 0.250000   acc = 0.895
  toxicity = 0, identity_any = 1  [n = 178]:	loss = 0.451  exp loss = 0.410  adjusted loss = 0.410  adv prob = 0.250000   acc = 0.753
  toxicity = 1, identity_any = 0  [n = 163]:	loss = 0.440  exp loss = 0.440  adjusted loss = 0.440  adv prob = 0.250000   acc = 0.840
  toxicity = 1, identity_any = 1  [n = 174]:	loss = 0.316  exp loss = 0.263  adjusted loss = 0.263  adv prob = 0.250000   acc = 0.902

Validation:
Average incurred loss: 0.232  
Average sample loss: 0.232  
Average acc: 0.873  
  toxicity = 0, identity_any = 0  [n = 166026]:	loss = 0.130  exp loss = 0.816  adjusted loss = 0.816  adv prob = 0.250000   acc = 0.936
  toxicity = 0, identity_any = 1  [n = 108687]:	loss = 0.408  exp loss = 0.899  adjusted loss = 0.899  adv prob = 0.250000   acc = 0.749
  toxicity = 1, identity_any = 0  [n = 11940]:	loss = 0.161  exp loss = 0.120  adjusted loss = 0.120  adv prob = 0.250000   acc = 0.958
  toxicity = 1, identity_any = 1  [n = 19696]:	loss = 0.170  exp loss = 0.151  adjusted loss = 0.151  adv prob = 0.250000   acc = 0.969
Current lr: 0.000003
Current lr: 0.000003
Current validation accuracy: 0.8728886842727661


Epoch [4]:
Training:
Average incurred loss: 0.308  
Average sample loss: 0.308  
Average acc: 0.865  
  toxicity = 0, identity_any = 0  [n = 187]:	loss = 0.099  exp loss = 0.114  adjusted loss = 0.114  adv prob = 0.250000   acc = 0.952
  toxicity = 0, identity_any = 1  [n = 220]:	loss = 0.437  exp loss = 0.467  adjusted loss = 0.467  adv prob = 0.250000   acc = 0.736
  toxicity = 1, identity_any = 0  [n = 197]:	loss = 0.394  exp loss = 0.383  adjusted loss = 0.383  adv prob = 0.250000   acc = 0.858
  toxicity = 1, identity_any = 1  [n = 196]:	loss = 0.274  exp loss = 0.244  adjusted loss = 0.244  adv prob = 0.250000   acc = 0.934
Average incurred loss: 0.310  
Average sample loss: 0.310  
Average acc: 0.865  
  toxicity = 0, identity_any = 0  [n = 215]:	loss = 0.168  exp loss = 0.145  adjusted loss = 0.145  adv prob = 0.250000   acc = 0.921
  toxicity = 0, identity_any = 1  [n = 202]:	loss = 0.386  exp loss = 0.383  adjusted loss = 0.383  adv prob = 0.250000   acc = 0.777
  toxicity = 1, identity_any = 0  [n = 192]:	loss = 0.370  exp loss = 0.393  adjusted loss = 0.393  adv prob = 0.250000   acc = 0.859
  toxicity = 1, identity_any = 1  [n = 191]:	loss = 0.330  exp loss = 0.343  adjusted loss = 0.343  adv prob = 0.250000   acc = 0.901
Average incurred loss: 0.298  
Average sample loss: 0.298  
Average acc: 0.866  
  toxicity = 0, identity_any = 0  [n = 191]:	loss = 0.143  exp loss = 0.129  adjusted loss = 0.129  adv prob = 0.250000   acc = 0.911
  toxicity = 0, identity_any = 1  [n = 193]:	loss = 0.333  exp loss = 0.367  adjusted loss = 0.367  adv prob = 0.250000   acc = 0.808
  toxicity = 1, identity_any = 0  [n = 229]:	loss = 0.422  exp loss = 0.308  adjusted loss = 0.308  adv prob = 0.250000   acc = 0.838
  toxicity = 1, identity_any = 1  [n = 187]:	loss = 0.268  exp loss = 0.231  adjusted loss = 0.231  adv prob = 0.250000   acc = 0.914
Average incurred loss: 0.313  
Average sample loss: 0.313  
Average acc: 0.876  
  toxicity = 0, identity_any = 0  [n = 219]:	loss = 0.124  exp loss = 0.132  adjusted loss = 0.132  adv prob = 0.250000   acc = 0.941
  toxicity = 0, identity_any = 1  [n = 187]:	loss = 0.438  exp loss = 0.469  adjusted loss = 0.469  adv prob = 0.250000   acc = 0.765
  toxicity = 1, identity_any = 0  [n = 199]:	loss = 0.390  exp loss = 0.409  adjusted loss = 0.409  adv prob = 0.250000   acc = 0.859
  toxicity = 1, identity_any = 1  [n = 195]:	loss = 0.327  exp loss = 0.331  adjusted loss = 0.331  adv prob = 0.250000   acc = 0.928
Average incurred loss: 0.339  
Average sample loss: 0.339  
Average acc: 0.855  
  toxicity = 0, identity_any = 0  [n = 207]:	loss = 0.164  exp loss = 0.182  adjusted loss = 0.182  adv prob = 0.250000   acc = 0.918
  toxicity = 0, identity_any = 1  [n = 211]:	loss = 0.486  exp loss = 0.441  adjusted loss = 0.441  adv prob = 0.250000   acc = 0.725
  toxicity = 1, identity_any = 0  [n = 197]:	loss = 0.381  exp loss = 0.290  adjusted loss = 0.290  adv prob = 0.250000   acc = 0.868
  toxicity = 1, identity_any = 1  [n = 185]:	loss = 0.323  exp loss = 0.314  adjusted loss = 0.314  adv prob = 0.250000   acc = 0.919
Average incurred loss: 0.326  
Average sample loss: 0.326  
Average acc: 0.854  
  toxicity = 0, identity_any = 0  [n = 211]:	loss = 0.132  exp loss = 0.103  adjusted loss = 0.103  adv prob = 0.250000   acc = 0.934
  toxicity = 0, identity_any = 1  [n = 213]:	loss = 0.382  exp loss = 0.276  adjusted loss = 0.276  adv prob = 0.250000   acc = 0.761
  toxicity = 1, identity_any = 0  [n = 176]:	loss = 0.471  exp loss = 0.423  adjusted loss = 0.423  adv prob = 0.250000   acc = 0.813
  toxicity = 1, identity_any = 1  [n = 200]:	loss = 0.345  exp loss = 0.302  adjusted loss = 0.302  adv prob = 0.250000   acc = 0.905
Average incurred loss: 0.342  
Average sample loss: 0.342  
Average acc: 0.845  
  toxicity = 0, identity_any = 0  [n = 196]:	loss = 0.147  exp loss = 0.197  adjusted loss = 0.197  adv prob = 0.250000   acc = 0.929
  toxicity = 0, identity_any = 1  [n = 196]:	loss = 0.416  exp loss = 0.438  adjusted loss = 0.438  adv prob = 0.250000   acc = 0.755
  toxicity = 1, identity_any = 0  [n = 181]:	loss = 0.480  exp loss = 0.448  adjusted loss = 0.448  adv prob = 0.250000   acc = 0.812
  toxicity = 1, identity_any = 1  [n = 227]:	loss = 0.339  exp loss = 0.326  adjusted loss = 0.326  adv prob = 0.250000   acc = 0.877
Average incurred loss: 0.343  
Average sample loss: 0.343  
Average acc: 0.855  
  toxicity = 0, identity_any = 0  [n = 195]:	loss = 0.148  exp loss = 0.179  adjusted loss = 0.179  adv prob = 0.250000   acc = 0.928
  toxicity = 0, identity_any = 1  [n = 203]:	loss = 0.366  exp loss = 0.320  adjusted loss = 0.320  adv prob = 0.250000   acc = 0.783
  toxicity = 1, identity_any = 0  [n = 221]:	loss = 0.451  exp loss = 0.507  adjusted loss = 0.507  adv prob = 0.250000   acc = 0.860
  toxicity = 1, identity_any = 1  [n = 181]:	loss = 0.397  exp loss = 0.394  adjusted loss = 0.394  adv prob = 0.250000   acc = 0.851
Average incurred loss: 0.328  
Average sample loss: 0.328  
Average acc: 0.848  
  toxicity = 0, identity_any = 0  [n = 188]:	loss = 0.117  exp loss = 0.078  adjusted loss = 0.078  adv prob = 0.250000   acc = 0.936
  toxicity = 0, identity_any = 1  [n = 179]:	loss = 0.473  exp loss = 0.530  adjusted loss = 0.530  adv prob = 0.250000   acc = 0.709
  toxicity = 1, identity_any = 0  [n = 207]:	loss = 0.359  exp loss = 0.348  adjusted loss = 0.348  adv prob = 0.250000   acc = 0.860
  toxicity = 1, identity_any = 1  [n = 226]:	loss = 0.363  exp loss = 0.295  adjusted loss = 0.295  adv prob = 0.250000   acc = 0.872
Average incurred loss: 0.330  
Average sample loss: 0.330  
Average acc: 0.859  
  toxicity = 0, identity_any = 0  [n = 158]:	loss = 0.156  exp loss = 0.159  adjusted loss = 0.159  adv prob = 0.250000   acc = 0.930
  toxicity = 0, identity_any = 1  [n = 163]:	loss = 0.465  exp loss = 0.601  adjusted loss = 0.601  adv prob = 0.250000   acc = 0.724
  toxicity = 1, identity_any = 0  [n = 168]:	loss = 0.391  exp loss = 0.501  adjusted loss = 0.501  adv prob = 0.250000   acc = 0.857
  toxicity = 1, identity_any = 1  [n = 179]:	loss = 0.303  exp loss = 0.368  adjusted loss = 0.368  adv prob = 0.250000   acc = 0.922

Validation:
Average incurred loss: 0.238  
Average sample loss: 0.238  
Average acc: 0.870  
  toxicity = 0, identity_any = 0  [n = 166026]:	loss = 0.134  exp loss = 0.835  adjusted loss = 0.835  adv prob = 0.250000   acc = 0.934
  toxicity = 0, identity_any = 1  [n = 108687]:	loss = 0.419  exp loss = 0.922  adjusted loss = 0.922  adv prob = 0.250000   acc = 0.743
  toxicity = 1, identity_any = 0  [n = 11940]:	loss = 0.155  exp loss = 0.113  adjusted loss = 0.113  adv prob = 0.250000   acc = 0.960
  toxicity = 1, identity_any = 1  [n = 19696]:	loss = 0.164  exp loss = 0.144  adjusted loss = 0.144  adv prob = 0.250000   acc = 0.970
Current lr: 0.000002
Current lr: 0.000002
Current validation accuracy: 0.8695833683013916


Epoch [5]:
Training:
Average incurred loss: 0.316  
Average sample loss: 0.316  
Average acc: 0.854  
  toxicity = 0, identity_any = 0  [n = 184]:	loss = 0.196  exp loss = 0.234  adjusted loss = 0.234  adv prob = 0.250000   acc = 0.908
  toxicity = 0, identity_any = 1  [n = 208]:	loss = 0.415  exp loss = 0.415  adjusted loss = 0.415  adv prob = 0.250000   acc = 0.731
  toxicity = 1, identity_any = 0  [n = 209]:	loss = 0.380  exp loss = 0.333  adjusted loss = 0.333  adv prob = 0.250000   acc = 0.856
  toxicity = 1, identity_any = 1  [n = 199]:	loss = 0.257  exp loss = 0.194  adjusted loss = 0.194  adv prob = 0.250000   acc = 0.930
Average incurred loss: 0.304  
Average sample loss: 0.304  
Average acc: 0.864  
  toxicity = 0, identity_any = 0  [n = 207]:	loss = 0.133  exp loss = 0.107  adjusted loss = 0.107  adv prob = 0.250000   acc = 0.932
  toxicity = 0, identity_any = 1  [n = 174]:	loss = 0.362  exp loss = 0.334  adjusted loss = 0.334  adv prob = 0.250000   acc = 0.770
  toxicity = 1, identity_any = 0  [n = 212]:	loss = 0.395  exp loss = 0.449  adjusted loss = 0.449  adv prob = 0.250000   acc = 0.835
  toxicity = 1, identity_any = 1  [n = 207]:	loss = 0.332  exp loss = 0.325  adjusted loss = 0.325  adv prob = 0.250000   acc = 0.903
Average incurred loss: 0.304  
Average sample loss: 0.304  
Average acc: 0.869  
  toxicity = 0, identity_any = 0  [n = 219]:	loss = 0.153  exp loss = 0.124  adjusted loss = 0.124  adv prob = 0.250000   acc = 0.932
  toxicity = 0, identity_any = 1  [n = 212]:	loss = 0.434  exp loss = 0.344  adjusted loss = 0.344  adv prob = 0.250000   acc = 0.769
  toxicity = 1, identity_any = 0  [n = 174]:	loss = 0.345  exp loss = 0.360  adjusted loss = 0.360  adv prob = 0.250000   acc = 0.851
  toxicity = 1, identity_any = 1  [n = 195]:	loss = 0.298  exp loss = 0.316  adjusted loss = 0.316  adv prob = 0.250000   acc = 0.923
Average incurred loss: 0.325  
Average sample loss: 0.325  
Average acc: 0.849  
  toxicity = 0, identity_any = 0  [n = 203]:	loss = 0.141  exp loss = 0.170  adjusted loss = 0.170  adv prob = 0.250000   acc = 0.921
  toxicity = 0, identity_any = 1  [n = 223]:	loss = 0.432  exp loss = 0.407  adjusted loss = 0.407  adv prob = 0.250000   acc = 0.740
  toxicity = 1, identity_any = 0  [n = 186]:	loss = 0.422  exp loss = 0.523  adjusted loss = 0.523  adv prob = 0.250000   acc = 0.849
  toxicity = 1, identity_any = 1  [n = 188]:	loss = 0.300  exp loss = 0.326  adjusted loss = 0.326  adv prob = 0.250000   acc = 0.899
Average incurred loss: 0.289  
Average sample loss: 0.289  
Average acc: 0.869  
  toxicity = 0, identity_any = 0  [n = 183]:	loss = 0.117  exp loss = 0.167  adjusted loss = 0.167  adv prob = 0.250000   acc = 0.945
  toxicity = 0, identity_any = 1  [n = 198]:	loss = 0.405  exp loss = 0.486  adjusted loss = 0.486  adv prob = 0.250000   acc = 0.773
  toxicity = 1, identity_any = 0  [n = 219]:	loss = 0.312  exp loss = 0.265  adjusted loss = 0.265  adv prob = 0.250000   acc = 0.863
  toxicity = 1, identity_any = 1  [n = 200]:	loss = 0.306  exp loss = 0.304  adjusted loss = 0.304  adv prob = 0.250000   acc = 0.900
Average incurred loss: 0.328  
Average sample loss: 0.328  
Average acc: 0.850  
  toxicity = 0, identity_any = 0  [n = 190]:	loss = 0.163  exp loss = 0.196  adjusted loss = 0.196  adv prob = 0.250000   acc = 0.911
  toxicity = 0, identity_any = 1  [n = 205]:	loss = 0.478  exp loss = 0.425  adjusted loss = 0.425  adv prob = 0.250000   acc = 0.727
  toxicity = 1, identity_any = 0  [n = 189]:	loss = 0.357  exp loss = 0.389  adjusted loss = 0.389  adv prob = 0.250000   acc = 0.825
  toxicity = 1, identity_any = 1  [n = 216]:	loss = 0.303  exp loss = 0.292  adjusted loss = 0.292  adv prob = 0.250000   acc = 0.935
Average incurred loss: 0.360  
Average sample loss: 0.360  
Average acc: 0.857  
  toxicity = 0, identity_any = 0  [n = 198]:	loss = 0.133  exp loss = 0.161  adjusted loss = 0.161  adv prob = 0.250000   acc = 0.944
  toxicity = 0, identity_any = 1  [n = 182]:	loss = 0.509  exp loss = 0.375  adjusted loss = 0.375  adv prob = 0.250000   acc = 0.698
  toxicity = 1, identity_any = 0  [n = 217]:	loss = 0.423  exp loss = 0.331  adjusted loss = 0.331  adv prob = 0.250000   acc = 0.876
  toxicity = 1, identity_any = 1  [n = 203]:	loss = 0.382  exp loss = 0.414  adjusted loss = 0.414  adv prob = 0.250000   acc = 0.897
Average incurred loss: 0.336  
Average sample loss: 0.336  
Average acc: 0.855  
  toxicity = 0, identity_any = 0  [n = 198]:	loss = 0.130  exp loss = 0.157  adjusted loss = 0.157  adv prob = 0.250000   acc = 0.929
  toxicity = 0, identity_any = 1  [n = 186]:	loss = 0.439  exp loss = 0.356  adjusted loss = 0.356  adv prob = 0.250000   acc = 0.758
  toxicity = 1, identity_any = 0  [n = 201]:	loss = 0.427  exp loss = 0.348  adjusted loss = 0.348  adv prob = 0.250000   acc = 0.846
  toxicity = 1, identity_any = 1  [n = 215]:	loss = 0.350  exp loss = 0.324  adjusted loss = 0.324  adv prob = 0.250000   acc = 0.879
Average incurred loss: 0.303  
Average sample loss: 0.303  
Average acc: 0.879  
  toxicity = 0, identity_any = 0  [n = 213]:	loss = 0.157  exp loss = 0.167  adjusted loss = 0.167  adv prob = 0.250000   acc = 0.911
  toxicity = 0, identity_any = 1  [n = 206]:	loss = 0.374  exp loss = 0.310  adjusted loss = 0.310  adv prob = 0.250000   acc = 0.782
  toxicity = 1, identity_any = 0  [n = 188]:	loss = 0.319  exp loss = 0.269  adjusted loss = 0.269  adv prob = 0.250000   acc = 0.899
  toxicity = 1, identity_any = 1  [n = 193]:	loss = 0.372  exp loss = 0.315  adjusted loss = 0.315  adv prob = 0.250000   acc = 0.927
Average incurred loss: 0.347  
Average sample loss: 0.345  
Average acc: 0.850  
  toxicity = 0, identity_any = 0  [n = 172]:	loss = 0.148  exp loss = 0.124  adjusted loss = 0.124  adv prob = 0.250000   acc = 0.930
  toxicity = 0, identity_any = 1  [n = 173]:	loss = 0.436  exp loss = 0.449  adjusted loss = 0.449  adv prob = 0.250000   acc = 0.751
  toxicity = 1, identity_any = 0  [n = 172]:	loss = 0.460  exp loss = 0.423  adjusted loss = 0.423  adv prob = 0.250000   acc = 0.843
  toxicity = 1, identity_any = 1  [n = 151]:	loss = 0.343  exp loss = 0.357  adjusted loss = 0.357  adv prob = 0.250000   acc = 0.881

Validation:
Average incurred loss: 0.240  
Average sample loss: 0.240  
Average acc: 0.868  
  toxicity = 0, identity_any = 0  [n = 166026]:	loss = 0.136  exp loss = 0.842  adjusted loss = 0.842  adv prob = 0.250000   acc = 0.934
  toxicity = 0, identity_any = 1  [n = 108687]:	loss = 0.423  exp loss = 0.929  adjusted loss = 0.929  adv prob = 0.250000   acc = 0.740
  toxicity = 1, identity_any = 0  [n = 11940]:	loss = 0.153  exp loss = 0.111  adjusted loss = 0.111  adv prob = 0.250000   acc = 0.961
  toxicity = 1, identity_any = 1  [n = 19696]:	loss = 0.162  exp loss = 0.142  adjusted loss = 0.142  adv prob = 0.250000   acc = 0.971
Current lr: 0.000000
Current lr: 0.000000
Current validation accuracy: 0.8683477640151978

Total Experiment Time: 25140.3s
Finished with job 698 (seed=222)
