




 Using bert params 







WARNING: You are using 'dfr/metadata_val_as_train.csv' instead of the default 'metadata.csv'.


Dataset: jigsaw
Shift type: confounder
Wandb: False
Project name: spurious
Target name: toxicity
Confounder names: ['identity_any']
Up weight: 0
Resume: False
Finetune: True
Normalize: False
Recalculate groups: False
Unfreeze: 0
Restart layers: 0
Minority fraction: None
Imbalance ratio: None
Fraction: 1.0
Root dir: ../datasets
Reweight groups: True
Augment data: False
Val fraction: 0.1
Loss type: group_dro
Alpha: 0.2
Generalization adjustment: 0.0
Sv dropout: 0.0
Automatic adjustment: False
Robust step size: 0.01
Joint dro alpha: 1
Use normalized loss: False
Btl: False
Hinge: False
Model: bert-base-uncased
Train from scratch: False
Pretrained path: pretrained_models/civilcomments/erm_0.9_111.pth
N epochs: 6
Batch size: 16
Lr: 1e-05
Scheduler: False
L1: 0.0
Weight decay: 0.01
Gamma: 0.1
Minimum variational weight: 0
Seed: 111
Accum: 1
Show progress: False
Log dir: results/civilcomments/erm_gdro/model_outputs_111
Log every: 50
Save step: 10
Save best: True
Save last: True
Use bert params: 1
Num folds per sweep: 5
Num sweeps: 4
Q: 0.7
Metadata csv name: dfr/metadata_val_as_train.csv
Fold: None
Metadata path: None
Aug col: None
Max grad norm: 1.0
Adam epsilon: 1e-08
Warmup steps: 0

metadata_csv_name: dfr/metadata_val_as_train.csv
Training Data...
    toxicity = 0, identity_any = 0: n = 1967
    toxicity = 0, identity_any = 1: n = 1967
    toxicity = 1, identity_any = 0: n = 1967
    toxicity = 1, identity_any = 1: n = 1967
Validation Data...
    toxicity = 0, identity_any = 0: n = 166026
    toxicity = 0, identity_any = 1: n = 108687
    toxicity = 1, identity_any = 0: n = 11940
    toxicity = 1, identity_any = 1: n = 19696
Test Data...
    toxicity = 0, identity_any = 0: n = 72372
    toxicity = 0, identity_any = 1: n = 46185
    toxicity = 1, identity_any = 0: n = 6063
    toxicity = 1, identity_any = 1: n = 9161
Training
n_classes = 2
Loading pretrained model from: pretrained_models/civilcomments/erm_0.9_111.pth
bert.embeddings.word_embeddings.weight False
bert.embeddings.position_embeddings.weight False
bert.embeddings.token_type_embeddings.weight False
bert.embeddings.LayerNorm.weight False
bert.embeddings.LayerNorm.bias False
bert.encoder.layer.0.attention.self.query.weight False
bert.encoder.layer.0.attention.self.query.bias False
bert.encoder.layer.0.attention.self.key.weight False
bert.encoder.layer.0.attention.self.key.bias False
bert.encoder.layer.0.attention.self.value.weight False
bert.encoder.layer.0.attention.self.value.bias False
bert.encoder.layer.0.attention.output.dense.weight False
bert.encoder.layer.0.attention.output.dense.bias False
bert.encoder.layer.0.attention.output.LayerNorm.weight False
bert.encoder.layer.0.attention.output.LayerNorm.bias False
bert.encoder.layer.0.intermediate.dense.weight False
bert.encoder.layer.0.intermediate.dense.bias False
bert.encoder.layer.0.output.dense.weight False
bert.encoder.layer.0.output.dense.bias False
bert.encoder.layer.0.output.LayerNorm.weight False
bert.encoder.layer.0.output.LayerNorm.bias False
bert.encoder.layer.1.attention.self.query.weight False
bert.encoder.layer.1.attention.self.query.bias False
bert.encoder.layer.1.attention.self.key.weight False
bert.encoder.layer.1.attention.self.key.bias False
bert.encoder.layer.1.attention.self.value.weight False
bert.encoder.layer.1.attention.self.value.bias False
bert.encoder.layer.1.attention.output.dense.weight False
bert.encoder.layer.1.attention.output.dense.bias False
bert.encoder.layer.1.attention.output.LayerNorm.weight False
bert.encoder.layer.1.attention.output.LayerNorm.bias False
bert.encoder.layer.1.intermediate.dense.weight False
bert.encoder.layer.1.intermediate.dense.bias False
bert.encoder.layer.1.output.dense.weight False
bert.encoder.layer.1.output.dense.bias False
bert.encoder.layer.1.output.LayerNorm.weight False
bert.encoder.layer.1.output.LayerNorm.bias False
bert.encoder.layer.2.attention.self.query.weight False
bert.encoder.layer.2.attention.self.query.bias False
bert.encoder.layer.2.attention.self.key.weight False
bert.encoder.layer.2.attention.self.key.bias False
bert.encoder.layer.2.attention.self.value.weight False
bert.encoder.layer.2.attention.self.value.bias False
bert.encoder.layer.2.attention.output.dense.weight False
bert.encoder.layer.2.attention.output.dense.bias False
bert.encoder.layer.2.attention.output.LayerNorm.weight False
bert.encoder.layer.2.attention.output.LayerNorm.bias False
bert.encoder.layer.2.intermediate.dense.weight False
bert.encoder.layer.2.intermediate.dense.bias False
bert.encoder.layer.2.output.dense.weight False
bert.encoder.layer.2.output.dense.bias False
bert.encoder.layer.2.output.LayerNorm.weight False
bert.encoder.layer.2.output.LayerNorm.bias False
bert.encoder.layer.3.attention.self.query.weight False
bert.encoder.layer.3.attention.self.query.bias False
bert.encoder.layer.3.attention.self.key.weight False
bert.encoder.layer.3.attention.self.key.bias False
bert.encoder.layer.3.attention.self.value.weight False
bert.encoder.layer.3.attention.self.value.bias False
bert.encoder.layer.3.attention.output.dense.weight False
bert.encoder.layer.3.attention.output.dense.bias False
bert.encoder.layer.3.attention.output.LayerNorm.weight False
bert.encoder.layer.3.attention.output.LayerNorm.bias False
bert.encoder.layer.3.intermediate.dense.weight False
bert.encoder.layer.3.intermediate.dense.bias False
bert.encoder.layer.3.output.dense.weight False
bert.encoder.layer.3.output.dense.bias False
bert.encoder.layer.3.output.LayerNorm.weight False
bert.encoder.layer.3.output.LayerNorm.bias False
bert.encoder.layer.4.attention.self.query.weight False
bert.encoder.layer.4.attention.self.query.bias False
bert.encoder.layer.4.attention.self.key.weight False
bert.encoder.layer.4.attention.self.key.bias False
bert.encoder.layer.4.attention.self.value.weight False
bert.encoder.layer.4.attention.self.value.bias False
bert.encoder.layer.4.attention.output.dense.weight False
bert.encoder.layer.4.attention.output.dense.bias False
bert.encoder.layer.4.attention.output.LayerNorm.weight False
bert.encoder.layer.4.attention.output.LayerNorm.bias False
bert.encoder.layer.4.intermediate.dense.weight False
bert.encoder.layer.4.intermediate.dense.bias False
bert.encoder.layer.4.output.dense.weight False
bert.encoder.layer.4.output.dense.bias False
bert.encoder.layer.4.output.LayerNorm.weight False
bert.encoder.layer.4.output.LayerNorm.bias False
bert.encoder.layer.5.attention.self.query.weight False
bert.encoder.layer.5.attention.self.query.bias False
bert.encoder.layer.5.attention.self.key.weight False
bert.encoder.layer.5.attention.self.key.bias False
bert.encoder.layer.5.attention.self.value.weight False
bert.encoder.layer.5.attention.self.value.bias False
bert.encoder.layer.5.attention.output.dense.weight False
bert.encoder.layer.5.attention.output.dense.bias False
bert.encoder.layer.5.attention.output.LayerNorm.weight False
bert.encoder.layer.5.attention.output.LayerNorm.bias False
bert.encoder.layer.5.intermediate.dense.weight False
bert.encoder.layer.5.intermediate.dense.bias False
bert.encoder.layer.5.output.dense.weight False
bert.encoder.layer.5.output.dense.bias False
bert.encoder.layer.5.output.LayerNorm.weight False
bert.encoder.layer.5.output.LayerNorm.bias False
bert.encoder.layer.6.attention.self.query.weight False
bert.encoder.layer.6.attention.self.query.bias False
bert.encoder.layer.6.attention.self.key.weight False
bert.encoder.layer.6.attention.self.key.bias False
bert.encoder.layer.6.attention.self.value.weight False
bert.encoder.layer.6.attention.self.value.bias False
bert.encoder.layer.6.attention.output.dense.weight False
bert.encoder.layer.6.attention.output.dense.bias False
bert.encoder.layer.6.attention.output.LayerNorm.weight False
bert.encoder.layer.6.attention.output.LayerNorm.bias False
bert.encoder.layer.6.intermediate.dense.weight False
bert.encoder.layer.6.intermediate.dense.bias False
bert.encoder.layer.6.output.dense.weight False
bert.encoder.layer.6.output.dense.bias False
bert.encoder.layer.6.output.LayerNorm.weight False
bert.encoder.layer.6.output.LayerNorm.bias False
bert.encoder.layer.7.attention.self.query.weight False
bert.encoder.layer.7.attention.self.query.bias False
bert.encoder.layer.7.attention.self.key.weight False
bert.encoder.layer.7.attention.self.key.bias False
bert.encoder.layer.7.attention.self.value.weight False
bert.encoder.layer.7.attention.self.value.bias False
bert.encoder.layer.7.attention.output.dense.weight False
bert.encoder.layer.7.attention.output.dense.bias False
bert.encoder.layer.7.attention.output.LayerNorm.weight False
bert.encoder.layer.7.attention.output.LayerNorm.bias False
bert.encoder.layer.7.intermediate.dense.weight False
bert.encoder.layer.7.intermediate.dense.bias False
bert.encoder.layer.7.output.dense.weight False
bert.encoder.layer.7.output.dense.bias False
bert.encoder.layer.7.output.LayerNorm.weight False
bert.encoder.layer.7.output.LayerNorm.bias False
bert.encoder.layer.8.attention.self.query.weight False
bert.encoder.layer.8.attention.self.query.bias False
bert.encoder.layer.8.attention.self.key.weight False
bert.encoder.layer.8.attention.self.key.bias False
bert.encoder.layer.8.attention.self.value.weight False
bert.encoder.layer.8.attention.self.value.bias False
bert.encoder.layer.8.attention.output.dense.weight False
bert.encoder.layer.8.attention.output.dense.bias False
bert.encoder.layer.8.attention.output.LayerNorm.weight False
bert.encoder.layer.8.attention.output.LayerNorm.bias False
bert.encoder.layer.8.intermediate.dense.weight False
bert.encoder.layer.8.intermediate.dense.bias False
bert.encoder.layer.8.output.dense.weight False
bert.encoder.layer.8.output.dense.bias False
bert.encoder.layer.8.output.LayerNorm.weight False
bert.encoder.layer.8.output.LayerNorm.bias False
bert.encoder.layer.9.attention.self.query.weight False
bert.encoder.layer.9.attention.self.query.bias False
bert.encoder.layer.9.attention.self.key.weight False
bert.encoder.layer.9.attention.self.key.bias False
bert.encoder.layer.9.attention.self.value.weight False
bert.encoder.layer.9.attention.self.value.bias False
bert.encoder.layer.9.attention.output.dense.weight False
bert.encoder.layer.9.attention.output.dense.bias False
bert.encoder.layer.9.attention.output.LayerNorm.weight False
bert.encoder.layer.9.attention.output.LayerNorm.bias False
bert.encoder.layer.9.intermediate.dense.weight False
bert.encoder.layer.9.intermediate.dense.bias False
bert.encoder.layer.9.output.dense.weight False
bert.encoder.layer.9.output.dense.bias False
bert.encoder.layer.9.output.LayerNorm.weight False
bert.encoder.layer.9.output.LayerNorm.bias False
bert.encoder.layer.10.attention.self.query.weight False
bert.encoder.layer.10.attention.self.query.bias False
bert.encoder.layer.10.attention.self.key.weight False
bert.encoder.layer.10.attention.self.key.bias False
bert.encoder.layer.10.attention.self.value.weight False
bert.encoder.layer.10.attention.self.value.bias False
bert.encoder.layer.10.attention.output.dense.weight False
bert.encoder.layer.10.attention.output.dense.bias False
bert.encoder.layer.10.attention.output.LayerNorm.weight False
bert.encoder.layer.10.attention.output.LayerNorm.bias False
bert.encoder.layer.10.intermediate.dense.weight False
bert.encoder.layer.10.intermediate.dense.bias False
bert.encoder.layer.10.output.dense.weight False
bert.encoder.layer.10.output.dense.bias False
bert.encoder.layer.10.output.LayerNorm.weight False
bert.encoder.layer.10.output.LayerNorm.bias False
bert.encoder.layer.11.attention.self.query.weight False
bert.encoder.layer.11.attention.self.query.bias False
bert.encoder.layer.11.attention.self.key.weight False
bert.encoder.layer.11.attention.self.key.bias False
bert.encoder.layer.11.attention.self.value.weight False
bert.encoder.layer.11.attention.self.value.bias False
bert.encoder.layer.11.attention.output.dense.weight False
bert.encoder.layer.11.attention.output.dense.bias False
bert.encoder.layer.11.attention.output.LayerNorm.weight False
bert.encoder.layer.11.attention.output.LayerNorm.bias False
bert.encoder.layer.11.intermediate.dense.weight False
bert.encoder.layer.11.intermediate.dense.bias False
bert.encoder.layer.11.output.dense.weight False
bert.encoder.layer.11.output.dense.bias False
bert.encoder.layer.11.output.LayerNorm.weight False
bert.encoder.layer.11.output.LayerNorm.bias False
bert.pooler.dense.weight False
bert.pooler.dense.bias False
classifier.weight True
classifier.bias True

t_total is 2952


Epoch [0]:
Training:
Average incurred loss: 0.667  
Average sample loss: 0.775  
Average acc: 0.765  
  toxicity = 0, identity_any = 0  [n = 202]:	loss = 0.028  exp loss = 0.038  adjusted loss = 0.038  adv prob = 0.172193   acc = 0.990
  toxicity = 0, identity_any = 1  [n = 180]:	loss = 0.063  exp loss = 0.069  adjusted loss = 0.069  adv prob = 0.175741   acc = 0.972
  toxicity = 1, identity_any = 0  [n = 221]:	loss = 1.215  exp loss = 1.601  adjusted loss = 1.601  adv prob = 0.318451   acc = 0.602
  toxicity = 1, identity_any = 1  [n = 197]:	loss = 1.258  exp loss = 1.551  adjusted loss = 1.551  adv prob = 0.333615   acc = 0.528
Average incurred loss: 0.608  
Average sample loss: 0.762  
Average acc: 0.756  
  toxicity = 0, identity_any = 0  [n = 198]:	loss = 0.023  exp loss = 0.020  adjusted loss = 0.020  adv prob = 0.119041   acc = 0.995
  toxicity = 0, identity_any = 1  [n = 193]:	loss = 0.181  exp loss = 0.187  adjusted loss = 0.187  adv prob = 0.130730   acc = 0.891
  toxicity = 1, identity_any = 0  [n = 214]:	loss = 1.212  exp loss = 1.501  adjusted loss = 1.501  adv prob = 0.391676   acc = 0.570
  toxicity = 1, identity_any = 1  [n = 195]:	loss = 0.960  exp loss = 0.963  adjusted loss = 0.963  adv prob = 0.358554   acc = 0.585
Average incurred loss: 0.476  
Average sample loss: 0.640  
Average acc: 0.810  
  toxicity = 0, identity_any = 0  [n = 196]:	loss = 0.065  exp loss = 0.073  adjusted loss = 0.073  adv prob = 0.088845   acc = 0.974
  toxicity = 0, identity_any = 1  [n = 186]:	loss = 0.148  exp loss = 0.176  adjusted loss = 0.176  adv prob = 0.102513   acc = 0.914
  toxicity = 1, identity_any = 0  [n = 205]:	loss = 0.843  exp loss = 0.701  adjusted loss = 0.701  adv prob = 0.418915   acc = 0.688
  toxicity = 1, identity_any = 1  [n = 213]:	loss = 0.789  exp loss = 0.883  adjusted loss = 0.883  adv prob = 0.389726   acc = 0.685
Average incurred loss: 0.448  
Average sample loss: 0.738  
Average acc: 0.817  
  toxicity = 0, identity_any = 0  [n = 215]:	loss = 0.065  exp loss = 0.049  adjusted loss = 0.049  adv prob = 0.063722   acc = 0.972
  toxicity = 0, identity_any = 1  [n = 206]:	loss = 0.170  exp loss = 0.170  adjusted loss = 0.170  adv prob = 0.077316   acc = 0.908
  toxicity = 1, identity_any = 0  [n = 194]:	loss = 0.753  exp loss = 0.763  adjusted loss = 0.763  adv prob = 0.423030   acc = 0.701
  toxicity = 1, identity_any = 1  [n = 185]:	loss = 0.883  exp loss = 1.041  adjusted loss = 1.041  adv prob = 0.435931   acc = 0.659
Average incurred loss: 0.442  
Average sample loss: 0.670  
Average acc: 0.824  
  toxicity = 0, identity_any = 0  [n = 194]:	loss = 0.077  exp loss = 0.072  adjusted loss = 0.072  adv prob = 0.047227   acc = 0.964
  toxicity = 0, identity_any = 1  [n = 202]:	loss = 0.255  exp loss = 0.336  adjusted loss = 0.336  adv prob = 0.062769   acc = 0.861
  toxicity = 1, identity_any = 0  [n = 202]:	loss = 0.686  exp loss = 0.806  adjusted loss = 0.806  adv prob = 0.431552   acc = 0.777
  toxicity = 1, identity_any = 1  [n = 202]:	loss = 0.736  exp loss = 0.736  adjusted loss = 0.736  adv prob = 0.458451   acc = 0.698
Average incurred loss: 0.434  
Average sample loss: 0.649  
Average acc: 0.827  
  toxicity = 0, identity_any = 0  [n = 199]:	loss = 0.077  exp loss = 0.082  adjusted loss = 0.082  adv prob = 0.035609   acc = 0.960
  toxicity = 0, identity_any = 1  [n = 195]:	loss = 0.162  exp loss = 0.186  adjusted loss = 0.186  adv prob = 0.048907   acc = 0.933
  toxicity = 1, identity_any = 0  [n = 208]:	loss = 0.802  exp loss = 0.552  adjusted loss = 0.552  adv prob = 0.457385   acc = 0.707
  toxicity = 1, identity_any = 1  [n = 198]:	loss = 0.676  exp loss = 0.528  adjusted loss = 0.528  adv prob = 0.458099   acc = 0.717
Average incurred loss: 0.407  
Average sample loss: 0.579  
Average acc: 0.835  
  toxicity = 0, identity_any = 0  [n = 186]:	loss = 0.107  exp loss = 0.164  adjusted loss = 0.164  adv prob = 0.028223   acc = 0.941
  toxicity = 0, identity_any = 1  [n = 213]:	loss = 0.252  exp loss = 0.222  adjusted loss = 0.222  adv prob = 0.041292   acc = 0.864
  toxicity = 1, identity_any = 0  [n = 188]:	loss = 0.739  exp loss = 0.903  adjusted loss = 0.903  adv prob = 0.481774   acc = 0.761
  toxicity = 1, identity_any = 1  [n = 213]:	loss = 0.533  exp loss = 0.505  adjusted loss = 0.505  adv prob = 0.448712   acc = 0.779
Average incurred loss: 0.436  
Average sample loss: 0.606  
Average acc: 0.831  
  toxicity = 0, identity_any = 0  [n = 193]:	loss = 0.106  exp loss = 0.074  adjusted loss = 0.074  adv prob = 0.021946   acc = 0.938
  toxicity = 0, identity_any = 1  [n = 196]:	loss = 0.358  exp loss = 0.323  adjusted loss = 0.323  adv prob = 0.035909   acc = 0.796
  toxicity = 1, identity_any = 0  [n = 193]:	loss = 0.714  exp loss = 0.550  adjusted loss = 0.550  adv prob = 0.506226   acc = 0.777
  toxicity = 1, identity_any = 1  [n = 218]:	loss = 0.553  exp loss = 0.458  adjusted loss = 0.458  adv prob = 0.435919   acc = 0.817
Average incurred loss: 0.332  
Average sample loss: 0.409  
Average acc: 0.868  
  toxicity = 0, identity_any = 0  [n = 204]:	loss = 0.169  exp loss = 0.141  adjusted loss = 0.141  adv prob = 0.019289   acc = 0.897
  toxicity = 0, identity_any = 1  [n = 195]:	loss = 0.261  exp loss = 0.207  adjusted loss = 0.207  adv prob = 0.033058   acc = 0.856
  toxicity = 1, identity_any = 0  [n = 206]:	loss = 0.541  exp loss = 0.438  adjusted loss = 0.438  adv prob = 0.525297   acc = 0.850
  toxicity = 1, identity_any = 1  [n = 195]:	loss = 0.353  exp loss = 0.362  adjusted loss = 0.362  adv prob = 0.422356   acc = 0.867
Average incurred loss: 0.392  
Average sample loss: 0.550  
Average acc: 0.865  
  toxicity = 0, identity_any = 0  [n = 162]:	loss = 0.106  exp loss = 0.092  adjusted loss = 0.092  adv prob = 0.015950   acc = 0.944
  toxicity = 0, identity_any = 1  [n = 145]:	loss = 0.362  exp loss = 0.402  adjusted loss = 0.402  adv prob = 0.030653   acc = 0.834
  toxicity = 1, identity_any = 0  [n = 169]:	loss = 0.664  exp loss = 0.734  adjusted loss = 0.734  adv prob = 0.559170   acc = 0.828
  toxicity = 1, identity_any = 1  [n = 192]:	loss = 0.417  exp loss = 0.336  adjusted loss = 0.336  adv prob = 0.394227   acc = 0.854

Validation:
Average incurred loss: 0.221  
Average sample loss: 0.324  
Average acc: 0.890  
  toxicity = 0, identity_any = 0  [n = 166026]:	loss = 0.113  exp loss = 0.913  adjusted loss = 0.913  adv prob = 0.000000   acc = 0.942
  toxicity = 0, identity_any = 1  [n = 108687]:	loss = 0.389  exp loss = 0.964  adjusted loss = 0.964  adv prob = 1.000000   acc = 0.789
  toxicity = 1, identity_any = 0  [n = 11940]:	loss = 0.223  exp loss = 0.207  adjusted loss = 0.207  adv prob = 0.000000   acc = 0.959
  toxicity = 1, identity_any = 1  [n = 19696]:	loss = 0.208  exp loss = 0.172  adjusted loss = 0.172  adv prob = 0.000000   acc = 0.963
Current lr: 0.000008
Current lr: 0.000008
Current validation accuracy: 0.7886773943901062
Best model saved at epoch 0


Epoch [1]:
Training:
Average incurred loss: 0.348  
Average sample loss: 0.421  
Average acc: 0.870  
  toxicity = 0, identity_any = 0  [n = 191]:	loss = 0.159  exp loss = 0.155  adjusted loss = 0.155  adv prob = 0.013872   acc = 0.927
  toxicity = 0, identity_any = 1  [n = 201]:	loss = 0.345  exp loss = 0.469  adjusted loss = 0.469  adv prob = 0.029848   acc = 0.826
  toxicity = 1, identity_any = 0  [n = 199]:	loss = 0.448  exp loss = 0.460  adjusted loss = 0.460  adv prob = 0.558973   acc = 0.874
  toxicity = 1, identity_any = 1  [n = 209]:	loss = 0.429  exp loss = 0.354  adjusted loss = 0.354  adv prob = 0.397307   acc = 0.856
Average incurred loss: 0.347  
Average sample loss: 0.363  
Average acc: 0.861  
  toxicity = 0, identity_any = 0  [n = 200]:	loss = 0.155  exp loss = 0.110  adjusted loss = 0.110  adv prob = 0.012417   acc = 0.910
  toxicity = 0, identity_any = 1  [n = 217]:	loss = 0.491  exp loss = 0.426  adjusted loss = 0.426  adv prob = 0.031596   acc = 0.742
  toxicity = 1, identity_any = 0  [n = 188]:	loss = 0.379  exp loss = 0.280  adjusted loss = 0.280  adv prob = 0.562742   acc = 0.894
  toxicity = 1, identity_any = 1  [n = 195]:	loss = 0.351  exp loss = 0.254  adjusted loss = 0.254  adv prob = 0.393245   acc = 0.913
Average incurred loss: 0.378  
Average sample loss: 0.314  
Average acc: 0.845  
  toxicity = 0, identity_any = 0  [n = 202]:	loss = 0.222  exp loss = 0.219  adjusted loss = 0.219  adv prob = 0.011782   acc = 0.881
  toxicity = 0, identity_any = 1  [n = 195]:	loss = 0.608  exp loss = 0.562  adjusted loss = 0.562  adv prob = 0.036856   acc = 0.703
  toxicity = 1, identity_any = 0  [n = 208]:	loss = 0.325  exp loss = 0.272  adjusted loss = 0.272  adv prob = 0.556364   acc = 0.904
  toxicity = 1, identity_any = 1  [n = 195]:	loss = 0.367  exp loss = 0.345  adjusted loss = 0.345  adv prob = 0.394998   acc = 0.887
Average incurred loss: 0.374  
Average sample loss: 0.402  
Average acc: 0.859  
  toxicity = 0, identity_any = 0  [n = 205]:	loss = 0.137  exp loss = 0.098  adjusted loss = 0.098  adv prob = 0.010245   acc = 0.932
  toxicity = 0, identity_any = 1  [n = 208]:	loss = 0.567  exp loss = 0.514  adjusted loss = 0.514  adv prob = 0.039764   acc = 0.716
  toxicity = 1, identity_any = 0  [n = 201]:	loss = 0.507  exp loss = 0.418  adjusted loss = 0.418  adv prob = 0.582336   acc = 0.866
  toxicity = 1, identity_any = 1  [n = 186]:	loss = 0.275  exp loss = 0.185  adjusted loss = 0.185  adv prob = 0.367655   acc = 0.930
Average incurred loss: 0.362  
Average sample loss: 0.316  
Average acc: 0.860  
  toxicity = 0, identity_any = 0  [n = 197]:	loss = 0.159  exp loss = 0.241  adjusted loss = 0.241  adv prob = 0.009450   acc = 0.919
  toxicity = 0, identity_any = 1  [n = 211]:	loss = 0.653  exp loss = 0.663  adjusted loss = 0.663  adv prob = 0.047493   acc = 0.711
  toxicity = 1, identity_any = 0  [n = 208]:	loss = 0.325  exp loss = 0.311  adjusted loss = 0.311  adv prob = 0.582655   acc = 0.904
  toxicity = 1, identity_any = 1  [n = 184]:	loss = 0.289  exp loss = 0.326  adjusted loss = 0.326  adv prob = 0.360403   acc = 0.918
Average incurred loss: 0.304  
Average sample loss: 0.273  
Average acc: 0.875  
  toxicity = 0, identity_any = 0  [n = 190]:	loss = 0.227  exp loss = 0.302  adjusted loss = 0.302  adv prob = 0.009183   acc = 0.895
  toxicity = 0, identity_any = 1  [n = 212]:	loss = 0.467  exp loss = 0.581  adjusted loss = 0.581  adv prob = 0.052574   acc = 0.764
  toxicity = 1, identity_any = 0  [n = 188]:	loss = 0.289  exp loss = 0.270  adjusted loss = 0.270  adv prob = 0.588075   acc = 0.899
  toxicity = 1, identity_any = 1  [n = 210]:	loss = 0.224  exp loss = 0.209  adjusted loss = 0.209  adv prob = 0.350168   acc = 0.948
Average incurred loss: 0.336  
Average sample loss: 0.314  
Average acc: 0.881  
  toxicity = 0, identity_any = 0  [n = 212]:	loss = 0.177  exp loss = 0.211  adjusted loss = 0.211  adv prob = 0.008553   acc = 0.910
  toxicity = 0, identity_any = 1  [n = 189]:	loss = 0.587  exp loss = 0.608  adjusted loss = 0.608  adv prob = 0.059523   acc = 0.751
  toxicity = 1, identity_any = 0  [n = 199]:	loss = 0.392  exp loss = 0.403  adjusted loss = 0.403  adv prob = 0.601167   acc = 0.915
  toxicity = 1, identity_any = 1  [n = 200]:	loss = 0.210  exp loss = 0.170  adjusted loss = 0.170  adv prob = 0.330756   acc = 0.940
Average incurred loss: 0.366  
Average sample loss: 0.313  
Average acc: 0.861  
  toxicity = 0, identity_any = 0  [n = 187]:	loss = 0.249  exp loss = 0.161  adjusted loss = 0.161  adv prob = 0.008230   acc = 0.893
  toxicity = 0, identity_any = 1  [n = 207]:	loss = 0.677  exp loss = 0.705  adjusted loss = 0.705  adv prob = 0.070681   acc = 0.700
  toxicity = 1, identity_any = 0  [n = 202]:	loss = 0.306  exp loss = 0.249  adjusted loss = 0.249  adv prob = 0.606366   acc = 0.916
  toxicity = 1, identity_any = 1  [n = 204]:	loss = 0.216  exp loss = 0.182  adjusted loss = 0.182  adv prob = 0.314723   acc = 0.941
Average incurred loss: 0.354  
Average sample loss: 0.357  
Average acc: 0.871  
  toxicity = 0, identity_any = 0  [n = 206]:	loss = 0.200  exp loss = 0.197  adjusted loss = 0.197  adv prob = 0.007595   acc = 0.913
  toxicity = 0, identity_any = 1  [n = 193]:	loss = 0.642  exp loss = 0.700  adjusted loss = 0.700  adv prob = 0.080756   acc = 0.725
  toxicity = 1, identity_any = 0  [n = 184]:	loss = 0.377  exp loss = 0.409  adjusted loss = 0.409  adv prob = 0.613519   acc = 0.897
  toxicity = 1, identity_any = 1  [n = 217]:	loss = 0.222  exp loss = 0.207  adjusted loss = 0.207  adv prob = 0.298130   acc = 0.940
Average incurred loss: 0.363  
Average sample loss: 0.283  
Average acc: 0.868  
  toxicity = 0, identity_any = 0  [n = 166]:	loss = 0.227  exp loss = 0.246  adjusted loss = 0.246  adv prob = 0.007430   acc = 0.904
  toxicity = 0, identity_any = 1  [n = 162]:	loss = 0.764  exp loss = 0.852  adjusted loss = 0.852  adv prob = 0.094601   acc = 0.685
  toxicity = 1, identity_any = 0  [n = 174]:	loss = 0.274  exp loss = 0.278  adjusted loss = 0.278  adv prob = 0.611458   acc = 0.925
  toxicity = 1, identity_any = 1  [n = 166]:	loss = 0.203  exp loss = 0.197  adjusted loss = 0.197  adv prob = 0.286511   acc = 0.952

Validation:
Average incurred loss: 0.385  
Average sample loss: 0.599  
Average acc: 0.826  
  toxicity = 0, identity_any = 0  [n = 166026]:	loss = 0.219  exp loss = 1.613  adjusted loss = 1.613  adv prob = 0.000000   acc = 0.896
  toxicity = 0, identity_any = 1  [n = 108687]:	loss = 0.716  exp loss = 1.693  adjusted loss = 1.693  adv prob = 1.000000   acc = 0.674
  toxicity = 1, identity_any = 0  [n = 11940]:	loss = 0.138  exp loss = 0.125  adjusted loss = 0.125  adv prob = 0.000000   acc = 0.984
  toxicity = 1, identity_any = 1  [n = 19696]:	loss = 0.116  exp loss = 0.096  adjusted loss = 0.096  adv prob = 0.000000   acc = 0.986
Current lr: 0.000007
Current lr: 0.000007
Current validation accuracy: 0.6739236116409302


Epoch [2]:
Training:
Average incurred loss: 0.350  
Average sample loss: 0.312  
Average acc: 0.859  
  toxicity = 0, identity_any = 0  [n = 219]:	loss = 0.205  exp loss = 0.197  adjusted loss = 0.197  adv prob = 0.007074   acc = 0.895
  toxicity = 0, identity_any = 1  [n = 185]:	loss = 0.721  exp loss = 0.531  adjusted loss = 0.531  adv prob = 0.110521   acc = 0.676
  toxicity = 1, identity_any = 0  [n = 181]:	loss = 0.336  exp loss = 0.334  adjusted loss = 0.334  adv prob = 0.613749   acc = 0.890
  toxicity = 1, identity_any = 1  [n = 215]:	loss = 0.191  exp loss = 0.181  adjusted loss = 0.181  adv prob = 0.268656   acc = 0.953
Average incurred loss: 0.397  
Average sample loss: 0.306  
Average acc: 0.855  
  toxicity = 0, identity_any = 0  [n = 206]:	loss = 0.260  exp loss = 0.258  adjusted loss = 0.258  adv prob = 0.006837   acc = 0.888
  toxicity = 0, identity_any = 1  [n = 187]:	loss = 0.891  exp loss = 0.851  adjusted loss = 0.851  adv prob = 0.145350   acc = 0.647
  toxicity = 1, identity_any = 0  [n = 211]:	loss = 0.220  exp loss = 0.275  adjusted loss = 0.275  adv prob = 0.584881   acc = 0.938
  toxicity = 1, identity_any = 1  [n = 196]:	loss = 0.260  exp loss = 0.203  adjusted loss = 0.203  adv prob = 0.262932   acc = 0.929
Average incurred loss: 0.352  
Average sample loss: 0.357  
Average acc: 0.870  
  toxicity = 0, identity_any = 0  [n = 199]:	loss = 0.224  exp loss = 0.224  adjusted loss = 0.224  adv prob = 0.006448   acc = 0.894
  toxicity = 0, identity_any = 1  [n = 174]:	loss = 0.726  exp loss = 0.649  adjusted loss = 0.649  adv prob = 0.178906   acc = 0.690
  toxicity = 1, identity_any = 0  [n = 218]:	loss = 0.286  exp loss = 0.343  adjusted loss = 0.343  adv prob = 0.565339   acc = 0.922
  toxicity = 1, identity_any = 1  [n = 209]:	loss = 0.231  exp loss = 0.258  adjusted loss = 0.258  adv prob = 0.249307   acc = 0.943
Average incurred loss: 0.370  
Average sample loss: 0.341  
Average acc: 0.845  
  toxicity = 0, identity_any = 0  [n = 191]:	loss = 0.250  exp loss = 0.264  adjusted loss = 0.264  adv prob = 0.006366   acc = 0.895
  toxicity = 0, identity_any = 1  [n = 197]:	loss = 0.728  exp loss = 0.573  adjusted loss = 0.573  adv prob = 0.210243   acc = 0.675
  toxicity = 1, identity_any = 0  [n = 218]:	loss = 0.288  exp loss = 0.339  adjusted loss = 0.339  adv prob = 0.550370   acc = 0.885
  toxicity = 1, identity_any = 1  [n = 194]:	loss = 0.215  exp loss = 0.286  adjusted loss = 0.286  adv prob = 0.233022   acc = 0.923
Average incurred loss: 0.332  
Average sample loss: 0.301  
Average acc: 0.865  
  toxicity = 0, identity_any = 0  [n = 209]:	loss = 0.244  exp loss = 0.435  adjusted loss = 0.435  adv prob = 0.006293   acc = 0.890
  toxicity = 0, identity_any = 1  [n = 223]:	loss = 0.641  exp loss = 0.609  adjusted loss = 0.609  adv prob = 0.243723   acc = 0.709
  toxicity = 1, identity_any = 0  [n = 172]:	loss = 0.239  exp loss = 0.233  adjusted loss = 0.233  adv prob = 0.533259   acc = 0.936
  toxicity = 1, identity_any = 1  [n = 196]:	loss = 0.157  exp loss = 0.154  adjusted loss = 0.154  adv prob = 0.216725   acc = 0.954
Average incurred loss: 0.365  
Average sample loss: 0.398  
Average acc: 0.866  
  toxicity = 0, identity_any = 0  [n = 200]:	loss = 0.256  exp loss = 0.234  adjusted loss = 0.234  adv prob = 0.005797   acc = 0.900
  toxicity = 0, identity_any = 1  [n = 178]:	loss = 0.747  exp loss = 0.624  adjusted loss = 0.624  adv prob = 0.288570   acc = 0.680
  toxicity = 1, identity_any = 0  [n = 216]:	loss = 0.291  exp loss = 0.364  adjusted loss = 0.364  adv prob = 0.509838   acc = 0.921
  toxicity = 1, identity_any = 1  [n = 206]:	loss = 0.216  exp loss = 0.261  adjusted loss = 0.261  adv prob = 0.195795   acc = 0.937
Average incurred loss: 0.362  
Average sample loss: 0.364  
Average acc: 0.851  
  toxicity = 0, identity_any = 0  [n = 190]:	loss = 0.315  exp loss = 0.267  adjusted loss = 0.267  adv prob = 0.005572   acc = 0.858
  toxicity = 0, identity_any = 1  [n = 211]:	loss = 0.669  exp loss = 0.819  adjusted loss = 0.819  adv prob = 0.335609   acc = 0.701
  toxicity = 1, identity_any = 0  [n = 209]:	loss = 0.276  exp loss = 0.221  adjusted loss = 0.221  adv prob = 0.482425   acc = 0.904
  toxicity = 1, identity_any = 1  [n = 190]:	loss = 0.163  exp loss = 0.123  adjusted loss = 0.123  adv prob = 0.176395   acc = 0.953
Average incurred loss: 0.393  
Average sample loss: 0.403  
Average acc: 0.845  
  toxicity = 0, identity_any = 0  [n = 184]:	loss = 0.355  exp loss = 0.412  adjusted loss = 0.412  adv prob = 0.005442   acc = 0.842
  toxicity = 0, identity_any = 1  [n = 219]:	loss = 0.663  exp loss = 0.691  adjusted loss = 0.691  adv prob = 0.386916   acc = 0.703
  toxicity = 1, identity_any = 0  [n = 199]:	loss = 0.274  exp loss = 0.228  adjusted loss = 0.228  adv prob = 0.442943   acc = 0.920
  toxicity = 1, identity_any = 1  [n = 198]:	loss = 0.247  exp loss = 0.119  adjusted loss = 0.119  adv prob = 0.164698   acc = 0.929
Average incurred loss: 0.364  
Average sample loss: 0.455  
Average acc: 0.846  
  toxicity = 0, identity_any = 0  [n = 183]:	loss = 0.229  exp loss = 0.276  adjusted loss = 0.276  adv prob = 0.004847   acc = 0.896
  toxicity = 0, identity_any = 1  [n = 218]:	loss = 0.659  exp loss = 0.551  adjusted loss = 0.551  adv prob = 0.430976   acc = 0.697
  toxicity = 1, identity_any = 0  [n = 191]:	loss = 0.251  exp loss = 0.302  adjusted loss = 0.302  adv prob = 0.413278   acc = 0.901
  toxicity = 1, identity_any = 1  [n = 208]:	loss = 0.275  exp loss = 0.263  adjusted loss = 0.263  adv prob = 0.150899   acc = 0.909
Average incurred loss: 0.358  
Average sample loss: 0.456  
Average acc: 0.862  
  toxicity = 0, identity_any = 0  [n = 185]:	loss = 0.227  exp loss = 0.182  adjusted loss = 0.182  adv prob = 0.004432   acc = 0.914
  toxicity = 0, identity_any = 1  [n = 157]:	loss = 0.644  exp loss = 0.756  adjusted loss = 0.756  adv prob = 0.463207   acc = 0.713
  toxicity = 1, identity_any = 0  [n = 143]:	loss = 0.381  exp loss = 0.258  adjusted loss = 0.258  adv prob = 0.393034   acc = 0.881
  toxicity = 1, identity_any = 1  [n = 183]:	loss = 0.228  exp loss = 0.223  adjusted loss = 0.223  adv prob = 0.139327   acc = 0.923

Validation:
Average incurred loss: 0.333  
Average sample loss: 0.516  
Average acc: 0.847  
  toxicity = 0, identity_any = 0  [n = 166026]:	loss = 0.191  exp loss = 1.429  adjusted loss = 1.429  adv prob = 0.000000   acc = 0.910
  toxicity = 0, identity_any = 1  [n = 108687]:	loss = 0.616  exp loss = 1.503  adjusted loss = 1.503  adv prob = 1.000000   acc = 0.712
  toxicity = 1, identity_any = 0  [n = 11940]:	loss = 0.112  exp loss = 0.090  adjusted loss = 0.090  adv prob = 0.000000   acc = 0.979
  toxicity = 1, identity_any = 1  [n = 19696]:	loss = 0.102  exp loss = 0.073  adjusted loss = 0.073  adv prob = 0.000000   acc = 0.981
Current lr: 0.000005
Current lr: 0.000005
Current validation accuracy: 0.711585521697998


Epoch [3]:
Training:
Average incurred loss: 0.351  
Average sample loss: 0.460  
Average acc: 0.862  
  toxicity = 0, identity_any = 0  [n = 210]:	loss = 0.218  exp loss = 0.165  adjusted loss = 0.165  adv prob = 0.003930   acc = 0.900
  toxicity = 0, identity_any = 1  [n = 191]:	loss = 0.646  exp loss = 0.606  adjusted loss = 0.606  adv prob = 0.504547   acc = 0.728
  toxicity = 1, identity_any = 0  [n = 217]:	loss = 0.348  exp loss = 0.211  adjusted loss = 0.211  adv prob = 0.369013   acc = 0.889
  toxicity = 1, identity_any = 1  [n = 182]:	loss = 0.199  exp loss = 0.163  adjusted loss = 0.163  adv prob = 0.122510   acc = 0.929
Average incurred loss: 0.350  
Average sample loss: 0.507  
Average acc: 0.862  
  toxicity = 0, identity_any = 0  [n = 193]:	loss = 0.191  exp loss = 0.161  adjusted loss = 0.161  adv prob = 0.003336   acc = 0.917
  toxicity = 0, identity_any = 1  [n = 180]:	loss = 0.709  exp loss = 0.580  adjusted loss = 0.580  adv prob = 0.555428   acc = 0.689
  toxicity = 1, identity_any = 0  [n = 223]:	loss = 0.303  exp loss = 0.296  adjusted loss = 0.296  adv prob = 0.335661   acc = 0.910
  toxicity = 1, identity_any = 1  [n = 204]:	loss = 0.236  exp loss = 0.252  adjusted loss = 0.252  adv prob = 0.105575   acc = 0.912
Average incurred loss: 0.322  
Average sample loss: 0.442  
Average acc: 0.870  
  toxicity = 0, identity_any = 0  [n = 190]:	loss = 0.148  exp loss = 0.113  adjusted loss = 0.113  adv prob = 0.002878   acc = 0.932
  toxicity = 0, identity_any = 1  [n = 226]:	loss = 0.587  exp loss = 0.699  adjusted loss = 0.699  adv prob = 0.591133   acc = 0.739
  toxicity = 1, identity_any = 0  [n = 191]:	loss = 0.294  exp loss = 0.304  adjusted loss = 0.304  adv prob = 0.313370   acc = 0.906
  toxicity = 1, identity_any = 1  [n = 193]:	loss = 0.210  exp loss = 0.160  adjusted loss = 0.160  adv prob = 0.092619   acc = 0.927
Average incurred loss: 0.358  
Average sample loss: 0.473  
Average acc: 0.861  
  toxicity = 0, identity_any = 0  [n = 208]:	loss = 0.162  exp loss = 0.157  adjusted loss = 0.157  adv prob = 0.002443   acc = 0.923
  toxicity = 0, identity_any = 1  [n = 205]:	loss = 0.548  exp loss = 0.571  adjusted loss = 0.571  adv prob = 0.612435   acc = 0.766
  toxicity = 1, identity_any = 0  [n = 186]:	loss = 0.472  exp loss = 0.410  adjusted loss = 0.410  adv prob = 0.301758   acc = 0.849
  toxicity = 1, identity_any = 1  [n = 201]:	loss = 0.262  exp loss = 0.269  adjusted loss = 0.269  adv prob = 0.083364   acc = 0.905
Average incurred loss: 0.345  
Average sample loss: 0.439  
Average acc: 0.854  
  toxicity = 0, identity_any = 0  [n = 213]:	loss = 0.288  exp loss = 0.342  adjusted loss = 0.342  adv prob = 0.002254   acc = 0.859
  toxicity = 0, identity_any = 1  [n = 208]:	loss = 0.505  exp loss = 0.481  adjusted loss = 0.481  adv prob = 0.636007   acc = 0.774
  toxicity = 1, identity_any = 0  [n = 191]:	loss = 0.340  exp loss = 0.322  adjusted loss = 0.322  adv prob = 0.287677   acc = 0.890
  toxicity = 1, identity_any = 1  [n = 188]:	loss = 0.238  exp loss = 0.181  adjusted loss = 0.181  adv prob = 0.074062   acc = 0.899
Average incurred loss: 0.360  
Average sample loss: 0.480  
Average acc: 0.863  
  toxicity = 0, identity_any = 0  [n = 196]:	loss = 0.139  exp loss = 0.240  adjusted loss = 0.240  adv prob = 0.001915   acc = 0.954
  toxicity = 0, identity_any = 1  [n = 196]:	loss = 0.491  exp loss = 0.506  adjusted loss = 0.506  adv prob = 0.646967   acc = 0.786
  toxicity = 1, identity_any = 0  [n = 203]:	loss = 0.499  exp loss = 0.414  adjusted loss = 0.414  adv prob = 0.284011   acc = 0.828
  toxicity = 1, identity_any = 1  [n = 205]:	loss = 0.309  exp loss = 0.229  adjusted loss = 0.229  adv prob = 0.067107   acc = 0.883
Average incurred loss: 0.333  
Average sample loss: 0.426  
Average acc: 0.871  
  toxicity = 0, identity_any = 0  [n = 205]:	loss = 0.181  exp loss = 0.130  adjusted loss = 0.130  adv prob = 0.001728   acc = 0.922
  toxicity = 0, identity_any = 1  [n = 193]:	loss = 0.509  exp loss = 0.426  adjusted loss = 0.426  adv prob = 0.663662   acc = 0.777
  toxicity = 1, identity_any = 0  [n = 218]:	loss = 0.340  exp loss = 0.340  adjusted loss = 0.340  adv prob = 0.271061   acc = 0.890
  toxicity = 1, identity_any = 1  [n = 184]:	loss = 0.309  exp loss = 0.494  adjusted loss = 0.494  adv prob = 0.063549   acc = 0.891
Average incurred loss: 0.348  
Average sample loss: 0.421  
Average acc: 0.858  
  toxicity = 0, identity_any = 0  [n = 210]:	loss = 0.190  exp loss = 0.174  adjusted loss = 0.174  adv prob = 0.001553   acc = 0.905
  toxicity = 0, identity_any = 1  [n = 191]:	loss = 0.446  exp loss = 0.298  adjusted loss = 0.298  adv prob = 0.664406   acc = 0.770
  toxicity = 1, identity_any = 0  [n = 195]:	loss = 0.464  exp loss = 0.529  adjusted loss = 0.529  adv prob = 0.272477   acc = 0.862
  toxicity = 1, identity_any = 1  [n = 204]:	loss = 0.311  exp loss = 0.407  adjusted loss = 0.407  adv prob = 0.061564   acc = 0.887
Average incurred loss: 0.351  
Average sample loss: 0.375  
Average acc: 0.864  
  toxicity = 0, identity_any = 0  [n = 195]:	loss = 0.171  exp loss = 0.095  adjusted loss = 0.095  adv prob = 0.001389   acc = 0.918
  toxicity = 0, identity_any = 1  [n = 207]:	loss = 0.395  exp loss = 0.301  adjusted loss = 0.301  adv prob = 0.670749   acc = 0.826
  toxicity = 1, identity_any = 0  [n = 196]:	loss = 0.364  exp loss = 0.243  adjusted loss = 0.243  adv prob = 0.262425   acc = 0.888
  toxicity = 1, identity_any = 1  [n = 202]:	loss = 0.469  exp loss = 0.537  adjusted loss = 0.537  adv prob = 0.065437   acc = 0.827
Average incurred loss: 0.347  
Average sample loss: 0.455  
Average acc: 0.853  
  toxicity = 0, identity_any = 0  [n = 173]:	loss = 0.285  exp loss = 0.229  adjusted loss = 0.229  adv prob = 0.001301   acc = 0.873
  toxicity = 0, identity_any = 1  [n = 163]:	loss = 0.447  exp loss = 0.419  adjusted loss = 0.419  adv prob = 0.683453   acc = 0.767
  toxicity = 1, identity_any = 0  [n = 182]:	loss = 0.384  exp loss = 0.326  adjusted loss = 0.326  adv prob = 0.255157   acc = 0.868
  toxicity = 1, identity_any = 1  [n = 150]:	loss = 0.266  exp loss = 0.258  adjusted loss = 0.258  adv prob = 0.060089   acc = 0.907

Validation:
Average incurred loss: 0.238  
Average sample loss: 0.360  
Average acc: 0.889  
  toxicity = 0, identity_any = 0  [n = 166026]:	loss = 0.134  exp loss = 1.032  adjusted loss = 1.032  adv prob = 0.000000   acc = 0.939
  toxicity = 0, identity_any = 1  [n = 108687]:	loss = 0.428  exp loss = 1.097  adjusted loss = 1.097  adv prob = 1.000000   acc = 0.791
  toxicity = 1, identity_any = 0  [n = 11940]:	loss = 0.132  exp loss = 0.096  adjusted loss = 0.096  adv prob = 0.000000   acc = 0.961
  toxicity = 1, identity_any = 1  [n = 19696]:	loss = 0.136  exp loss = 0.088  adjusted loss = 0.088  adv prob = 0.000000   acc = 0.962
Current lr: 0.000003
Current lr: 0.000003
Current validation accuracy: 0.7907205820083618
Best model saved at epoch 3


Epoch [4]:
Training:
Average incurred loss: 0.373  
Average sample loss: 0.446  
Average acc: 0.835  
  toxicity = 0, identity_any = 0  [n = 171]:	loss = 0.131  exp loss = 0.114  adjusted loss = 0.114  adv prob = 0.001111   acc = 0.942
  toxicity = 0, identity_any = 1  [n = 211]:	loss = 0.497  exp loss = 0.471  adjusted loss = 0.471  adv prob = 0.691287   acc = 0.749
  toxicity = 1, identity_any = 0  [n = 211]:	loss = 0.445  exp loss = 0.427  adjusted loss = 0.427  adv prob = 0.248598   acc = 0.844
  toxicity = 1, identity_any = 1  [n = 207]:	loss = 0.373  exp loss = 0.553  adjusted loss = 0.553  adv prob = 0.059003   acc = 0.826
Average incurred loss: 0.385  
Average sample loss: 0.492  
Average acc: 0.835  
  toxicity = 0, identity_any = 0  [n = 178]:	loss = 0.153  exp loss = 0.125  adjusted loss = 0.125  adv prob = 0.000934   acc = 0.921
  toxicity = 0, identity_any = 1  [n = 202]:	loss = 0.486  exp loss = 0.595  adjusted loss = 0.595  adv prob = 0.695954   acc = 0.777
  toxicity = 1, identity_any = 0  [n = 200]:	loss = 0.507  exp loss = 0.324  adjusted loss = 0.324  adv prob = 0.247590   acc = 0.810
  toxicity = 1, identity_any = 1  [n = 220]:	loss = 0.370  exp loss = 0.471  adjusted loss = 0.471  adv prob = 0.055523   acc = 0.841
Average incurred loss: 0.385  
Average sample loss: 0.428  
Average acc: 0.845  
  toxicity = 0, identity_any = 0  [n = 171]:	loss = 0.261  exp loss = 0.280  adjusted loss = 0.280  adv prob = 0.000846   acc = 0.895
  toxicity = 0, identity_any = 1  [n = 218]:	loss = 0.446  exp loss = 0.432  adjusted loss = 0.432  adv prob = 0.689479   acc = 0.807
  toxicity = 1, identity_any = 0  [n = 201]:	loss = 0.446  exp loss = 0.691  adjusted loss = 0.691  adv prob = 0.256154   acc = 0.836
  toxicity = 1, identity_any = 1  [n = 210]:	loss = 0.366  exp loss = 0.371  adjusted loss = 0.371  adv prob = 0.053521   acc = 0.852
Average incurred loss: 0.381  
Average sample loss: 0.424  
Average acc: 0.855  
  toxicity = 0, identity_any = 0  [n = 178]:	loss = 0.144  exp loss = 0.125  adjusted loss = 0.125  adv prob = 0.000734   acc = 0.938
  toxicity = 0, identity_any = 1  [n = 204]:	loss = 0.389  exp loss = 0.303  adjusted loss = 0.303  adv prob = 0.666723   acc = 0.824
  toxicity = 1, identity_any = 0  [n = 215]:	loss = 0.573  exp loss = 0.579  adjusted loss = 0.579  adv prob = 0.279643   acc = 0.828
  toxicity = 1, identity_any = 1  [n = 203]:	loss = 0.378  exp loss = 0.483  adjusted loss = 0.483  adv prob = 0.052901   acc = 0.842
Average incurred loss: 0.322  
Average sample loss: 0.419  
Average acc: 0.866  
  toxicity = 0, identity_any = 0  [n = 183]:	loss = 0.140  exp loss = 0.132  adjusted loss = 0.132  adv prob = 0.000639   acc = 0.934
  toxicity = 0, identity_any = 1  [n = 206]:	loss = 0.414  exp loss = 0.383  adjusted loss = 0.383  adv prob = 0.666819   acc = 0.811
  toxicity = 1, identity_any = 0  [n = 192]:	loss = 0.389  exp loss = 0.422  adjusted loss = 0.422  adv prob = 0.282432   acc = 0.844
  toxicity = 1, identity_any = 1  [n = 219]:	loss = 0.329  exp loss = 0.476  adjusted loss = 0.476  adv prob = 0.050110   acc = 0.881
Average incurred loss: 0.377  
Average sample loss: 0.362  
Average acc: 0.842  
  toxicity = 0, identity_any = 0  [n = 216]:	loss = 0.158  exp loss = 0.110  adjusted loss = 0.110  adv prob = 0.000576   acc = 0.926
  toxicity = 0, identity_any = 1  [n = 183]:	loss = 0.349  exp loss = 0.237  adjusted loss = 0.237  adv prob = 0.647085   acc = 0.831
  toxicity = 1, identity_any = 0  [n = 206]:	loss = 0.534  exp loss = 0.509  adjusted loss = 0.509  adv prob = 0.298900   acc = 0.801
  toxicity = 1, identity_any = 1  [n = 195]:	loss = 0.481  exp loss = 0.467  adjusted loss = 0.467  adv prob = 0.053439   acc = 0.805
Average incurred loss: 0.319  
Average sample loss: 0.408  
Average acc: 0.871  
  toxicity = 0, identity_any = 0  [n = 208]:	loss = 0.152  exp loss = 0.068  adjusted loss = 0.068  adv prob = 0.000523   acc = 0.938
  toxicity = 0, identity_any = 1  [n = 169]:	loss = 0.350  exp loss = 0.366  adjusted loss = 0.366  adv prob = 0.639110   acc = 0.834
  toxicity = 1, identity_any = 0  [n = 213]:	loss = 0.422  exp loss = 0.672  adjusted loss = 0.672  adv prob = 0.308171   acc = 0.869
  toxicity = 1, identity_any = 1  [n = 210]:	loss = 0.356  exp loss = 0.470  adjusted loss = 0.470  adv prob = 0.052196   acc = 0.838
Average incurred loss: 0.358  
Average sample loss: 0.528  
Average acc: 0.863  
  toxicity = 0, identity_any = 0  [n = 182]:	loss = 0.107  exp loss = 0.098  adjusted loss = 0.098  adv prob = 0.000424   acc = 0.940
  toxicity = 0, identity_any = 1  [n = 181]:	loss = 0.532  exp loss = 0.897  adjusted loss = 0.897  adv prob = 0.663340   acc = 0.785
  toxicity = 1, identity_any = 0  [n = 227]:	loss = 0.400  exp loss = 0.324  adjusted loss = 0.324  adv prob = 0.287453   acc = 0.855
  toxicity = 1, identity_any = 1  [n = 210]:	loss = 0.379  exp loss = 0.315  adjusted loss = 0.315  adv prob = 0.048783   acc = 0.871
Average incurred loss: 0.327  
Average sample loss: 0.411  
Average acc: 0.852  
  toxicity = 0, identity_any = 0  [n = 196]:	loss = 0.086  exp loss = 0.114  adjusted loss = 0.114  adv prob = 0.000361   acc = 0.964
  toxicity = 0, identity_any = 1  [n = 205]:	loss = 0.437  exp loss = 0.336  adjusted loss = 0.336  adv prob = 0.665566   acc = 0.771
  toxicity = 1, identity_any = 0  [n = 192]:	loss = 0.391  exp loss = 0.302  adjusted loss = 0.302  adv prob = 0.285619   acc = 0.849
  toxicity = 1, identity_any = 1  [n = 207]:	loss = 0.389  exp loss = 0.515  adjusted loss = 0.515  adv prob = 0.048455   acc = 0.831
Average incurred loss: 0.343  
Average sample loss: 0.406  
Average acc: 0.853  
  toxicity = 0, identity_any = 0  [n = 172]:	loss = 0.223  exp loss = 0.177  adjusted loss = 0.177  adv prob = 0.000333   acc = 0.884
  toxicity = 0, identity_any = 1  [n = 173]:	loss = 0.421  exp loss = 0.473  adjusted loss = 0.473  adv prob = 0.663778   acc = 0.792
  toxicity = 1, identity_any = 0  [n = 164]:	loss = 0.435  exp loss = 0.546  adjusted loss = 0.546  adv prob = 0.288939   acc = 0.841
  toxicity = 1, identity_any = 1  [n = 159]:	loss = 0.292  exp loss = 0.241  adjusted loss = 0.241  adv prob = 0.046950   acc = 0.899

Validation:
Average incurred loss: 0.208  
Average sample loss: 0.306  
Average acc: 0.904  
  toxicity = 0, identity_any = 0  [n = 166026]:	loss = 0.116  exp loss = 0.886  adjusted loss = 0.886  adv prob = 0.000000   acc = 0.949
  toxicity = 0, identity_any = 1  [n = 108687]:	loss = 0.364  exp loss = 0.949  adjusted loss = 0.949  adv prob = 1.000000   acc = 0.823
  toxicity = 1, identity_any = 0  [n = 11940]:	loss = 0.147  exp loss = 0.106  adjusted loss = 0.106  adv prob = 0.000000   acc = 0.953
  toxicity = 1, identity_any = 1  [n = 19696]:	loss = 0.160  exp loss = 0.102  adjusted loss = 0.102  adv prob = 0.000000   acc = 0.949
Current lr: 0.000002
Current lr: 0.000002
Current validation accuracy: 0.8230139017105103
Best model saved at epoch 4


Epoch [5]:
Training:
Average incurred loss: 0.370  
Average sample loss: 0.437  
Average acc: 0.855  
  toxicity = 0, identity_any = 0  [n = 204]:	loss = 0.109  exp loss = 0.094  adjusted loss = 0.094  adv prob = 0.000281   acc = 0.941
  toxicity = 0, identity_any = 1  [n = 203]:	loss = 0.434  exp loss = 0.301  adjusted loss = 0.301  adv prob = 0.654712   acc = 0.793
  toxicity = 1, identity_any = 0  [n = 207]:	loss = 0.470  exp loss = 0.504  adjusted loss = 0.504  adv prob = 0.295707   acc = 0.836
  toxicity = 1, identity_any = 1  [n = 186]:	loss = 0.476  exp loss = 0.360  adjusted loss = 0.360  adv prob = 0.049300   acc = 0.849
Average incurred loss: 0.392  
Average sample loss: 0.456  
Average acc: 0.844  
  toxicity = 0, identity_any = 0  [n = 198]:	loss = 0.116  exp loss = 0.193  adjusted loss = 0.193  adv prob = 0.000239   acc = 0.944
  toxicity = 0, identity_any = 1  [n = 195]:	loss = 0.376  exp loss = 0.464  adjusted loss = 0.464  adv prob = 0.621079   acc = 0.836
  toxicity = 1, identity_any = 0  [n = 204]:	loss = 0.594  exp loss = 0.750  adjusted loss = 0.750  adv prob = 0.329101   acc = 0.770
  toxicity = 1, identity_any = 1  [n = 203]:	loss = 0.472  exp loss = 0.512  adjusted loss = 0.512  adv prob = 0.049582   acc = 0.828
Average incurred loss: 0.336  
Average sample loss: 0.362  
Average acc: 0.857  
  toxicity = 0, identity_any = 0  [n = 196]:	loss = 0.112  exp loss = 0.168  adjusted loss = 0.168  adv prob = 0.000211   acc = 0.949
  toxicity = 0, identity_any = 1  [n = 206]:	loss = 0.360  exp loss = 0.396  adjusted loss = 0.396  adv prob = 0.619982   acc = 0.820
  toxicity = 1, identity_any = 0  [n = 219]:	loss = 0.379  exp loss = 0.317  adjusted loss = 0.317  adv prob = 0.327444   acc = 0.845
  toxicity = 1, identity_any = 1  [n = 179]:	loss = 0.502  exp loss = 0.548  adjusted loss = 0.548  adv prob = 0.052363   acc = 0.816
Average incurred loss: 0.284  
Average sample loss: 0.376  
Average acc: 0.885  
  toxicity = 0, identity_any = 0  [n = 208]:	loss = 0.096  exp loss = 0.096  adjusted loss = 0.096  adv prob = 0.000183   acc = 0.962
  toxicity = 0, identity_any = 1  [n = 200]:	loss = 0.301  exp loss = 0.190  adjusted loss = 0.190  adv prob = 0.595606   acc = 0.865
  toxicity = 1, identity_any = 0  [n = 195]:	loss = 0.397  exp loss = 0.405  adjusted loss = 0.405  adv prob = 0.352639   acc = 0.856
  toxicity = 1, identity_any = 1  [n = 197]:	loss = 0.352  exp loss = 0.359  adjusted loss = 0.359  adv prob = 0.051573   acc = 0.853
Average incurred loss: 0.356  
Average sample loss: 0.379  
Average acc: 0.844  
  toxicity = 0, identity_any = 0  [n = 210]:	loss = 0.187  exp loss = 0.195  adjusted loss = 0.195  adv prob = 0.000167   acc = 0.919
  toxicity = 0, identity_any = 1  [n = 189]:	loss = 0.372  exp loss = 0.307  adjusted loss = 0.307  adv prob = 0.589370   acc = 0.810
  toxicity = 1, identity_any = 0  [n = 211]:	loss = 0.409  exp loss = 0.353  adjusted loss = 0.353  adv prob = 0.356611   acc = 0.825
  toxicity = 1, identity_any = 1  [n = 190]:	loss = 0.470  exp loss = 0.357  adjusted loss = 0.357  adv prob = 0.053852   acc = 0.816
Average incurred loss: 0.353  
Average sample loss: 0.440  
Average acc: 0.842  
  toxicity = 0, identity_any = 0  [n = 207]:	loss = 0.139  exp loss = 0.126  adjusted loss = 0.126  adv prob = 0.000143   acc = 0.932
  toxicity = 0, identity_any = 1  [n = 212]:	loss = 0.357  exp loss = 0.367  adjusted loss = 0.367  adv prob = 0.572279   acc = 0.825
  toxicity = 1, identity_any = 0  [n = 177]:	loss = 0.473  exp loss = 0.839  adjusted loss = 0.839  adv prob = 0.373538   acc = 0.791
  toxicity = 1, identity_any = 1  [n = 204]:	loss = 0.461  exp loss = 0.350  adjusted loss = 0.350  adv prob = 0.054040   acc = 0.814
Average incurred loss: 0.379  
Average sample loss: 0.498  
Average acc: 0.856  
  toxicity = 0, identity_any = 0  [n = 190]:	loss = 0.100  exp loss = 0.085  adjusted loss = 0.085  adv prob = 0.000117   acc = 0.958
  toxicity = 0, identity_any = 1  [n = 186]:	loss = 0.516  exp loss = 0.563  adjusted loss = 0.563  adv prob = 0.563652   acc = 0.769
  toxicity = 1, identity_any = 0  [n = 214]:	loss = 0.549  exp loss = 0.407  adjusted loss = 0.407  adv prob = 0.385671   acc = 0.813
  toxicity = 1, identity_any = 1  [n = 210]:	loss = 0.337  exp loss = 0.360  adjusted loss = 0.360  adv prob = 0.050561   acc = 0.886
Average incurred loss: 0.335  
Average sample loss: 0.355  
Average acc: 0.864  
  toxicity = 0, identity_any = 0  [n = 187]:	loss = 0.128  exp loss = 0.117  adjusted loss = 0.117  adv prob = 0.000103   acc = 0.930
  toxicity = 0, identity_any = 1  [n = 187]:	loss = 0.319  exp loss = 0.282  adjusted loss = 0.282  adv prob = 0.553305   acc = 0.856
  toxicity = 1, identity_any = 0  [n = 208]:	loss = 0.466  exp loss = 0.328  adjusted loss = 0.328  adv prob = 0.394761   acc = 0.822
  toxicity = 1, identity_any = 1  [n = 218]:	loss = 0.399  exp loss = 0.472  adjusted loss = 0.472  adv prob = 0.051831   acc = 0.853
Average incurred loss: 0.362  
Average sample loss: 0.405  
Average acc: 0.857  
  toxicity = 0, identity_any = 0  [n = 197]:	loss = 0.127  exp loss = 0.119  adjusted loss = 0.119  adv prob = 0.000090   acc = 0.959
  toxicity = 0, identity_any = 1  [n = 208]:	loss = 0.436  exp loss = 0.500  adjusted loss = 0.500  adv prob = 0.555660   acc = 0.793
  toxicity = 1, identity_any = 0  [n = 197]:	loss = 0.379  exp loss = 0.316  adjusted loss = 0.316  adv prob = 0.387731   acc = 0.868
  toxicity = 1, identity_any = 1  [n = 198]:	loss = 0.502  exp loss = 0.496  adjusted loss = 0.496  adv prob = 0.056519   acc = 0.813
Average incurred loss: 0.372  
Average sample loss: 0.560  
Average acc: 0.849  
  toxicity = 0, identity_any = 0  [n = 173]:	loss = 0.117  exp loss = 0.119  adjusted loss = 0.119  adv prob = 0.000075   acc = 0.948
  toxicity = 0, identity_any = 1  [n = 155]:	loss = 0.408  exp loss = 0.546  adjusted loss = 0.546  adv prob = 0.543904   acc = 0.800
  toxicity = 1, identity_any = 0  [n = 187]:	loss = 0.598  exp loss = 0.783  adjusted loss = 0.783  adv prob = 0.404236   acc = 0.781
  toxicity = 1, identity_any = 1  [n = 153]:	loss = 0.349  exp loss = 0.317  adjusted loss = 0.317  adv prob = 0.051785   acc = 0.869

Validation:
Average incurred loss: 0.203  
Average sample loss: 0.298  
Average acc: 0.907  
  toxicity = 0, identity_any = 0  [n = 166026]:	loss = 0.113  exp loss = 0.862  adjusted loss = 0.862  adv prob = 0.000000   acc = 0.950
  toxicity = 0, identity_any = 1  [n = 108687]:	loss = 0.354  exp loss = 0.925  adjusted loss = 0.925  adv prob = 1.000000   acc = 0.828
  toxicity = 1, identity_any = 0  [n = 11940]:	loss = 0.150  exp loss = 0.107  adjusted loss = 0.107  adv prob = 0.000000   acc = 0.951
  toxicity = 1, identity_any = 1  [n = 19696]:	loss = 0.164  exp loss = 0.105  adjusted loss = 0.105  adv prob = 0.000000   acc = 0.947
Current lr: 0.000000
Current lr: 0.000000
Current validation accuracy: 0.8280024528503418
Best model saved at epoch 5

Total Experiment Time: 24956.9s
Finished with job 700 (seed=111)
