/home/araymond/pyenv/versions/mini/lib/python3.10/site-packages/transformers/utils/hub.py:111: FutureWarning: Using `TRANSFORMERS_CACHE` is deprecated and will be removed in v5 of Transformers. Use `HF_HOME` instead.
  warnings.warn(
Traceback (most recent call last):
  File "/home/araymond/pyenv/versions/mini/lib/python3.10/site-packages/transformers/utils/hub.py", line 478, in cached_files
    hf_hub_download(
  File "/home/araymond/pyenv/versions/mini/lib/python3.10/site-packages/huggingface_hub/utils/_validators.py", line 114, in _inner_fn
    return fn(*args, **kwargs)
  File "/home/araymond/pyenv/versions/mini/lib/python3.10/site-packages/huggingface_hub/file_download.py", line 1010, in hf_hub_download
    return _hf_hub_download_to_cache_dir(
  File "/home/araymond/pyenv/versions/mini/lib/python3.10/site-packages/huggingface_hub/file_download.py", line 1127, in _hf_hub_download_to_cache_dir
    os.makedirs(os.path.dirname(blob_path), exist_ok=True)
  File "/home/araymond/pyenv/versions/3.10.14/lib/python3.10/os.py", line 215, in makedirs
    makedirs(head, exist_ok=exist_ok)
  File "/home/araymond/pyenv/versions/3.10.14/lib/python3.10/os.py", line 215, in makedirs
    makedirs(head, exist_ok=exist_ok)
  File "/home/araymond/pyenv/versions/3.10.14/lib/python3.10/os.py", line 215, in makedirs
    makedirs(head, exist_ok=exist_ok)
  File "/home/araymond/pyenv/versions/3.10.14/lib/python3.10/os.py", line 225, in makedirs
    mkdir(name, mode)
PermissionError: [Errno 13] Permission denied: '/archive'

The above exception was the direct cause of the following exception:

Traceback (most recent call last):
  File "/workspace1/araymond/svdrop/run_expt.py", line 347, in <module>
    main(args)
  File "/workspace1/araymond/svdrop/run_expt.py", line 55, in main
    train_data, val_data, test_data = prepare_data(
  File "/workspace1/araymond/svdrop/data/data.py", line 43, in prepare_data
    return prepare_confounder_data(
  File "/workspace1/araymond/svdrop/data/confounder_utils.py", line 61, in prepare_confounder_data
    full_dataset = confounder_settings[args.dataset]["constructor"](
  File "/workspace1/araymond/svdrop/data/jigsaw_dataset.py", line 100, in __init__
    self.tokenizer = BertTokenizer.from_pretrained(self.model)
  File "/home/araymond/pyenv/versions/mini/lib/python3.10/site-packages/transformers/tokenization_utils_base.py", line 1967, in from_pretrained
    resolved_config_file = cached_file(
  File "/home/araymond/pyenv/versions/mini/lib/python3.10/site-packages/transformers/utils/hub.py", line 321, in cached_file
    file = cached_files(path_or_repo_id=path_or_repo_id, filenames=[filename], **kwargs)
  File "/home/araymond/pyenv/versions/mini/lib/python3.10/site-packages/transformers/utils/hub.py", line 523, in cached_files
    raise OSError(
OSError: PermissionError at /archive when downloading bert-base-uncased. Check cache directory permissions. Common causes: 1) another user is downloading the same model (please wait); 2) a previous download was canceled and the lock file needs manual removal.
