




 Using bert params 







WARNING: You are using 'dfr/metadata_val_as_train.csv' instead of the default 'metadata.csv'.


Dataset: jigsaw
Shift type: confounder
Wandb: False
Project name: spurious
Target name: toxicity
Confounder names: ['identity_any']
Up weight: 0
Resume: False
Finetune: True
Normalize: False
Recalculate groups: False
Unfreeze: 0
Restart layers: 0
Minority fraction: None
Imbalance ratio: None
Fraction: 1.0
Root dir: ../datasets
Reweight groups: True
Augment data: False
Val fraction: 0.1
Loss type: erm
Alpha: 0.2
Generalization adjustment: 0.0
Sv dropout: 0.0
Automatic adjustment: False
Robust step size: 0.01
Joint dro alpha: 1
Use normalized loss: False
Btl: False
Hinge: False
Model: bert-base-uncased
Train from scratch: False
Pretrained path: pretrained_models/civilcomments/erm_0.9_222.pth
N epochs: 6
Batch size: 16
Lr: 1e-05
Scheduler: False
L1: 0.0
Weight decay: 0.01
Gamma: 0.1
Minimum variational weight: 0
Seed: 222
Accum: 1
Show progress: False
Log dir: results/civilcomments/erm_dfr_rw_0.9/model_outputs_222
Log every: 50
Save step: 10
Save best: True
Save last: True
Use bert params: 1
Num folds per sweep: 5
Num sweeps: 4
Q: 0.7
Metadata csv name: dfr/metadata_val_as_train.csv
Fold: None
Metadata path: None
Aug col: None
Max grad norm: 1.0
Adam epsilon: 1e-08
Warmup steps: 0

metadata_csv_name: dfr/metadata_val_as_train.csv
Training Data...
    toxicity = 0, identity_any = 0: n = 1967
    toxicity = 0, identity_any = 1: n = 1967
    toxicity = 1, identity_any = 0: n = 1967
    toxicity = 1, identity_any = 1: n = 1967
Validation Data...
    toxicity = 0, identity_any = 0: n = 166026
    toxicity = 0, identity_any = 1: n = 108687
    toxicity = 1, identity_any = 0: n = 11940
    toxicity = 1, identity_any = 1: n = 19696
Test Data...
    toxicity = 0, identity_any = 0: n = 72372
    toxicity = 0, identity_any = 1: n = 46185
    toxicity = 1, identity_any = 0: n = 6063
    toxicity = 1, identity_any = 1: n = 9161
Training
n_classes = 2
Loading pretrained model from: pretrained_models/civilcomments/erm_0.9_222.pth
bert.embeddings.word_embeddings.weight False
bert.embeddings.position_embeddings.weight False
bert.embeddings.token_type_embeddings.weight False
bert.embeddings.LayerNorm.weight False
bert.embeddings.LayerNorm.bias False
bert.encoder.layer.0.attention.self.query.weight False
bert.encoder.layer.0.attention.self.query.bias False
bert.encoder.layer.0.attention.self.key.weight False
bert.encoder.layer.0.attention.self.key.bias False
bert.encoder.layer.0.attention.self.value.weight False
bert.encoder.layer.0.attention.self.value.bias False
bert.encoder.layer.0.attention.output.dense.weight False
bert.encoder.layer.0.attention.output.dense.bias False
bert.encoder.layer.0.attention.output.LayerNorm.weight False
bert.encoder.layer.0.attention.output.LayerNorm.bias False
bert.encoder.layer.0.intermediate.dense.weight False
bert.encoder.layer.0.intermediate.dense.bias False
bert.encoder.layer.0.output.dense.weight False
bert.encoder.layer.0.output.dense.bias False
bert.encoder.layer.0.output.LayerNorm.weight False
bert.encoder.layer.0.output.LayerNorm.bias False
bert.encoder.layer.1.attention.self.query.weight False
bert.encoder.layer.1.attention.self.query.bias False
bert.encoder.layer.1.attention.self.key.weight False
bert.encoder.layer.1.attention.self.key.bias False
bert.encoder.layer.1.attention.self.value.weight False
bert.encoder.layer.1.attention.self.value.bias False
bert.encoder.layer.1.attention.output.dense.weight False
bert.encoder.layer.1.attention.output.dense.bias False
bert.encoder.layer.1.attention.output.LayerNorm.weight False
bert.encoder.layer.1.attention.output.LayerNorm.bias False
bert.encoder.layer.1.intermediate.dense.weight False
bert.encoder.layer.1.intermediate.dense.bias False
bert.encoder.layer.1.output.dense.weight False
bert.encoder.layer.1.output.dense.bias False
bert.encoder.layer.1.output.LayerNorm.weight False
bert.encoder.layer.1.output.LayerNorm.bias False
bert.encoder.layer.2.attention.self.query.weight False
bert.encoder.layer.2.attention.self.query.bias False
bert.encoder.layer.2.attention.self.key.weight False
bert.encoder.layer.2.attention.self.key.bias False
bert.encoder.layer.2.attention.self.value.weight False
bert.encoder.layer.2.attention.self.value.bias False
bert.encoder.layer.2.attention.output.dense.weight False
bert.encoder.layer.2.attention.output.dense.bias False
bert.encoder.layer.2.attention.output.LayerNorm.weight False
bert.encoder.layer.2.attention.output.LayerNorm.bias False
bert.encoder.layer.2.intermediate.dense.weight False
bert.encoder.layer.2.intermediate.dense.bias False
bert.encoder.layer.2.output.dense.weight False
bert.encoder.layer.2.output.dense.bias False
bert.encoder.layer.2.output.LayerNorm.weight False
bert.encoder.layer.2.output.LayerNorm.bias False
bert.encoder.layer.3.attention.self.query.weight False
bert.encoder.layer.3.attention.self.query.bias False
bert.encoder.layer.3.attention.self.key.weight False
bert.encoder.layer.3.attention.self.key.bias False
bert.encoder.layer.3.attention.self.value.weight False
bert.encoder.layer.3.attention.self.value.bias False
bert.encoder.layer.3.attention.output.dense.weight False
bert.encoder.layer.3.attention.output.dense.bias False
bert.encoder.layer.3.attention.output.LayerNorm.weight False
bert.encoder.layer.3.attention.output.LayerNorm.bias False
bert.encoder.layer.3.intermediate.dense.weight False
bert.encoder.layer.3.intermediate.dense.bias False
bert.encoder.layer.3.output.dense.weight False
bert.encoder.layer.3.output.dense.bias False
bert.encoder.layer.3.output.LayerNorm.weight False
bert.encoder.layer.3.output.LayerNorm.bias False
bert.encoder.layer.4.attention.self.query.weight False
bert.encoder.layer.4.attention.self.query.bias False
bert.encoder.layer.4.attention.self.key.weight False
bert.encoder.layer.4.attention.self.key.bias False
bert.encoder.layer.4.attention.self.value.weight False
bert.encoder.layer.4.attention.self.value.bias False
bert.encoder.layer.4.attention.output.dense.weight False
bert.encoder.layer.4.attention.output.dense.bias False
bert.encoder.layer.4.attention.output.LayerNorm.weight False
bert.encoder.layer.4.attention.output.LayerNorm.bias False
bert.encoder.layer.4.intermediate.dense.weight False
bert.encoder.layer.4.intermediate.dense.bias False
bert.encoder.layer.4.output.dense.weight False
bert.encoder.layer.4.output.dense.bias False
bert.encoder.layer.4.output.LayerNorm.weight False
bert.encoder.layer.4.output.LayerNorm.bias False
bert.encoder.layer.5.attention.self.query.weight False
bert.encoder.layer.5.attention.self.query.bias False
bert.encoder.layer.5.attention.self.key.weight False
bert.encoder.layer.5.attention.self.key.bias False
bert.encoder.layer.5.attention.self.value.weight False
bert.encoder.layer.5.attention.self.value.bias False
bert.encoder.layer.5.attention.output.dense.weight False
bert.encoder.layer.5.attention.output.dense.bias False
bert.encoder.layer.5.attention.output.LayerNorm.weight False
bert.encoder.layer.5.attention.output.LayerNorm.bias False
bert.encoder.layer.5.intermediate.dense.weight False
bert.encoder.layer.5.intermediate.dense.bias False
bert.encoder.layer.5.output.dense.weight False
bert.encoder.layer.5.output.dense.bias False
bert.encoder.layer.5.output.LayerNorm.weight False
bert.encoder.layer.5.output.LayerNorm.bias False
bert.encoder.layer.6.attention.self.query.weight False
bert.encoder.layer.6.attention.self.query.bias False
bert.encoder.layer.6.attention.self.key.weight False
bert.encoder.layer.6.attention.self.key.bias False
bert.encoder.layer.6.attention.self.value.weight False
bert.encoder.layer.6.attention.self.value.bias False
bert.encoder.layer.6.attention.output.dense.weight False
bert.encoder.layer.6.attention.output.dense.bias False
bert.encoder.layer.6.attention.output.LayerNorm.weight False
bert.encoder.layer.6.attention.output.LayerNorm.bias False
bert.encoder.layer.6.intermediate.dense.weight False
bert.encoder.layer.6.intermediate.dense.bias False
bert.encoder.layer.6.output.dense.weight False
bert.encoder.layer.6.output.dense.bias False
bert.encoder.layer.6.output.LayerNorm.weight False
bert.encoder.layer.6.output.LayerNorm.bias False
bert.encoder.layer.7.attention.self.query.weight False
bert.encoder.layer.7.attention.self.query.bias False
bert.encoder.layer.7.attention.self.key.weight False
bert.encoder.layer.7.attention.self.key.bias False
bert.encoder.layer.7.attention.self.value.weight False
bert.encoder.layer.7.attention.self.value.bias False
bert.encoder.layer.7.attention.output.dense.weight False
bert.encoder.layer.7.attention.output.dense.bias False
bert.encoder.layer.7.attention.output.LayerNorm.weight False
bert.encoder.layer.7.attention.output.LayerNorm.bias False
bert.encoder.layer.7.intermediate.dense.weight False
bert.encoder.layer.7.intermediate.dense.bias False
bert.encoder.layer.7.output.dense.weight False
bert.encoder.layer.7.output.dense.bias False
bert.encoder.layer.7.output.LayerNorm.weight False
bert.encoder.layer.7.output.LayerNorm.bias False
bert.encoder.layer.8.attention.self.query.weight False
bert.encoder.layer.8.attention.self.query.bias False
bert.encoder.layer.8.attention.self.key.weight False
bert.encoder.layer.8.attention.self.key.bias False
bert.encoder.layer.8.attention.self.value.weight False
bert.encoder.layer.8.attention.self.value.bias False
bert.encoder.layer.8.attention.output.dense.weight False
bert.encoder.layer.8.attention.output.dense.bias False
bert.encoder.layer.8.attention.output.LayerNorm.weight False
bert.encoder.layer.8.attention.output.LayerNorm.bias False
bert.encoder.layer.8.intermediate.dense.weight False
bert.encoder.layer.8.intermediate.dense.bias False
bert.encoder.layer.8.output.dense.weight False
bert.encoder.layer.8.output.dense.bias False
bert.encoder.layer.8.output.LayerNorm.weight False
bert.encoder.layer.8.output.LayerNorm.bias False
bert.encoder.layer.9.attention.self.query.weight False
bert.encoder.layer.9.attention.self.query.bias False
bert.encoder.layer.9.attention.self.key.weight False
bert.encoder.layer.9.attention.self.key.bias False
bert.encoder.layer.9.attention.self.value.weight False
bert.encoder.layer.9.attention.self.value.bias False
bert.encoder.layer.9.attention.output.dense.weight False
bert.encoder.layer.9.attention.output.dense.bias False
bert.encoder.layer.9.attention.output.LayerNorm.weight False
bert.encoder.layer.9.attention.output.LayerNorm.bias False
bert.encoder.layer.9.intermediate.dense.weight False
bert.encoder.layer.9.intermediate.dense.bias False
bert.encoder.layer.9.output.dense.weight False
bert.encoder.layer.9.output.dense.bias False
bert.encoder.layer.9.output.LayerNorm.weight False
bert.encoder.layer.9.output.LayerNorm.bias False
bert.encoder.layer.10.attention.self.query.weight False
bert.encoder.layer.10.attention.self.query.bias False
bert.encoder.layer.10.attention.self.key.weight False
bert.encoder.layer.10.attention.self.key.bias False
bert.encoder.layer.10.attention.self.value.weight False
bert.encoder.layer.10.attention.self.value.bias False
bert.encoder.layer.10.attention.output.dense.weight False
bert.encoder.layer.10.attention.output.dense.bias False
bert.encoder.layer.10.attention.output.LayerNorm.weight False
bert.encoder.layer.10.attention.output.LayerNorm.bias False
bert.encoder.layer.10.intermediate.dense.weight False
bert.encoder.layer.10.intermediate.dense.bias False
bert.encoder.layer.10.output.dense.weight False
bert.encoder.layer.10.output.dense.bias False
bert.encoder.layer.10.output.LayerNorm.weight False
bert.encoder.layer.10.output.LayerNorm.bias False
bert.encoder.layer.11.attention.self.query.weight False
bert.encoder.layer.11.attention.self.query.bias False
bert.encoder.layer.11.attention.self.key.weight False
bert.encoder.layer.11.attention.self.key.bias False
bert.encoder.layer.11.attention.self.value.weight False
bert.encoder.layer.11.attention.self.value.bias False
bert.encoder.layer.11.attention.output.dense.weight False
bert.encoder.layer.11.attention.output.dense.bias False
bert.encoder.layer.11.attention.output.LayerNorm.weight False
bert.encoder.layer.11.attention.output.LayerNorm.bias False
bert.encoder.layer.11.intermediate.dense.weight False
bert.encoder.layer.11.intermediate.dense.bias False
bert.encoder.layer.11.output.dense.weight False
bert.encoder.layer.11.output.dense.bias False
bert.encoder.layer.11.output.LayerNorm.weight False
bert.encoder.layer.11.output.LayerNorm.bias False
bert.pooler.dense.weight False
bert.pooler.dense.bias False
classifier.weight True
classifier.bias True

t_total is 2952


Epoch [0]:
Training:
Average incurred loss: 0.672  
Average sample loss: 0.672  
Average acc: 0.774  
  toxicity = 0, identity_any = 0  [n = 210]:	loss = 0.021  exp loss = 0.018  adjusted loss = 0.018  adv prob = 0.250000   acc = 0.995
  toxicity = 0, identity_any = 1  [n = 195]:	loss = 0.067  exp loss = 0.077  adjusted loss = 0.077  adv prob = 0.250000   acc = 0.979
  toxicity = 1, identity_any = 0  [n = 212]:	loss = 1.469  exp loss = 1.658  adjusted loss = 1.658  adv prob = 0.250000   acc = 0.566
  toxicity = 1, identity_any = 1  [n = 183]:	loss = 1.143  exp loss = 1.157  adjusted loss = 1.157  adv prob = 0.250000   acc = 0.541
Average incurred loss: 0.629  
Average sample loss: 0.629  
Average acc: 0.793  
  toxicity = 0, identity_any = 0  [n = 213]:	loss = 0.038  exp loss = 0.022  adjusted loss = 0.022  adv prob = 0.250000   acc = 0.981
  toxicity = 0, identity_any = 1  [n = 217]:	loss = 0.041  exp loss = 0.036  adjusted loss = 0.036  adv prob = 0.250000   acc = 0.991
  toxicity = 1, identity_any = 0  [n = 168]:	loss = 1.035  exp loss = 1.083  adjusted loss = 1.083  adv prob = 0.250000   acc = 0.673
  toxicity = 1, identity_any = 1  [n = 202]:	loss = 1.547  exp loss = 1.523  adjusted loss = 1.523  adv prob = 0.250000   acc = 0.480
Average incurred loss: 0.688  
Average sample loss: 0.688  
Average acc: 0.746  
  toxicity = 0, identity_any = 0  [n = 190]:	loss = 0.022  exp loss = 0.014  adjusted loss = 0.014  adv prob = 0.250000   acc = 0.995
  toxicity = 0, identity_any = 1  [n = 209]:	loss = 0.098  exp loss = 0.150  adjusted loss = 0.150  adv prob = 0.250000   acc = 0.957
  toxicity = 1, identity_any = 0  [n = 198]:	loss = 1.275  exp loss = 1.073  adjusted loss = 1.073  adv prob = 0.250000   acc = 0.556
  toxicity = 1, identity_any = 1  [n = 203]:	loss = 1.348  exp loss = 1.428  adjusted loss = 1.428  adv prob = 0.250000   acc = 0.483
Average incurred loss: 0.591  
Average sample loss: 0.591  
Average acc: 0.761  
  toxicity = 0, identity_any = 0  [n = 189]:	loss = 0.036  exp loss = 0.011  adjusted loss = 0.011  adv prob = 0.250000   acc = 0.979
  toxicity = 0, identity_any = 1  [n = 205]:	loss = 0.087  exp loss = 0.127  adjusted loss = 0.127  adv prob = 0.250000   acc = 0.966
  toxicity = 1, identity_any = 0  [n = 197]:	loss = 1.225  exp loss = 1.167  adjusted loss = 1.167  adv prob = 0.250000   acc = 0.543
  toxicity = 1, identity_any = 1  [n = 209]:	loss = 0.989  exp loss = 1.036  adjusted loss = 1.036  adv prob = 0.250000   acc = 0.569
Average incurred loss: 0.563  
Average sample loss: 0.563  
Average acc: 0.778  
  toxicity = 0, identity_any = 0  [n = 204]:	loss = 0.059  exp loss = 0.030  adjusted loss = 0.030  adv prob = 0.250000   acc = 0.980
  toxicity = 0, identity_any = 1  [n = 196]:	loss = 0.098  exp loss = 0.121  adjusted loss = 0.121  adv prob = 0.250000   acc = 0.954
  toxicity = 1, identity_any = 0  [n = 188]:	loss = 1.050  exp loss = 1.265  adjusted loss = 1.265  adv prob = 0.250000   acc = 0.638
  toxicity = 1, identity_any = 1  [n = 212]:	loss = 1.047  exp loss = 0.861  adjusted loss = 0.861  adv prob = 0.250000   acc = 0.542
Average incurred loss: 0.529  
Average sample loss: 0.529  
Average acc: 0.798  
  toxicity = 0, identity_any = 0  [n = 218]:	loss = 0.068  exp loss = 0.060  adjusted loss = 0.060  adv prob = 0.250000   acc = 0.977
  toxicity = 0, identity_any = 1  [n = 197]:	loss = 0.072  exp loss = 0.096  adjusted loss = 0.096  adv prob = 0.250000   acc = 0.975
  toxicity = 1, identity_any = 0  [n = 175]:	loss = 1.017  exp loss = 1.172  adjusted loss = 1.172  adv prob = 0.250000   acc = 0.646
  toxicity = 1, identity_any = 1  [n = 210]:	loss = 1.031  exp loss = 0.827  adjusted loss = 0.827  adv prob = 0.250000   acc = 0.571
Average incurred loss: 0.493  
Average sample loss: 0.493  
Average acc: 0.790  
  toxicity = 0, identity_any = 0  [n = 194]:	loss = 0.059  exp loss = 0.031  adjusted loss = 0.031  adv prob = 0.250000   acc = 0.979
  toxicity = 0, identity_any = 1  [n = 225]:	loss = 0.134  exp loss = 0.153  adjusted loss = 0.153  adv prob = 0.250000   acc = 0.938
  toxicity = 1, identity_any = 0  [n = 189]:	loss = 0.926  exp loss = 0.813  adjusted loss = 0.813  adv prob = 0.250000   acc = 0.630
  toxicity = 1, identity_any = 1  [n = 192]:	loss = 0.925  exp loss = 1.089  adjusted loss = 1.089  adv prob = 0.250000   acc = 0.583
Average incurred loss: 0.470  
Average sample loss: 0.470  
Average acc: 0.810  
  toxicity = 0, identity_any = 0  [n = 188]:	loss = 0.052  exp loss = 0.028  adjusted loss = 0.028  adv prob = 0.250000   acc = 0.984
  toxicity = 0, identity_any = 1  [n = 222]:	loss = 0.170  exp loss = 0.151  adjusted loss = 0.151  adv prob = 0.250000   acc = 0.928
  toxicity = 1, identity_any = 0  [n = 200]:	loss = 0.991  exp loss = 0.991  adjusted loss = 0.991  adv prob = 0.250000   acc = 0.640
  toxicity = 1, identity_any = 1  [n = 190]:	loss = 0.683  exp loss = 0.607  adjusted loss = 0.607  adv prob = 0.250000   acc = 0.679
Average incurred loss: 0.437  
Average sample loss: 0.437  
Average acc: 0.805  
  toxicity = 0, identity_any = 0  [n = 186]:	loss = 0.046  exp loss = 0.027  adjusted loss = 0.027  adv prob = 0.250000   acc = 0.984
  toxicity = 0, identity_any = 1  [n = 210]:	loss = 0.140  exp loss = 0.157  adjusted loss = 0.157  adv prob = 0.250000   acc = 0.943
  toxicity = 1, identity_any = 0  [n = 206]:	loss = 0.845  exp loss = 0.950  adjusted loss = 0.950  adv prob = 0.250000   acc = 0.670
  toxicity = 1, identity_any = 1  [n = 198]:	loss = 0.693  exp loss = 0.538  adjusted loss = 0.538  adv prob = 0.250000   acc = 0.631
Average incurred loss: 0.442  
Average sample loss: 0.442  
Average acc: 0.789  
  toxicity = 0, identity_any = 0  [n = 171]:	loss = 0.053  exp loss = 0.039  adjusted loss = 0.039  adv prob = 0.250000   acc = 0.971
  toxicity = 0, identity_any = 1  [n = 160]:	loss = 0.198  exp loss = 0.238  adjusted loss = 0.238  adv prob = 0.250000   acc = 0.900
  toxicity = 1, identity_any = 0  [n = 165]:	loss = 0.720  exp loss = 0.696  adjusted loss = 0.696  adv prob = 0.250000   acc = 0.685
  toxicity = 1, identity_any = 1  [n = 172]:	loss = 0.788  exp loss = 0.765  adjusted loss = 0.765  adv prob = 0.250000   acc = 0.605

Validation:
Average incurred loss: 0.124  
Average sample loss: 0.124  
Average acc: 0.954  
  toxicity = 0, identity_any = 0  [n = 166026]:	loss = 0.052  exp loss = 0.367  adjusted loss = 0.367  adv prob = 0.250000   acc = 0.983
  toxicity = 0, identity_any = 1  [n = 108687]:	loss = 0.167  exp loss = 0.416  adjusted loss = 0.416  adv prob = 0.250000   acc = 0.941
  toxicity = 1, identity_any = 0  [n = 11940]:	loss = 0.329  exp loss = 0.257  adjusted loss = 0.257  adv prob = 0.250000   acc = 0.867
  toxicity = 1, identity_any = 1  [n = 19696]:	loss = 0.371  exp loss = 0.322  adjusted loss = 0.322  adv prob = 0.250000   acc = 0.832
Current lr: 0.000008
Current lr: 0.000008
Current validation accuracy: 0.8320467472076416
Best model saved at epoch 0


Epoch [1]:
Training:
Average incurred loss: 0.429  
Average sample loss: 0.429  
Average acc: 0.796  
  toxicity = 0, identity_any = 0  [n = 208]:	loss = 0.044  exp loss = 0.059  adjusted loss = 0.059  adv prob = 0.250000   acc = 0.981
  toxicity = 0, identity_any = 1  [n = 190]:	loss = 0.210  exp loss = 0.191  adjusted loss = 0.191  adv prob = 0.250000   acc = 0.905
  toxicity = 1, identity_any = 0  [n = 222]:	loss = 0.680  exp loss = 0.927  adjusted loss = 0.927  adv prob = 0.250000   acc = 0.689
  toxicity = 1, identity_any = 1  [n = 180]:	loss = 0.796  exp loss = 0.727  adjusted loss = 0.727  adv prob = 0.250000   acc = 0.600
Average incurred loss: 0.345  
Average sample loss: 0.345  
Average acc: 0.840  
  toxicity = 0, identity_any = 0  [n = 210]:	loss = 0.089  exp loss = 0.099  adjusted loss = 0.099  adv prob = 0.250000   acc = 0.962
  toxicity = 0, identity_any = 1  [n = 214]:	loss = 0.195  exp loss = 0.217  adjusted loss = 0.217  adv prob = 0.250000   acc = 0.902
  toxicity = 1, identity_any = 0  [n = 179]:	loss = 0.549  exp loss = 0.522  adjusted loss = 0.522  adv prob = 0.250000   acc = 0.771
  toxicity = 1, identity_any = 1  [n = 197]:	loss = 0.598  exp loss = 0.654  adjusted loss = 0.654  adv prob = 0.250000   acc = 0.706
Average incurred loss: 0.408  
Average sample loss: 0.408  
Average acc: 0.837  
  toxicity = 0, identity_any = 0  [n = 194]:	loss = 0.079  exp loss = 0.100  adjusted loss = 0.100  adv prob = 0.250000   acc = 0.959
  toxicity = 0, identity_any = 1  [n = 206]:	loss = 0.191  exp loss = 0.242  adjusted loss = 0.242  adv prob = 0.250000   acc = 0.913
  toxicity = 1, identity_any = 0  [n = 190]:	loss = 0.763  exp loss = 0.739  adjusted loss = 0.739  adv prob = 0.250000   acc = 0.726
  toxicity = 1, identity_any = 1  [n = 210]:	loss = 0.603  exp loss = 0.502  adjusted loss = 0.502  adv prob = 0.250000   acc = 0.752
Average incurred loss: 0.405  
Average sample loss: 0.405  
Average acc: 0.815  
  toxicity = 0, identity_any = 0  [n = 215]:	loss = 0.074  exp loss = 0.051  adjusted loss = 0.051  adv prob = 0.250000   acc = 0.967
  toxicity = 0, identity_any = 1  [n = 183]:	loss = 0.309  exp loss = 0.232  adjusted loss = 0.232  adv prob = 0.250000   acc = 0.842
  toxicity = 1, identity_any = 0  [n = 195]:	loss = 0.694  exp loss = 0.726  adjusted loss = 0.726  adv prob = 0.250000   acc = 0.728
  toxicity = 1, identity_any = 1  [n = 207]:	loss = 0.562  exp loss = 0.553  adjusted loss = 0.553  adv prob = 0.250000   acc = 0.715
Average incurred loss: 0.410  
Average sample loss: 0.410  
Average acc: 0.830  
  toxicity = 0, identity_any = 0  [n = 180]:	loss = 0.105  exp loss = 0.097  adjusted loss = 0.097  adv prob = 0.250000   acc = 0.933
  toxicity = 0, identity_any = 1  [n = 199]:	loss = 0.220  exp loss = 0.166  adjusted loss = 0.166  adv prob = 0.250000   acc = 0.915
  toxicity = 1, identity_any = 0  [n = 201]:	loss = 0.641  exp loss = 0.493  adjusted loss = 0.493  adv prob = 0.250000   acc = 0.736
  toxicity = 1, identity_any = 1  [n = 220]:	loss = 0.621  exp loss = 0.468  adjusted loss = 0.468  adv prob = 0.250000   acc = 0.755
Average incurred loss: 0.365  
Average sample loss: 0.365  
Average acc: 0.864  
  toxicity = 0, identity_any = 0  [n = 193]:	loss = 0.067  exp loss = 0.065  adjusted loss = 0.065  adv prob = 0.250000   acc = 0.974
  toxicity = 0, identity_any = 1  [n = 210]:	loss = 0.246  exp loss = 0.304  adjusted loss = 0.304  adv prob = 0.250000   acc = 0.895
  toxicity = 1, identity_any = 0  [n = 190]:	loss = 0.647  exp loss = 0.528  adjusted loss = 0.528  adv prob = 0.250000   acc = 0.774
  toxicity = 1, identity_any = 1  [n = 207]:	loss = 0.506  exp loss = 0.444  adjusted loss = 0.444  adv prob = 0.250000   acc = 0.812
Average incurred loss: 0.330  
Average sample loss: 0.330  
Average acc: 0.850  
  toxicity = 0, identity_any = 0  [n = 230]:	loss = 0.094  exp loss = 0.131  adjusted loss = 0.131  adv prob = 0.250000   acc = 0.952
  toxicity = 0, identity_any = 1  [n = 198]:	loss = 0.300  exp loss = 0.312  adjusted loss = 0.312  adv prob = 0.250000   acc = 0.874
  toxicity = 1, identity_any = 0  [n = 197]:	loss = 0.453  exp loss = 0.409  adjusted loss = 0.409  adv prob = 0.250000   acc = 0.792
  toxicity = 1, identity_any = 1  [n = 175]:	loss = 0.537  exp loss = 0.543  adjusted loss = 0.543  adv prob = 0.250000   acc = 0.754
Average incurred loss: 0.350  
Average sample loss: 0.350  
Average acc: 0.849  
  toxicity = 0, identity_any = 0  [n = 203]:	loss = 0.095  exp loss = 0.107  adjusted loss = 0.107  adv prob = 0.250000   acc = 0.946
  toxicity = 0, identity_any = 1  [n = 183]:	loss = 0.308  exp loss = 0.354  adjusted loss = 0.354  adv prob = 0.250000   acc = 0.847
  toxicity = 1, identity_any = 0  [n = 197]:	loss = 0.512  exp loss = 0.563  adjusted loss = 0.563  adv prob = 0.250000   acc = 0.797
  toxicity = 1, identity_any = 1  [n = 217]:	loss = 0.478  exp loss = 0.471  adjusted loss = 0.471  adv prob = 0.250000   acc = 0.806
Average incurred loss: 0.340  
Average sample loss: 0.340  
Average acc: 0.859  
  toxicity = 0, identity_any = 0  [n = 175]:	loss = 0.075  exp loss = 0.066  adjusted loss = 0.066  adv prob = 0.250000   acc = 0.971
  toxicity = 0, identity_any = 1  [n = 202]:	loss = 0.289  exp loss = 0.417  adjusted loss = 0.417  adv prob = 0.250000   acc = 0.847
  toxicity = 1, identity_any = 0  [n = 219]:	loss = 0.479  exp loss = 0.785  adjusted loss = 0.785  adv prob = 0.250000   acc = 0.813
  toxicity = 1, identity_any = 1  [n = 204]:	loss = 0.471  exp loss = 0.439  adjusted loss = 0.439  adv prob = 0.250000   acc = 0.824
Average incurred loss: 0.352  
Average sample loss: 0.352  
Average acc: 0.859  
  toxicity = 0, identity_any = 0  [n = 140]:	loss = 0.074  exp loss = 0.063  adjusted loss = 0.063  adv prob = 0.250000   acc = 0.964
  toxicity = 0, identity_any = 1  [n = 168]:	loss = 0.299  exp loss = 0.330  adjusted loss = 0.330  adv prob = 0.250000   acc = 0.839
  toxicity = 1, identity_any = 0  [n = 183]:	loss = 0.445  exp loss = 0.632  adjusted loss = 0.632  adv prob = 0.250000   acc = 0.831
  toxicity = 1, identity_any = 1  [n = 177]:	loss = 0.526  exp loss = 0.454  adjusted loss = 0.454  adv prob = 0.250000   acc = 0.825

Validation:
Average incurred loss: 0.189  
Average sample loss: 0.189  
Average acc: 0.907  
  toxicity = 0, identity_any = 0  [n = 166026]:	loss = 0.099  exp loss = 0.659  adjusted loss = 0.659  adv prob = 0.250000   acc = 0.956
  toxicity = 0, identity_any = 1  [n = 108687]:	loss = 0.318  exp loss = 0.720  adjusted loss = 0.720  adv prob = 0.250000   acc = 0.821
  toxicity = 1, identity_any = 0  [n = 11940]:	loss = 0.218  exp loss = 0.176  adjusted loss = 0.176  adv prob = 0.250000   acc = 0.938
  toxicity = 1, identity_any = 1  [n = 19696]:	loss = 0.229  exp loss = 0.205  adjusted loss = 0.205  adv prob = 0.250000   acc = 0.945
Current lr: 0.000007
Current lr: 0.000007
Current validation accuracy: 0.820580005645752


Epoch [2]:
Training:
Average incurred loss: 0.351  
Average sample loss: 0.351  
Average acc: 0.868  
  toxicity = 0, identity_any = 0  [n = 213]:	loss = 0.129  exp loss = 0.178  adjusted loss = 0.178  adv prob = 0.250000   acc = 0.944
  toxicity = 0, identity_any = 1  [n = 192]:	loss = 0.300  exp loss = 0.331  adjusted loss = 0.331  adv prob = 0.250000   acc = 0.854
  toxicity = 1, identity_any = 0  [n = 194]:	loss = 0.570  exp loss = 0.678  adjusted loss = 0.678  adv prob = 0.250000   acc = 0.825
  toxicity = 1, identity_any = 1  [n = 201]:	loss = 0.425  exp loss = 0.396  adjusted loss = 0.396  adv prob = 0.250000   acc = 0.841
Average incurred loss: 0.357  
Average sample loss: 0.357  
Average acc: 0.846  
  toxicity = 0, identity_any = 0  [n = 226]:	loss = 0.088  exp loss = 0.073  adjusted loss = 0.073  adv prob = 0.250000   acc = 0.965
  toxicity = 0, identity_any = 1  [n = 185]:	loss = 0.324  exp loss = 0.271  adjusted loss = 0.271  adv prob = 0.250000   acc = 0.816
  toxicity = 1, identity_any = 0  [n = 213]:	loss = 0.578  exp loss = 0.542  adjusted loss = 0.542  adv prob = 0.250000   acc = 0.779
  toxicity = 1, identity_any = 1  [n = 176]:	loss = 0.469  exp loss = 0.347  adjusted loss = 0.347  adv prob = 0.250000   acc = 0.807
Average incurred loss: 0.289  
Average sample loss: 0.289  
Average acc: 0.878  
  toxicity = 0, identity_any = 0  [n = 232]:	loss = 0.106  exp loss = 0.089  adjusted loss = 0.089  adv prob = 0.250000   acc = 0.944
  toxicity = 0, identity_any = 1  [n = 198]:	loss = 0.313  exp loss = 0.265  adjusted loss = 0.265  adv prob = 0.250000   acc = 0.813
  toxicity = 1, identity_any = 0  [n = 162]:	loss = 0.382  exp loss = 0.389  adjusted loss = 0.389  adv prob = 0.250000   acc = 0.870
  toxicity = 1, identity_any = 1  [n = 208]:	loss = 0.398  exp loss = 0.337  adjusted loss = 0.337  adv prob = 0.250000   acc = 0.870
Average incurred loss: 0.325  
Average sample loss: 0.325  
Average acc: 0.858  
  toxicity = 0, identity_any = 0  [n = 212]:	loss = 0.098  exp loss = 0.089  adjusted loss = 0.089  adv prob = 0.250000   acc = 0.943
  toxicity = 0, identity_any = 1  [n = 187]:	loss = 0.345  exp loss = 0.267  adjusted loss = 0.267  adv prob = 0.250000   acc = 0.813
  toxicity = 1, identity_any = 0  [n = 194]:	loss = 0.493  exp loss = 0.328  adjusted loss = 0.328  adv prob = 0.250000   acc = 0.820
  toxicity = 1, identity_any = 1  [n = 207]:	loss = 0.379  exp loss = 0.332  adjusted loss = 0.332  adv prob = 0.250000   acc = 0.845
Average incurred loss: 0.353  
Average sample loss: 0.353  
Average acc: 0.855  
  toxicity = 0, identity_any = 0  [n = 203]:	loss = 0.115  exp loss = 0.102  adjusted loss = 0.102  adv prob = 0.250000   acc = 0.961
  toxicity = 0, identity_any = 1  [n = 213]:	loss = 0.370  exp loss = 0.329  adjusted loss = 0.329  adv prob = 0.250000   acc = 0.775
  toxicity = 1, identity_any = 0  [n = 176]:	loss = 0.480  exp loss = 0.343  adjusted loss = 0.343  adv prob = 0.250000   acc = 0.824
  toxicity = 1, identity_any = 1  [n = 208]:	loss = 0.461  exp loss = 0.318  adjusted loss = 0.318  adv prob = 0.250000   acc = 0.861
Average incurred loss: 0.340  
Average sample loss: 0.340  
Average acc: 0.849  
  toxicity = 0, identity_any = 0  [n = 202]:	loss = 0.151  exp loss = 0.116  adjusted loss = 0.116  adv prob = 0.250000   acc = 0.911
  toxicity = 0, identity_any = 1  [n = 225]:	loss = 0.371  exp loss = 0.348  adjusted loss = 0.348  adv prob = 0.250000   acc = 0.778
  toxicity = 1, identity_any = 0  [n = 197]:	loss = 0.463  exp loss = 0.373  adjusted loss = 0.373  adv prob = 0.250000   acc = 0.832
  toxicity = 1, identity_any = 1  [n = 176]:	loss = 0.378  exp loss = 0.512  adjusted loss = 0.512  adv prob = 0.250000   acc = 0.886
Average incurred loss: 0.330  
Average sample loss: 0.330  
Average acc: 0.843  
  toxicity = 0, identity_any = 0  [n = 216]:	loss = 0.141  exp loss = 0.175  adjusted loss = 0.175  adv prob = 0.250000   acc = 0.921
  toxicity = 0, identity_any = 1  [n = 207]:	loss = 0.415  exp loss = 0.389  adjusted loss = 0.389  adv prob = 0.250000   acc = 0.744
  toxicity = 1, identity_any = 0  [n = 208]:	loss = 0.461  exp loss = 0.432  adjusted loss = 0.432  adv prob = 0.250000   acc = 0.822
  toxicity = 1, identity_any = 1  [n = 169]:	loss = 0.306  exp loss = 0.280  adjusted loss = 0.280  adv prob = 0.250000   acc = 0.888
Average incurred loss: 0.326  
Average sample loss: 0.326  
Average acc: 0.860  
  toxicity = 0, identity_any = 0  [n = 215]:	loss = 0.173  exp loss = 0.146  adjusted loss = 0.146  adv prob = 0.250000   acc = 0.898
  toxicity = 0, identity_any = 1  [n = 190]:	loss = 0.329  exp loss = 0.333  adjusted loss = 0.333  adv prob = 0.250000   acc = 0.837
  toxicity = 1, identity_any = 0  [n = 205]:	loss = 0.459  exp loss = 0.508  adjusted loss = 0.508  adv prob = 0.250000   acc = 0.805
  toxicity = 1, identity_any = 1  [n = 190]:	loss = 0.354  exp loss = 0.349  adjusted loss = 0.349  adv prob = 0.250000   acc = 0.900
Average incurred loss: 0.329  
Average sample loss: 0.329  
Average acc: 0.854  
  toxicity = 0, identity_any = 0  [n = 192]:	loss = 0.135  exp loss = 0.196  adjusted loss = 0.196  adv prob = 0.250000   acc = 0.922
  toxicity = 0, identity_any = 1  [n = 209]:	loss = 0.399  exp loss = 0.365  adjusted loss = 0.365  adv prob = 0.250000   acc = 0.775
  toxicity = 1, identity_any = 0  [n = 194]:	loss = 0.428  exp loss = 0.338  adjusted loss = 0.338  adv prob = 0.250000   acc = 0.835
  toxicity = 1, identity_any = 1  [n = 205]:	loss = 0.346  exp loss = 0.356  adjusted loss = 0.356  adv prob = 0.250000   acc = 0.888
Average incurred loss: 0.350  
Average sample loss: 0.348  
Average acc: 0.858  
  toxicity = 0, identity_any = 0  [n = 162]:	loss = 0.117  exp loss = 0.062  adjusted loss = 0.062  adv prob = 0.250000   acc = 0.944
  toxicity = 0, identity_any = 1  [n = 158]:	loss = 0.391  exp loss = 0.412  adjusted loss = 0.412  adv prob = 0.250000   acc = 0.772
  toxicity = 1, identity_any = 0  [n = 177]:	loss = 0.480  exp loss = 0.550  adjusted loss = 0.550  adv prob = 0.250000   acc = 0.836
  toxicity = 1, identity_any = 1  [n = 171]:	loss = 0.396  exp loss = 0.463  adjusted loss = 0.463  adv prob = 0.250000   acc = 0.877

Validation:
Average incurred loss: 0.223  
Average sample loss: 0.223  
Average acc: 0.879  
  toxicity = 0, identity_any = 0  [n = 166026]:	loss = 0.122  exp loss = 0.779  adjusted loss = 0.779  adv prob = 0.250000   acc = 0.940
  toxicity = 0, identity_any = 1  [n = 108687]:	loss = 0.388  exp loss = 0.856  adjusted loss = 0.856  adv prob = 0.250000   acc = 0.762
  toxicity = 1, identity_any = 0  [n = 11940]:	loss = 0.178  exp loss = 0.139  adjusted loss = 0.139  adv prob = 0.250000   acc = 0.955
  toxicity = 1, identity_any = 1  [n = 19696]:	loss = 0.186  exp loss = 0.166  adjusted loss = 0.166  adv prob = 0.250000   acc = 0.966
Current lr: 0.000005
Current lr: 0.000005
Current validation accuracy: 0.7620087265968323


Epoch [3]:
Training:
Average incurred loss: 0.363  
Average sample loss: 0.363  
Average acc: 0.845  
  toxicity = 0, identity_any = 0  [n = 216]:	loss = 0.156  exp loss = 0.232  adjusted loss = 0.232  adv prob = 0.250000   acc = 0.931
  toxicity = 0, identity_any = 1  [n = 194]:	loss = 0.456  exp loss = 0.345  adjusted loss = 0.345  adv prob = 0.250000   acc = 0.737
  toxicity = 1, identity_any = 0  [n = 197]:	loss = 0.509  exp loss = 0.401  adjusted loss = 0.401  adv prob = 0.250000   acc = 0.822
  toxicity = 1, identity_any = 1  [n = 193]:	loss = 0.353  exp loss = 0.350  adjusted loss = 0.350  adv prob = 0.250000   acc = 0.881
Average incurred loss: 0.341  
Average sample loss: 0.341  
Average acc: 0.854  
  toxicity = 0, identity_any = 0  [n = 183]:	loss = 0.157  exp loss = 0.081  adjusted loss = 0.081  adv prob = 0.250000   acc = 0.929
  toxicity = 0, identity_any = 1  [n = 200]:	loss = 0.432  exp loss = 0.456  adjusted loss = 0.456  adv prob = 0.250000   acc = 0.765
  toxicity = 1, identity_any = 0  [n = 208]:	loss = 0.433  exp loss = 0.443  adjusted loss = 0.443  adv prob = 0.250000   acc = 0.841
  toxicity = 1, identity_any = 1  [n = 209]:	loss = 0.322  exp loss = 0.351  adjusted loss = 0.351  adv prob = 0.250000   acc = 0.885
Average incurred loss: 0.311  
Average sample loss: 0.311  
Average acc: 0.873  
  toxicity = 0, identity_any = 0  [n = 202]:	loss = 0.115  exp loss = 0.092  adjusted loss = 0.092  adv prob = 0.250000   acc = 0.946
  toxicity = 0, identity_any = 1  [n = 195]:	loss = 0.401  exp loss = 0.421  adjusted loss = 0.421  adv prob = 0.250000   acc = 0.774
  toxicity = 1, identity_any = 0  [n = 192]:	loss = 0.386  exp loss = 0.431  adjusted loss = 0.431  adv prob = 0.250000   acc = 0.865
  toxicity = 1, identity_any = 1  [n = 211]:	loss = 0.348  exp loss = 0.371  adjusted loss = 0.371  adv prob = 0.250000   acc = 0.900
Average incurred loss: 0.301  
Average sample loss: 0.301  
Average acc: 0.869  
  toxicity = 0, identity_any = 0  [n = 207]:	loss = 0.159  exp loss = 0.163  adjusted loss = 0.163  adv prob = 0.250000   acc = 0.923
  toxicity = 0, identity_any = 1  [n = 199]:	loss = 0.406  exp loss = 0.447  adjusted loss = 0.447  adv prob = 0.250000   acc = 0.759
  toxicity = 1, identity_any = 0  [n = 190]:	loss = 0.340  exp loss = 0.424  adjusted loss = 0.424  adv prob = 0.250000   acc = 0.868
  toxicity = 1, identity_any = 1  [n = 204]:	loss = 0.307  exp loss = 0.301  adjusted loss = 0.301  adv prob = 0.250000   acc = 0.922
Average incurred loss: 0.366  
Average sample loss: 0.366  
Average acc: 0.824  
  toxicity = 0, identity_any = 0  [n = 220]:	loss = 0.198  exp loss = 0.183  adjusted loss = 0.183  adv prob = 0.250000   acc = 0.891
  toxicity = 0, identity_any = 1  [n = 190]:	loss = 0.506  exp loss = 0.695  adjusted loss = 0.695  adv prob = 0.250000   acc = 0.689
  toxicity = 1, identity_any = 0  [n = 196]:	loss = 0.397  exp loss = 0.403  adjusted loss = 0.403  adv prob = 0.250000   acc = 0.852
  toxicity = 1, identity_any = 1  [n = 194]:	loss = 0.388  exp loss = 0.397  adjusted loss = 0.397  adv prob = 0.250000   acc = 0.851
Average incurred loss: 0.324  
Average sample loss: 0.324  
Average acc: 0.856  
  toxicity = 0, identity_any = 0  [n = 207]:	loss = 0.157  exp loss = 0.226  adjusted loss = 0.226  adv prob = 0.250000   acc = 0.932
  toxicity = 0, identity_any = 1  [n = 216]:	loss = 0.416  exp loss = 0.329  adjusted loss = 0.329  adv prob = 0.250000   acc = 0.759
  toxicity = 1, identity_any = 0  [n = 184]:	loss = 0.394  exp loss = 0.453  adjusted loss = 0.453  adv prob = 0.250000   acc = 0.870
  toxicity = 1, identity_any = 1  [n = 193]:	loss = 0.332  exp loss = 0.312  adjusted loss = 0.312  adv prob = 0.250000   acc = 0.870
Average incurred loss: 0.285  
Average sample loss: 0.285  
Average acc: 0.880  
  toxicity = 0, identity_any = 0  [n = 195]:	loss = 0.130  exp loss = 0.176  adjusted loss = 0.176  adv prob = 0.250000   acc = 0.928
  toxicity = 0, identity_any = 1  [n = 184]:	loss = 0.397  exp loss = 0.505  adjusted loss = 0.505  adv prob = 0.250000   acc = 0.766
  toxicity = 1, identity_any = 0  [n = 198]:	loss = 0.297  exp loss = 0.329  adjusted loss = 0.329  adv prob = 0.250000   acc = 0.894
  toxicity = 1, identity_any = 1  [n = 223]:	loss = 0.319  exp loss = 0.281  adjusted loss = 0.281  adv prob = 0.250000   acc = 0.919
Average incurred loss: 0.335  
Average sample loss: 0.335  
Average acc: 0.846  
  toxicity = 0, identity_any = 0  [n = 194]:	loss = 0.142  exp loss = 0.139  adjusted loss = 0.139  adv prob = 0.250000   acc = 0.928
  toxicity = 0, identity_any = 1  [n = 196]:	loss = 0.425  exp loss = 0.388  adjusted loss = 0.388  adv prob = 0.250000   acc = 0.750
  toxicity = 1, identity_any = 0  [n = 212]:	loss = 0.391  exp loss = 0.342  adjusted loss = 0.342  adv prob = 0.250000   acc = 0.840
  toxicity = 1, identity_any = 1  [n = 198]:	loss = 0.373  exp loss = 0.328  adjusted loss = 0.328  adv prob = 0.250000   acc = 0.869
Average incurred loss: 0.297  
Average sample loss: 0.297  
Average acc: 0.867  
  toxicity = 0, identity_any = 0  [n = 186]:	loss = 0.100  exp loss = 0.152  adjusted loss = 0.152  adv prob = 0.250000   acc = 0.946
  toxicity = 0, identity_any = 1  [n = 215]:	loss = 0.401  exp loss = 0.398  adjusted loss = 0.398  adv prob = 0.250000   acc = 0.777
  toxicity = 1, identity_any = 0  [n = 211]:	loss = 0.308  exp loss = 0.321  adjusted loss = 0.321  adv prob = 0.250000   acc = 0.886
  toxicity = 1, identity_any = 1  [n = 188]:	loss = 0.360  exp loss = 0.387  adjusted loss = 0.387  adv prob = 0.250000   acc = 0.872
Average incurred loss: 0.341  
Average sample loss: 0.340  
Average acc: 0.855  
  toxicity = 0, identity_any = 0  [n = 158]:	loss = 0.151  exp loss = 0.090  adjusted loss = 0.090  adv prob = 0.250000   acc = 0.930
  toxicity = 0, identity_any = 1  [n = 158]:	loss = 0.428  exp loss = 0.438  adjusted loss = 0.438  adv prob = 0.250000   acc = 0.728
  toxicity = 1, identity_any = 0  [n = 170]:	loss = 0.492  exp loss = 0.330  adjusted loss = 0.330  adv prob = 0.250000   acc = 0.818
  toxicity = 1, identity_any = 1  [n = 182]:	loss = 0.290  exp loss = 0.349  adjusted loss = 0.349  adv prob = 0.250000   acc = 0.934

Validation:
Average incurred loss: 0.235  
Average sample loss: 0.235  
Average acc: 0.871  
  toxicity = 0, identity_any = 0  [n = 166026]:	loss = 0.132  exp loss = 0.822  adjusted loss = 0.822  adv prob = 0.250000   acc = 0.935
  toxicity = 0, identity_any = 1  [n = 108687]:	loss = 0.413  exp loss = 0.906  adjusted loss = 0.906  adv prob = 0.250000   acc = 0.745
  toxicity = 1, identity_any = 0  [n = 11940]:	loss = 0.162  exp loss = 0.121  adjusted loss = 0.121  adv prob = 0.250000   acc = 0.959
  toxicity = 1, identity_any = 1  [n = 19696]:	loss = 0.170  exp loss = 0.151  adjusted loss = 0.151  adv prob = 0.250000   acc = 0.970
Current lr: 0.000003
Current lr: 0.000003
Current validation accuracy: 0.7448644042015076


Epoch [4]:
Training:
Average incurred loss: 0.324  
Average sample loss: 0.324  
Average acc: 0.859  
  toxicity = 0, identity_any = 0  [n = 198]:	loss = 0.150  exp loss = 0.161  adjusted loss = 0.161  adv prob = 0.250000   acc = 0.939
  toxicity = 0, identity_any = 1  [n = 189]:	loss = 0.355  exp loss = 0.435  adjusted loss = 0.435  adv prob = 0.250000   acc = 0.783
  toxicity = 1, identity_any = 0  [n = 219]:	loss = 0.455  exp loss = 0.415  adjusted loss = 0.415  adv prob = 0.250000   acc = 0.804
  toxicity = 1, identity_any = 1  [n = 194]:	loss = 0.322  exp loss = 0.280  adjusted loss = 0.280  adv prob = 0.250000   acc = 0.912
Average incurred loss: 0.304  
Average sample loss: 0.304  
Average acc: 0.853  
  toxicity = 0, identity_any = 0  [n = 201]:	loss = 0.109  exp loss = 0.122  adjusted loss = 0.122  adv prob = 0.250000   acc = 0.935
  toxicity = 0, identity_any = 1  [n = 210]:	loss = 0.394  exp loss = 0.484  adjusted loss = 0.484  adv prob = 0.250000   acc = 0.757
  toxicity = 1, identity_any = 0  [n = 172]:	loss = 0.392  exp loss = 0.437  adjusted loss = 0.437  adv prob = 0.250000   acc = 0.837
  toxicity = 1, identity_any = 1  [n = 217]:	loss = 0.326  exp loss = 0.362  adjusted loss = 0.362  adv prob = 0.250000   acc = 0.880
Average incurred loss: 0.320  
Average sample loss: 0.320  
Average acc: 0.869  
  toxicity = 0, identity_any = 0  [n = 205]:	loss = 0.186  exp loss = 0.263  adjusted loss = 0.263  adv prob = 0.250000   acc = 0.898
  toxicity = 0, identity_any = 1  [n = 205]:	loss = 0.379  exp loss = 0.642  adjusted loss = 0.642  adv prob = 0.250000   acc = 0.800
  toxicity = 1, identity_any = 0  [n = 204]:	loss = 0.386  exp loss = 0.532  adjusted loss = 0.532  adv prob = 0.250000   acc = 0.887
  toxicity = 1, identity_any = 1  [n = 186]:	loss = 0.329  exp loss = 0.256  adjusted loss = 0.256  adv prob = 0.250000   acc = 0.892
Average incurred loss: 0.306  
Average sample loss: 0.306  
Average acc: 0.865  
  toxicity = 0, identity_any = 0  [n = 200]:	loss = 0.133  exp loss = 0.116  adjusted loss = 0.116  adv prob = 0.250000   acc = 0.945
  toxicity = 0, identity_any = 1  [n = 190]:	loss = 0.438  exp loss = 0.338  adjusted loss = 0.338  adv prob = 0.250000   acc = 0.753
  toxicity = 1, identity_any = 0  [n = 192]:	loss = 0.347  exp loss = 0.424  adjusted loss = 0.424  adv prob = 0.250000   acc = 0.844
  toxicity = 1, identity_any = 1  [n = 218]:	loss = 0.314  exp loss = 0.292  adjusted loss = 0.292  adv prob = 0.250000   acc = 0.908
Average incurred loss: 0.369  
Average sample loss: 0.369  
Average acc: 0.836  
  toxicity = 0, identity_any = 0  [n = 186]:	loss = 0.192  exp loss = 0.105  adjusted loss = 0.105  adv prob = 0.250000   acc = 0.903
  toxicity = 0, identity_any = 1  [n = 234]:	loss = 0.410  exp loss = 0.487  adjusted loss = 0.487  adv prob = 0.250000   acc = 0.748
  toxicity = 1, identity_any = 0  [n = 184]:	loss = 0.486  exp loss = 0.485  adjusted loss = 0.485  adv prob = 0.250000   acc = 0.837
  toxicity = 1, identity_any = 1  [n = 196]:	loss = 0.378  exp loss = 0.392  adjusted loss = 0.392  adv prob = 0.250000   acc = 0.878
Average incurred loss: 0.302  
Average sample loss: 0.302  
Average acc: 0.864  
  toxicity = 0, identity_any = 0  [n = 212]:	loss = 0.170  exp loss = 0.151  adjusted loss = 0.151  adv prob = 0.250000   acc = 0.896
  toxicity = 0, identity_any = 1  [n = 219]:	loss = 0.397  exp loss = 0.467  adjusted loss = 0.467  adv prob = 0.250000   acc = 0.772
  toxicity = 1, identity_any = 0  [n = 175]:	loss = 0.357  exp loss = 0.372  adjusted loss = 0.372  adv prob = 0.250000   acc = 0.874
  toxicity = 1, identity_any = 1  [n = 194]:	loss = 0.290  exp loss = 0.333  adjusted loss = 0.333  adv prob = 0.250000   acc = 0.923
Average incurred loss: 0.281  
Average sample loss: 0.281  
Average acc: 0.878  
  toxicity = 0, identity_any = 0  [n = 189]:	loss = 0.153  exp loss = 0.108  adjusted loss = 0.108  adv prob = 0.250000   acc = 0.926
  toxicity = 0, identity_any = 1  [n = 194]:	loss = 0.381  exp loss = 0.383  adjusted loss = 0.383  adv prob = 0.250000   acc = 0.758
  toxicity = 1, identity_any = 0  [n = 244]:	loss = 0.328  exp loss = 0.291  adjusted loss = 0.291  adv prob = 0.250000   acc = 0.877
  toxicity = 1, identity_any = 1  [n = 173]:	loss = 0.243  exp loss = 0.206  adjusted loss = 0.206  adv prob = 0.250000   acc = 0.960
Average incurred loss: 0.317  
Average sample loss: 0.317  
Average acc: 0.869  
  toxicity = 0, identity_any = 0  [n = 205]:	loss = 0.157  exp loss = 0.112  adjusted loss = 0.112  adv prob = 0.250000   acc = 0.917
  toxicity = 0, identity_any = 1  [n = 204]:	loss = 0.407  exp loss = 0.497  adjusted loss = 0.497  adv prob = 0.250000   acc = 0.775
  toxicity = 1, identity_any = 0  [n = 194]:	loss = 0.398  exp loss = 0.290  adjusted loss = 0.290  adv prob = 0.250000   acc = 0.881
  toxicity = 1, identity_any = 1  [n = 197]:	loss = 0.309  exp loss = 0.308  adjusted loss = 0.308  adv prob = 0.250000   acc = 0.904
Average incurred loss: 0.308  
Average sample loss: 0.308  
Average acc: 0.857  
  toxicity = 0, identity_any = 0  [n = 209]:	loss = 0.160  exp loss = 0.184  adjusted loss = 0.184  adv prob = 0.250000   acc = 0.909
  toxicity = 0, identity_any = 1  [n = 187]:	loss = 0.428  exp loss = 0.398  adjusted loss = 0.398  adv prob = 0.250000   acc = 0.727
  toxicity = 1, identity_any = 0  [n = 220]:	loss = 0.369  exp loss = 0.345  adjusted loss = 0.345  adv prob = 0.250000   acc = 0.855
  toxicity = 1, identity_any = 1  [n = 184]:	loss = 0.282  exp loss = 0.275  adjusted loss = 0.275  adv prob = 0.250000   acc = 0.935
Average incurred loss: 0.334  
Average sample loss: 0.334  
Average acc: 0.858  
  toxicity = 0, identity_any = 0  [n = 164]:	loss = 0.147  exp loss = 0.189  adjusted loss = 0.189  adv prob = 0.250000   acc = 0.915
  toxicity = 0, identity_any = 1  [n = 172]:	loss = 0.398  exp loss = 0.387  adjusted loss = 0.387  adv prob = 0.250000   acc = 0.773
  toxicity = 1, identity_any = 0  [n = 171]:	loss = 0.477  exp loss = 0.442  adjusted loss = 0.442  adv prob = 0.250000   acc = 0.836
  toxicity = 1, identity_any = 1  [n = 161]:	loss = 0.306  exp loss = 0.253  adjusted loss = 0.253  adv prob = 0.250000   acc = 0.913

Validation:
Average incurred loss: 0.241  
Average sample loss: 0.241  
Average acc: 0.867  
  toxicity = 0, identity_any = 0  [n = 166026]:	loss = 0.136  exp loss = 0.844  adjusted loss = 0.844  adv prob = 0.250000   acc = 0.933
  toxicity = 0, identity_any = 1  [n = 108687]:	loss = 0.424  exp loss = 0.930  adjusted loss = 0.930  adv prob = 0.250000   acc = 0.737
  toxicity = 1, identity_any = 0  [n = 11940]:	loss = 0.155  exp loss = 0.114  adjusted loss = 0.114  adv prob = 0.250000   acc = 0.962
  toxicity = 1, identity_any = 1  [n = 19696]:	loss = 0.163  exp loss = 0.144  adjusted loss = 0.144  adv prob = 0.250000   acc = 0.972
Current lr: 0.000002
Current lr: 0.000002
Current validation accuracy: 0.7370510697364807


Epoch [5]:
Training:
Average incurred loss: 0.280  
Average sample loss: 0.280  
Average acc: 0.882  
  toxicity = 0, identity_any = 0  [n = 213]:	loss = 0.156  exp loss = 0.092  adjusted loss = 0.092  adv prob = 0.250000   acc = 0.925
  toxicity = 0, identity_any = 1  [n = 164]:	loss = 0.415  exp loss = 0.492  adjusted loss = 0.492  adv prob = 0.250000   acc = 0.750
  toxicity = 1, identity_any = 0  [n = 212]:	loss = 0.317  exp loss = 0.282  adjusted loss = 0.282  adv prob = 0.250000   acc = 0.892
  toxicity = 1, identity_any = 1  [n = 211]:	loss = 0.263  exp loss = 0.257  adjusted loss = 0.257  adv prob = 0.250000   acc = 0.934
Average incurred loss: 0.318  
Average sample loss: 0.318  
Average acc: 0.862  
  toxicity = 0, identity_any = 0  [n = 204]:	loss = 0.172  exp loss = 0.158  adjusted loss = 0.158  adv prob = 0.250000   acc = 0.887
  toxicity = 0, identity_any = 1  [n = 192]:	loss = 0.396  exp loss = 0.515  adjusted loss = 0.515  adv prob = 0.250000   acc = 0.771
  toxicity = 1, identity_any = 0  [n = 200]:	loss = 0.416  exp loss = 0.306  adjusted loss = 0.306  adv prob = 0.250000   acc = 0.855
  toxicity = 1, identity_any = 1  [n = 204]:	loss = 0.293  exp loss = 0.238  adjusted loss = 0.238  adv prob = 0.250000   acc = 0.931
Average incurred loss: 0.335  
Average sample loss: 0.335  
Average acc: 0.847  
  toxicity = 0, identity_any = 0  [n = 204]:	loss = 0.174  exp loss = 0.181  adjusted loss = 0.181  adv prob = 0.250000   acc = 0.917
  toxicity = 0, identity_any = 1  [n = 192]:	loss = 0.473  exp loss = 0.503  adjusted loss = 0.503  adv prob = 0.250000   acc = 0.708
  toxicity = 1, identity_any = 0  [n = 194]:	loss = 0.405  exp loss = 0.369  adjusted loss = 0.369  adv prob = 0.250000   acc = 0.861
  toxicity = 1, identity_any = 1  [n = 210]:	loss = 0.299  exp loss = 0.275  adjusted loss = 0.275  adv prob = 0.250000   acc = 0.895
Average incurred loss: 0.358  
Average sample loss: 0.358  
Average acc: 0.838  
  toxicity = 0, identity_any = 0  [n = 193]:	loss = 0.216  exp loss = 0.286  adjusted loss = 0.286  adv prob = 0.250000   acc = 0.876
  toxicity = 0, identity_any = 1  [n = 195]:	loss = 0.531  exp loss = 0.559  adjusted loss = 0.559  adv prob = 0.250000   acc = 0.692
  toxicity = 1, identity_any = 0  [n = 200]:	loss = 0.378  exp loss = 0.272  adjusted loss = 0.272  adv prob = 0.250000   acc = 0.860
  toxicity = 1, identity_any = 1  [n = 212]:	loss = 0.310  exp loss = 0.221  adjusted loss = 0.221  adv prob = 0.250000   acc = 0.915
Average incurred loss: 0.313  
Average sample loss: 0.313  
Average acc: 0.854  
  toxicity = 0, identity_any = 0  [n = 191]:	loss = 0.163  exp loss = 0.145  adjusted loss = 0.145  adv prob = 0.250000   acc = 0.911
  toxicity = 0, identity_any = 1  [n = 194]:	loss = 0.389  exp loss = 0.363  adjusted loss = 0.363  adv prob = 0.250000   acc = 0.768
  toxicity = 1, identity_any = 0  [n = 210]:	loss = 0.348  exp loss = 0.332  adjusted loss = 0.332  adv prob = 0.250000   acc = 0.848
  toxicity = 1, identity_any = 1  [n = 205]:	loss = 0.345  exp loss = 0.308  adjusted loss = 0.308  adv prob = 0.250000   acc = 0.888
Average incurred loss: 0.322  
Average sample loss: 0.322  
Average acc: 0.859  
  toxicity = 0, identity_any = 0  [n = 209]:	loss = 0.134  exp loss = 0.088  adjusted loss = 0.088  adv prob = 0.250000   acc = 0.933
  toxicity = 0, identity_any = 1  [n = 193]:	loss = 0.530  exp loss = 0.377  adjusted loss = 0.377  adv prob = 0.250000   acc = 0.699
  toxicity = 1, identity_any = 0  [n = 200]:	loss = 0.319  exp loss = 0.363  adjusted loss = 0.363  adv prob = 0.250000   acc = 0.890
  toxicity = 1, identity_any = 1  [n = 198]:	loss = 0.321  exp loss = 0.337  adjusted loss = 0.337  adv prob = 0.250000   acc = 0.904
Average incurred loss: 0.281  
Average sample loss: 0.281  
Average acc: 0.876  
  toxicity = 0, identity_any = 0  [n = 220]:	loss = 0.115  exp loss = 0.108  adjusted loss = 0.108  adv prob = 0.250000   acc = 0.932
  toxicity = 0, identity_any = 1  [n = 220]:	loss = 0.400  exp loss = 0.425  adjusted loss = 0.425  adv prob = 0.250000   acc = 0.759
  toxicity = 1, identity_any = 0  [n = 178]:	loss = 0.375  exp loss = 0.536  adjusted loss = 0.536  adv prob = 0.250000   acc = 0.871
  toxicity = 1, identity_any = 1  [n = 182]:	loss = 0.246  exp loss = 0.269  adjusted loss = 0.269  adv prob = 0.250000   acc = 0.956
Average incurred loss: 0.322  
Average sample loss: 0.322  
Average acc: 0.874  
  toxicity = 0, identity_any = 0  [n = 219]:	loss = 0.140  exp loss = 0.153  adjusted loss = 0.153  adv prob = 0.250000   acc = 0.936
  toxicity = 0, identity_any = 1  [n = 186]:	loss = 0.420  exp loss = 0.444  adjusted loss = 0.444  adv prob = 0.250000   acc = 0.769
  toxicity = 1, identity_any = 0  [n = 195]:	loss = 0.473  exp loss = 0.586  adjusted loss = 0.586  adv prob = 0.250000   acc = 0.846
  toxicity = 1, identity_any = 1  [n = 200]:	loss = 0.283  exp loss = 0.293  adjusted loss = 0.293  adv prob = 0.250000   acc = 0.930
Average incurred loss: 0.314  
Average sample loss: 0.314  
Average acc: 0.866  
  toxicity = 0, identity_any = 0  [n = 205]:	loss = 0.105  exp loss = 0.067  adjusted loss = 0.067  adv prob = 0.250000   acc = 0.956
  toxicity = 0, identity_any = 1  [n = 199]:	loss = 0.442  exp loss = 0.418  adjusted loss = 0.418  adv prob = 0.250000   acc = 0.769
  toxicity = 1, identity_any = 0  [n = 205]:	loss = 0.425  exp loss = 0.404  adjusted loss = 0.404  adv prob = 0.250000   acc = 0.815
  toxicity = 1, identity_any = 1  [n = 191]:	loss = 0.286  exp loss = 0.378  adjusted loss = 0.378  adv prob = 0.250000   acc = 0.927
Average incurred loss: 0.282  
Average sample loss: 0.282  
Average acc: 0.889  
  toxicity = 0, identity_any = 0  [n = 169]:	loss = 0.090  exp loss = 0.054  adjusted loss = 0.054  adv prob = 0.250000   acc = 0.941
  toxicity = 0, identity_any = 1  [n = 148]:	loss = 0.432  exp loss = 0.374  adjusted loss = 0.374  adv prob = 0.250000   acc = 0.750
  toxicity = 1, identity_any = 0  [n = 174]:	loss = 0.334  exp loss = 0.309  adjusted loss = 0.309  adv prob = 0.250000   acc = 0.891
  toxicity = 1, identity_any = 1  [n = 177]:	loss = 0.288  exp loss = 0.237  adjusted loss = 0.237  adv prob = 0.250000   acc = 0.955

Validation:
Average incurred loss: 0.241  
Average sample loss: 0.241  
Average acc: 0.867  
  toxicity = 0, identity_any = 0  [n = 166026]:	loss = 0.136  exp loss = 0.846  adjusted loss = 0.846  adv prob = 0.250000   acc = 0.933
  toxicity = 0, identity_any = 1  [n = 108687]:	loss = 0.425  exp loss = 0.933  adjusted loss = 0.933  adv prob = 0.250000   acc = 0.737
  toxicity = 1, identity_any = 0  [n = 11940]:	loss = 0.153  exp loss = 0.112  adjusted loss = 0.112  adv prob = 0.250000   acc = 0.962
  toxicity = 1, identity_any = 1  [n = 19696]:	loss = 0.162  exp loss = 0.143  adjusted loss = 0.143  adv prob = 0.250000   acc = 0.972
Current lr: 0.000000
Current lr: 0.000000
Current validation accuracy: 0.737060546875

Total Experiment Time: 24650.6s
Finished with job 837 (seed=222)
