




 Using bert params 







WARNING: You are using 'dfr/metadata_val_as_train.csv' instead of the default 'metadata.csv'.


Dataset: jigsaw
Shift type: confounder
Wandb: False
Project name: spurious
Target name: toxicity
Confounder names: ['identity_any']
Up weight: 0
Resume: False
Finetune: True
Normalize: False
Recalculate groups: False
Unfreeze: 0
Restart layers: 0
Minority fraction: None
Imbalance ratio: None
Fraction: 1.0
Root dir: ../datasets
Reweight groups: True
Augment data: False
Val fraction: 0.1
Loss type: erm
Alpha: 0.2
Generalization adjustment: 0.0
Sv dropout: 0.0
Automatic adjustment: False
Robust step size: 0.01
Joint dro alpha: 1
Use normalized loss: False
Btl: False
Hinge: False
Model: bert-base-uncased
Train from scratch: False
Pretrained path: pretrained_models/civilcomments/erm_0.9_111.pth
N epochs: 6
Batch size: 16
Lr: 1e-05
Scheduler: False
L1: 0.0
Weight decay: 0.01
Gamma: 0.1
Minimum variational weight: 0
Seed: 111
Accum: 1
Show progress: False
Log dir: results/civilcomments/erm_rw/model_outputs_111
Log every: 50
Save step: 10
Save best: True
Save last: True
Use bert params: 1
Num folds per sweep: 5
Num sweeps: 4
Q: 0.7
Metadata csv name: dfr/metadata_val_as_train.csv
Fold: None
Metadata path: None
Aug col: None
Max grad norm: 1.0
Adam epsilon: 1e-08
Warmup steps: 0

metadata_csv_name: dfr/metadata_val_as_train.csv
Training Data...
    toxicity = 0, identity_any = 0: n = 1967
    toxicity = 0, identity_any = 1: n = 1967
    toxicity = 1, identity_any = 0: n = 1967
    toxicity = 1, identity_any = 1: n = 1967
Validation Data...
    toxicity = 0, identity_any = 0: n = 166026
    toxicity = 0, identity_any = 1: n = 108687
    toxicity = 1, identity_any = 0: n = 11940
    toxicity = 1, identity_any = 1: n = 19696
Test Data...
    toxicity = 0, identity_any = 0: n = 72372
    toxicity = 0, identity_any = 1: n = 46185
    toxicity = 1, identity_any = 0: n = 6063
    toxicity = 1, identity_any = 1: n = 9161
Training
n_classes = 2
Loading pretrained model from: pretrained_models/civilcomments/erm_0.9_111.pth
bert.embeddings.word_embeddings.weight False
bert.embeddings.position_embeddings.weight False
bert.embeddings.token_type_embeddings.weight False
bert.embeddings.LayerNorm.weight False
bert.embeddings.LayerNorm.bias False
bert.encoder.layer.0.attention.self.query.weight False
bert.encoder.layer.0.attention.self.query.bias False
bert.encoder.layer.0.attention.self.key.weight False
bert.encoder.layer.0.attention.self.key.bias False
bert.encoder.layer.0.attention.self.value.weight False
bert.encoder.layer.0.attention.self.value.bias False
bert.encoder.layer.0.attention.output.dense.weight False
bert.encoder.layer.0.attention.output.dense.bias False
bert.encoder.layer.0.attention.output.LayerNorm.weight False
bert.encoder.layer.0.attention.output.LayerNorm.bias False
bert.encoder.layer.0.intermediate.dense.weight False
bert.encoder.layer.0.intermediate.dense.bias False
bert.encoder.layer.0.output.dense.weight False
bert.encoder.layer.0.output.dense.bias False
bert.encoder.layer.0.output.LayerNorm.weight False
bert.encoder.layer.0.output.LayerNorm.bias False
bert.encoder.layer.1.attention.self.query.weight False
bert.encoder.layer.1.attention.self.query.bias False
bert.encoder.layer.1.attention.self.key.weight False
bert.encoder.layer.1.attention.self.key.bias False
bert.encoder.layer.1.attention.self.value.weight False
bert.encoder.layer.1.attention.self.value.bias False
bert.encoder.layer.1.attention.output.dense.weight False
bert.encoder.layer.1.attention.output.dense.bias False
bert.encoder.layer.1.attention.output.LayerNorm.weight False
bert.encoder.layer.1.attention.output.LayerNorm.bias False
bert.encoder.layer.1.intermediate.dense.weight False
bert.encoder.layer.1.intermediate.dense.bias False
bert.encoder.layer.1.output.dense.weight False
bert.encoder.layer.1.output.dense.bias False
bert.encoder.layer.1.output.LayerNorm.weight False
bert.encoder.layer.1.output.LayerNorm.bias False
bert.encoder.layer.2.attention.self.query.weight False
bert.encoder.layer.2.attention.self.query.bias False
bert.encoder.layer.2.attention.self.key.weight False
bert.encoder.layer.2.attention.self.key.bias False
bert.encoder.layer.2.attention.self.value.weight False
bert.encoder.layer.2.attention.self.value.bias False
bert.encoder.layer.2.attention.output.dense.weight False
bert.encoder.layer.2.attention.output.dense.bias False
bert.encoder.layer.2.attention.output.LayerNorm.weight False
bert.encoder.layer.2.attention.output.LayerNorm.bias False
bert.encoder.layer.2.intermediate.dense.weight False
bert.encoder.layer.2.intermediate.dense.bias False
bert.encoder.layer.2.output.dense.weight False
bert.encoder.layer.2.output.dense.bias False
bert.encoder.layer.2.output.LayerNorm.weight False
bert.encoder.layer.2.output.LayerNorm.bias False
bert.encoder.layer.3.attention.self.query.weight False
bert.encoder.layer.3.attention.self.query.bias False
bert.encoder.layer.3.attention.self.key.weight False
bert.encoder.layer.3.attention.self.key.bias False
bert.encoder.layer.3.attention.self.value.weight False
bert.encoder.layer.3.attention.self.value.bias False
bert.encoder.layer.3.attention.output.dense.weight False
bert.encoder.layer.3.attention.output.dense.bias False
bert.encoder.layer.3.attention.output.LayerNorm.weight False
bert.encoder.layer.3.attention.output.LayerNorm.bias False
bert.encoder.layer.3.intermediate.dense.weight False
bert.encoder.layer.3.intermediate.dense.bias False
bert.encoder.layer.3.output.dense.weight False
bert.encoder.layer.3.output.dense.bias False
bert.encoder.layer.3.output.LayerNorm.weight False
bert.encoder.layer.3.output.LayerNorm.bias False
bert.encoder.layer.4.attention.self.query.weight False
bert.encoder.layer.4.attention.self.query.bias False
bert.encoder.layer.4.attention.self.key.weight False
bert.encoder.layer.4.attention.self.key.bias False
bert.encoder.layer.4.attention.self.value.weight False
bert.encoder.layer.4.attention.self.value.bias False
bert.encoder.layer.4.attention.output.dense.weight False
bert.encoder.layer.4.attention.output.dense.bias False
bert.encoder.layer.4.attention.output.LayerNorm.weight False
bert.encoder.layer.4.attention.output.LayerNorm.bias False
bert.encoder.layer.4.intermediate.dense.weight False
bert.encoder.layer.4.intermediate.dense.bias False
bert.encoder.layer.4.output.dense.weight False
bert.encoder.layer.4.output.dense.bias False
bert.encoder.layer.4.output.LayerNorm.weight False
bert.encoder.layer.4.output.LayerNorm.bias False
bert.encoder.layer.5.attention.self.query.weight False
bert.encoder.layer.5.attention.self.query.bias False
bert.encoder.layer.5.attention.self.key.weight False
bert.encoder.layer.5.attention.self.key.bias False
bert.encoder.layer.5.attention.self.value.weight False
bert.encoder.layer.5.attention.self.value.bias False
bert.encoder.layer.5.attention.output.dense.weight False
bert.encoder.layer.5.attention.output.dense.bias False
bert.encoder.layer.5.attention.output.LayerNorm.weight False
bert.encoder.layer.5.attention.output.LayerNorm.bias False
bert.encoder.layer.5.intermediate.dense.weight False
bert.encoder.layer.5.intermediate.dense.bias False
bert.encoder.layer.5.output.dense.weight False
bert.encoder.layer.5.output.dense.bias False
bert.encoder.layer.5.output.LayerNorm.weight False
bert.encoder.layer.5.output.LayerNorm.bias False
bert.encoder.layer.6.attention.self.query.weight False
bert.encoder.layer.6.attention.self.query.bias False
bert.encoder.layer.6.attention.self.key.weight False
bert.encoder.layer.6.attention.self.key.bias False
bert.encoder.layer.6.attention.self.value.weight False
bert.encoder.layer.6.attention.self.value.bias False
bert.encoder.layer.6.attention.output.dense.weight False
bert.encoder.layer.6.attention.output.dense.bias False
bert.encoder.layer.6.attention.output.LayerNorm.weight False
bert.encoder.layer.6.attention.output.LayerNorm.bias False
bert.encoder.layer.6.intermediate.dense.weight False
bert.encoder.layer.6.intermediate.dense.bias False
bert.encoder.layer.6.output.dense.weight False
bert.encoder.layer.6.output.dense.bias False
bert.encoder.layer.6.output.LayerNorm.weight False
bert.encoder.layer.6.output.LayerNorm.bias False
bert.encoder.layer.7.attention.self.query.weight False
bert.encoder.layer.7.attention.self.query.bias False
bert.encoder.layer.7.attention.self.key.weight False
bert.encoder.layer.7.attention.self.key.bias False
bert.encoder.layer.7.attention.self.value.weight False
bert.encoder.layer.7.attention.self.value.bias False
bert.encoder.layer.7.attention.output.dense.weight False
bert.encoder.layer.7.attention.output.dense.bias False
bert.encoder.layer.7.attention.output.LayerNorm.weight False
bert.encoder.layer.7.attention.output.LayerNorm.bias False
bert.encoder.layer.7.intermediate.dense.weight False
bert.encoder.layer.7.intermediate.dense.bias False
bert.encoder.layer.7.output.dense.weight False
bert.encoder.layer.7.output.dense.bias False
bert.encoder.layer.7.output.LayerNorm.weight False
bert.encoder.layer.7.output.LayerNorm.bias False
bert.encoder.layer.8.attention.self.query.weight False
bert.encoder.layer.8.attention.self.query.bias False
bert.encoder.layer.8.attention.self.key.weight False
bert.encoder.layer.8.attention.self.key.bias False
bert.encoder.layer.8.attention.self.value.weight False
bert.encoder.layer.8.attention.self.value.bias False
bert.encoder.layer.8.attention.output.dense.weight False
bert.encoder.layer.8.attention.output.dense.bias False
bert.encoder.layer.8.attention.output.LayerNorm.weight False
bert.encoder.layer.8.attention.output.LayerNorm.bias False
bert.encoder.layer.8.intermediate.dense.weight False
bert.encoder.layer.8.intermediate.dense.bias False
bert.encoder.layer.8.output.dense.weight False
bert.encoder.layer.8.output.dense.bias False
bert.encoder.layer.8.output.LayerNorm.weight False
bert.encoder.layer.8.output.LayerNorm.bias False
bert.encoder.layer.9.attention.self.query.weight False
bert.encoder.layer.9.attention.self.query.bias False
bert.encoder.layer.9.attention.self.key.weight False
bert.encoder.layer.9.attention.self.key.bias False
bert.encoder.layer.9.attention.self.value.weight False
bert.encoder.layer.9.attention.self.value.bias False
bert.encoder.layer.9.attention.output.dense.weight False
bert.encoder.layer.9.attention.output.dense.bias False
bert.encoder.layer.9.attention.output.LayerNorm.weight False
bert.encoder.layer.9.attention.output.LayerNorm.bias False
bert.encoder.layer.9.intermediate.dense.weight False
bert.encoder.layer.9.intermediate.dense.bias False
bert.encoder.layer.9.output.dense.weight False
bert.encoder.layer.9.output.dense.bias False
bert.encoder.layer.9.output.LayerNorm.weight False
bert.encoder.layer.9.output.LayerNorm.bias False
bert.encoder.layer.10.attention.self.query.weight False
bert.encoder.layer.10.attention.self.query.bias False
bert.encoder.layer.10.attention.self.key.weight False
bert.encoder.layer.10.attention.self.key.bias False
bert.encoder.layer.10.attention.self.value.weight False
bert.encoder.layer.10.attention.self.value.bias False
bert.encoder.layer.10.attention.output.dense.weight False
bert.encoder.layer.10.attention.output.dense.bias False
bert.encoder.layer.10.attention.output.LayerNorm.weight False
bert.encoder.layer.10.attention.output.LayerNorm.bias False
bert.encoder.layer.10.intermediate.dense.weight False
bert.encoder.layer.10.intermediate.dense.bias False
bert.encoder.layer.10.output.dense.weight False
bert.encoder.layer.10.output.dense.bias False
bert.encoder.layer.10.output.LayerNorm.weight False
bert.encoder.layer.10.output.LayerNorm.bias False
bert.encoder.layer.11.attention.self.query.weight False
bert.encoder.layer.11.attention.self.query.bias False
bert.encoder.layer.11.attention.self.key.weight False
bert.encoder.layer.11.attention.self.key.bias False
bert.encoder.layer.11.attention.self.value.weight False
bert.encoder.layer.11.attention.self.value.bias False
bert.encoder.layer.11.attention.output.dense.weight False
bert.encoder.layer.11.attention.output.dense.bias False
bert.encoder.layer.11.attention.output.LayerNorm.weight False
bert.encoder.layer.11.attention.output.LayerNorm.bias False
bert.encoder.layer.11.intermediate.dense.weight False
bert.encoder.layer.11.intermediate.dense.bias False
bert.encoder.layer.11.output.dense.weight False
bert.encoder.layer.11.output.dense.bias False
bert.encoder.layer.11.output.LayerNorm.weight False
bert.encoder.layer.11.output.LayerNorm.bias False
bert.pooler.dense.weight False
bert.pooler.dense.bias False
classifier.weight True
classifier.bias True

t_total is 2952


Epoch [0]:
Training:
Average incurred loss: 0.666  
Average sample loss: 0.666  
Average acc: 0.765  
  toxicity = 0, identity_any = 0  [n = 202]:	loss = 0.028  exp loss = 0.038  adjusted loss = 0.038  adv prob = 0.250000   acc = 0.990
  toxicity = 0, identity_any = 1  [n = 180]:	loss = 0.063  exp loss = 0.069  adjusted loss = 0.069  adv prob = 0.250000   acc = 0.972
  toxicity = 1, identity_any = 0  [n = 221]:	loss = 1.214  exp loss = 1.600  adjusted loss = 1.600  adv prob = 0.250000   acc = 0.602
  toxicity = 1, identity_any = 1  [n = 197]:	loss = 1.257  exp loss = 1.549  adjusted loss = 1.549  adv prob = 0.250000   acc = 0.528
Average incurred loss: 0.608  
Average sample loss: 0.608  
Average acc: 0.756  
  toxicity = 0, identity_any = 0  [n = 198]:	loss = 0.023  exp loss = 0.020  adjusted loss = 0.020  adv prob = 0.250000   acc = 0.995
  toxicity = 0, identity_any = 1  [n = 193]:	loss = 0.181  exp loss = 0.186  adjusted loss = 0.186  adv prob = 0.250000   acc = 0.891
  toxicity = 1, identity_any = 0  [n = 214]:	loss = 1.212  exp loss = 1.502  adjusted loss = 1.502  adv prob = 0.250000   acc = 0.570
  toxicity = 1, identity_any = 1  [n = 195]:	loss = 0.960  exp loss = 0.965  adjusted loss = 0.965  adv prob = 0.250000   acc = 0.585
Average incurred loss: 0.479  
Average sample loss: 0.479  
Average acc: 0.806  
  toxicity = 0, identity_any = 0  [n = 196]:	loss = 0.064  exp loss = 0.072  adjusted loss = 0.072  adv prob = 0.250000   acc = 0.974
  toxicity = 0, identity_any = 1  [n = 186]:	loss = 0.146  exp loss = 0.173  adjusted loss = 0.173  adv prob = 0.250000   acc = 0.914
  toxicity = 1, identity_any = 0  [n = 205]:	loss = 0.848  exp loss = 0.707  adjusted loss = 0.707  adv prob = 0.250000   acc = 0.683
  toxicity = 1, identity_any = 1  [n = 213]:	loss = 0.795  exp loss = 0.893  adjusted loss = 0.893  adv prob = 0.250000   acc = 0.676
Average incurred loss: 0.454  
Average sample loss: 0.454  
Average acc: 0.812  
  toxicity = 0, identity_any = 0  [n = 215]:	loss = 0.063  exp loss = 0.047  adjusted loss = 0.047  adv prob = 0.250000   acc = 0.972
  toxicity = 0, identity_any = 1  [n = 206]:	loss = 0.164  exp loss = 0.163  adjusted loss = 0.163  adv prob = 0.250000   acc = 0.913
  toxicity = 1, identity_any = 0  [n = 194]:	loss = 0.768  exp loss = 0.780  adjusted loss = 0.780  adv prob = 0.250000   acc = 0.696
  toxicity = 1, identity_any = 1  [n = 185]:	loss = 0.901  exp loss = 1.068  adjusted loss = 1.068  adv prob = 0.250000   acc = 0.638
Average incurred loss: 0.450  
Average sample loss: 0.450  
Average acc: 0.816  
  toxicity = 0, identity_any = 0  [n = 194]:	loss = 0.074  exp loss = 0.069  adjusted loss = 0.069  adv prob = 0.250000   acc = 0.964
  toxicity = 0, identity_any = 1  [n = 202]:	loss = 0.241  exp loss = 0.315  adjusted loss = 0.315  adv prob = 0.250000   acc = 0.866
  toxicity = 1, identity_any = 0  [n = 202]:	loss = 0.704  exp loss = 0.829  adjusted loss = 0.829  adv prob = 0.250000   acc = 0.757
  toxicity = 1, identity_any = 1  [n = 202]:	loss = 0.766  exp loss = 0.767  adjusted loss = 0.767  adv prob = 0.250000   acc = 0.683
Average incurred loss: 0.449  
Average sample loss: 0.449  
Average acc: 0.822  
  toxicity = 0, identity_any = 0  [n = 199]:	loss = 0.071  exp loss = 0.074  adjusted loss = 0.074  adv prob = 0.250000   acc = 0.965
  toxicity = 0, identity_any = 1  [n = 195]:	loss = 0.147  exp loss = 0.169  adjusted loss = 0.169  adv prob = 0.250000   acc = 0.938
  toxicity = 1, identity_any = 0  [n = 208]:	loss = 0.836  exp loss = 0.583  adjusted loss = 0.583  adv prob = 0.250000   acc = 0.697
  toxicity = 1, identity_any = 1  [n = 198]:	loss = 0.719  exp loss = 0.569  adjusted loss = 0.569  adv prob = 0.250000   acc = 0.697
Average incurred loss: 0.423  
Average sample loss: 0.423  
Average acc: 0.834  
  toxicity = 0, identity_any = 0  [n = 186]:	loss = 0.095  exp loss = 0.144  adjusted loss = 0.144  adv prob = 0.250000   acc = 0.957
  toxicity = 0, identity_any = 1  [n = 213]:	loss = 0.226  exp loss = 0.194  adjusted loss = 0.194  adv prob = 0.250000   acc = 0.892
  toxicity = 1, identity_any = 0  [n = 188]:	loss = 0.783  exp loss = 0.951  adjusted loss = 0.951  adv prob = 0.250000   acc = 0.734
  toxicity = 1, identity_any = 1  [n = 213]:	loss = 0.589  exp loss = 0.558  adjusted loss = 0.558  adv prob = 0.250000   acc = 0.756
Average incurred loss: 0.450  
Average sample loss: 0.450  
Average acc: 0.825  
  toxicity = 0, identity_any = 0  [n = 193]:	loss = 0.094  exp loss = 0.063  adjusted loss = 0.063  adv prob = 0.250000   acc = 0.943
  toxicity = 0, identity_any = 1  [n = 196]:	loss = 0.308  exp loss = 0.271  adjusted loss = 0.271  adv prob = 0.250000   acc = 0.821
  toxicity = 1, identity_any = 0  [n = 193]:	loss = 0.763  exp loss = 0.600  adjusted loss = 0.600  adv prob = 0.250000   acc = 0.762
  toxicity = 1, identity_any = 1  [n = 218]:	loss = 0.616  exp loss = 0.534  adjusted loss = 0.534  adv prob = 0.250000   acc = 0.780
Average incurred loss: 0.345  
Average sample loss: 0.345  
Average acc: 0.862  
  toxicity = 0, identity_any = 0  [n = 204]:	loss = 0.143  exp loss = 0.117  adjusted loss = 0.117  adv prob = 0.250000   acc = 0.917
  toxicity = 0, identity_any = 1  [n = 195]:	loss = 0.207  exp loss = 0.158  adjusted loss = 0.158  adv prob = 0.250000   acc = 0.908
  toxicity = 1, identity_any = 0  [n = 206]:	loss = 0.597  exp loss = 0.496  adjusted loss = 0.496  adv prob = 0.250000   acc = 0.811
  toxicity = 1, identity_any = 1  [n = 195]:	loss = 0.426  exp loss = 0.447  adjusted loss = 0.447  adv prob = 0.250000   acc = 0.815
Average incurred loss: 0.416  
Average sample loss: 0.417  
Average acc: 0.838  
  toxicity = 0, identity_any = 0  [n = 162]:	loss = 0.083  exp loss = 0.076  adjusted loss = 0.076  adv prob = 0.250000   acc = 0.963
  toxicity = 0, identity_any = 1  [n = 145]:	loss = 0.280  exp loss = 0.305  adjusted loss = 0.305  adv prob = 0.250000   acc = 0.834
  toxicity = 1, identity_any = 0  [n = 169]:	loss = 0.756  exp loss = 0.838  adjusted loss = 0.838  adv prob = 0.250000   acc = 0.740
  toxicity = 1, identity_any = 1  [n = 192]:	loss = 0.499  exp loss = 0.417  adjusted loss = 0.417  adv prob = 0.250000   acc = 0.823

Validation:
Average incurred loss: 0.177  
Average sample loss: 0.177  
Average acc: 0.915  
  toxicity = 0, identity_any = 0  [n = 166026]:	loss = 0.086  exp loss = 0.696  adjusted loss = 0.696  adv prob = 0.250000   acc = 0.958
  toxicity = 0, identity_any = 1  [n = 108687]:	loss = 0.294  exp loss = 0.742  adjusted loss = 0.742  adv prob = 0.250000   acc = 0.841
  toxicity = 1, identity_any = 0  [n = 11940]:	loss = 0.250  exp loss = 0.226  adjusted loss = 0.226  adv prob = 0.250000   acc = 0.939
  toxicity = 1, identity_any = 1  [n = 19696]:	loss = 0.250  exp loss = 0.201  adjusted loss = 0.201  adv prob = 0.250000   acc = 0.941
Current lr: 0.000008
Current lr: 0.000008
Current validation accuracy: 0.8410835266113281
Best model saved at epoch 0


Epoch [1]:
Training:
Average incurred loss: 0.361  
Average sample loss: 0.361  
Average acc: 0.859  
  toxicity = 0, identity_any = 0  [n = 191]:	loss = 0.125  exp loss = 0.118  adjusted loss = 0.118  adv prob = 0.250000   acc = 0.937
  toxicity = 0, identity_any = 1  [n = 201]:	loss = 0.254  exp loss = 0.339  adjusted loss = 0.339  adv prob = 0.250000   acc = 0.861
  toxicity = 1, identity_any = 0  [n = 199]:	loss = 0.524  exp loss = 0.537  adjusted loss = 0.537  adv prob = 0.250000   acc = 0.819
  toxicity = 1, identity_any = 1  [n = 209]:	loss = 0.525  exp loss = 0.436  adjusted loss = 0.436  adv prob = 0.250000   acc = 0.823
Average incurred loss: 0.342  
Average sample loss: 0.342  
Average acc: 0.853  
  toxicity = 0, identity_any = 0  [n = 200]:	loss = 0.112  exp loss = 0.078  adjusted loss = 0.078  adv prob = 0.250000   acc = 0.930
  toxicity = 0, identity_any = 1  [n = 217]:	loss = 0.349  exp loss = 0.285  adjusted loss = 0.285  adv prob = 0.250000   acc = 0.779
  toxicity = 1, identity_any = 0  [n = 188]:	loss = 0.468  exp loss = 0.356  adjusted loss = 0.356  adv prob = 0.250000   acc = 0.851
  toxicity = 1, identity_any = 1  [n = 195]:	loss = 0.450  exp loss = 0.348  adjusted loss = 0.348  adv prob = 0.250000   acc = 0.856
Average incurred loss: 0.373  
Average sample loss: 0.373  
Average acc: 0.840  
  toxicity = 0, identity_any = 0  [n = 202]:	loss = 0.157  exp loss = 0.153  adjusted loss = 0.153  adv prob = 0.250000   acc = 0.906
  toxicity = 0, identity_any = 1  [n = 195]:	loss = 0.417  exp loss = 0.392  adjusted loss = 0.392  adv prob = 0.250000   acc = 0.774
  toxicity = 1, identity_any = 0  [n = 208]:	loss = 0.426  exp loss = 0.389  adjusted loss = 0.389  adv prob = 0.250000   acc = 0.851
  toxicity = 1, identity_any = 1  [n = 195]:	loss = 0.496  exp loss = 0.467  adjusted loss = 0.467  adv prob = 0.250000   acc = 0.826
Average incurred loss: 0.371  
Average sample loss: 0.371  
Average acc: 0.849  
  toxicity = 0, identity_any = 0  [n = 205]:	loss = 0.085  exp loss = 0.060  adjusted loss = 0.060  adv prob = 0.250000   acc = 0.946
  toxicity = 0, identity_any = 1  [n = 208]:	loss = 0.364  exp loss = 0.319  adjusted loss = 0.319  adv prob = 0.250000   acc = 0.784
  toxicity = 1, identity_any = 0  [n = 201]:	loss = 0.638  exp loss = 0.583  adjusted loss = 0.583  adv prob = 0.250000   acc = 0.791
  toxicity = 1, identity_any = 1  [n = 186]:	loss = 0.405  exp loss = 0.268  adjusted loss = 0.268  adv prob = 0.250000   acc = 0.876
Average incurred loss: 0.359  
Average sample loss: 0.359  
Average acc: 0.851  
  toxicity = 0, identity_any = 0  [n = 197]:	loss = 0.095  exp loss = 0.139  adjusted loss = 0.139  adv prob = 0.250000   acc = 0.954
  toxicity = 0, identity_any = 1  [n = 211]:	loss = 0.438  exp loss = 0.430  adjusted loss = 0.430  adv prob = 0.250000   acc = 0.763
  toxicity = 1, identity_any = 0  [n = 208]:	loss = 0.464  exp loss = 0.466  adjusted loss = 0.466  adv prob = 0.250000   acc = 0.837
  toxicity = 1, identity_any = 1  [n = 184]:	loss = 0.433  exp loss = 0.496  adjusted loss = 0.496  adv prob = 0.250000   acc = 0.859
Average incurred loss: 0.297  
Average sample loss: 0.297  
Average acc: 0.877  
  toxicity = 0, identity_any = 0  [n = 190]:	loss = 0.144  exp loss = 0.201  adjusted loss = 0.201  adv prob = 0.250000   acc = 0.921
  toxicity = 0, identity_any = 1  [n = 212]:	loss = 0.261  exp loss = 0.335  adjusted loss = 0.335  adv prob = 0.250000   acc = 0.863
  toxicity = 1, identity_any = 0  [n = 188]:	loss = 0.433  exp loss = 0.402  adjusted loss = 0.402  adv prob = 0.250000   acc = 0.824
  toxicity = 1, identity_any = 1  [n = 210]:	loss = 0.349  exp loss = 0.311  adjusted loss = 0.311  adv prob = 0.250000   acc = 0.900
Average incurred loss: 0.330  
Average sample loss: 0.330  
Average acc: 0.874  
  toxicity = 0, identity_any = 0  [n = 212]:	loss = 0.108  exp loss = 0.150  adjusted loss = 0.150  adv prob = 0.250000   acc = 0.943
  toxicity = 0, identity_any = 1  [n = 189]:	loss = 0.365  exp loss = 0.356  adjusted loss = 0.356  adv prob = 0.250000   acc = 0.804
  toxicity = 1, identity_any = 0  [n = 199]:	loss = 0.518  exp loss = 0.508  adjusted loss = 0.508  adv prob = 0.250000   acc = 0.839
  toxicity = 1, identity_any = 1  [n = 200]:	loss = 0.347  exp loss = 0.277  adjusted loss = 0.277  adv prob = 0.250000   acc = 0.900
Average incurred loss: 0.345  
Average sample loss: 0.345  
Average acc: 0.856  
  toxicity = 0, identity_any = 0  [n = 187]:	loss = 0.151  exp loss = 0.092  adjusted loss = 0.092  adv prob = 0.250000   acc = 0.920
  toxicity = 0, identity_any = 1  [n = 207]:	loss = 0.386  exp loss = 0.392  adjusted loss = 0.392  adv prob = 0.250000   acc = 0.787
  toxicity = 1, identity_any = 0  [n = 202]:	loss = 0.451  exp loss = 0.402  adjusted loss = 0.402  adv prob = 0.250000   acc = 0.856
  toxicity = 1, identity_any = 1  [n = 204]:	loss = 0.375  exp loss = 0.287  adjusted loss = 0.287  adv prob = 0.250000   acc = 0.868
Average incurred loss: 0.347  
Average sample loss: 0.347  
Average acc: 0.850  
  toxicity = 0, identity_any = 0  [n = 206]:	loss = 0.115  exp loss = 0.105  adjusted loss = 0.105  adv prob = 0.250000   acc = 0.932
  toxicity = 0, identity_any = 1  [n = 193]:	loss = 0.369  exp loss = 0.406  adjusted loss = 0.406  adv prob = 0.250000   acc = 0.798
  toxicity = 1, identity_any = 0  [n = 184]:	loss = 0.547  exp loss = 0.590  adjusted loss = 0.590  adv prob = 0.250000   acc = 0.804
  toxicity = 1, identity_any = 1  [n = 217]:	loss = 0.378  exp loss = 0.392  adjusted loss = 0.392  adv prob = 0.250000   acc = 0.857
Average incurred loss: 0.342  
Average sample loss: 0.342  
Average acc: 0.858  
  toxicity = 0, identity_any = 0  [n = 166]:	loss = 0.144  exp loss = 0.166  adjusted loss = 0.166  adv prob = 0.250000   acc = 0.928
  toxicity = 0, identity_any = 1  [n = 162]:	loss = 0.447  exp loss = 0.509  adjusted loss = 0.509  adv prob = 0.250000   acc = 0.747
  toxicity = 1, identity_any = 0  [n = 174]:	loss = 0.417  exp loss = 0.451  adjusted loss = 0.451  adv prob = 0.250000   acc = 0.862
  toxicity = 1, identity_any = 1  [n = 166]:	loss = 0.359  exp loss = 0.362  adjusted loss = 0.362  adv prob = 0.250000   acc = 0.892

Validation:
Average incurred loss: 0.225  
Average sample loss: 0.225  
Average acc: 0.887  
  toxicity = 0, identity_any = 0  [n = 166026]:	loss = 0.120  exp loss = 0.926  adjusted loss = 0.926  adv prob = 0.250000   acc = 0.939
  toxicity = 0, identity_any = 1  [n = 108687]:	loss = 0.397  exp loss = 0.979  adjusted loss = 0.979  adv prob = 0.250000   acc = 0.786
  toxicity = 1, identity_any = 0  [n = 11940]:	loss = 0.193  exp loss = 0.173  adjusted loss = 0.173  adv prob = 0.250000   acc = 0.961
  toxicity = 1, identity_any = 1  [n = 19696]:	loss = 0.188  exp loss = 0.150  adjusted loss = 0.150  adv prob = 0.250000   acc = 0.964
Current lr: 0.000007
Current lr: 0.000007
Current validation accuracy: 0.785629153251648


Epoch [2]:
Training:
Average incurred loss: 0.339  
Average sample loss: 0.339  
Average acc: 0.861  
  toxicity = 0, identity_any = 0  [n = 219]:	loss = 0.115  exp loss = 0.126  adjusted loss = 0.126  adv prob = 0.250000   acc = 0.945
  toxicity = 0, identity_any = 1  [n = 185]:	loss = 0.431  exp loss = 0.294  adjusted loss = 0.294  adv prob = 0.250000   acc = 0.795
  toxicity = 1, identity_any = 0  [n = 181]:	loss = 0.511  exp loss = 0.532  adjusted loss = 0.532  adv prob = 0.250000   acc = 0.818
  toxicity = 1, identity_any = 1  [n = 215]:	loss = 0.343  exp loss = 0.341  adjusted loss = 0.341  adv prob = 0.250000   acc = 0.870
Average incurred loss: 0.355  
Average sample loss: 0.355  
Average acc: 0.851  
  toxicity = 0, identity_any = 0  [n = 206]:	loss = 0.140  exp loss = 0.144  adjusted loss = 0.144  adv prob = 0.250000   acc = 0.922
  toxicity = 0, identity_any = 1  [n = 187]:	loss = 0.516  exp loss = 0.486  adjusted loss = 0.486  adv prob = 0.250000   acc = 0.738
  toxicity = 1, identity_any = 0  [n = 211]:	loss = 0.358  exp loss = 0.423  adjusted loss = 0.423  adv prob = 0.250000   acc = 0.877
  toxicity = 1, identity_any = 1  [n = 196]:	loss = 0.425  exp loss = 0.333  adjusted loss = 0.333  adv prob = 0.250000   acc = 0.857
Average incurred loss: 0.333  
Average sample loss: 0.333  
Average acc: 0.866  
  toxicity = 0, identity_any = 0  [n = 199]:	loss = 0.122  exp loss = 0.119  adjusted loss = 0.119  adv prob = 0.250000   acc = 0.940
  toxicity = 0, identity_any = 1  [n = 174]:	loss = 0.419  exp loss = 0.398  adjusted loss = 0.398  adv prob = 0.250000   acc = 0.776
  toxicity = 1, identity_any = 0  [n = 218]:	loss = 0.411  exp loss = 0.472  adjusted loss = 0.472  adv prob = 0.250000   acc = 0.867
  toxicity = 1, identity_any = 1  [n = 209]:	loss = 0.380  exp loss = 0.416  adjusted loss = 0.416  adv prob = 0.250000   acc = 0.871
Average incurred loss: 0.346  
Average sample loss: 0.346  
Average acc: 0.856  
  toxicity = 0, identity_any = 0  [n = 191]:	loss = 0.156  exp loss = 0.169  adjusted loss = 0.169  adv prob = 0.250000   acc = 0.916
  toxicity = 0, identity_any = 1  [n = 197]:	loss = 0.418  exp loss = 0.334  adjusted loss = 0.334  adv prob = 0.250000   acc = 0.772
  toxicity = 1, identity_any = 0  [n = 218]:	loss = 0.429  exp loss = 0.509  adjusted loss = 0.509  adv prob = 0.250000   acc = 0.862
  toxicity = 1, identity_any = 1  [n = 194]:	loss = 0.369  exp loss = 0.459  adjusted loss = 0.459  adv prob = 0.250000   acc = 0.876
Average incurred loss: 0.293  
Average sample loss: 0.293  
Average acc: 0.875  
  toxicity = 0, identity_any = 0  [n = 209]:	loss = 0.143  exp loss = 0.287  adjusted loss = 0.287  adv prob = 0.250000   acc = 0.919
  toxicity = 0, identity_any = 1  [n = 223]:	loss = 0.381  exp loss = 0.363  adjusted loss = 0.363  adv prob = 0.250000   acc = 0.794
  toxicity = 1, identity_any = 0  [n = 172]:	loss = 0.367  exp loss = 0.371  adjusted loss = 0.371  adv prob = 0.250000   acc = 0.901
  toxicity = 1, identity_any = 1  [n = 196]:	loss = 0.289  exp loss = 0.284  adjusted loss = 0.284  adv prob = 0.250000   acc = 0.898
Average incurred loss: 0.343  
Average sample loss: 0.343  
Average acc: 0.861  
  toxicity = 0, identity_any = 0  [n = 200]:	loss = 0.161  exp loss = 0.151  adjusted loss = 0.151  adv prob = 0.250000   acc = 0.915
  toxicity = 0, identity_any = 1  [n = 178]:	loss = 0.443  exp loss = 0.375  adjusted loss = 0.375  adv prob = 0.250000   acc = 0.764
  toxicity = 1, identity_any = 0  [n = 216]:	loss = 0.414  exp loss = 0.514  adjusted loss = 0.514  adv prob = 0.250000   acc = 0.870
  toxicity = 1, identity_any = 1  [n = 206]:	loss = 0.357  exp loss = 0.415  adjusted loss = 0.415  adv prob = 0.250000   acc = 0.883
Average incurred loss: 0.330  
Average sample loss: 0.330  
Average acc: 0.860  
  toxicity = 0, identity_any = 0  [n = 190]:	loss = 0.197  exp loss = 0.183  adjusted loss = 0.183  adv prob = 0.250000   acc = 0.889
  toxicity = 0, identity_any = 1  [n = 211]:	loss = 0.414  exp loss = 0.517  adjusted loss = 0.517  adv prob = 0.250000   acc = 0.796
  toxicity = 1, identity_any = 0  [n = 209]:	loss = 0.406  exp loss = 0.339  adjusted loss = 0.339  adv prob = 0.250000   acc = 0.852
  toxicity = 1, identity_any = 1  [n = 190]:	loss = 0.288  exp loss = 0.239  adjusted loss = 0.239  adv prob = 0.250000   acc = 0.911
Average incurred loss: 0.360  
Average sample loss: 0.360  
Average acc: 0.839  
  toxicity = 0, identity_any = 0  [n = 184]:	loss = 0.229  exp loss = 0.271  adjusted loss = 0.271  adv prob = 0.250000   acc = 0.880
  toxicity = 0, identity_any = 1  [n = 219]:	loss = 0.412  exp loss = 0.440  adjusted loss = 0.440  adv prob = 0.250000   acc = 0.781
  toxicity = 1, identity_any = 0  [n = 199]:	loss = 0.400  exp loss = 0.350  adjusted loss = 0.350  adv prob = 0.250000   acc = 0.859
  toxicity = 1, identity_any = 1  [n = 198]:	loss = 0.386  exp loss = 0.211  adjusted loss = 0.211  adv prob = 0.250000   acc = 0.843
Average incurred loss: 0.344  
Average sample loss: 0.344  
Average acc: 0.844  
  toxicity = 0, identity_any = 0  [n = 183]:	loss = 0.149  exp loss = 0.181  adjusted loss = 0.181  adv prob = 0.250000   acc = 0.918
  toxicity = 0, identity_any = 1  [n = 218]:	loss = 0.430  exp loss = 0.376  adjusted loss = 0.376  adv prob = 0.250000   acc = 0.766
  toxicity = 1, identity_any = 0  [n = 191]:	loss = 0.358  exp loss = 0.392  adjusted loss = 0.392  adv prob = 0.250000   acc = 0.880
  toxicity = 1, identity_any = 1  [n = 208]:	loss = 0.411  exp loss = 0.396  adjusted loss = 0.396  adv prob = 0.250000   acc = 0.827
Average incurred loss: 0.344  
Average sample loss: 0.344  
Average acc: 0.855  
  toxicity = 0, identity_any = 0  [n = 185]:	loss = 0.154  exp loss = 0.127  adjusted loss = 0.127  adv prob = 0.250000   acc = 0.919
  toxicity = 0, identity_any = 1  [n = 157]:	loss = 0.440  exp loss = 0.519  adjusted loss = 0.519  adv prob = 0.250000   acc = 0.758
  toxicity = 1, identity_any = 0  [n = 143]:	loss = 0.501  exp loss = 0.355  adjusted loss = 0.355  adv prob = 0.250000   acc = 0.811
  toxicity = 1, identity_any = 1  [n = 183]:	loss = 0.329  exp loss = 0.325  adjusted loss = 0.325  adv prob = 0.250000   acc = 0.907

Validation:
Average incurred loss: 0.236  
Average sample loss: 0.236  
Average acc: 0.882  
  toxicity = 0, identity_any = 0  [n = 166026]:	loss = 0.129  exp loss = 0.973  adjusted loss = 0.973  adv prob = 0.250000   acc = 0.936
  toxicity = 0, identity_any = 1  [n = 108687]:	loss = 0.418  exp loss = 1.030  adjusted loss = 1.030  adv prob = 0.250000   acc = 0.777
  toxicity = 1, identity_any = 0  [n = 11940]:	loss = 0.170  exp loss = 0.147  adjusted loss = 0.147  adv prob = 0.250000   acc = 0.964
  toxicity = 1, identity_any = 1  [n = 19696]:	loss = 0.168  exp loss = 0.130  adjusted loss = 0.130  adv prob = 0.250000   acc = 0.967
Current lr: 0.000005
Current lr: 0.000005
Current validation accuracy: 0.7770129442214966


Epoch [3]:
Training:
Average incurred loss: 0.336  
Average sample loss: 0.336  
Average acc: 0.867  
  toxicity = 0, identity_any = 0  [n = 210]:	loss = 0.149  exp loss = 0.116  adjusted loss = 0.116  adv prob = 0.250000   acc = 0.924
  toxicity = 0, identity_any = 1  [n = 191]:	loss = 0.457  exp loss = 0.434  adjusted loss = 0.434  adv prob = 0.250000   acc = 0.780
  toxicity = 1, identity_any = 0  [n = 217]:	loss = 0.440  exp loss = 0.280  adjusted loss = 0.280  adv prob = 0.250000   acc = 0.857
  toxicity = 1, identity_any = 1  [n = 182]:	loss = 0.302  exp loss = 0.250  adjusted loss = 0.250  adv prob = 0.250000   acc = 0.907
Average incurred loss: 0.340  
Average sample loss: 0.340  
Average acc: 0.860  
  toxicity = 0, identity_any = 0  [n = 193]:	loss = 0.137  exp loss = 0.117  adjusted loss = 0.117  adv prob = 0.250000   acc = 0.938
  toxicity = 0, identity_any = 1  [n = 180]:	loss = 0.510  exp loss = 0.433  adjusted loss = 0.433  adv prob = 0.250000   acc = 0.739
  toxicity = 1, identity_any = 0  [n = 223]:	loss = 0.381  exp loss = 0.384  adjusted loss = 0.384  adv prob = 0.250000   acc = 0.888
  toxicity = 1, identity_any = 1  [n = 204]:	loss = 0.338  exp loss = 0.362  adjusted loss = 0.362  adv prob = 0.250000   acc = 0.863
Average incurred loss: 0.306  
Average sample loss: 0.306  
Average acc: 0.865  
  toxicity = 0, identity_any = 0  [n = 190]:	loss = 0.108  exp loss = 0.084  adjusted loss = 0.084  adv prob = 0.250000   acc = 0.937
  toxicity = 0, identity_any = 1  [n = 226]:	loss = 0.438  exp loss = 0.524  adjusted loss = 0.524  adv prob = 0.250000   acc = 0.761
  toxicity = 1, identity_any = 0  [n = 191]:	loss = 0.366  exp loss = 0.380  adjusted loss = 0.380  adv prob = 0.250000   acc = 0.885
  toxicity = 1, identity_any = 1  [n = 193]:	loss = 0.285  exp loss = 0.221  adjusted loss = 0.221  adv prob = 0.250000   acc = 0.896
Average incurred loss: 0.351  
Average sample loss: 0.351  
Average acc: 0.863  
  toxicity = 0, identity_any = 0  [n = 208]:	loss = 0.123  exp loss = 0.122  adjusted loss = 0.122  adv prob = 0.250000   acc = 0.928
  toxicity = 0, identity_any = 1  [n = 205]:	loss = 0.423  exp loss = 0.447  adjusted loss = 0.447  adv prob = 0.250000   acc = 0.815
  toxicity = 1, identity_any = 0  [n = 186]:	loss = 0.539  exp loss = 0.463  adjusted loss = 0.463  adv prob = 0.250000   acc = 0.823
  toxicity = 1, identity_any = 1  [n = 201]:	loss = 0.339  exp loss = 0.338  adjusted loss = 0.338  adv prob = 0.250000   acc = 0.881
Average incurred loss: 0.330  
Average sample loss: 0.330  
Average acc: 0.855  
  toxicity = 0, identity_any = 0  [n = 213]:	loss = 0.228  exp loss = 0.275  adjusted loss = 0.275  adv prob = 0.250000   acc = 0.878
  toxicity = 0, identity_any = 1  [n = 208]:	loss = 0.402  exp loss = 0.387  adjusted loss = 0.387  adv prob = 0.250000   acc = 0.784
  toxicity = 1, identity_any = 0  [n = 191]:	loss = 0.393  exp loss = 0.370  adjusted loss = 0.370  adv prob = 0.250000   acc = 0.885
  toxicity = 1, identity_any = 1  [n = 188]:	loss = 0.302  exp loss = 0.237  adjusted loss = 0.237  adv prob = 0.250000   acc = 0.878
Average incurred loss: 0.358  
Average sample loss: 0.358  
Average acc: 0.856  
  toxicity = 0, identity_any = 0  [n = 196]:	loss = 0.115  exp loss = 0.194  adjusted loss = 0.194  adv prob = 0.250000   acc = 0.954
  toxicity = 0, identity_any = 1  [n = 196]:	loss = 0.403  exp loss = 0.424  adjusted loss = 0.424  adv prob = 0.250000   acc = 0.791
  toxicity = 1, identity_any = 0  [n = 203]:	loss = 0.541  exp loss = 0.448  adjusted loss = 0.448  adv prob = 0.250000   acc = 0.818
  toxicity = 1, identity_any = 1  [n = 205]:	loss = 0.368  exp loss = 0.286  adjusted loss = 0.286  adv prob = 0.250000   acc = 0.863
Average incurred loss: 0.329  
Average sample loss: 0.329  
Average acc: 0.873  
  toxicity = 0, identity_any = 0  [n = 205]:	loss = 0.152  exp loss = 0.112  adjusted loss = 0.112  adv prob = 0.250000   acc = 0.937
  toxicity = 0, identity_any = 1  [n = 193]:	loss = 0.438  exp loss = 0.372  adjusted loss = 0.372  adv prob = 0.250000   acc = 0.798
  toxicity = 1, identity_any = 0  [n = 218]:	loss = 0.381  exp loss = 0.378  adjusted loss = 0.378  adv prob = 0.250000   acc = 0.885
  toxicity = 1, identity_any = 1  [n = 184]:	loss = 0.349  exp loss = 0.515  adjusted loss = 0.515  adv prob = 0.250000   acc = 0.864
Average incurred loss: 0.345  
Average sample loss: 0.345  
Average acc: 0.851  
  toxicity = 0, identity_any = 0  [n = 210]:	loss = 0.169  exp loss = 0.158  adjusted loss = 0.158  adv prob = 0.250000   acc = 0.910
  toxicity = 0, identity_any = 1  [n = 191]:	loss = 0.402  exp loss = 0.280  adjusted loss = 0.280  adv prob = 0.250000   acc = 0.770
  toxicity = 1, identity_any = 0  [n = 195]:	loss = 0.486  exp loss = 0.543  adjusted loss = 0.543  adv prob = 0.250000   acc = 0.841
  toxicity = 1, identity_any = 1  [n = 204]:	loss = 0.337  exp loss = 0.422  adjusted loss = 0.422  adv prob = 0.250000   acc = 0.877
Average incurred loss: 0.346  
Average sample loss: 0.346  
Average acc: 0.865  
  toxicity = 0, identity_any = 0  [n = 195]:	loss = 0.153  exp loss = 0.089  adjusted loss = 0.089  adv prob = 0.250000   acc = 0.918
  toxicity = 0, identity_any = 1  [n = 207]:	loss = 0.377  exp loss = 0.295  adjusted loss = 0.295  adv prob = 0.250000   acc = 0.821
  toxicity = 1, identity_any = 0  [n = 196]:	loss = 0.382  exp loss = 0.266  adjusted loss = 0.266  adv prob = 0.250000   acc = 0.893
  toxicity = 1, identity_any = 1  [n = 202]:	loss = 0.465  exp loss = 0.523  adjusted loss = 0.523  adv prob = 0.250000   acc = 0.832
Average incurred loss: 0.340  
Average sample loss: 0.339  
Average acc: 0.858  
  toxicity = 0, identity_any = 0  [n = 173]:	loss = 0.253  exp loss = 0.206  adjusted loss = 0.206  adv prob = 0.250000   acc = 0.873
  toxicity = 0, identity_any = 1  [n = 163]:	loss = 0.439  exp loss = 0.418  adjusted loss = 0.418  adv prob = 0.250000   acc = 0.761
  toxicity = 1, identity_any = 0  [n = 182]:	loss = 0.385  exp loss = 0.330  adjusted loss = 0.330  adv prob = 0.250000   acc = 0.879
  toxicity = 1, identity_any = 1  [n = 150]:	loss = 0.279  exp loss = 0.273  adjusted loss = 0.273  adv prob = 0.250000   acc = 0.920

Validation:
Average incurred loss: 0.237  
Average sample loss: 0.237  
Average acc: 0.882  
  toxicity = 0, identity_any = 0  [n = 166026]:	loss = 0.131  exp loss = 0.976  adjusted loss = 0.976  adv prob = 0.250000   acc = 0.935
  toxicity = 0, identity_any = 1  [n = 108687]:	loss = 0.419  exp loss = 1.034  adjusted loss = 1.034  adv prob = 0.250000   acc = 0.777
  toxicity = 1, identity_any = 0  [n = 11940]:	loss = 0.161  exp loss = 0.136  adjusted loss = 0.136  adv prob = 0.250000   acc = 0.964
  toxicity = 1, identity_any = 1  [n = 19696]:	loss = 0.161  exp loss = 0.122  adjusted loss = 0.122  adv prob = 0.250000   acc = 0.967
Current lr: 0.000003
Current lr: 0.000003
Current validation accuracy: 0.7772946357727051


Epoch [4]:
Training:
Average incurred loss: 0.364  
Average sample loss: 0.364  
Average acc: 0.835  
  toxicity = 0, identity_any = 0  [n = 171]:	loss = 0.137  exp loss = 0.126  adjusted loss = 0.126  adv prob = 0.250000   acc = 0.930
  toxicity = 0, identity_any = 1  [n = 211]:	loss = 0.478  exp loss = 0.455  adjusted loss = 0.455  adv prob = 0.250000   acc = 0.735
  toxicity = 1, identity_any = 0  [n = 211]:	loss = 0.435  exp loss = 0.420  adjusted loss = 0.420  adv prob = 0.250000   acc = 0.848
  toxicity = 1, identity_any = 1  [n = 207]:	loss = 0.362  exp loss = 0.521  adjusted loss = 0.521  adv prob = 0.250000   acc = 0.845
Average incurred loss: 0.372  
Average sample loss: 0.372  
Average acc: 0.835  
  toxicity = 0, identity_any = 0  [n = 178]:	loss = 0.151  exp loss = 0.125  adjusted loss = 0.125  adv prob = 0.250000   acc = 0.921
  toxicity = 0, identity_any = 1  [n = 202]:	loss = 0.488  exp loss = 0.578  adjusted loss = 0.578  adv prob = 0.250000   acc = 0.748
  toxicity = 1, identity_any = 0  [n = 200]:	loss = 0.479  exp loss = 0.318  adjusted loss = 0.318  adv prob = 0.250000   acc = 0.820
  toxicity = 1, identity_any = 1  [n = 220]:	loss = 0.348  exp loss = 0.426  adjusted loss = 0.426  adv prob = 0.250000   acc = 0.859
Average incurred loss: 0.362  
Average sample loss: 0.362  
Average acc: 0.851  
  toxicity = 0, identity_any = 0  [n = 171]:	loss = 0.240  exp loss = 0.260  adjusted loss = 0.260  adv prob = 0.250000   acc = 0.889
  toxicity = 0, identity_any = 1  [n = 218]:	loss = 0.438  exp loss = 0.425  adjusted loss = 0.425  adv prob = 0.250000   acc = 0.794
  toxicity = 1, identity_any = 0  [n = 201]:	loss = 0.415  exp loss = 0.622  adjusted loss = 0.622  adv prob = 0.250000   acc = 0.856
  toxicity = 1, identity_any = 1  [n = 210]:	loss = 0.333  exp loss = 0.332  adjusted loss = 0.332  adv prob = 0.250000   acc = 0.876
Average incurred loss: 0.364  
Average sample loss: 0.364  
Average acc: 0.860  
  toxicity = 0, identity_any = 0  [n = 178]:	loss = 0.145  exp loss = 0.141  adjusted loss = 0.141  adv prob = 0.250000   acc = 0.927
  toxicity = 0, identity_any = 1  [n = 204]:	loss = 0.415  exp loss = 0.349  adjusted loss = 0.349  adv prob = 0.250000   acc = 0.799
  toxicity = 1, identity_any = 0  [n = 215]:	loss = 0.521  exp loss = 0.525  adjusted loss = 0.525  adv prob = 0.250000   acc = 0.847
  toxicity = 1, identity_any = 1  [n = 203]:	loss = 0.336  exp loss = 0.412  adjusted loss = 0.412  adv prob = 0.250000   acc = 0.877
Average incurred loss: 0.316  
Average sample loss: 0.316  
Average acc: 0.869  
  toxicity = 0, identity_any = 0  [n = 183]:	loss = 0.158  exp loss = 0.147  adjusted loss = 0.147  adv prob = 0.250000   acc = 0.913
  toxicity = 0, identity_any = 1  [n = 206]:	loss = 0.444  exp loss = 0.431  adjusted loss = 0.431  adv prob = 0.250000   acc = 0.782
  toxicity = 1, identity_any = 0  [n = 192]:	loss = 0.353  exp loss = 0.376  adjusted loss = 0.376  adv prob = 0.250000   acc = 0.880
  toxicity = 1, identity_any = 1  [n = 219]:	loss = 0.294  exp loss = 0.413  adjusted loss = 0.413  adv prob = 0.250000   acc = 0.904
Average incurred loss: 0.354  
Average sample loss: 0.354  
Average acc: 0.836  
  toxicity = 0, identity_any = 0  [n = 216]:	loss = 0.182  exp loss = 0.131  adjusted loss = 0.131  adv prob = 0.250000   acc = 0.903
  toxicity = 0, identity_any = 1  [n = 183]:	loss = 0.382  exp loss = 0.259  adjusted loss = 0.259  adv prob = 0.250000   acc = 0.781
  toxicity = 1, identity_any = 0  [n = 206]:	loss = 0.465  exp loss = 0.445  adjusted loss = 0.445  adv prob = 0.250000   acc = 0.820
  toxicity = 1, identity_any = 1  [n = 195]:	loss = 0.402  exp loss = 0.394  adjusted loss = 0.394  adv prob = 0.250000   acc = 0.831
Average incurred loss: 0.306  
Average sample loss: 0.306  
Average acc: 0.869  
  toxicity = 0, identity_any = 0  [n = 208]:	loss = 0.160  exp loss = 0.084  adjusted loss = 0.084  adv prob = 0.250000   acc = 0.923
  toxicity = 0, identity_any = 1  [n = 169]:	loss = 0.402  exp loss = 0.391  adjusted loss = 0.391  adv prob = 0.250000   acc = 0.787
  toxicity = 1, identity_any = 0  [n = 213]:	loss = 0.381  exp loss = 0.600  adjusted loss = 0.600  adv prob = 0.250000   acc = 0.878
  toxicity = 1, identity_any = 1  [n = 210]:	loss = 0.299  exp loss = 0.384  adjusted loss = 0.384  adv prob = 0.250000   acc = 0.871
Average incurred loss: 0.342  
Average sample loss: 0.342  
Average acc: 0.861  
  toxicity = 0, identity_any = 0  [n = 182]:	loss = 0.128  exp loss = 0.126  adjusted loss = 0.126  adv prob = 0.250000   acc = 0.929
  toxicity = 0, identity_any = 1  [n = 181]:	loss = 0.571  exp loss = 0.869  adjusted loss = 0.869  adv prob = 0.250000   acc = 0.729
  toxicity = 1, identity_any = 0  [n = 227]:	loss = 0.348  exp loss = 0.291  adjusted loss = 0.291  adv prob = 0.250000   acc = 0.881
  toxicity = 1, identity_any = 1  [n = 210]:	loss = 0.322  exp loss = 0.276  adjusted loss = 0.276  adv prob = 0.250000   acc = 0.895
Average incurred loss: 0.321  
Average sample loss: 0.321  
Average acc: 0.846  
  toxicity = 0, identity_any = 0  [n = 196]:	loss = 0.115  exp loss = 0.146  adjusted loss = 0.146  adv prob = 0.250000   acc = 0.934
  toxicity = 0, identity_any = 1  [n = 205]:	loss = 0.503  exp loss = 0.417  adjusted loss = 0.417  adv prob = 0.250000   acc = 0.712
  toxicity = 1, identity_any = 0  [n = 192]:	loss = 0.347  exp loss = 0.289  adjusted loss = 0.289  adv prob = 0.250000   acc = 0.885
  toxicity = 1, identity_any = 1  [n = 207]:	loss = 0.312  exp loss = 0.400  adjusted loss = 0.400  adv prob = 0.250000   acc = 0.860
Average incurred loss: 0.340  
Average sample loss: 0.341  
Average acc: 0.850  
  toxicity = 0, identity_any = 0  [n = 172]:	loss = 0.244  exp loss = 0.195  adjusted loss = 0.195  adv prob = 0.250000   acc = 0.860
  toxicity = 0, identity_any = 1  [n = 173]:	loss = 0.487  exp loss = 0.529  adjusted loss = 0.529  adv prob = 0.250000   acc = 0.757
  toxicity = 1, identity_any = 0  [n = 164]:	loss = 0.375  exp loss = 0.456  adjusted loss = 0.456  adv prob = 0.250000   acc = 0.872
  toxicity = 1, identity_any = 1  [n = 159]:	loss = 0.249  exp loss = 0.213  adjusted loss = 0.213  adv prob = 0.250000   acc = 0.918

Validation:
Average incurred loss: 0.246  
Average sample loss: 0.246  
Average acc: 0.877  
  toxicity = 0, identity_any = 0  [n = 166026]:	loss = 0.138  exp loss = 1.014  adjusted loss = 1.014  adv prob = 0.250000   acc = 0.931
  toxicity = 0, identity_any = 1  [n = 108687]:	loss = 0.437  exp loss = 1.072  adjusted loss = 1.072  adv prob = 0.250000   acc = 0.768
  toxicity = 1, identity_any = 0  [n = 11940]:	loss = 0.154  exp loss = 0.130  adjusted loss = 0.130  adv prob = 0.250000   acc = 0.967
  toxicity = 1, identity_any = 1  [n = 19696]:	loss = 0.154  exp loss = 0.117  adjusted loss = 0.117  adv prob = 0.250000   acc = 0.969
Current lr: 0.000002
Current lr: 0.000002
Current validation accuracy: 0.7677633166313171


Epoch [5]:
Training:
Average incurred loss: 0.358  
Average sample loss: 0.358  
Average acc: 0.840  
  toxicity = 0, identity_any = 0  [n = 204]:	loss = 0.141  exp loss = 0.131  adjusted loss = 0.131  adv prob = 0.250000   acc = 0.912
  toxicity = 0, identity_any = 1  [n = 203]:	loss = 0.505  exp loss = 0.360  adjusted loss = 0.360  adv prob = 0.250000   acc = 0.709
  toxicity = 1, identity_any = 0  [n = 207]:	loss = 0.402  exp loss = 0.427  adjusted loss = 0.427  adv prob = 0.250000   acc = 0.865
  toxicity = 1, identity_any = 1  [n = 186]:	loss = 0.387  exp loss = 0.300  adjusted loss = 0.300  adv prob = 0.250000   acc = 0.876
Average incurred loss: 0.360  
Average sample loss: 0.360  
Average acc: 0.862  
  toxicity = 0, identity_any = 0  [n = 198]:	loss = 0.137  exp loss = 0.174  adjusted loss = 0.174  adv prob = 0.250000   acc = 0.929
  toxicity = 0, identity_any = 1  [n = 195]:	loss = 0.419  exp loss = 0.469  adjusted loss = 0.469  adv prob = 0.250000   acc = 0.815
  toxicity = 1, identity_any = 0  [n = 204]:	loss = 0.496  exp loss = 0.635  adjusted loss = 0.635  adv prob = 0.250000   acc = 0.824
  toxicity = 1, identity_any = 1  [n = 203]:	loss = 0.384  exp loss = 0.418  adjusted loss = 0.418  adv prob = 0.250000   acc = 0.882
Average incurred loss: 0.326  
Average sample loss: 0.326  
Average acc: 0.857  
  toxicity = 0, identity_any = 0  [n = 196]:	loss = 0.132  exp loss = 0.176  adjusted loss = 0.176  adv prob = 0.250000   acc = 0.939
  toxicity = 0, identity_any = 1  [n = 206]:	loss = 0.454  exp loss = 0.481  adjusted loss = 0.481  adv prob = 0.250000   acc = 0.743
  toxicity = 1, identity_any = 0  [n = 219]:	loss = 0.321  exp loss = 0.271  adjusted loss = 0.271  adv prob = 0.250000   acc = 0.900
  toxicity = 1, identity_any = 1  [n = 179]:	loss = 0.398  exp loss = 0.423  adjusted loss = 0.423  adv prob = 0.250000   acc = 0.849
Average incurred loss: 0.275  
Average sample loss: 0.275  
Average acc: 0.884  
  toxicity = 0, identity_any = 0  [n = 208]:	loss = 0.111  exp loss = 0.111  adjusted loss = 0.111  adv prob = 0.250000   acc = 0.942
  toxicity = 0, identity_any = 1  [n = 200]:	loss = 0.381  exp loss = 0.264  adjusted loss = 0.264  adv prob = 0.250000   acc = 0.810
  toxicity = 1, identity_any = 0  [n = 195]:	loss = 0.339  exp loss = 0.355  adjusted loss = 0.355  adv prob = 0.250000   acc = 0.897
  toxicity = 1, identity_any = 1  [n = 197]:	loss = 0.279  exp loss = 0.282  adjusted loss = 0.282  adv prob = 0.250000   acc = 0.883
Average incurred loss: 0.337  
Average sample loss: 0.337  
Average acc: 0.848  
  toxicity = 0, identity_any = 0  [n = 210]:	loss = 0.201  exp loss = 0.216  adjusted loss = 0.216  adv prob = 0.250000   acc = 0.905
  toxicity = 0, identity_any = 1  [n = 189]:	loss = 0.461  exp loss = 0.396  adjusted loss = 0.396  adv prob = 0.250000   acc = 0.746
  toxicity = 1, identity_any = 0  [n = 211]:	loss = 0.332  exp loss = 0.284  adjusted loss = 0.284  adv prob = 0.250000   acc = 0.848
  toxicity = 1, identity_any = 1  [n = 190]:	loss = 0.370  exp loss = 0.284  adjusted loss = 0.284  adv prob = 0.250000   acc = 0.884
Average incurred loss: 0.340  
Average sample loss: 0.340  
Average acc: 0.856  
  toxicity = 0, identity_any = 0  [n = 207]:	loss = 0.163  exp loss = 0.149  adjusted loss = 0.149  adv prob = 0.250000   acc = 0.913
  toxicity = 0, identity_any = 1  [n = 212]:	loss = 0.439  exp loss = 0.434  adjusted loss = 0.434  adv prob = 0.250000   acc = 0.769
  toxicity = 1, identity_any = 0  [n = 177]:	loss = 0.394  exp loss = 0.692  adjusted loss = 0.692  adv prob = 0.250000   acc = 0.853
  toxicity = 1, identity_any = 1  [n = 204]:	loss = 0.372  exp loss = 0.282  adjusted loss = 0.282  adv prob = 0.250000   acc = 0.892
Average incurred loss: 0.360  
Average sample loss: 0.360  
Average acc: 0.869  
  toxicity = 0, identity_any = 0  [n = 190]:	loss = 0.116  exp loss = 0.097  adjusted loss = 0.097  adv prob = 0.250000   acc = 0.947
  toxicity = 0, identity_any = 1  [n = 186]:	loss = 0.581  exp loss = 0.641  adjusted loss = 0.641  adv prob = 0.250000   acc = 0.731
  toxicity = 1, identity_any = 0  [n = 214]:	loss = 0.462  exp loss = 0.340  adjusted loss = 0.340  adv prob = 0.250000   acc = 0.869
  toxicity = 1, identity_any = 1  [n = 210]:	loss = 0.281  exp loss = 0.305  adjusted loss = 0.305  adv prob = 0.250000   acc = 0.919
Average incurred loss: 0.316  
Average sample loss: 0.316  
Average acc: 0.872  
  toxicity = 0, identity_any = 0  [n = 187]:	loss = 0.157  exp loss = 0.131  adjusted loss = 0.131  adv prob = 0.250000   acc = 0.925
  toxicity = 0, identity_any = 1  [n = 187]:	loss = 0.394  exp loss = 0.352  adjusted loss = 0.352  adv prob = 0.250000   acc = 0.829
  toxicity = 1, identity_any = 0  [n = 208]:	loss = 0.389  exp loss = 0.291  adjusted loss = 0.291  adv prob = 0.250000   acc = 0.856
  toxicity = 1, identity_any = 1  [n = 218]:	loss = 0.317  exp loss = 0.367  adjusted loss = 0.367  adv prob = 0.250000   acc = 0.881
Average incurred loss: 0.349  
Average sample loss: 0.349  
Average acc: 0.865  
  toxicity = 0, identity_any = 0  [n = 197]:	loss = 0.149  exp loss = 0.128  adjusted loss = 0.128  adv prob = 0.250000   acc = 0.934
  toxicity = 0, identity_any = 1  [n = 208]:	loss = 0.522  exp loss = 0.601  adjusted loss = 0.601  adv prob = 0.250000   acc = 0.755
  toxicity = 1, identity_any = 0  [n = 197]:	loss = 0.322  exp loss = 0.262  adjusted loss = 0.262  adv prob = 0.250000   acc = 0.909
  toxicity = 1, identity_any = 1  [n = 198]:	loss = 0.395  exp loss = 0.386  adjusted loss = 0.386  adv prob = 0.250000   acc = 0.869
Average incurred loss: 0.357  
Average sample loss: 0.356  
Average acc: 0.855  
  toxicity = 0, identity_any = 0  [n = 173]:	loss = 0.140  exp loss = 0.151  adjusted loss = 0.151  adv prob = 0.250000   acc = 0.931
  toxicity = 0, identity_any = 1  [n = 155]:	loss = 0.511  exp loss = 0.620  adjusted loss = 0.620  adv prob = 0.250000   acc = 0.723
  toxicity = 1, identity_any = 0  [n = 187]:	loss = 0.496  exp loss = 0.644  adjusted loss = 0.644  adv prob = 0.250000   acc = 0.845
  toxicity = 1, identity_any = 1  [n = 153]:	loss = 0.278  exp loss = 0.251  adjusted loss = 0.251  adv prob = 0.250000   acc = 0.915

Validation:
Average incurred loss: 0.248  
Average sample loss: 0.248  
Average acc: 0.876  
  toxicity = 0, identity_any = 0  [n = 166026]:	loss = 0.140  exp loss = 1.020  adjusted loss = 1.020  adv prob = 0.250000   acc = 0.930
  toxicity = 0, identity_any = 1  [n = 108687]:	loss = 0.441  exp loss = 1.079  adjusted loss = 1.079  adv prob = 0.250000   acc = 0.766
  toxicity = 1, identity_any = 0  [n = 11940]:	loss = 0.152  exp loss = 0.128  adjusted loss = 0.128  adv prob = 0.250000   acc = 0.968
  toxicity = 1, identity_any = 1  [n = 19696]:	loss = 0.153  exp loss = 0.116  adjusted loss = 0.116  adv prob = 0.250000   acc = 0.969
Current lr: 0.000000
Current lr: 0.000000
Current validation accuracy: 0.7662721872329712

Total Experiment Time: 24350.0s
Finished with job 705 (seed=111)
