/home/araymond/pyenv/versions/mini/lib/python3.10/site-packages/transformers/utils/hub.py:111: FutureWarning: Using `TRANSFORMERS_CACHE` is deprecated and will be removed in v5 of Transformers. Use `HF_HOME` instead.
  warnings.warn(
Couldn't reach server at 'https://s3.amazonaws.com/models.huggingface.co/bert/bert-base-uncased-config.json' to download pretrained model configuration file.
Traceback (most recent call last):
  File "/workspace1/araymond/svdrop/run_expt.py", line 347, in <module>
    main(args)
  File "/workspace1/araymond/svdrop/run_expt.py", line 150, in main
    model = get_model(
  File "/workspace1/araymond/svdrop/utils.py", line 282, in get_model
    config = BertConfig.from_pretrained(
  File "/home/araymond/pyenv/versions/mini/lib/python3.10/site-packages/pytorch_transformers/modeling_utils.py", line 194, in from_pretrained
    raise e
  File "/home/araymond/pyenv/versions/mini/lib/python3.10/site-packages/pytorch_transformers/modeling_utils.py", line 180, in from_pretrained
    resolved_config_file = cached_path(config_file, cache_dir=cache_dir, force_download=force_download, proxies=proxies)
  File "/home/araymond/pyenv/versions/mini/lib/python3.10/site-packages/pytorch_transformers/file_utils.py", line 118, in cached_path
    return get_from_cache(url_or_filename, cache_dir=cache_dir, force_download=force_download, proxies=proxies)
  File "/home/araymond/pyenv/versions/mini/lib/python3.10/site-packages/pytorch_transformers/file_utils.py", line 204, in get_from_cache
    os.makedirs(cache_dir)
  File "/home/araymond/pyenv/versions/3.10.14/lib/python3.10/os.py", line 225, in makedirs
    mkdir(name, mode)
FileExistsError: [Errno 17] File exists: '/home/araymond/.cache/torch/pytorch_transformers'
