




 Using bert params 







WARNING: You are using 'multinli_metadata_val_as_train.csv' instead of the default 'metadata.csv'.


Dataset: MultiNLI
Shift type: confounder
Wandb: False
Project name: spurious
Target name: gold_label_random
Confounder names: ['sentence2_has_negation']
Up weight: 0
Resume: False
Finetune: True
Normalize: False
Recalculate groups: False
Unfreeze: 0
Restart layers: 0
Minority fraction: None
Imbalance ratio: None
Fraction: 1.0
Root dir: ../datasets
Reweight groups: False
Augment data: False
Val fraction: 0.1
Loss type: erm
Alpha: 0.2
Generalization adjustment: 0.0
Sv dropout: 0.0
Automatic adjustment: False
Robust step size: 0.01
Joint dro alpha: 1
Use normalized loss: False
Btl: False
Hinge: False
Model: bert-base-uncased
Train from scratch: False
Pretrained path: pretrained_models/MultiNLI/erm_0.9_333.pth
N epochs: 6
Batch size: 32
Lr: 2e-05
Scheduler: False
L1: 0.0
Weight decay: 0.0
Gamma: 0.1
Minimum variational weight: 0
Seed: 333
Accum: 1
Show progress: False
Log dir: results/MultiNLI/dfr/model_outputs_333
Log every: 50
Save step: 10
Save best: True
Save last: True
Use bert params: 1
Num folds per sweep: 5
Num sweeps: 4
Q: 0.7
Metadata csv name: multinli_metadata_val_as_train.csv
Fold: None
Metadata path: None
Aug col: None
Max grad norm: 1.0
Adam epsilon: 1e-08
Warmup steps: 0

Training Data...
    gold_label_random = 0, sentence2_has_negation = 0: n = 613
    gold_label_random = 0, sentence2_has_negation = 1: n = 613
    gold_label_random = 1, sentence2_has_negation = 0: n = 613
    gold_label_random = 1, sentence2_has_negation = 1: n = 613
    gold_label_random = 2, sentence2_has_negation = 0: n = 613
    gold_label_random = 2, sentence2_has_negation = 1: n = 613
Validation Data...
    gold_label_random = 0, sentence2_has_negation = 0: n = 79699
    gold_label_random = 0, sentence2_has_negation = 1: n = 15179
    gold_label_random = 1, sentence2_has_negation = 0: n = 93712
    gold_label_random = 1, sentence2_has_negation = 1: n = 1521
    gold_label_random = 2, sentence2_has_negation = 0: n = 92672
    gold_label_random = 2, sentence2_has_negation = 1: n = 2176
Test Data...
    gold_label_random = 0, sentence2_has_negation = 0: n = 34597
    gold_label_random = 0, sentence2_has_negation = 1: n = 6655
    gold_label_random = 1, sentence2_has_negation = 0: n = 40496
    gold_label_random = 1, sentence2_has_negation = 1: n = 886
    gold_label_random = 2, sentence2_has_negation = 0: n = 39930
    gold_label_random = 2, sentence2_has_negation = 1: n = 1148
Training
Loading pretrained model from: pretrained_models/MultiNLI/erm_0.9_333.pth
bert.embeddings.word_embeddings.weight False
bert.embeddings.position_embeddings.weight False
bert.embeddings.token_type_embeddings.weight False
bert.embeddings.LayerNorm.weight False
bert.embeddings.LayerNorm.bias False
bert.encoder.layer.0.attention.self.query.weight False
bert.encoder.layer.0.attention.self.query.bias False
bert.encoder.layer.0.attention.self.key.weight False
bert.encoder.layer.0.attention.self.key.bias False
bert.encoder.layer.0.attention.self.value.weight False
bert.encoder.layer.0.attention.self.value.bias False
bert.encoder.layer.0.attention.output.dense.weight False
bert.encoder.layer.0.attention.output.dense.bias False
bert.encoder.layer.0.attention.output.LayerNorm.weight False
bert.encoder.layer.0.attention.output.LayerNorm.bias False
bert.encoder.layer.0.intermediate.dense.weight False
bert.encoder.layer.0.intermediate.dense.bias False
bert.encoder.layer.0.output.dense.weight False
bert.encoder.layer.0.output.dense.bias False
bert.encoder.layer.0.output.LayerNorm.weight False
bert.encoder.layer.0.output.LayerNorm.bias False
bert.encoder.layer.1.attention.self.query.weight False
bert.encoder.layer.1.attention.self.query.bias False
bert.encoder.layer.1.attention.self.key.weight False
bert.encoder.layer.1.attention.self.key.bias False
bert.encoder.layer.1.attention.self.value.weight False
bert.encoder.layer.1.attention.self.value.bias False
bert.encoder.layer.1.attention.output.dense.weight False
bert.encoder.layer.1.attention.output.dense.bias False
bert.encoder.layer.1.attention.output.LayerNorm.weight False
bert.encoder.layer.1.attention.output.LayerNorm.bias False
bert.encoder.layer.1.intermediate.dense.weight False
bert.encoder.layer.1.intermediate.dense.bias False
bert.encoder.layer.1.output.dense.weight False
bert.encoder.layer.1.output.dense.bias False
bert.encoder.layer.1.output.LayerNorm.weight False
bert.encoder.layer.1.output.LayerNorm.bias False
bert.encoder.layer.2.attention.self.query.weight False
bert.encoder.layer.2.attention.self.query.bias False
bert.encoder.layer.2.attention.self.key.weight False
bert.encoder.layer.2.attention.self.key.bias False
bert.encoder.layer.2.attention.self.value.weight False
bert.encoder.layer.2.attention.self.value.bias False
bert.encoder.layer.2.attention.output.dense.weight False
bert.encoder.layer.2.attention.output.dense.bias False
bert.encoder.layer.2.attention.output.LayerNorm.weight False
bert.encoder.layer.2.attention.output.LayerNorm.bias False
bert.encoder.layer.2.intermediate.dense.weight False
bert.encoder.layer.2.intermediate.dense.bias False
bert.encoder.layer.2.output.dense.weight False
bert.encoder.layer.2.output.dense.bias False
bert.encoder.layer.2.output.LayerNorm.weight False
bert.encoder.layer.2.output.LayerNorm.bias False
bert.encoder.layer.3.attention.self.query.weight False
bert.encoder.layer.3.attention.self.query.bias False
bert.encoder.layer.3.attention.self.key.weight False
bert.encoder.layer.3.attention.self.key.bias False
bert.encoder.layer.3.attention.self.value.weight False
bert.encoder.layer.3.attention.self.value.bias False
bert.encoder.layer.3.attention.output.dense.weight False
bert.encoder.layer.3.attention.output.dense.bias False
bert.encoder.layer.3.attention.output.LayerNorm.weight False
bert.encoder.layer.3.attention.output.LayerNorm.bias False
bert.encoder.layer.3.intermediate.dense.weight False
bert.encoder.layer.3.intermediate.dense.bias False
bert.encoder.layer.3.output.dense.weight False
bert.encoder.layer.3.output.dense.bias False
bert.encoder.layer.3.output.LayerNorm.weight False
bert.encoder.layer.3.output.LayerNorm.bias False
bert.encoder.layer.4.attention.self.query.weight False
bert.encoder.layer.4.attention.self.query.bias False
bert.encoder.layer.4.attention.self.key.weight False
bert.encoder.layer.4.attention.self.key.bias False
bert.encoder.layer.4.attention.self.value.weight False
bert.encoder.layer.4.attention.self.value.bias False
bert.encoder.layer.4.attention.output.dense.weight False
bert.encoder.layer.4.attention.output.dense.bias False
bert.encoder.layer.4.attention.output.LayerNorm.weight False
bert.encoder.layer.4.attention.output.LayerNorm.bias False
bert.encoder.layer.4.intermediate.dense.weight False
bert.encoder.layer.4.intermediate.dense.bias False
bert.encoder.layer.4.output.dense.weight False
bert.encoder.layer.4.output.dense.bias False
bert.encoder.layer.4.output.LayerNorm.weight False
bert.encoder.layer.4.output.LayerNorm.bias False
bert.encoder.layer.5.attention.self.query.weight False
bert.encoder.layer.5.attention.self.query.bias False
bert.encoder.layer.5.attention.self.key.weight False
bert.encoder.layer.5.attention.self.key.bias False
bert.encoder.layer.5.attention.self.value.weight False
bert.encoder.layer.5.attention.self.value.bias False
bert.encoder.layer.5.attention.output.dense.weight False
bert.encoder.layer.5.attention.output.dense.bias False
bert.encoder.layer.5.attention.output.LayerNorm.weight False
bert.encoder.layer.5.attention.output.LayerNorm.bias False
bert.encoder.layer.5.intermediate.dense.weight False
bert.encoder.layer.5.intermediate.dense.bias False
bert.encoder.layer.5.output.dense.weight False
bert.encoder.layer.5.output.dense.bias False
bert.encoder.layer.5.output.LayerNorm.weight False
bert.encoder.layer.5.output.LayerNorm.bias False
bert.encoder.layer.6.attention.self.query.weight False
bert.encoder.layer.6.attention.self.query.bias False
bert.encoder.layer.6.attention.self.key.weight False
bert.encoder.layer.6.attention.self.key.bias False
bert.encoder.layer.6.attention.self.value.weight False
bert.encoder.layer.6.attention.self.value.bias False
bert.encoder.layer.6.attention.output.dense.weight False
bert.encoder.layer.6.attention.output.dense.bias False
bert.encoder.layer.6.attention.output.LayerNorm.weight False
bert.encoder.layer.6.attention.output.LayerNorm.bias False
bert.encoder.layer.6.intermediate.dense.weight False
bert.encoder.layer.6.intermediate.dense.bias False
bert.encoder.layer.6.output.dense.weight False
bert.encoder.layer.6.output.dense.bias False
bert.encoder.layer.6.output.LayerNorm.weight False
bert.encoder.layer.6.output.LayerNorm.bias False
bert.encoder.layer.7.attention.self.query.weight False
bert.encoder.layer.7.attention.self.query.bias False
bert.encoder.layer.7.attention.self.key.weight False
bert.encoder.layer.7.attention.self.key.bias False
bert.encoder.layer.7.attention.self.value.weight False
bert.encoder.layer.7.attention.self.value.bias False
bert.encoder.layer.7.attention.output.dense.weight False
bert.encoder.layer.7.attention.output.dense.bias False
bert.encoder.layer.7.attention.output.LayerNorm.weight False
bert.encoder.layer.7.attention.output.LayerNorm.bias False
bert.encoder.layer.7.intermediate.dense.weight False
bert.encoder.layer.7.intermediate.dense.bias False
bert.encoder.layer.7.output.dense.weight False
bert.encoder.layer.7.output.dense.bias False
bert.encoder.layer.7.output.LayerNorm.weight False
bert.encoder.layer.7.output.LayerNorm.bias False
bert.encoder.layer.8.attention.self.query.weight False
bert.encoder.layer.8.attention.self.query.bias False
bert.encoder.layer.8.attention.self.key.weight False
bert.encoder.layer.8.attention.self.key.bias False
bert.encoder.layer.8.attention.self.value.weight False
bert.encoder.layer.8.attention.self.value.bias False
bert.encoder.layer.8.attention.output.dense.weight False
bert.encoder.layer.8.attention.output.dense.bias False
bert.encoder.layer.8.attention.output.LayerNorm.weight False
bert.encoder.layer.8.attention.output.LayerNorm.bias False
bert.encoder.layer.8.intermediate.dense.weight False
bert.encoder.layer.8.intermediate.dense.bias False
bert.encoder.layer.8.output.dense.weight False
bert.encoder.layer.8.output.dense.bias False
bert.encoder.layer.8.output.LayerNorm.weight False
bert.encoder.layer.8.output.LayerNorm.bias False
bert.encoder.layer.9.attention.self.query.weight False
bert.encoder.layer.9.attention.self.query.bias False
bert.encoder.layer.9.attention.self.key.weight False
bert.encoder.layer.9.attention.self.key.bias False
bert.encoder.layer.9.attention.self.value.weight False
bert.encoder.layer.9.attention.self.value.bias False
bert.encoder.layer.9.attention.output.dense.weight False
bert.encoder.layer.9.attention.output.dense.bias False
bert.encoder.layer.9.attention.output.LayerNorm.weight False
bert.encoder.layer.9.attention.output.LayerNorm.bias False
bert.encoder.layer.9.intermediate.dense.weight False
bert.encoder.layer.9.intermediate.dense.bias False
bert.encoder.layer.9.output.dense.weight False
bert.encoder.layer.9.output.dense.bias False
bert.encoder.layer.9.output.LayerNorm.weight False
bert.encoder.layer.9.output.LayerNorm.bias False
bert.encoder.layer.10.attention.self.query.weight False
bert.encoder.layer.10.attention.self.query.bias False
bert.encoder.layer.10.attention.self.key.weight False
bert.encoder.layer.10.attention.self.key.bias False
bert.encoder.layer.10.attention.self.value.weight False
bert.encoder.layer.10.attention.self.value.bias False
bert.encoder.layer.10.attention.output.dense.weight False
bert.encoder.layer.10.attention.output.dense.bias False
bert.encoder.layer.10.attention.output.LayerNorm.weight False
bert.encoder.layer.10.attention.output.LayerNorm.bias False
bert.encoder.layer.10.intermediate.dense.weight False
bert.encoder.layer.10.intermediate.dense.bias False
bert.encoder.layer.10.output.dense.weight False
bert.encoder.layer.10.output.dense.bias False
bert.encoder.layer.10.output.LayerNorm.weight False
bert.encoder.layer.10.output.LayerNorm.bias False
bert.encoder.layer.11.attention.self.query.weight False
bert.encoder.layer.11.attention.self.query.bias False
bert.encoder.layer.11.attention.self.key.weight False
bert.encoder.layer.11.attention.self.key.bias False
bert.encoder.layer.11.attention.self.value.weight False
bert.encoder.layer.11.attention.self.value.bias False
bert.encoder.layer.11.attention.output.dense.weight False
bert.encoder.layer.11.attention.output.dense.bias False
bert.encoder.layer.11.attention.output.LayerNorm.weight False
bert.encoder.layer.11.attention.output.LayerNorm.bias False
bert.encoder.layer.11.intermediate.dense.weight False
bert.encoder.layer.11.intermediate.dense.bias False
bert.encoder.layer.11.output.dense.weight False
bert.encoder.layer.11.output.dense.bias False
bert.encoder.layer.11.output.LayerNorm.weight False
bert.encoder.layer.11.output.LayerNorm.bias False
bert.pooler.dense.weight False
bert.pooler.dense.bias False
classifier.weight True
classifier.bias True

t_total is 690


Epoch [0]:
Training:
Average incurred loss: 0.568  
Average sample loss: 0.568  
Average acc: 0.788  
  gold_label_random = 0, sentence2_has_negation = 0  [n = 275]:	loss = 0.522  exp loss = 0.519  adjusted loss = 0.519  adv prob = 0.166667   acc = 0.793
  gold_label_random = 0, sentence2_has_negation = 1  [n = 270]:	loss = 0.078  exp loss = 0.056  adjusted loss = 0.056  adv prob = 0.166667   acc = 0.974
  gold_label_random = 1, sentence2_has_negation = 0  [n = 281]:	loss = 0.392  exp loss = 0.283  adjusted loss = 0.283  adv prob = 0.166667   acc = 0.861
  gold_label_random = 1, sentence2_has_negation = 1  [n = 251]:	loss = 0.642  exp loss = 0.490  adjusted loss = 0.490  adv prob = 0.166667   acc = 0.801
  gold_label_random = 2, sentence2_has_negation = 0  [n = 259]:	loss = 0.715  exp loss = 0.716  adjusted loss = 0.716  adv prob = 0.166667   acc = 0.714
  gold_label_random = 2, sentence2_has_negation = 1  [n = 264]:	loss = 1.089  exp loss = 0.974  adjusted loss = 0.974  adv prob = 0.166667   acc = 0.572
Average incurred loss: 0.558  
Average sample loss: 0.558  
Average acc: 0.776  
  gold_label_random = 0, sentence2_has_negation = 0  [n = 267]:	loss = 0.473  exp loss = 0.562  adjusted loss = 0.562  adv prob = 0.166667   acc = 0.809
  gold_label_random = 0, sentence2_has_negation = 1  [n = 267]:	loss = 0.162  exp loss = 0.200  adjusted loss = 0.200  adv prob = 0.166667   acc = 0.944
  gold_label_random = 1, sentence2_has_negation = 0  [n = 253]:	loss = 0.429  exp loss = 0.478  adjusted loss = 0.478  adv prob = 0.166667   acc = 0.850
  gold_label_random = 1, sentence2_has_negation = 1  [n = 272]:	loss = 0.705  exp loss = 0.695  adjusted loss = 0.695  adv prob = 0.166667   acc = 0.765
  gold_label_random = 2, sentence2_has_negation = 0  [n = 270]:	loss = 0.571  exp loss = 0.526  adjusted loss = 0.526  adv prob = 0.166667   acc = 0.741
  gold_label_random = 2, sentence2_has_negation = 1  [n = 271]:	loss = 0.989  exp loss = 0.809  adjusted loss = 0.809  adv prob = 0.166667   acc = 0.554
Average incurred loss: 0.497  
Average sample loss: 0.498  
Average acc: 0.799  
  gold_label_random = 0, sentence2_has_negation = 0  [n = 71]:	loss = 0.421  exp loss = 0.406  adjusted loss = 0.406  adv prob = 0.166667   acc = 0.817
  gold_label_random = 0, sentence2_has_negation = 1  [n = 76]:	loss = 0.122  exp loss = 0.126  adjusted loss = 0.126  adv prob = 0.166667   acc = 0.961
  gold_label_random = 1, sentence2_has_negation = 0  [n = 79]:	loss = 0.501  exp loss = 0.580  adjusted loss = 0.580  adv prob = 0.166667   acc = 0.797
  gold_label_random = 1, sentence2_has_negation = 1  [n = 90]:	loss = 0.448  exp loss = 0.630  adjusted loss = 0.630  adv prob = 0.166667   acc = 0.833
  gold_label_random = 2, sentence2_has_negation = 0  [n = 84]:	loss = 0.533  exp loss = 0.468  adjusted loss = 0.468  adv prob = 0.166667   acc = 0.821
  gold_label_random = 2, sentence2_has_negation = 1  [n = 78]:	loss = 0.947  exp loss = 0.847  adjusted loss = 0.847  adv prob = 0.166667   acc = 0.564

Validation:
Average incurred loss: 0.266  
Average sample loss: 0.266  
Average acc: 0.909  
  gold_label_random = 0, sentence2_has_negation = 0  [n = 79699]:	loss = 0.311  exp loss = 0.474  adjusted loss = 0.474  adv prob = 0.166667   acc = 0.890
  gold_label_random = 0, sentence2_has_negation = 1  [n = 15179]:	loss = 0.077  exp loss = 0.029  adjusted loss = 0.029  adv prob = 0.166667   acc = 0.980
  gold_label_random = 1, sentence2_has_negation = 0  [n = 93712]:	loss = 0.191  exp loss = 0.222  adjusted loss = 0.222  adv prob = 0.166667   acc = 0.944
  gold_label_random = 1, sentence2_has_negation = 1  [n = 1521]:	loss = 0.213  exp loss = 0.089  adjusted loss = 0.089  adv prob = 0.166667   acc = 0.940
  gold_label_random = 2, sentence2_has_negation = 0  [n = 92672]:	loss = 0.329  exp loss = 0.326  adjusted loss = 0.326  adv prob = 0.166667   acc = 0.879
  gold_label_random = 2, sentence2_has_negation = 1  [n = 2176]:	loss = 0.504  exp loss = 0.497  adjusted loss = 0.497  adv prob = 0.166667   acc = 0.801
Current lr: 0.000017
Current lr: 0.000017
Current validation accuracy: 0.9087803363800049
Best model saved at epoch 0


Epoch [1]:
Training:
Average incurred loss: 0.517  
Average sample loss: 0.517  
Average acc: 0.790  
  gold_label_random = 0, sentence2_has_negation = 0  [n = 267]:	loss = 0.508  exp loss = 0.476  adjusted loss = 0.476  adv prob = 0.166667   acc = 0.783
  gold_label_random = 0, sentence2_has_negation = 1  [n = 262]:	loss = 0.148  exp loss = 0.139  adjusted loss = 0.139  adv prob = 0.166667   acc = 0.954
  gold_label_random = 1, sentence2_has_negation = 0  [n = 271]:	loss = 0.390  exp loss = 0.274  adjusted loss = 0.274  adv prob = 0.166667   acc = 0.856
  gold_label_random = 1, sentence2_has_negation = 1  [n = 271]:	loss = 0.542  exp loss = 0.641  adjusted loss = 0.641  adv prob = 0.166667   acc = 0.804
  gold_label_random = 2, sentence2_has_negation = 0  [n = 259]:	loss = 0.656  exp loss = 0.647  adjusted loss = 0.647  adv prob = 0.166667   acc = 0.710
  gold_label_random = 2, sentence2_has_negation = 1  [n = 270]:	loss = 0.854  exp loss = 0.842  adjusted loss = 0.842  adv prob = 0.166667   acc = 0.633
Average incurred loss: 0.524  
Average sample loss: 0.524  
Average acc: 0.789  
  gold_label_random = 0, sentence2_has_negation = 0  [n = 275]:	loss = 0.637  exp loss = 0.995  adjusted loss = 0.995  adv prob = 0.166667   acc = 0.727
  gold_label_random = 0, sentence2_has_negation = 1  [n = 276]:	loss = 0.152  exp loss = 0.115  adjusted loss = 0.115  adv prob = 0.166667   acc = 0.949
  gold_label_random = 1, sentence2_has_negation = 0  [n = 264]:	loss = 0.374  exp loss = 0.386  adjusted loss = 0.386  adv prob = 0.166667   acc = 0.867
  gold_label_random = 1, sentence2_has_negation = 1  [n = 254]:	loss = 0.622  exp loss = 0.677  adjusted loss = 0.677  adv prob = 0.166667   acc = 0.772
  gold_label_random = 2, sentence2_has_negation = 0  [n = 263]:	loss = 0.492  exp loss = 0.409  adjusted loss = 0.409  adv prob = 0.166667   acc = 0.783
  gold_label_random = 2, sentence2_has_negation = 1  [n = 268]:	loss = 0.877  exp loss = 1.109  adjusted loss = 1.109  adv prob = 0.166667   acc = 0.631
Average incurred loss: 0.536  
Average sample loss: 0.535  
Average acc: 0.801  
  gold_label_random = 0, sentence2_has_negation = 0  [n = 71]:	loss = 0.536  exp loss = 0.590  adjusted loss = 0.590  adv prob = 0.166667   acc = 0.775
  gold_label_random = 0, sentence2_has_negation = 1  [n = 75]:	loss = 0.152  exp loss = 0.164  adjusted loss = 0.164  adv prob = 0.166667   acc = 0.987
  gold_label_random = 1, sentence2_has_negation = 0  [n = 78]:	loss = 0.567  exp loss = 0.506  adjusted loss = 0.506  adv prob = 0.166667   acc = 0.846
  gold_label_random = 1, sentence2_has_negation = 1  [n = 88]:	loss = 0.617  exp loss = 0.534  adjusted loss = 0.534  adv prob = 0.166667   acc = 0.795
  gold_label_random = 2, sentence2_has_negation = 0  [n = 91]:	loss = 0.624  exp loss = 0.551  adjusted loss = 0.551  adv prob = 0.166667   acc = 0.758
  gold_label_random = 2, sentence2_has_negation = 1  [n = 75]:	loss = 0.688  exp loss = 0.769  adjusted loss = 0.769  adv prob = 0.166667   acc = 0.653

Validation:
Average incurred loss: 0.274  
Average sample loss: 0.274  
Average acc: 0.906  
  gold_label_random = 0, sentence2_has_negation = 0  [n = 79699]:	loss = 0.360  exp loss = 0.517  adjusted loss = 0.517  adv prob = 0.166667   acc = 0.870
  gold_label_random = 0, sentence2_has_negation = 1  [n = 15179]:	loss = 0.102  exp loss = 0.044  adjusted loss = 0.044  adv prob = 0.166667   acc = 0.974
  gold_label_random = 1, sentence2_has_negation = 0  [n = 93712]:	loss = 0.187  exp loss = 0.220  adjusted loss = 0.220  adv prob = 0.166667   acc = 0.946
  gold_label_random = 1, sentence2_has_negation = 1  [n = 1521]:	loss = 0.209  exp loss = 0.093  adjusted loss = 0.093  adv prob = 0.166667   acc = 0.942
  gold_label_random = 2, sentence2_has_negation = 0  [n = 92672]:	loss = 0.312  exp loss = 0.315  adjusted loss = 0.315  adv prob = 0.166667   acc = 0.887
  gold_label_random = 2, sentence2_has_negation = 1  [n = 2176]:	loss = 0.449  exp loss = 0.413  adjusted loss = 0.413  adv prob = 0.166667   acc = 0.824
Current lr: 0.000013
Current lr: 0.000013
Current validation accuracy: 0.9062512516975403


Epoch [2]:
Training:
Average incurred loss: 0.519  
Average sample loss: 0.519  
Average acc: 0.790  
  gold_label_random = 0, sentence2_has_negation = 0  [n = 275]:	loss = 0.633  exp loss = 0.752  adjusted loss = 0.752  adv prob = 0.166667   acc = 0.724
  gold_label_random = 0, sentence2_has_negation = 1  [n = 258]:	loss = 0.193  exp loss = 0.193  adjusted loss = 0.193  adv prob = 0.166667   acc = 0.942
  gold_label_random = 1, sentence2_has_negation = 0  [n = 266]:	loss = 0.398  exp loss = 0.342  adjusted loss = 0.342  adv prob = 0.166667   acc = 0.850
  gold_label_random = 1, sentence2_has_negation = 1  [n = 274]:	loss = 0.533  exp loss = 0.492  adjusted loss = 0.492  adv prob = 0.166667   acc = 0.799
  gold_label_random = 2, sentence2_has_negation = 0  [n = 255]:	loss = 0.512  exp loss = 0.399  adjusted loss = 0.399  adv prob = 0.166667   acc = 0.804
  gold_label_random = 2, sentence2_has_negation = 1  [n = 272]:	loss = 0.827  exp loss = 0.724  adjusted loss = 0.724  adv prob = 0.166667   acc = 0.632
Average incurred loss: 0.525  
Average sample loss: 0.525  
Average acc: 0.783  
  gold_label_random = 0, sentence2_has_negation = 0  [n = 263]:	loss = 0.594  exp loss = 0.607  adjusted loss = 0.607  adv prob = 0.166667   acc = 0.734
  gold_label_random = 0, sentence2_has_negation = 1  [n = 264]:	loss = 0.203  exp loss = 0.178  adjusted loss = 0.178  adv prob = 0.166667   acc = 0.932
  gold_label_random = 1, sentence2_has_negation = 0  [n = 258]:	loss = 0.371  exp loss = 0.455  adjusted loss = 0.455  adv prob = 0.166667   acc = 0.853
  gold_label_random = 1, sentence2_has_negation = 1  [n = 267]:	loss = 0.616  exp loss = 0.616  adjusted loss = 0.616  adv prob = 0.166667   acc = 0.787
  gold_label_random = 2, sentence2_has_negation = 0  [n = 292]:	loss = 0.557  exp loss = 0.455  adjusted loss = 0.455  adv prob = 0.166667   acc = 0.777
  gold_label_random = 2, sentence2_has_negation = 1  [n = 256]:	loss = 0.807  exp loss = 0.841  adjusted loss = 0.841  adv prob = 0.166667   acc = 0.613
Average incurred loss: 0.434  
Average sample loss: 0.434  
Average acc: 0.845  
  gold_label_random = 0, sentence2_has_negation = 0  [n = 75]:	loss = 0.549  exp loss = 0.501  adjusted loss = 0.501  adv prob = 0.166667   acc = 0.827
  gold_label_random = 0, sentence2_has_negation = 1  [n = 91]:	loss = 0.128  exp loss = 0.155  adjusted loss = 0.155  adv prob = 0.166667   acc = 0.989
  gold_label_random = 1, sentence2_has_negation = 0  [n = 89]:	loss = 0.325  exp loss = 0.345  adjusted loss = 0.345  adv prob = 0.166667   acc = 0.899
  gold_label_random = 1, sentence2_has_negation = 1  [n = 72]:	loss = 0.456  exp loss = 0.459  adjusted loss = 0.459  adv prob = 0.166667   acc = 0.861
  gold_label_random = 2, sentence2_has_negation = 0  [n = 66]:	loss = 0.665  exp loss = 0.668  adjusted loss = 0.668  adv prob = 0.166667   acc = 0.742
  gold_label_random = 2, sentence2_has_negation = 1  [n = 85]:	loss = 0.577  exp loss = 0.630  adjusted loss = 0.630  adv prob = 0.166667   acc = 0.718

Validation:
Average incurred loss: 0.278  
Average sample loss: 0.278  
Average acc: 0.905  
  gold_label_random = 0, sentence2_has_negation = 0  [n = 79699]:	loss = 0.382  exp loss = 0.534  adjusted loss = 0.534  adv prob = 0.166667   acc = 0.861
  gold_label_random = 0, sentence2_has_negation = 1  [n = 15179]:	loss = 0.114  exp loss = 0.053  adjusted loss = 0.053  adv prob = 0.166667   acc = 0.971
  gold_label_random = 1, sentence2_has_negation = 0  [n = 93712]:	loss = 0.190  exp loss = 0.222  adjusted loss = 0.222  adv prob = 0.166667   acc = 0.946
  gold_label_random = 1, sentence2_has_negation = 1  [n = 1521]:	loss = 0.212  exp loss = 0.099  adjusted loss = 0.099  adv prob = 0.166667   acc = 0.942
  gold_label_random = 2, sentence2_has_negation = 0  [n = 92672]:	loss = 0.303  exp loss = 0.307  adjusted loss = 0.307  adv prob = 0.166667   acc = 0.891
  gold_label_random = 2, sentence2_has_negation = 1  [n = 2176]:	loss = 0.429  exp loss = 0.387  adjusted loss = 0.387  adv prob = 0.166667   acc = 0.834
Current lr: 0.000010
Current lr: 0.000010
Current validation accuracy: 0.9048607349395752


Epoch [3]:
Training:
Average incurred loss: 0.518  
Average sample loss: 0.518  
Average acc: 0.786  
  gold_label_random = 0, sentence2_has_negation = 0  [n = 246]:	loss = 0.647  exp loss = 0.693  adjusted loss = 0.693  adv prob = 0.166667   acc = 0.715
  gold_label_random = 0, sentence2_has_negation = 1  [n = 264]:	loss = 0.214  exp loss = 0.208  adjusted loss = 0.208  adv prob = 0.166667   acc = 0.932
  gold_label_random = 1, sentence2_has_negation = 0  [n = 274]:	loss = 0.356  exp loss = 0.388  adjusted loss = 0.388  adv prob = 0.166667   acc = 0.861
  gold_label_random = 1, sentence2_has_negation = 1  [n = 267]:	loss = 0.610  exp loss = 0.626  adjusted loss = 0.626  adv prob = 0.166667   acc = 0.794
  gold_label_random = 2, sentence2_has_negation = 0  [n = 262]:	loss = 0.491  exp loss = 0.602  adjusted loss = 0.602  adv prob = 0.166667   acc = 0.798
  gold_label_random = 2, sentence2_has_negation = 1  [n = 287]:	loss = 0.783  exp loss = 0.738  adjusted loss = 0.738  adv prob = 0.166667   acc = 0.620
Average incurred loss: 0.519  
Average sample loss: 0.519  
Average acc: 0.800  
  gold_label_random = 0, sentence2_has_negation = 0  [n = 280]:	loss = 0.630  exp loss = 0.597  adjusted loss = 0.597  adv prob = 0.166667   acc = 0.750
  gold_label_random = 0, sentence2_has_negation = 1  [n = 266]:	loss = 0.188  exp loss = 0.175  adjusted loss = 0.175  adv prob = 0.166667   acc = 0.944
  gold_label_random = 1, sentence2_has_negation = 0  [n = 251]:	loss = 0.406  exp loss = 0.371  adjusted loss = 0.371  adv prob = 0.166667   acc = 0.849
  gold_label_random = 1, sentence2_has_negation = 1  [n = 259]:	loss = 0.605  exp loss = 0.550  adjusted loss = 0.550  adv prob = 0.166667   acc = 0.784
  gold_label_random = 2, sentence2_has_negation = 0  [n = 294]:	loss = 0.638  exp loss = 0.605  adjusted loss = 0.605  adv prob = 0.166667   acc = 0.755
  gold_label_random = 2, sentence2_has_negation = 1  [n = 250]:	loss = 0.634  exp loss = 0.506  adjusted loss = 0.506  adv prob = 0.166667   acc = 0.724
Average incurred loss: 0.507  
Average sample loss: 0.508  
Average acc: 0.799  
  gold_label_random = 0, sentence2_has_negation = 0  [n = 87]:	loss = 0.559  exp loss = 0.544  adjusted loss = 0.544  adv prob = 0.166667   acc = 0.782
  gold_label_random = 0, sentence2_has_negation = 1  [n = 83]:	loss = 0.194  exp loss = 0.175  adjusted loss = 0.175  adv prob = 0.166667   acc = 0.952
  gold_label_random = 1, sentence2_has_negation = 0  [n = 88]:	loss = 0.429  exp loss = 0.419  adjusted loss = 0.419  adv prob = 0.166667   acc = 0.830
  gold_label_random = 1, sentence2_has_negation = 1  [n = 87]:	loss = 0.573  exp loss = 0.600  adjusted loss = 0.600  adv prob = 0.166667   acc = 0.805
  gold_label_random = 2, sentence2_has_negation = 0  [n = 57]:	loss = 0.557  exp loss = 0.646  adjusted loss = 0.646  adv prob = 0.166667   acc = 0.772
  gold_label_random = 2, sentence2_has_negation = 1  [n = 76]:	loss = 0.769  exp loss = 0.636  adjusted loss = 0.636  adv prob = 0.166667   acc = 0.632

Validation:
Average incurred loss: 0.282  
Average sample loss: 0.282  
Average acc: 0.904  
  gold_label_random = 0, sentence2_has_negation = 0  [n = 79699]:	loss = 0.397  exp loss = 0.547  adjusted loss = 0.547  adv prob = 0.166667   acc = 0.855
  gold_label_random = 0, sentence2_has_negation = 1  [n = 15179]:	loss = 0.123  exp loss = 0.058  adjusted loss = 0.058  adv prob = 0.166667   acc = 0.969
  gold_label_random = 1, sentence2_has_negation = 0  [n = 93712]:	loss = 0.192  exp loss = 0.224  adjusted loss = 0.224  adv prob = 0.166667   acc = 0.946
  gold_label_random = 1, sentence2_has_negation = 1  [n = 1521]:	loss = 0.215  exp loss = 0.103  adjusted loss = 0.103  adv prob = 0.166667   acc = 0.942
  gold_label_random = 2, sentence2_has_negation = 0  [n = 92672]:	loss = 0.296  exp loss = 0.302  adjusted loss = 0.302  adv prob = 0.166667   acc = 0.894
  gold_label_random = 2, sentence2_has_negation = 1  [n = 2176]:	loss = 0.416  exp loss = 0.371  adjusted loss = 0.371  adv prob = 0.166667   acc = 0.840
Current lr: 0.000007
Current lr: 0.000007
Current validation accuracy: 0.903801679611206


Epoch [4]:
Training:
Average incurred loss: 0.518  
Average sample loss: 0.518  
Average acc: 0.802  
  gold_label_random = 0, sentence2_has_negation = 0  [n = 282]:	loss = 0.614  exp loss = 0.759  adjusted loss = 0.759  adv prob = 0.166667   acc = 0.762
  gold_label_random = 0, sentence2_has_negation = 1  [n = 271]:	loss = 0.216  exp loss = 0.176  adjusted loss = 0.176  adv prob = 0.166667   acc = 0.930
  gold_label_random = 1, sentence2_has_negation = 0  [n = 271]:	loss = 0.434  exp loss = 0.398  adjusted loss = 0.398  adv prob = 0.166667   acc = 0.845
  gold_label_random = 1, sentence2_has_negation = 1  [n = 264]:	loss = 0.534  exp loss = 0.416  adjusted loss = 0.416  adv prob = 0.166667   acc = 0.803
  gold_label_random = 2, sentence2_has_negation = 0  [n = 262]:	loss = 0.624  exp loss = 0.694  adjusted loss = 0.694  adv prob = 0.166667   acc = 0.752
  gold_label_random = 2, sentence2_has_negation = 1  [n = 250]:	loss = 0.699  exp loss = 0.622  adjusted loss = 0.622  adv prob = 0.166667   acc = 0.712
Average incurred loss: 0.515  
Average sample loss: 0.515  
Average acc: 0.795  
  gold_label_random = 0, sentence2_has_negation = 0  [n = 263]:	loss = 0.642  exp loss = 0.605  adjusted loss = 0.605  adv prob = 0.166667   acc = 0.715
  gold_label_random = 0, sentence2_has_negation = 1  [n = 255]:	loss = 0.223  exp loss = 0.258  adjusted loss = 0.258  adv prob = 0.166667   acc = 0.918
  gold_label_random = 1, sentence2_has_negation = 0  [n = 263]:	loss = 0.375  exp loss = 0.384  adjusted loss = 0.384  adv prob = 0.166667   acc = 0.871
  gold_label_random = 1, sentence2_has_negation = 1  [n = 274]:	loss = 0.601  exp loss = 0.600  adjusted loss = 0.600  adv prob = 0.166667   acc = 0.785
  gold_label_random = 2, sentence2_has_negation = 0  [n = 265]:	loss = 0.485  exp loss = 0.471  adjusted loss = 0.471  adv prob = 0.166667   acc = 0.811
  gold_label_random = 2, sentence2_has_negation = 1  [n = 280]:	loss = 0.739  exp loss = 0.718  adjusted loss = 0.718  adv prob = 0.166667   acc = 0.682
Average incurred loss: 0.468  
Average sample loss: 0.469  
Average acc: 0.801  
  gold_label_random = 0, sentence2_has_negation = 0  [n = 68]:	loss = 0.658  exp loss = 0.651  adjusted loss = 0.651  adv prob = 0.166667   acc = 0.721
  gold_label_random = 0, sentence2_has_negation = 1  [n = 87]:	loss = 0.176  exp loss = 0.173  adjusted loss = 0.173  adv prob = 0.166667   acc = 0.931
  gold_label_random = 1, sentence2_has_negation = 0  [n = 79]:	loss = 0.339  exp loss = 0.389  adjusted loss = 0.389  adv prob = 0.166667   acc = 0.873
  gold_label_random = 1, sentence2_has_negation = 1  [n = 75]:	loss = 0.423  exp loss = 0.395  adjusted loss = 0.395  adv prob = 0.166667   acc = 0.853
  gold_label_random = 2, sentence2_has_negation = 0  [n = 86]:	loss = 0.467  exp loss = 0.448  adjusted loss = 0.448  adv prob = 0.166667   acc = 0.802
  gold_label_random = 2, sentence2_has_negation = 1  [n = 83]:	loss = 0.783  exp loss = 0.691  adjusted loss = 0.691  adv prob = 0.166667   acc = 0.614

Validation:
Average incurred loss: 0.282  
Average sample loss: 0.282  
Average acc: 0.904  
  gold_label_random = 0, sentence2_has_negation = 0  [n = 79699]:	loss = 0.401  exp loss = 0.550  adjusted loss = 0.550  adv prob = 0.166667   acc = 0.854
  gold_label_random = 0, sentence2_has_negation = 1  [n = 15179]:	loss = 0.124  exp loss = 0.060  adjusted loss = 0.060  adv prob = 0.166667   acc = 0.969
  gold_label_random = 1, sentence2_has_negation = 0  [n = 93712]:	loss = 0.192  exp loss = 0.224  adjusted loss = 0.224  adv prob = 0.166667   acc = 0.946
  gold_label_random = 1, sentence2_has_negation = 1  [n = 1521]:	loss = 0.214  exp loss = 0.104  adjusted loss = 0.104  adv prob = 0.166667   acc = 0.943
  gold_label_random = 2, sentence2_has_negation = 0  [n = 92672]:	loss = 0.296  exp loss = 0.301  adjusted loss = 0.301  adv prob = 0.166667   acc = 0.894
  gold_label_random = 2, sentence2_has_negation = 1  [n = 2176]:	loss = 0.415  exp loss = 0.371  adjusted loss = 0.371  adv prob = 0.166667   acc = 0.841
Current lr: 0.000003
Current lr: 0.000003
Current validation accuracy: 0.9035797715187073


Epoch [5]:
Training:
Average incurred loss: 0.486  
Average sample loss: 0.486  
Average acc: 0.803  
  gold_label_random = 0, sentence2_has_negation = 0  [n = 274]:	loss = 0.667  exp loss = 0.538  adjusted loss = 0.538  adv prob = 0.166667   acc = 0.715
  gold_label_random = 0, sentence2_has_negation = 1  [n = 274]:	loss = 0.196  exp loss = 0.201  adjusted loss = 0.201  adv prob = 0.166667   acc = 0.942
  gold_label_random = 1, sentence2_has_negation = 0  [n = 271]:	loss = 0.324  exp loss = 0.320  adjusted loss = 0.320  adv prob = 0.166667   acc = 0.886
  gold_label_random = 1, sentence2_has_negation = 1  [n = 246]:	loss = 0.458  exp loss = 0.466  adjusted loss = 0.466  adv prob = 0.166667   acc = 0.846
  gold_label_random = 2, sentence2_has_negation = 0  [n = 266]:	loss = 0.533  exp loss = 0.612  adjusted loss = 0.612  adv prob = 0.166667   acc = 0.782
  gold_label_random = 2, sentence2_has_negation = 1  [n = 269]:	loss = 0.741  exp loss = 0.700  adjusted loss = 0.700  adv prob = 0.166667   acc = 0.651
Average incurred loss: 0.525  
Average sample loss: 0.525  
Average acc: 0.794  
  gold_label_random = 0, sentence2_has_negation = 0  [n = 271]:	loss = 0.635  exp loss = 0.624  adjusted loss = 0.624  adv prob = 0.166667   acc = 0.756
  gold_label_random = 0, sentence2_has_negation = 1  [n = 256]:	loss = 0.222  exp loss = 0.246  adjusted loss = 0.246  adv prob = 0.166667   acc = 0.918
  gold_label_random = 1, sentence2_has_negation = 0  [n = 265]:	loss = 0.436  exp loss = 0.375  adjusted loss = 0.375  adv prob = 0.166667   acc = 0.838
  gold_label_random = 1, sentence2_has_negation = 1  [n = 271]:	loss = 0.609  exp loss = 0.534  adjusted loss = 0.534  adv prob = 0.166667   acc = 0.779
  gold_label_random = 2, sentence2_has_negation = 0  [n = 272]:	loss = 0.525  exp loss = 0.663  adjusted loss = 0.663  adv prob = 0.166667   acc = 0.779
  gold_label_random = 2, sentence2_has_negation = 1  [n = 265]:	loss = 0.709  exp loss = 0.693  adjusted loss = 0.693  adv prob = 0.166667   acc = 0.698
Average incurred loss: 0.546  
Average sample loss: 0.546  
Average acc: 0.791  
  gold_label_random = 0, sentence2_has_negation = 0  [n = 68]:	loss = 0.625  exp loss = 0.561  adjusted loss = 0.561  adv prob = 0.166667   acc = 0.750
  gold_label_random = 0, sentence2_has_negation = 1  [n = 83]:	loss = 0.188  exp loss = 0.186  adjusted loss = 0.186  adv prob = 0.166667   acc = 0.952
  gold_label_random = 1, sentence2_has_negation = 0  [n = 77]:	loss = 0.520  exp loss = 0.441  adjusted loss = 0.441  adv prob = 0.166667   acc = 0.870
  gold_label_random = 1, sentence2_has_negation = 1  [n = 96]:	loss = 0.650  exp loss = 0.624  adjusted loss = 0.624  adv prob = 0.166667   acc = 0.771
  gold_label_random = 2, sentence2_has_negation = 0  [n = 75]:	loss = 0.640  exp loss = 0.602  adjusted loss = 0.602  adv prob = 0.166667   acc = 0.707
  gold_label_random = 2, sentence2_has_negation = 1  [n = 79]:	loss = 0.662  exp loss = 0.608  adjusted loss = 0.608  adv prob = 0.166667   acc = 0.684

Validation:
Average incurred loss: 0.283  
Average sample loss: 0.283  
Average acc: 0.903  
  gold_label_random = 0, sentence2_has_negation = 0  [n = 79699]:	loss = 0.403  exp loss = 0.552  adjusted loss = 0.552  adv prob = 0.166667   acc = 0.852
  gold_label_random = 0, sentence2_has_negation = 1  [n = 15179]:	loss = 0.125  exp loss = 0.061  adjusted loss = 0.061  adv prob = 0.166667   acc = 0.968
  gold_label_random = 1, sentence2_has_negation = 0  [n = 93712]:	loss = 0.192  exp loss = 0.224  adjusted loss = 0.224  adv prob = 0.166667   acc = 0.946
  gold_label_random = 1, sentence2_has_negation = 1  [n = 1521]:	loss = 0.214  exp loss = 0.104  adjusted loss = 0.104  adv prob = 0.166667   acc = 0.943
  gold_label_random = 2, sentence2_has_negation = 0  [n = 92672]:	loss = 0.295  exp loss = 0.300  adjusted loss = 0.300  adv prob = 0.166667   acc = 0.894
  gold_label_random = 2, sentence2_has_negation = 1  [n = 2176]:	loss = 0.413  exp loss = 0.368  adjusted loss = 0.368  adv prob = 0.166667   acc = 0.842
Current lr: 0.000000
Current lr: 0.000000
Current validation accuracy: 0.9033486843109131

Total Experiment Time: 8382.7s
Finished with job 730 (seed=333)
