




 Using bert params 







WARNING: You are using 'multinli_metadata_val_as_train.csv' instead of the default 'metadata.csv'.


Dataset: MultiNLI
Shift type: confounder
Wandb: False
Project name: spurious
Target name: gold_label_random
Confounder names: ['sentence2_has_negation']
Up weight: 0
Resume: False
Finetune: True
Normalize: False
Recalculate groups: False
Unfreeze: 0
Restart layers: 0
Minority fraction: None
Imbalance ratio: None
Fraction: 1.0
Root dir: ../datasets
Reweight groups: True
Augment data: False
Val fraction: 0.1
Loss type: group_dro
Alpha: 0.2
Generalization adjustment: 0.0
Sv dropout: 0.0
Automatic adjustment: False
Robust step size: 0.01
Joint dro alpha: 1
Use normalized loss: False
Btl: False
Hinge: False
Model: bert-base-uncased
Train from scratch: False
Pretrained path: pretrained_models/MultiNLI/erm_0.9_222.pth
N epochs: 6
Batch size: 32
Lr: 2e-05
Scheduler: False
L1: 0.0
Weight decay: 0.0
Gamma: 0.1
Minimum variational weight: 0
Seed: 222
Accum: 1
Show progress: False
Log dir: results/MultiNLI/erm_gdro/model_outputs_222
Log every: 50
Save step: 10
Save best: True
Save last: True
Use bert params: 1
Num folds per sweep: 5
Num sweeps: 4
Q: 0.7
Metadata csv name: multinli_metadata_val_as_train.csv
Fold: None
Metadata path: None
Aug col: None
Max grad norm: 1.0
Adam epsilon: 1e-08
Warmup steps: 0

Training Data...
    gold_label_random = 0, sentence2_has_negation = 0: n = 613
    gold_label_random = 0, sentence2_has_negation = 1: n = 613
    gold_label_random = 1, sentence2_has_negation = 0: n = 613
    gold_label_random = 1, sentence2_has_negation = 1: n = 613
    gold_label_random = 2, sentence2_has_negation = 0: n = 613
    gold_label_random = 2, sentence2_has_negation = 1: n = 613
Validation Data...
    gold_label_random = 0, sentence2_has_negation = 0: n = 79699
    gold_label_random = 0, sentence2_has_negation = 1: n = 15179
    gold_label_random = 1, sentence2_has_negation = 0: n = 93712
    gold_label_random = 1, sentence2_has_negation = 1: n = 1521
    gold_label_random = 2, sentence2_has_negation = 0: n = 92672
    gold_label_random = 2, sentence2_has_negation = 1: n = 2176
Test Data...
    gold_label_random = 0, sentence2_has_negation = 0: n = 34597
    gold_label_random = 0, sentence2_has_negation = 1: n = 6655
    gold_label_random = 1, sentence2_has_negation = 0: n = 40496
    gold_label_random = 1, sentence2_has_negation = 1: n = 886
    gold_label_random = 2, sentence2_has_negation = 0: n = 39930
    gold_label_random = 2, sentence2_has_negation = 1: n = 1148
Training
Loading pretrained model from: pretrained_models/MultiNLI/erm_0.9_222.pth
bert.embeddings.word_embeddings.weight False
bert.embeddings.position_embeddings.weight False
bert.embeddings.token_type_embeddings.weight False
bert.embeddings.LayerNorm.weight False
bert.embeddings.LayerNorm.bias False
bert.encoder.layer.0.attention.self.query.weight False
bert.encoder.layer.0.attention.self.query.bias False
bert.encoder.layer.0.attention.self.key.weight False
bert.encoder.layer.0.attention.self.key.bias False
bert.encoder.layer.0.attention.self.value.weight False
bert.encoder.layer.0.attention.self.value.bias False
bert.encoder.layer.0.attention.output.dense.weight False
bert.encoder.layer.0.attention.output.dense.bias False
bert.encoder.layer.0.attention.output.LayerNorm.weight False
bert.encoder.layer.0.attention.output.LayerNorm.bias False
bert.encoder.layer.0.intermediate.dense.weight False
bert.encoder.layer.0.intermediate.dense.bias False
bert.encoder.layer.0.output.dense.weight False
bert.encoder.layer.0.output.dense.bias False
bert.encoder.layer.0.output.LayerNorm.weight False
bert.encoder.layer.0.output.LayerNorm.bias False
bert.encoder.layer.1.attention.self.query.weight False
bert.encoder.layer.1.attention.self.query.bias False
bert.encoder.layer.1.attention.self.key.weight False
bert.encoder.layer.1.attention.self.key.bias False
bert.encoder.layer.1.attention.self.value.weight False
bert.encoder.layer.1.attention.self.value.bias False
bert.encoder.layer.1.attention.output.dense.weight False
bert.encoder.layer.1.attention.output.dense.bias False
bert.encoder.layer.1.attention.output.LayerNorm.weight False
bert.encoder.layer.1.attention.output.LayerNorm.bias False
bert.encoder.layer.1.intermediate.dense.weight False
bert.encoder.layer.1.intermediate.dense.bias False
bert.encoder.layer.1.output.dense.weight False
bert.encoder.layer.1.output.dense.bias False
bert.encoder.layer.1.output.LayerNorm.weight False
bert.encoder.layer.1.output.LayerNorm.bias False
bert.encoder.layer.2.attention.self.query.weight False
bert.encoder.layer.2.attention.self.query.bias False
bert.encoder.layer.2.attention.self.key.weight False
bert.encoder.layer.2.attention.self.key.bias False
bert.encoder.layer.2.attention.self.value.weight False
bert.encoder.layer.2.attention.self.value.bias False
bert.encoder.layer.2.attention.output.dense.weight False
bert.encoder.layer.2.attention.output.dense.bias False
bert.encoder.layer.2.attention.output.LayerNorm.weight False
bert.encoder.layer.2.attention.output.LayerNorm.bias False
bert.encoder.layer.2.intermediate.dense.weight False
bert.encoder.layer.2.intermediate.dense.bias False
bert.encoder.layer.2.output.dense.weight False
bert.encoder.layer.2.output.dense.bias False
bert.encoder.layer.2.output.LayerNorm.weight False
bert.encoder.layer.2.output.LayerNorm.bias False
bert.encoder.layer.3.attention.self.query.weight False
bert.encoder.layer.3.attention.self.query.bias False
bert.encoder.layer.3.attention.self.key.weight False
bert.encoder.layer.3.attention.self.key.bias False
bert.encoder.layer.3.attention.self.value.weight False
bert.encoder.layer.3.attention.self.value.bias False
bert.encoder.layer.3.attention.output.dense.weight False
bert.encoder.layer.3.attention.output.dense.bias False
bert.encoder.layer.3.attention.output.LayerNorm.weight False
bert.encoder.layer.3.attention.output.LayerNorm.bias False
bert.encoder.layer.3.intermediate.dense.weight False
bert.encoder.layer.3.intermediate.dense.bias False
bert.encoder.layer.3.output.dense.weight False
bert.encoder.layer.3.output.dense.bias False
bert.encoder.layer.3.output.LayerNorm.weight False
bert.encoder.layer.3.output.LayerNorm.bias False
bert.encoder.layer.4.attention.self.query.weight False
bert.encoder.layer.4.attention.self.query.bias False
bert.encoder.layer.4.attention.self.key.weight False
bert.encoder.layer.4.attention.self.key.bias False
bert.encoder.layer.4.attention.self.value.weight False
bert.encoder.layer.4.attention.self.value.bias False
bert.encoder.layer.4.attention.output.dense.weight False
bert.encoder.layer.4.attention.output.dense.bias False
bert.encoder.layer.4.attention.output.LayerNorm.weight False
bert.encoder.layer.4.attention.output.LayerNorm.bias False
bert.encoder.layer.4.intermediate.dense.weight False
bert.encoder.layer.4.intermediate.dense.bias False
bert.encoder.layer.4.output.dense.weight False
bert.encoder.layer.4.output.dense.bias False
bert.encoder.layer.4.output.LayerNorm.weight False
bert.encoder.layer.4.output.LayerNorm.bias False
bert.encoder.layer.5.attention.self.query.weight False
bert.encoder.layer.5.attention.self.query.bias False
bert.encoder.layer.5.attention.self.key.weight False
bert.encoder.layer.5.attention.self.key.bias False
bert.encoder.layer.5.attention.self.value.weight False
bert.encoder.layer.5.attention.self.value.bias False
bert.encoder.layer.5.attention.output.dense.weight False
bert.encoder.layer.5.attention.output.dense.bias False
bert.encoder.layer.5.attention.output.LayerNorm.weight False
bert.encoder.layer.5.attention.output.LayerNorm.bias False
bert.encoder.layer.5.intermediate.dense.weight False
bert.encoder.layer.5.intermediate.dense.bias False
bert.encoder.layer.5.output.dense.weight False
bert.encoder.layer.5.output.dense.bias False
bert.encoder.layer.5.output.LayerNorm.weight False
bert.encoder.layer.5.output.LayerNorm.bias False
bert.encoder.layer.6.attention.self.query.weight False
bert.encoder.layer.6.attention.self.query.bias False
bert.encoder.layer.6.attention.self.key.weight False
bert.encoder.layer.6.attention.self.key.bias False
bert.encoder.layer.6.attention.self.value.weight False
bert.encoder.layer.6.attention.self.value.bias False
bert.encoder.layer.6.attention.output.dense.weight False
bert.encoder.layer.6.attention.output.dense.bias False
bert.encoder.layer.6.attention.output.LayerNorm.weight False
bert.encoder.layer.6.attention.output.LayerNorm.bias False
bert.encoder.layer.6.intermediate.dense.weight False
bert.encoder.layer.6.intermediate.dense.bias False
bert.encoder.layer.6.output.dense.weight False
bert.encoder.layer.6.output.dense.bias False
bert.encoder.layer.6.output.LayerNorm.weight False
bert.encoder.layer.6.output.LayerNorm.bias False
bert.encoder.layer.7.attention.self.query.weight False
bert.encoder.layer.7.attention.self.query.bias False
bert.encoder.layer.7.attention.self.key.weight False
bert.encoder.layer.7.attention.self.key.bias False
bert.encoder.layer.7.attention.self.value.weight False
bert.encoder.layer.7.attention.self.value.bias False
bert.encoder.layer.7.attention.output.dense.weight False
bert.encoder.layer.7.attention.output.dense.bias False
bert.encoder.layer.7.attention.output.LayerNorm.weight False
bert.encoder.layer.7.attention.output.LayerNorm.bias False
bert.encoder.layer.7.intermediate.dense.weight False
bert.encoder.layer.7.intermediate.dense.bias False
bert.encoder.layer.7.output.dense.weight False
bert.encoder.layer.7.output.dense.bias False
bert.encoder.layer.7.output.LayerNorm.weight False
bert.encoder.layer.7.output.LayerNorm.bias False
bert.encoder.layer.8.attention.self.query.weight False
bert.encoder.layer.8.attention.self.query.bias False
bert.encoder.layer.8.attention.self.key.weight False
bert.encoder.layer.8.attention.self.key.bias False
bert.encoder.layer.8.attention.self.value.weight False
bert.encoder.layer.8.attention.self.value.bias False
bert.encoder.layer.8.attention.output.dense.weight False
bert.encoder.layer.8.attention.output.dense.bias False
bert.encoder.layer.8.attention.output.LayerNorm.weight False
bert.encoder.layer.8.attention.output.LayerNorm.bias False
bert.encoder.layer.8.intermediate.dense.weight False
bert.encoder.layer.8.intermediate.dense.bias False
bert.encoder.layer.8.output.dense.weight False
bert.encoder.layer.8.output.dense.bias False
bert.encoder.layer.8.output.LayerNorm.weight False
bert.encoder.layer.8.output.LayerNorm.bias False
bert.encoder.layer.9.attention.self.query.weight False
bert.encoder.layer.9.attention.self.query.bias False
bert.encoder.layer.9.attention.self.key.weight False
bert.encoder.layer.9.attention.self.key.bias False
bert.encoder.layer.9.attention.self.value.weight False
bert.encoder.layer.9.attention.self.value.bias False
bert.encoder.layer.9.attention.output.dense.weight False
bert.encoder.layer.9.attention.output.dense.bias False
bert.encoder.layer.9.attention.output.LayerNorm.weight False
bert.encoder.layer.9.attention.output.LayerNorm.bias False
bert.encoder.layer.9.intermediate.dense.weight False
bert.encoder.layer.9.intermediate.dense.bias False
bert.encoder.layer.9.output.dense.weight False
bert.encoder.layer.9.output.dense.bias False
bert.encoder.layer.9.output.LayerNorm.weight False
bert.encoder.layer.9.output.LayerNorm.bias False
bert.encoder.layer.10.attention.self.query.weight False
bert.encoder.layer.10.attention.self.query.bias False
bert.encoder.layer.10.attention.self.key.weight False
bert.encoder.layer.10.attention.self.key.bias False
bert.encoder.layer.10.attention.self.value.weight False
bert.encoder.layer.10.attention.self.value.bias False
bert.encoder.layer.10.attention.output.dense.weight False
bert.encoder.layer.10.attention.output.dense.bias False
bert.encoder.layer.10.attention.output.LayerNorm.weight False
bert.encoder.layer.10.attention.output.LayerNorm.bias False
bert.encoder.layer.10.intermediate.dense.weight False
bert.encoder.layer.10.intermediate.dense.bias False
bert.encoder.layer.10.output.dense.weight False
bert.encoder.layer.10.output.dense.bias False
bert.encoder.layer.10.output.LayerNorm.weight False
bert.encoder.layer.10.output.LayerNorm.bias False
bert.encoder.layer.11.attention.self.query.weight False
bert.encoder.layer.11.attention.self.query.bias False
bert.encoder.layer.11.attention.self.key.weight False
bert.encoder.layer.11.attention.self.key.bias False
bert.encoder.layer.11.attention.self.value.weight False
bert.encoder.layer.11.attention.self.value.bias False
bert.encoder.layer.11.attention.output.dense.weight False
bert.encoder.layer.11.attention.output.dense.bias False
bert.encoder.layer.11.attention.output.LayerNorm.weight False
bert.encoder.layer.11.attention.output.LayerNorm.bias False
bert.encoder.layer.11.intermediate.dense.weight False
bert.encoder.layer.11.intermediate.dense.bias False
bert.encoder.layer.11.output.dense.weight False
bert.encoder.layer.11.output.dense.bias False
bert.encoder.layer.11.output.LayerNorm.weight False
bert.encoder.layer.11.output.LayerNorm.bias False
bert.pooler.dense.weight False
bert.pooler.dense.bias False
classifier.weight True
classifier.bias True

t_total is 690


Epoch [0]:
Training:
Average incurred loss: 0.803  
Average sample loss: 0.813  
Average acc: 0.781  
  gold_label_random = 0, sentence2_has_negation = 0  [n = 289]:	loss = 0.677  exp loss = 0.778  adjusted loss = 0.778  adv prob = 0.155439   acc = 0.803
  gold_label_random = 0, sentence2_has_negation = 1  [n = 254]:	loss = 0.088  exp loss = 0.042  adjusted loss = 0.042  adv prob = 0.115599   acc = 0.969
  gold_label_random = 1, sentence2_has_negation = 0  [n = 248]:	loss = 0.655  exp loss = 0.762  adjusted loss = 0.762  adv prob = 0.154105   acc = 0.819
  gold_label_random = 1, sentence2_has_negation = 1  [n = 274]:	loss = 1.181  exp loss = 0.897  adjusted loss = 0.897  adv prob = 0.193575   acc = 0.737
  gold_label_random = 2, sentence2_has_negation = 0  [n = 268]:	loss = 0.704  exp loss = 0.801  adjusted loss = 0.801  adv prob = 0.155708   acc = 0.776
  gold_label_random = 2, sentence2_has_negation = 1  [n = 267]:	loss = 1.469  exp loss = 1.758  adjusted loss = 1.758  adv prob = 0.225574   acc = 0.592
Average incurred loss: 0.717  
Average sample loss: 0.859  
Average acc: 0.793  
  gold_label_random = 0, sentence2_has_negation = 0  [n = 242]:	loss = 0.546  exp loss = 0.587  adjusted loss = 0.587  adv prob = 0.133440   acc = 0.826
  gold_label_random = 0, sentence2_has_negation = 1  [n = 280]:	loss = 0.071  exp loss = 0.057  adjusted loss = 0.057  adv prob = 0.077906   acc = 0.982
  gold_label_random = 1, sentence2_has_negation = 0  [n = 308]:	loss = 0.642  exp loss = 0.563  adjusted loss = 0.563  adv prob = 0.136700   acc = 0.805
  gold_label_random = 1, sentence2_has_negation = 1  [n = 246]:	loss = 1.144  exp loss = 0.979  adjusted loss = 0.979  adv prob = 0.218041   acc = 0.715
  gold_label_random = 2, sentence2_has_negation = 0  [n = 261]:	loss = 0.706  exp loss = 0.967  adjusted loss = 0.967  adv prob = 0.149187   acc = 0.778
  gold_label_random = 2, sentence2_has_negation = 1  [n = 263]:	loss = 1.261  exp loss = 1.019  adjusted loss = 1.019  adv prob = 0.284727   acc = 0.631
Average incurred loss: 0.766  
Average sample loss: 0.854  
Average acc: 0.778  
  gold_label_random = 0, sentence2_has_negation = 0  [n = 92]:	loss = 0.949  exp loss = 0.762  adjusted loss = 0.762  adv prob = 0.135818   acc = 0.739
  gold_label_random = 0, sentence2_has_negation = 1  [n = 82]:	loss = 0.113  exp loss = 0.053  adjusted loss = 0.053  adv prob = 0.069365   acc = 0.976
  gold_label_random = 1, sentence2_has_negation = 0  [n = 69]:	loss = 0.725  exp loss = 0.718  adjusted loss = 0.718  adv prob = 0.133233   acc = 0.812
  gold_label_random = 1, sentence2_has_negation = 1  [n = 72]:	loss = 1.068  exp loss = 1.042  adjusted loss = 1.042  adv prob = 0.221668   acc = 0.722
  gold_label_random = 2, sentence2_has_negation = 0  [n = 75]:	loss = 0.734  exp loss = 0.714  adjusted loss = 0.714  adv prob = 0.146033   acc = 0.760
  gold_label_random = 2, sentence2_has_negation = 1  [n = 88]:	loss = 0.997  exp loss = 0.929  adjusted loss = 0.929  adv prob = 0.293883   acc = 0.670

Validation:
Average incurred loss: 0.211  
Average sample loss: 0.227  
Average acc: 0.941  
  gold_label_random = 0, sentence2_has_negation = 0  [n = 79699]:	loss = 0.225  exp loss = 0.424  adjusted loss = 0.424  adv prob = 0.164972   acc = 0.935
  gold_label_random = 0, sentence2_has_negation = 1  [n = 15179]:	loss = 0.049  exp loss = 0.012  adjusted loss = 0.012  adv prob = 0.000000   acc = 0.986
  gold_label_random = 1, sentence2_has_negation = 0  [n = 93712]:	loss = 0.195  exp loss = 0.177  adjusted loss = 0.177  adv prob = 0.009766   acc = 0.951
  gold_label_random = 1, sentence2_has_negation = 1  [n = 1521]:	loss = 0.090  exp loss = 0.018  adjusted loss = 0.018  adv prob = 0.000000   acc = 0.977
  gold_label_random = 2, sentence2_has_negation = 0  [n = 92672]:	loss = 0.243  exp loss = 0.247  adjusted loss = 0.247  adv prob = 0.825262   acc = 0.927
  gold_label_random = 2, sentence2_has_negation = 1  [n = 2176]:	loss = 0.248  exp loss = 0.228  adjusted loss = 0.228  adv prob = 0.000000   acc = 0.926
Current lr: 0.000017
Current lr: 0.000017
Current validation accuracy: 0.9260110855102539
Best model saved at epoch 0


Epoch [1]:
Training:
Average incurred loss: 0.713  
Average sample loss: 0.894  
Average acc: 0.789  
  gold_label_random = 0, sentence2_has_negation = 0  [n = 272]:	loss = 0.631  exp loss = 0.714  adjusted loss = 0.714  adv prob = 0.120104   acc = 0.805
  gold_label_random = 0, sentence2_has_negation = 1  [n = 246]:	loss = 0.183  exp loss = 0.153  adjusted loss = 0.153  adv prob = 0.048949   acc = 0.947
  gold_label_random = 1, sentence2_has_negation = 0  [n = 274]:	loss = 0.561  exp loss = 0.841  adjusted loss = 0.841  adv prob = 0.114073   acc = 0.828
  gold_label_random = 1, sentence2_has_negation = 1  [n = 252]:	loss = 0.932  exp loss = 0.911  adjusted loss = 0.911  adv prob = 0.234379   acc = 0.782
  gold_label_random = 2, sentence2_has_negation = 0  [n = 262]:	loss = 0.789  exp loss = 0.620  adjusted loss = 0.620  adv prob = 0.139562   acc = 0.752
  gold_label_random = 2, sentence2_has_negation = 1  [n = 294]:	loss = 1.121  exp loss = 1.220  adjusted loss = 1.220  adv prob = 0.342933   acc = 0.646
Average incurred loss: 0.644  
Average sample loss: 0.845  
Average acc: 0.796  
  gold_label_random = 0, sentence2_has_negation = 0  [n = 252]:	loss = 0.667  exp loss = 0.667  adjusted loss = 0.667  adv prob = 0.111297   acc = 0.790
  gold_label_random = 0, sentence2_has_negation = 1  [n = 293]:	loss = 0.123  exp loss = 0.186  adjusted loss = 0.186  adv prob = 0.034077   acc = 0.962
  gold_label_random = 1, sentence2_has_negation = 0  [n = 261]:	loss = 0.605  exp loss = 0.842  adjusted loss = 0.842  adv prob = 0.100729   acc = 0.820
  gold_label_random = 1, sentence2_has_negation = 1  [n = 254]:	loss = 0.759  exp loss = 0.832  adjusted loss = 0.832  adv prob = 0.225424   acc = 0.783
  gold_label_random = 2, sentence2_has_negation = 0  [n = 267]:	loss = 0.604  exp loss = 0.478  adjusted loss = 0.478  adv prob = 0.121447   acc = 0.783
  gold_label_random = 2, sentence2_has_negation = 1  [n = 273]:	loss = 1.152  exp loss = 1.214  adjusted loss = 1.214  adv prob = 0.407025   acc = 0.626
Average incurred loss: 0.610  
Average sample loss: 0.804  
Average acc: 0.818  
  gold_label_random = 0, sentence2_has_negation = 0  [n = 84]:	loss = 0.507  exp loss = 0.456  adjusted loss = 0.456  adv prob = 0.106746   acc = 0.845
  gold_label_random = 0, sentence2_has_negation = 1  [n = 77]:	loss = 0.097  exp loss = 0.157  adjusted loss = 0.157  adv prob = 0.030729   acc = 0.987
  gold_label_random = 1, sentence2_has_negation = 0  [n = 92]:	loss = 0.443  exp loss = 0.578  adjusted loss = 0.578  adv prob = 0.094659   acc = 0.870
  gold_label_random = 1, sentence2_has_negation = 1  [n = 76]:	loss = 1.302  exp loss = 1.204  adjusted loss = 1.204  adv prob = 0.241636   acc = 0.645
  gold_label_random = 2, sentence2_has_negation = 0  [n = 82]:	loss = 0.514  exp loss = 0.489  adjusted loss = 0.489  adv prob = 0.115482   acc = 0.829
  gold_label_random = 2, sentence2_has_negation = 1  [n = 67]:	loss = 0.893  exp loss = 0.927  adjusted loss = 0.927  adv prob = 0.410747   acc = 0.701

Validation:
Average incurred loss: 0.207  
Average sample loss: 0.221  
Average acc: 0.940  
  gold_label_random = 0, sentence2_has_negation = 0  [n = 79699]:	loss = 0.236  exp loss = 0.426  adjusted loss = 0.426  adv prob = 0.770010   acc = 0.931
  gold_label_random = 0, sentence2_has_negation = 1  [n = 15179]:	loss = 0.060  exp loss = 0.016  adjusted loss = 0.016  adv prob = 0.000000   acc = 0.984
  gold_label_random = 1, sentence2_has_negation = 0  [n = 93712]:	loss = 0.193  exp loss = 0.180  adjusted loss = 0.180  adv prob = 0.014069   acc = 0.950
  gold_label_random = 1, sentence2_has_negation = 1  [n = 1521]:	loss = 0.095  exp loss = 0.024  adjusted loss = 0.024  adv prob = 0.000000   acc = 0.977
  gold_label_random = 2, sentence2_has_negation = 0  [n = 92672]:	loss = 0.223  exp loss = 0.231  adjusted loss = 0.231  adv prob = 0.215921   acc = 0.931
  gold_label_random = 2, sentence2_has_negation = 1  [n = 2176]:	loss = 0.215  exp loss = 0.190  adjusted loss = 0.190  adv prob = 0.000000   acc = 0.932
Current lr: 0.000013
Current lr: 0.000013
Current validation accuracy: 0.9305101037025452
Best model saved at epoch 1


Epoch [2]:
Training:
Average incurred loss: 0.647  
Average sample loss: 0.864  
Average acc: 0.793  
  gold_label_random = 0, sentence2_has_negation = 0  [n = 238]:	loss = 0.568  exp loss = 0.492  adjusted loss = 0.492  adv prob = 0.090077   acc = 0.790
  gold_label_random = 0, sentence2_has_negation = 1  [n = 287]:	loss = 0.127  exp loss = 0.123  adjusted loss = 0.123  adv prob = 0.021184   acc = 0.962
  gold_label_random = 1, sentence2_has_negation = 0  [n = 267]:	loss = 0.561  exp loss = 0.522  adjusted loss = 0.522  adv prob = 0.083337   acc = 0.820
  gold_label_random = 1, sentence2_has_negation = 1  [n = 278]:	loss = 0.975  exp loss = 0.966  adjusted loss = 0.966  adv prob = 0.257698   acc = 0.741
  gold_label_random = 2, sentence2_has_negation = 0  [n = 275]:	loss = 0.652  exp loss = 0.688  adjusted loss = 0.688  adv prob = 0.103670   acc = 0.764
  gold_label_random = 2, sentence2_has_negation = 1  [n = 255]:	loss = 1.031  exp loss = 0.863  adjusted loss = 0.863  adv prob = 0.444033   acc = 0.663
Average incurred loss: 0.647  
Average sample loss: 0.824  
Average acc: 0.794  
  gold_label_random = 0, sentence2_has_negation = 0  [n = 271]:	loss = 0.661  exp loss = 0.948  adjusted loss = 0.948  adv prob = 0.084452   acc = 0.812
  gold_label_random = 0, sentence2_has_negation = 1  [n = 250]:	loss = 0.162  exp loss = 0.213  adjusted loss = 0.213  adv prob = 0.015281   acc = 0.936
  gold_label_random = 1, sentence2_has_negation = 0  [n = 254]:	loss = 0.613  exp loss = 0.630  adjusted loss = 0.630  adv prob = 0.076343   acc = 0.815
  gold_label_random = 1, sentence2_has_negation = 1  [n = 289]:	loss = 0.885  exp loss = 0.874  adjusted loss = 0.874  adv prob = 0.271727   acc = 0.768
  gold_label_random = 2, sentence2_has_negation = 0  [n = 278]:	loss = 0.588  exp loss = 0.579  adjusted loss = 0.579  adv prob = 0.092628   acc = 0.784
  gold_label_random = 2, sentence2_has_negation = 1  [n = 258]:	loss = 0.932  exp loss = 0.643  adjusted loss = 0.643  adv prob = 0.459568   acc = 0.655
Average incurred loss: 0.591  
Average sample loss: 0.824  
Average acc: 0.810  
  gold_label_random = 0, sentence2_has_negation = 0  [n = 89]:	loss = 0.494  exp loss = 0.608  adjusted loss = 0.608  adv prob = 0.080595   acc = 0.831
  gold_label_random = 0, sentence2_has_negation = 1  [n = 72]:	loss = 0.169  exp loss = 0.205  adjusted loss = 0.205  adv prob = 0.013832   acc = 0.917
  gold_label_random = 1, sentence2_has_negation = 0  [n = 68]:	loss = 0.415  exp loss = 0.511  adjusted loss = 0.511  adv prob = 0.071772   acc = 0.882
  gold_label_random = 1, sentence2_has_negation = 1  [n = 78]:	loss = 0.990  exp loss = 1.033  adjusted loss = 1.033  adv prob = 0.283135   acc = 0.744
  gold_label_random = 2, sentence2_has_negation = 0  [n = 79]:	loss = 0.501  exp loss = 0.489  adjusted loss = 0.489  adv prob = 0.087980   acc = 0.835
  gold_label_random = 2, sentence2_has_negation = 1  [n = 92]:	loss = 0.886  exp loss = 0.944  adjusted loss = 0.944  adv prob = 0.462686   acc = 0.685

Validation:
Average incurred loss: 0.206  
Average sample loss: 0.230  
Average acc: 0.940  
  gold_label_random = 0, sentence2_has_negation = 0  [n = 79699]:	loss = 0.248  exp loss = 0.431  adjusted loss = 0.431  adv prob = 0.965457   acc = 0.927
  gold_label_random = 0, sentence2_has_negation = 1  [n = 15179]:	loss = 0.070  exp loss = 0.021  adjusted loss = 0.021  adv prob = 0.000000   acc = 0.982
  gold_label_random = 1, sentence2_has_negation = 0  [n = 93712]:	loss = 0.194  exp loss = 0.183  adjusted loss = 0.183  adv prob = 0.006692   acc = 0.950
  gold_label_random = 1, sentence2_has_negation = 1  [n = 1521]:	loss = 0.101  exp loss = 0.030  adjusted loss = 0.030  adv prob = 0.000000   acc = 0.977
  gold_label_random = 2, sentence2_has_negation = 0  [n = 92672]:	loss = 0.208  exp loss = 0.219  adjusted loss = 0.219  adv prob = 0.027850   acc = 0.933
  gold_label_random = 2, sentence2_has_negation = 1  [n = 2176]:	loss = 0.195  exp loss = 0.168  adjusted loss = 0.168  adv prob = 0.000000   acc = 0.937
Current lr: 0.000010
Current lr: 0.000010
Current validation accuracy: 0.9265130758285522


Epoch [3]:
Training:
Average incurred loss: 0.635  
Average sample loss: 0.783  
Average acc: 0.791  
  gold_label_random = 0, sentence2_has_negation = 0  [n = 271]:	loss = 0.608  exp loss = 0.664  adjusted loss = 0.664  adv prob = 0.074400   acc = 0.779
  gold_label_random = 0, sentence2_has_negation = 1  [n = 229]:	loss = 0.173  exp loss = 0.237  adjusted loss = 0.237  adv prob = 0.010403   acc = 0.952
  gold_label_random = 1, sentence2_has_negation = 0  [n = 281]:	loss = 0.603  exp loss = 0.664  adjusted loss = 0.664  adv prob = 0.065294   acc = 0.822
  gold_label_random = 1, sentence2_has_negation = 1  [n = 279]:	loss = 0.883  exp loss = 0.712  adjusted loss = 0.712  adv prob = 0.292933   acc = 0.763
  gold_label_random = 2, sentence2_has_negation = 0  [n = 275]:	loss = 0.623  exp loss = 0.585  adjusted loss = 0.585  adv prob = 0.082478   acc = 0.767
  gold_label_random = 2, sentence2_has_negation = 1  [n = 265]:	loss = 0.846  exp loss = 0.862  adjusted loss = 0.862  adv prob = 0.474493   acc = 0.683
Average incurred loss: 0.622  
Average sample loss: 0.818  
Average acc: 0.802  
  gold_label_random = 0, sentence2_has_negation = 0  [n = 255]:	loss = 0.699  exp loss = 0.673  adjusted loss = 0.673  adv prob = 0.069863   acc = 0.780
  gold_label_random = 0, sentence2_has_negation = 1  [n = 265]:	loss = 0.208  exp loss = 0.183  adjusted loss = 0.183  adv prob = 0.007644   acc = 0.936
  gold_label_random = 1, sentence2_has_negation = 0  [n = 262]:	loss = 0.569  exp loss = 0.578  adjusted loss = 0.578  adv prob = 0.058706   acc = 0.828
  gold_label_random = 1, sentence2_has_negation = 1  [n = 275]:	loss = 0.950  exp loss = 0.878  adjusted loss = 0.878  adv prob = 0.316428   acc = 0.742
  gold_label_random = 2, sentence2_has_negation = 0  [n = 282]:	loss = 0.514  exp loss = 0.315  adjusted loss = 0.315  adv prob = 0.070440   acc = 0.826
  gold_label_random = 2, sentence2_has_negation = 1  [n = 261]:	loss = 0.791  exp loss = 1.027  adjusted loss = 1.027  adv prob = 0.476919   acc = 0.701
Average incurred loss: 0.569  
Average sample loss: 0.843  
Average acc: 0.801  
  gold_label_random = 0, sentence2_has_negation = 0  [n = 78]:	loss = 0.394  exp loss = 0.434  adjusted loss = 0.434  adv prob = 0.065324   acc = 0.859
  gold_label_random = 0, sentence2_has_negation = 1  [n = 77]:	loss = 0.216  exp loss = 0.190  adjusted loss = 0.190  adv prob = 0.006958   acc = 0.961
  gold_label_random = 1, sentence2_has_negation = 0  [n = 88]:	loss = 0.474  exp loss = 0.400  adjusted loss = 0.400  adv prob = 0.055407   acc = 0.841
  gold_label_random = 1, sentence2_has_negation = 1  [n = 59]:	loss = 0.972  exp loss = 1.088  adjusted loss = 1.088  adv prob = 0.324998   acc = 0.695
  gold_label_random = 2, sentence2_has_negation = 0  [n = 83]:	loss = 0.477  exp loss = 0.570  adjusted loss = 0.570  adv prob = 0.067022   acc = 0.807
  gold_label_random = 2, sentence2_has_negation = 1  [n = 93]:	loss = 0.926  exp loss = 0.784  adjusted loss = 0.784  adv prob = 0.480293   acc = 0.645

Validation:
Average incurred loss: 0.208  
Average sample loss: 0.244  
Average acc: 0.939  
  gold_label_random = 0, sentence2_has_negation = 0  [n = 79699]:	loss = 0.263  exp loss = 0.442  adjusted loss = 0.442  adv prob = 0.994892   acc = 0.922
  gold_label_random = 0, sentence2_has_negation = 1  [n = 15179]:	loss = 0.082  exp loss = 0.028  adjusted loss = 0.028  adv prob = 0.000000   acc = 0.980
  gold_label_random = 1, sentence2_has_negation = 0  [n = 93712]:	loss = 0.193  exp loss = 0.185  adjusted loss = 0.185  adv prob = 0.001683   acc = 0.950
  gold_label_random = 1, sentence2_has_negation = 1  [n = 1521]:	loss = 0.103  exp loss = 0.033  adjusted loss = 0.033  adv prob = 0.000000   acc = 0.976
  gold_label_random = 2, sentence2_has_negation = 0  [n = 92672]:	loss = 0.199  exp loss = 0.212  adjusted loss = 0.212  adv prob = 0.003425   acc = 0.934
  gold_label_random = 2, sentence2_has_negation = 1  [n = 2176]:	loss = 0.181  exp loss = 0.150  adjusted loss = 0.150  adv prob = 0.000000   acc = 0.940
Current lr: 0.000007
Current lr: 0.000007
Current validation accuracy: 0.922069251537323


Epoch [4]:
Training:
Average incurred loss: 0.647  
Average sample loss: 0.894  
Average acc: 0.791  
  gold_label_random = 0, sentence2_has_negation = 0  [n = 274]:	loss = 0.725  exp loss = 0.746  adjusted loss = 0.746  adv prob = 0.059371   acc = 0.774
  gold_label_random = 0, sentence2_has_negation = 1  [n = 281]:	loss = 0.172  exp loss = 0.286  adjusted loss = 0.286  adv prob = 0.004840   acc = 0.954
  gold_label_random = 1, sentence2_has_negation = 0  [n = 250]:	loss = 0.534  exp loss = 0.552  adjusted loss = 0.552  adv prob = 0.047379   acc = 0.836
  gold_label_random = 1, sentence2_has_negation = 1  [n = 262]:	loss = 1.079  exp loss = 0.881  adjusted loss = 0.881  adv prob = 0.360106   acc = 0.710
  gold_label_random = 2, sentence2_has_negation = 0  [n = 253]:	loss = 0.527  exp loss = 0.568  adjusted loss = 0.568  adv prob = 0.055956   acc = 0.818
  gold_label_random = 2, sentence2_has_negation = 1  [n = 280]:	loss = 0.853  exp loss = 0.898  adjusted loss = 0.898  adv prob = 0.472348   acc = 0.654
Average incurred loss: 0.669  
Average sample loss: 0.865  
Average acc: 0.777  
  gold_label_random = 0, sentence2_has_negation = 0  [n = 263]:	loss = 0.715  exp loss = 0.715  adjusted loss = 0.715  adv prob = 0.055376   acc = 0.730
  gold_label_random = 0, sentence2_has_negation = 1  [n = 280]:	loss = 0.218  exp loss = 0.195  adjusted loss = 0.195  adv prob = 0.003479   acc = 0.932
  gold_label_random = 1, sentence2_has_negation = 0  [n = 265]:	loss = 0.520  exp loss = 0.515  adjusted loss = 0.515  adv prob = 0.040625   acc = 0.834
  gold_label_random = 1, sentence2_has_negation = 1  [n = 284]:	loss = 1.153  exp loss = 1.075  adjusted loss = 1.075  adv prob = 0.397651   acc = 0.694
  gold_label_random = 2, sentence2_has_negation = 0  [n = 253]:	loss = 0.583  exp loss = 0.503  adjusted loss = 0.503  adv prob = 0.048344   acc = 0.794
  gold_label_random = 2, sentence2_has_negation = 1  [n = 255]:	loss = 0.814  exp loss = 0.715  adjusted loss = 0.715  adv prob = 0.454524   acc = 0.675
Average incurred loss: 0.671  
Average sample loss: 0.950  
Average acc: 0.776  
  gold_label_random = 0, sentence2_has_negation = 0  [n = 79]:	loss = 0.785  exp loss = 0.719  adjusted loss = 0.719  adv prob = 0.053506   acc = 0.734
  gold_label_random = 0, sentence2_has_negation = 1  [n = 85]:	loss = 0.080  exp loss = 0.116  adjusted loss = 0.116  adv prob = 0.003054   acc = 0.976
  gold_label_random = 1, sentence2_has_negation = 0  [n = 79]:	loss = 0.602  exp loss = 0.554  adjusted loss = 0.554  adv prob = 0.037991   acc = 0.835
  gold_label_random = 1, sentence2_has_negation = 1  [n = 67]:	loss = 1.438  exp loss = 1.283  adjusted loss = 1.283  adv prob = 0.419587   acc = 0.597
  gold_label_random = 2, sentence2_has_negation = 0  [n = 80]:	loss = 0.422  exp loss = 0.441  adjusted loss = 0.441  adv prob = 0.044468   acc = 0.813
  gold_label_random = 2, sentence2_has_negation = 1  [n = 88]:	loss = 0.844  exp loss = 0.759  adjusted loss = 0.759  adv prob = 0.441394   acc = 0.670

Validation:
Average incurred loss: 0.210  
Average sample loss: 0.255  
Average acc: 0.938  
  gold_label_random = 0, sentence2_has_negation = 0  [n = 79699]:	loss = 0.274  exp loss = 0.451  adjusted loss = 0.451  adv prob = 0.998545   acc = 0.919
  gold_label_random = 0, sentence2_has_negation = 1  [n = 15179]:	loss = 0.092  exp loss = 0.034  adjusted loss = 0.034  adv prob = 0.000000   acc = 0.977
  gold_label_random = 1, sentence2_has_negation = 0  [n = 93712]:	loss = 0.192  exp loss = 0.184  adjusted loss = 0.184  adv prob = 0.000559   acc = 0.951
  gold_label_random = 1, sentence2_has_negation = 1  [n = 1521]:	loss = 0.104  exp loss = 0.035  adjusted loss = 0.035  adv prob = 0.000000   acc = 0.976
  gold_label_random = 2, sentence2_has_negation = 0  [n = 92672]:	loss = 0.195  exp loss = 0.209  adjusted loss = 0.209  adv prob = 0.000896   acc = 0.935
  gold_label_random = 2, sentence2_has_negation = 1  [n = 2176]:	loss = 0.173  exp loss = 0.140  adjusted loss = 0.140  adv prob = 0.000000   acc = 0.941
Current lr: 0.000003
Current lr: 0.000003
Current validation accuracy: 0.9187807440757751


Epoch [5]:
Training:
Average incurred loss: 0.564  
Average sample loss: 0.743  
Average acc: 0.807  
  gold_label_random = 0, sentence2_has_negation = 0  [n = 273]:	loss = 0.601  exp loss = 0.551  adjusted loss = 0.551  adv prob = 0.049878   acc = 0.780
  gold_label_random = 0, sentence2_has_negation = 1  [n = 291]:	loss = 0.238  exp loss = 0.192  adjusted loss = 0.192  adv prob = 0.002382   acc = 0.938
  gold_label_random = 1, sentence2_has_negation = 0  [n = 250]:	loss = 0.512  exp loss = 0.621  adjusted loss = 0.621  adv prob = 0.034211   acc = 0.824
  gold_label_random = 1, sentence2_has_negation = 1  [n = 260]:	loss = 0.797  exp loss = 0.918  adjusted loss = 0.918  adv prob = 0.433153   acc = 0.777
  gold_label_random = 2, sentence2_has_negation = 0  [n = 250]:	loss = 0.522  exp loss = 0.452  adjusted loss = 0.452  adv prob = 0.039348   acc = 0.812
  gold_label_random = 2, sentence2_has_negation = 1  [n = 276]:	loss = 0.739  exp loss = 0.721  adjusted loss = 0.721  adv prob = 0.441028   acc = 0.703
Average incurred loss: 0.643  
Average sample loss: 0.822  
Average acc: 0.784  
  gold_label_random = 0, sentence2_has_negation = 0  [n = 258]:	loss = 0.731  exp loss = 0.743  adjusted loss = 0.743  adv prob = 0.047107   acc = 0.771
  gold_label_random = 0, sentence2_has_negation = 1  [n = 263]:	loss = 0.302  exp loss = 0.327  adjusted loss = 0.327  adv prob = 0.001859   acc = 0.901
  gold_label_random = 1, sentence2_has_negation = 0  [n = 267]:	loss = 0.593  exp loss = 0.638  adjusted loss = 0.638  adv prob = 0.031973   acc = 0.820
  gold_label_random = 1, sentence2_has_negation = 1  [n = 270]:	loss = 0.802  exp loss = 0.746  adjusted loss = 0.746  adv prob = 0.442344   acc = 0.744
  gold_label_random = 2, sentence2_has_negation = 0  [n = 261]:	loss = 0.616  exp loss = 0.659  adjusted loss = 0.659  adv prob = 0.035660   acc = 0.778
  gold_label_random = 2, sentence2_has_negation = 1  [n = 281]:	loss = 0.801  exp loss = 0.890  adjusted loss = 0.890  adv prob = 0.441058   acc = 0.698
Average incurred loss: 0.579  
Average sample loss: 0.668  
Average acc: 0.801  
  gold_label_random = 0, sentence2_has_negation = 0  [n = 96]:	loss = 0.728  exp loss = 0.732  adjusted loss = 0.732  adv prob = 0.047777   acc = 0.771
  gold_label_random = 0, sentence2_has_negation = 1  [n = 83]:	loss = 0.232  exp loss = 0.244  adjusted loss = 0.244  adv prob = 0.001740   acc = 0.940
  gold_label_random = 1, sentence2_has_negation = 0  [n = 72]:	loss = 0.535  exp loss = 0.507  adjusted loss = 0.507  adv prob = 0.031230   acc = 0.861
  gold_label_random = 1, sentence2_has_negation = 1  [n = 74]:	loss = 0.737  exp loss = 0.683  adjusted loss = 0.683  adv prob = 0.449283   acc = 0.770
  gold_label_random = 2, sentence2_has_negation = 0  [n = 76]:	loss = 0.589  exp loss = 0.523  adjusted loss = 0.523  adv prob = 0.035003   acc = 0.789
  gold_label_random = 2, sentence2_has_negation = 1  [n = 77]:	loss = 0.645  exp loss = 0.619  adjusted loss = 0.619  adv prob = 0.434966   acc = 0.675

Validation:
Average incurred loss: 0.211  
Average sample loss: 0.260  
Average acc: 0.938  
  gold_label_random = 0, sentence2_has_negation = 0  [n = 79699]:	loss = 0.278  exp loss = 0.455  adjusted loss = 0.455  adv prob = 0.999095   acc = 0.917
  gold_label_random = 0, sentence2_has_negation = 1  [n = 15179]:	loss = 0.096  exp loss = 0.036  adjusted loss = 0.036  adv prob = 0.000000   acc = 0.977
  gold_label_random = 1, sentence2_has_negation = 0  [n = 93712]:	loss = 0.190  exp loss = 0.183  adjusted loss = 0.183  adv prob = 0.000330   acc = 0.951
  gold_label_random = 1, sentence2_has_negation = 1  [n = 1521]:	loss = 0.103  exp loss = 0.034  adjusted loss = 0.034  adv prob = 0.000000   acc = 0.977
  gold_label_random = 2, sentence2_has_negation = 0  [n = 92672]:	loss = 0.195  exp loss = 0.209  adjusted loss = 0.209  adv prob = 0.000575   acc = 0.936
  gold_label_random = 2, sentence2_has_negation = 1  [n = 2176]:	loss = 0.171  exp loss = 0.137  adjusted loss = 0.137  adv prob = 0.000000   acc = 0.941
Current lr: 0.000000
Current lr: 0.000000
Current validation accuracy: 0.9174640774726868

Total Experiment Time: 8429.4s
Finished with job 732 (seed=222)
