




 Using bert params 







WARNING: You are using 'multinli_metadata_val_as_train.csv' instead of the default 'metadata.csv'.


Dataset: MultiNLI
Shift type: confounder
Wandb: False
Project name: spurious
Target name: gold_label_random
Confounder names: ['sentence2_has_negation']
Up weight: 0
Resume: False
Finetune: True
Normalize: False
Recalculate groups: False
Unfreeze: 0
Restart layers: 0
Minority fraction: None
Imbalance ratio: None
Fraction: 1.0
Root dir: ../datasets
Reweight groups: True
Augment data: False
Val fraction: 0.1
Loss type: group_dro
Alpha: 0.2
Generalization adjustment: 0.0
Sv dropout: 0.0
Automatic adjustment: False
Robust step size: 0.01
Joint dro alpha: 1
Use normalized loss: False
Btl: False
Hinge: False
Model: bert-base-uncased
Train from scratch: False
Pretrained path: pretrained_models/MultiNLI/erm_0.9_333.pth
N epochs: 6
Batch size: 32
Lr: 2e-05
Scheduler: False
L1: 0.0
Weight decay: 0.0
Gamma: 0.1
Minimum variational weight: 0
Seed: 333
Accum: 1
Show progress: False
Log dir: results/MultiNLI/erm_gdro/model_outputs_333
Log every: 50
Save step: 10
Save best: True
Save last: True
Use bert params: 1
Num folds per sweep: 5
Num sweeps: 4
Q: 0.7
Metadata csv name: multinli_metadata_val_as_train.csv
Fold: None
Metadata path: None
Aug col: None
Max grad norm: 1.0
Adam epsilon: 1e-08
Warmup steps: 0

Training Data...
    gold_label_random = 0, sentence2_has_negation = 0: n = 613
    gold_label_random = 0, sentence2_has_negation = 1: n = 613
    gold_label_random = 1, sentence2_has_negation = 0: n = 613
    gold_label_random = 1, sentence2_has_negation = 1: n = 613
    gold_label_random = 2, sentence2_has_negation = 0: n = 613
    gold_label_random = 2, sentence2_has_negation = 1: n = 613
Validation Data...
    gold_label_random = 0, sentence2_has_negation = 0: n = 79699
    gold_label_random = 0, sentence2_has_negation = 1: n = 15179
    gold_label_random = 1, sentence2_has_negation = 0: n = 93712
    gold_label_random = 1, sentence2_has_negation = 1: n = 1521
    gold_label_random = 2, sentence2_has_negation = 0: n = 92672
    gold_label_random = 2, sentence2_has_negation = 1: n = 2176
Test Data...
    gold_label_random = 0, sentence2_has_negation = 0: n = 34597
    gold_label_random = 0, sentence2_has_negation = 1: n = 6655
    gold_label_random = 1, sentence2_has_negation = 0: n = 40496
    gold_label_random = 1, sentence2_has_negation = 1: n = 886
    gold_label_random = 2, sentence2_has_negation = 0: n = 39930
    gold_label_random = 2, sentence2_has_negation = 1: n = 1148
Training
Loading pretrained model from: pretrained_models/MultiNLI/erm_0.9_333.pth
bert.embeddings.word_embeddings.weight False
bert.embeddings.position_embeddings.weight False
bert.embeddings.token_type_embeddings.weight False
bert.embeddings.LayerNorm.weight False
bert.embeddings.LayerNorm.bias False
bert.encoder.layer.0.attention.self.query.weight False
bert.encoder.layer.0.attention.self.query.bias False
bert.encoder.layer.0.attention.self.key.weight False
bert.encoder.layer.0.attention.self.key.bias False
bert.encoder.layer.0.attention.self.value.weight False
bert.encoder.layer.0.attention.self.value.bias False
bert.encoder.layer.0.attention.output.dense.weight False
bert.encoder.layer.0.attention.output.dense.bias False
bert.encoder.layer.0.attention.output.LayerNorm.weight False
bert.encoder.layer.0.attention.output.LayerNorm.bias False
bert.encoder.layer.0.intermediate.dense.weight False
bert.encoder.layer.0.intermediate.dense.bias False
bert.encoder.layer.0.output.dense.weight False
bert.encoder.layer.0.output.dense.bias False
bert.encoder.layer.0.output.LayerNorm.weight False
bert.encoder.layer.0.output.LayerNorm.bias False
bert.encoder.layer.1.attention.self.query.weight False
bert.encoder.layer.1.attention.self.query.bias False
bert.encoder.layer.1.attention.self.key.weight False
bert.encoder.layer.1.attention.self.key.bias False
bert.encoder.layer.1.attention.self.value.weight False
bert.encoder.layer.1.attention.self.value.bias False
bert.encoder.layer.1.attention.output.dense.weight False
bert.encoder.layer.1.attention.output.dense.bias False
bert.encoder.layer.1.attention.output.LayerNorm.weight False
bert.encoder.layer.1.attention.output.LayerNorm.bias False
bert.encoder.layer.1.intermediate.dense.weight False
bert.encoder.layer.1.intermediate.dense.bias False
bert.encoder.layer.1.output.dense.weight False
bert.encoder.layer.1.output.dense.bias False
bert.encoder.layer.1.output.LayerNorm.weight False
bert.encoder.layer.1.output.LayerNorm.bias False
bert.encoder.layer.2.attention.self.query.weight False
bert.encoder.layer.2.attention.self.query.bias False
bert.encoder.layer.2.attention.self.key.weight False
bert.encoder.layer.2.attention.self.key.bias False
bert.encoder.layer.2.attention.self.value.weight False
bert.encoder.layer.2.attention.self.value.bias False
bert.encoder.layer.2.attention.output.dense.weight False
bert.encoder.layer.2.attention.output.dense.bias False
bert.encoder.layer.2.attention.output.LayerNorm.weight False
bert.encoder.layer.2.attention.output.LayerNorm.bias False
bert.encoder.layer.2.intermediate.dense.weight False
bert.encoder.layer.2.intermediate.dense.bias False
bert.encoder.layer.2.output.dense.weight False
bert.encoder.layer.2.output.dense.bias False
bert.encoder.layer.2.output.LayerNorm.weight False
bert.encoder.layer.2.output.LayerNorm.bias False
bert.encoder.layer.3.attention.self.query.weight False
bert.encoder.layer.3.attention.self.query.bias False
bert.encoder.layer.3.attention.self.key.weight False
bert.encoder.layer.3.attention.self.key.bias False
bert.encoder.layer.3.attention.self.value.weight False
bert.encoder.layer.3.attention.self.value.bias False
bert.encoder.layer.3.attention.output.dense.weight False
bert.encoder.layer.3.attention.output.dense.bias False
bert.encoder.layer.3.attention.output.LayerNorm.weight False
bert.encoder.layer.3.attention.output.LayerNorm.bias False
bert.encoder.layer.3.intermediate.dense.weight False
bert.encoder.layer.3.intermediate.dense.bias False
bert.encoder.layer.3.output.dense.weight False
bert.encoder.layer.3.output.dense.bias False
bert.encoder.layer.3.output.LayerNorm.weight False
bert.encoder.layer.3.output.LayerNorm.bias False
bert.encoder.layer.4.attention.self.query.weight False
bert.encoder.layer.4.attention.self.query.bias False
bert.encoder.layer.4.attention.self.key.weight False
bert.encoder.layer.4.attention.self.key.bias False
bert.encoder.layer.4.attention.self.value.weight False
bert.encoder.layer.4.attention.self.value.bias False
bert.encoder.layer.4.attention.output.dense.weight False
bert.encoder.layer.4.attention.output.dense.bias False
bert.encoder.layer.4.attention.output.LayerNorm.weight False
bert.encoder.layer.4.attention.output.LayerNorm.bias False
bert.encoder.layer.4.intermediate.dense.weight False
bert.encoder.layer.4.intermediate.dense.bias False
bert.encoder.layer.4.output.dense.weight False
bert.encoder.layer.4.output.dense.bias False
bert.encoder.layer.4.output.LayerNorm.weight False
bert.encoder.layer.4.output.LayerNorm.bias False
bert.encoder.layer.5.attention.self.query.weight False
bert.encoder.layer.5.attention.self.query.bias False
bert.encoder.layer.5.attention.self.key.weight False
bert.encoder.layer.5.attention.self.key.bias False
bert.encoder.layer.5.attention.self.value.weight False
bert.encoder.layer.5.attention.self.value.bias False
bert.encoder.layer.5.attention.output.dense.weight False
bert.encoder.layer.5.attention.output.dense.bias False
bert.encoder.layer.5.attention.output.LayerNorm.weight False
bert.encoder.layer.5.attention.output.LayerNorm.bias False
bert.encoder.layer.5.intermediate.dense.weight False
bert.encoder.layer.5.intermediate.dense.bias False
bert.encoder.layer.5.output.dense.weight False
bert.encoder.layer.5.output.dense.bias False
bert.encoder.layer.5.output.LayerNorm.weight False
bert.encoder.layer.5.output.LayerNorm.bias False
bert.encoder.layer.6.attention.self.query.weight False
bert.encoder.layer.6.attention.self.query.bias False
bert.encoder.layer.6.attention.self.key.weight False
bert.encoder.layer.6.attention.self.key.bias False
bert.encoder.layer.6.attention.self.value.weight False
bert.encoder.layer.6.attention.self.value.bias False
bert.encoder.layer.6.attention.output.dense.weight False
bert.encoder.layer.6.attention.output.dense.bias False
bert.encoder.layer.6.attention.output.LayerNorm.weight False
bert.encoder.layer.6.attention.output.LayerNorm.bias False
bert.encoder.layer.6.intermediate.dense.weight False
bert.encoder.layer.6.intermediate.dense.bias False
bert.encoder.layer.6.output.dense.weight False
bert.encoder.layer.6.output.dense.bias False
bert.encoder.layer.6.output.LayerNorm.weight False
bert.encoder.layer.6.output.LayerNorm.bias False
bert.encoder.layer.7.attention.self.query.weight False
bert.encoder.layer.7.attention.self.query.bias False
bert.encoder.layer.7.attention.self.key.weight False
bert.encoder.layer.7.attention.self.key.bias False
bert.encoder.layer.7.attention.self.value.weight False
bert.encoder.layer.7.attention.self.value.bias False
bert.encoder.layer.7.attention.output.dense.weight False
bert.encoder.layer.7.attention.output.dense.bias False
bert.encoder.layer.7.attention.output.LayerNorm.weight False
bert.encoder.layer.7.attention.output.LayerNorm.bias False
bert.encoder.layer.7.intermediate.dense.weight False
bert.encoder.layer.7.intermediate.dense.bias False
bert.encoder.layer.7.output.dense.weight False
bert.encoder.layer.7.output.dense.bias False
bert.encoder.layer.7.output.LayerNorm.weight False
bert.encoder.layer.7.output.LayerNorm.bias False
bert.encoder.layer.8.attention.self.query.weight False
bert.encoder.layer.8.attention.self.query.bias False
bert.encoder.layer.8.attention.self.key.weight False
bert.encoder.layer.8.attention.self.key.bias False
bert.encoder.layer.8.attention.self.value.weight False
bert.encoder.layer.8.attention.self.value.bias False
bert.encoder.layer.8.attention.output.dense.weight False
bert.encoder.layer.8.attention.output.dense.bias False
bert.encoder.layer.8.attention.output.LayerNorm.weight False
bert.encoder.layer.8.attention.output.LayerNorm.bias False
bert.encoder.layer.8.intermediate.dense.weight False
bert.encoder.layer.8.intermediate.dense.bias False
bert.encoder.layer.8.output.dense.weight False
bert.encoder.layer.8.output.dense.bias False
bert.encoder.layer.8.output.LayerNorm.weight False
bert.encoder.layer.8.output.LayerNorm.bias False
bert.encoder.layer.9.attention.self.query.weight False
bert.encoder.layer.9.attention.self.query.bias False
bert.encoder.layer.9.attention.self.key.weight False
bert.encoder.layer.9.attention.self.key.bias False
bert.encoder.layer.9.attention.self.value.weight False
bert.encoder.layer.9.attention.self.value.bias False
bert.encoder.layer.9.attention.output.dense.weight False
bert.encoder.layer.9.attention.output.dense.bias False
bert.encoder.layer.9.attention.output.LayerNorm.weight False
bert.encoder.layer.9.attention.output.LayerNorm.bias False
bert.encoder.layer.9.intermediate.dense.weight False
bert.encoder.layer.9.intermediate.dense.bias False
bert.encoder.layer.9.output.dense.weight False
bert.encoder.layer.9.output.dense.bias False
bert.encoder.layer.9.output.LayerNorm.weight False
bert.encoder.layer.9.output.LayerNorm.bias False
bert.encoder.layer.10.attention.self.query.weight False
bert.encoder.layer.10.attention.self.query.bias False
bert.encoder.layer.10.attention.self.key.weight False
bert.encoder.layer.10.attention.self.key.bias False
bert.encoder.layer.10.attention.self.value.weight False
bert.encoder.layer.10.attention.self.value.bias False
bert.encoder.layer.10.attention.output.dense.weight False
bert.encoder.layer.10.attention.output.dense.bias False
bert.encoder.layer.10.attention.output.LayerNorm.weight False
bert.encoder.layer.10.attention.output.LayerNorm.bias False
bert.encoder.layer.10.intermediate.dense.weight False
bert.encoder.layer.10.intermediate.dense.bias False
bert.encoder.layer.10.output.dense.weight False
bert.encoder.layer.10.output.dense.bias False
bert.encoder.layer.10.output.LayerNorm.weight False
bert.encoder.layer.10.output.LayerNorm.bias False
bert.encoder.layer.11.attention.self.query.weight False
bert.encoder.layer.11.attention.self.query.bias False
bert.encoder.layer.11.attention.self.key.weight False
bert.encoder.layer.11.attention.self.key.bias False
bert.encoder.layer.11.attention.self.value.weight False
bert.encoder.layer.11.attention.self.value.bias False
bert.encoder.layer.11.attention.output.dense.weight False
bert.encoder.layer.11.attention.output.dense.bias False
bert.encoder.layer.11.attention.output.LayerNorm.weight False
bert.encoder.layer.11.attention.output.LayerNorm.bias False
bert.encoder.layer.11.intermediate.dense.weight False
bert.encoder.layer.11.intermediate.dense.bias False
bert.encoder.layer.11.output.dense.weight False
bert.encoder.layer.11.output.dense.bias False
bert.encoder.layer.11.output.LayerNorm.weight False
bert.encoder.layer.11.output.LayerNorm.bias False
bert.pooler.dense.weight False
bert.pooler.dense.bias False
classifier.weight True
classifier.bias True

t_total is 690


Epoch [0]:
Training:
Average incurred loss: 0.542  
Average sample loss: 0.561  
Average acc: 0.791  
  gold_label_random = 0, sentence2_has_negation = 0  [n = 259]:	loss = 0.511  exp loss = 0.609  adjusted loss = 0.609  adv prob = 0.162156   acc = 0.807
  gold_label_random = 0, sentence2_has_negation = 1  [n = 278]:	loss = 0.120  exp loss = 0.103  adjusted loss = 0.103  adv prob = 0.133072   acc = 0.957
  gold_label_random = 1, sentence2_has_negation = 0  [n = 242]:	loss = 0.474  exp loss = 0.443  adjusted loss = 0.443  adv prob = 0.159103   acc = 0.826
  gold_label_random = 1, sentence2_has_negation = 1  [n = 276]:	loss = 0.583  exp loss = 0.547  adjusted loss = 0.547  adv prob = 0.170400   acc = 0.793
  gold_label_random = 2, sentence2_has_negation = 0  [n = 275]:	loss = 0.499  exp loss = 0.496  adjusted loss = 0.496  adv prob = 0.160018   acc = 0.782
  gold_label_random = 2, sentence2_has_negation = 1  [n = 270]:	loss = 1.068  exp loss = 1.044  adjusted loss = 1.044  adv prob = 0.215250   acc = 0.578
Average incurred loss: 0.511  
Average sample loss: 0.561  
Average acc: 0.799  
  gold_label_random = 0, sentence2_has_negation = 0  [n = 247]:	loss = 0.478  exp loss = 0.474  adjusted loss = 0.474  adv prob = 0.153450   acc = 0.818
  gold_label_random = 0, sentence2_has_negation = 1  [n = 268]:	loss = 0.122  exp loss = 0.097  adjusted loss = 0.097  adv prob = 0.106366   acc = 0.966
  gold_label_random = 1, sentence2_has_negation = 0  [n = 282]:	loss = 0.293  exp loss = 0.328  adjusted loss = 0.328  adv prob = 0.139803   acc = 0.890
  gold_label_random = 1, sentence2_has_negation = 1  [n = 280]:	loss = 0.615  exp loss = 0.585  adjusted loss = 0.585  adv prob = 0.176159   acc = 0.786
  gold_label_random = 2, sentence2_has_negation = 0  [n = 259]:	loss = 0.642  exp loss = 0.782  adjusted loss = 0.782  adv prob = 0.165837   acc = 0.722
  gold_label_random = 2, sentence2_has_negation = 1  [n = 264]:	loss = 0.927  exp loss = 0.984  adjusted loss = 0.984  adv prob = 0.258386   acc = 0.602
Average incurred loss: 0.493  
Average sample loss: 0.593  
Average acc: 0.812  
  gold_label_random = 0, sentence2_has_negation = 0  [n = 84]:	loss = 0.474  exp loss = 0.464  adjusted loss = 0.464  adv prob = 0.151021   acc = 0.810
  gold_label_random = 0, sentence2_has_negation = 1  [n = 79]:	loss = 0.136  exp loss = 0.128  adjusted loss = 0.128  adv prob = 0.099122   acc = 0.962
  gold_label_random = 1, sentence2_has_negation = 0  [n = 79]:	loss = 0.347  exp loss = 0.326  adjusted loss = 0.326  adv prob = 0.135367   acc = 0.899
  gold_label_random = 1, sentence2_has_negation = 1  [n = 83]:	loss = 0.557  exp loss = 0.663  adjusted loss = 0.663  adv prob = 0.177502   acc = 0.819
  gold_label_random = 2, sentence2_has_negation = 0  [n = 81]:	loss = 0.638  exp loss = 0.723  adjusted loss = 0.723  adv prob = 0.168056   acc = 0.741
  gold_label_random = 2, sentence2_has_negation = 1  [n = 72]:	loss = 0.828  exp loss = 0.941  adjusted loss = 0.941  adv prob = 0.268933   acc = 0.625

Validation:
Average incurred loss: 0.266  
Average sample loss: 0.307  
Average acc: 0.909  
  gold_label_random = 0, sentence2_has_negation = 0  [n = 79699]:	loss = 0.320  exp loss = 0.481  adjusted loss = 0.481  adv prob = 0.604660   acc = 0.886
  gold_label_random = 0, sentence2_has_negation = 1  [n = 15179]:	loss = 0.082  exp loss = 0.031  adjusted loss = 0.031  adv prob = 0.000000   acc = 0.979
  gold_label_random = 1, sentence2_has_negation = 0  [n = 93712]:	loss = 0.198  exp loss = 0.229  adjusted loss = 0.229  adv prob = 0.000009   acc = 0.942
  gold_label_random = 1, sentence2_has_negation = 1  [n = 1521]:	loss = 0.221  exp loss = 0.096  adjusted loss = 0.096  adv prob = 0.000000   acc = 0.937
  gold_label_random = 2, sentence2_has_negation = 0  [n = 92672]:	loss = 0.315  exp loss = 0.312  adjusted loss = 0.312  adv prob = 0.395331   acc = 0.885
  gold_label_random = 2, sentence2_has_negation = 1  [n = 2176]:	loss = 0.482  exp loss = 0.473  adjusted loss = 0.473  adv prob = 0.000000   acc = 0.815
Current lr: 0.000017
Current lr: 0.000017
Current validation accuracy: 0.8147974014282227
Best model saved at epoch 0


Epoch [1]:
Training:
Average incurred loss: 0.528  
Average sample loss: 0.581  
Average acc: 0.793  
  gold_label_random = 0, sentence2_has_negation = 0  [n = 255]:	loss = 0.584  exp loss = 0.496  adjusted loss = 0.496  adv prob = 0.149170   acc = 0.749
  gold_label_random = 0, sentence2_has_negation = 1  [n = 293]:	loss = 0.228  exp loss = 0.470  adjusted loss = 0.470  adv prob = 0.084111   acc = 0.922
  gold_label_random = 1, sentence2_has_negation = 0  [n = 296]:	loss = 0.423  exp loss = 0.445  adjusted loss = 0.445  adv prob = 0.125029   acc = 0.841
  gold_label_random = 1, sentence2_has_negation = 1  [n = 240]:	loss = 0.549  exp loss = 0.404  adjusted loss = 0.404  adv prob = 0.171032   acc = 0.808
  gold_label_random = 2, sentence2_has_negation = 0  [n = 262]:	loss = 0.603  exp loss = 0.523  adjusted loss = 0.523  adv prob = 0.166664   acc = 0.771
  gold_label_random = 2, sentence2_has_negation = 1  [n = 254]:	loss = 0.842  exp loss = 0.757  adjusted loss = 0.757  adv prob = 0.303994   acc = 0.638
Average incurred loss: 0.501  
Average sample loss: 0.559  
Average acc: 0.797  
  gold_label_random = 0, sentence2_has_negation = 0  [n = 279]:	loss = 0.658  exp loss = 0.648  adjusted loss = 0.648  adv prob = 0.156805   acc = 0.746
  gold_label_random = 0, sentence2_has_negation = 1  [n = 261]:	loss = 0.182  exp loss = 0.167  adjusted loss = 0.167  adv prob = 0.069392   acc = 0.931
  gold_label_random = 1, sentence2_has_negation = 0  [n = 260]:	loss = 0.310  exp loss = 0.269  adjusted loss = 0.269  adv prob = 0.110181   acc = 0.896
  gold_label_random = 1, sentence2_has_negation = 1  [n = 232]:	loss = 0.558  exp loss = 0.657  adjusted loss = 0.657  adv prob = 0.170850   acc = 0.797
  gold_label_random = 2, sentence2_has_negation = 0  [n = 297]:	loss = 0.565  exp loss = 0.547  adjusted loss = 0.547  adv prob = 0.167061   acc = 0.768
  gold_label_random = 2, sentence2_has_negation = 1  [n = 271]:	loss = 0.709  exp loss = 0.605  adjusted loss = 0.605  adv prob = 0.325711   acc = 0.657
Average incurred loss: 0.520  
Average sample loss: 0.626  
Average acc: 0.774  
  gold_label_random = 0, sentence2_has_negation = 0  [n = 79]:	loss = 0.521  exp loss = 0.527  adjusted loss = 0.527  adv prob = 0.154405   acc = 0.709
  gold_label_random = 0, sentence2_has_negation = 1  [n = 99]:	loss = 0.228  exp loss = 0.216  adjusted loss = 0.216  adv prob = 0.065187   acc = 0.919
  gold_label_random = 1, sentence2_has_negation = 0  [n = 74]:	loss = 0.345  exp loss = 0.319  adjusted loss = 0.319  adv prob = 0.104776   acc = 0.851
  gold_label_random = 1, sentence2_has_negation = 1  [n = 85]:	loss = 0.737  exp loss = 0.740  adjusted loss = 0.740  adv prob = 0.173430   acc = 0.741
  gold_label_random = 2, sentence2_has_negation = 0  [n = 74]:	loss = 0.484  exp loss = 0.496  adjusted loss = 0.496  adv prob = 0.162481   acc = 0.811
  gold_label_random = 2, sentence2_has_negation = 1  [n = 67]:	loss = 0.911  exp loss = 0.800  adjusted loss = 0.800  adv prob = 0.339721   acc = 0.552

Validation:
Average incurred loss: 0.282  
Average sample loss: 0.383  
Average acc: 0.903  
  gold_label_random = 0, sentence2_has_negation = 0  [n = 79699]:	loss = 0.402  exp loss = 0.548  adjusted loss = 0.548  adv prob = 0.999987   acc = 0.851
  gold_label_random = 0, sentence2_has_negation = 1  [n = 15179]:	loss = 0.125  exp loss = 0.059  adjusted loss = 0.059  adv prob = 0.000000   acc = 0.966
  gold_label_random = 1, sentence2_has_negation = 0  [n = 93712]:	loss = 0.209  exp loss = 0.243  adjusted loss = 0.243  adv prob = 0.000000   acc = 0.940
  gold_label_random = 1, sentence2_has_negation = 1  [n = 1521]:	loss = 0.235  exp loss = 0.114  adjusted loss = 0.114  adv prob = 0.000000   acc = 0.935
  gold_label_random = 2, sentence2_has_negation = 0  [n = 92672]:	loss = 0.276  exp loss = 0.282  adjusted loss = 0.282  adv prob = 0.000013   acc = 0.902
  gold_label_random = 2, sentence2_has_negation = 1  [n = 2176]:	loss = 0.388  exp loss = 0.343  adjusted loss = 0.343  adv prob = 0.000000   acc = 0.852
Current lr: 0.000013
Current lr: 0.000013
Current validation accuracy: 0.8506149649620056
Best model saved at epoch 1


Epoch [2]:
Training:
Average incurred loss: 0.493  
Average sample loss: 0.554  
Average acc: 0.804  
  gold_label_random = 0, sentence2_has_negation = 0  [n = 247]:	loss = 0.617  exp loss = 0.691  adjusted loss = 0.691  adv prob = 0.161332   acc = 0.745
  gold_label_random = 0, sentence2_has_negation = 1  [n = 250]:	loss = 0.225  exp loss = 0.247  adjusted loss = 0.247  adv prob = 0.055785   acc = 0.928
  gold_label_random = 1, sentence2_has_negation = 0  [n = 271]:	loss = 0.320  exp loss = 0.258  adjusted loss = 0.258  adv prob = 0.093827   acc = 0.886
  gold_label_random = 1, sentence2_has_negation = 1  [n = 278]:	loss = 0.540  exp loss = 0.533  adjusted loss = 0.533  adv prob = 0.174950   acc = 0.802
  gold_label_random = 2, sentence2_has_negation = 0  [n = 271]:	loss = 0.648  exp loss = 0.659  adjusted loss = 0.659  adv prob = 0.168099   acc = 0.734
  gold_label_random = 2, sentence2_has_negation = 1  [n = 283]:	loss = 0.590  exp loss = 0.452  adjusted loss = 0.452  adv prob = 0.346008   acc = 0.735
Average incurred loss: 0.508  
Average sample loss: 0.570  
Average acc: 0.789  
  gold_label_random = 0, sentence2_has_negation = 0  [n = 277]:	loss = 0.669  exp loss = 0.789  adjusted loss = 0.789  adv prob = 0.173140   acc = 0.690
  gold_label_random = 0, sentence2_has_negation = 1  [n = 266]:	loss = 0.203  exp loss = 0.204  adjusted loss = 0.204  adv prob = 0.046283   acc = 0.925
  gold_label_random = 1, sentence2_has_negation = 0  [n = 263]:	loss = 0.474  exp loss = 0.427  adjusted loss = 0.427  adv prob = 0.088152   acc = 0.814
  gold_label_random = 1, sentence2_has_negation = 1  [n = 281]:	loss = 0.603  exp loss = 0.559  adjusted loss = 0.559  adv prob = 0.178067   acc = 0.786
  gold_label_random = 2, sentence2_has_negation = 0  [n = 247]:	loss = 0.481  exp loss = 0.427  adjusted loss = 0.427  adv prob = 0.160695   acc = 0.806
  gold_label_random = 2, sentence2_has_negation = 1  [n = 266]:	loss = 0.604  exp loss = 0.610  adjusted loss = 0.610  adv prob = 0.353662   acc = 0.718
Average incurred loss: 0.532  
Average sample loss: 0.595  
Average acc: 0.787  
  gold_label_random = 0, sentence2_has_negation = 0  [n = 99]:	loss = 0.798  exp loss = 0.792  adjusted loss = 0.792  adv prob = 0.178560   acc = 0.697
  gold_label_random = 0, sentence2_has_negation = 1  [n = 76]:	loss = 0.239  exp loss = 0.203  adjusted loss = 0.203  adv prob = 0.043755   acc = 0.934
  gold_label_random = 1, sentence2_has_negation = 0  [n = 69]:	loss = 0.333  exp loss = 0.417  adjusted loss = 0.417  adv prob = 0.085185   acc = 0.899
  gold_label_random = 1, sentence2_has_negation = 1  [n = 73]:	loss = 0.498  exp loss = 0.483  adjusted loss = 0.483  adv prob = 0.175220   acc = 0.795
  gold_label_random = 2, sentence2_has_negation = 0  [n = 86]:	loss = 0.546  exp loss = 0.560  adjusted loss = 0.560  adv prob = 0.158985   acc = 0.744
  gold_label_random = 2, sentence2_has_negation = 1  [n = 75]:	loss = 0.676  exp loss = 0.685  adjusted loss = 0.685  adv prob = 0.358295   acc = 0.693

Validation:
Average incurred loss: 0.300  
Average sample loss: 0.457  
Average acc: 0.895  
  gold_label_random = 0, sentence2_has_negation = 0  [n = 79699]:	loss = 0.476  exp loss = 0.610  adjusted loss = 0.610  adv prob = 1.000000   acc = 0.816
  gold_label_random = 0, sentence2_has_negation = 1  [n = 15179]:	loss = 0.167  exp loss = 0.089  adjusted loss = 0.089  adv prob = 0.000000   acc = 0.946
  gold_label_random = 1, sentence2_has_negation = 0  [n = 93712]:	loss = 0.217  exp loss = 0.252  adjusted loss = 0.252  adv prob = 0.000000   acc = 0.939
  gold_label_random = 1, sentence2_has_negation = 1  [n = 1521]:	loss = 0.246  exp loss = 0.125  adjusted loss = 0.125  adv prob = 0.000000   acc = 0.932
  gold_label_random = 2, sentence2_has_negation = 0  [n = 92672]:	loss = 0.255  exp loss = 0.266  adjusted loss = 0.266  adv prob = 0.000000   acc = 0.911
  gold_label_random = 2, sentence2_has_negation = 1  [n = 2176]:	loss = 0.336  exp loss = 0.274  adjusted loss = 0.274  adv prob = 0.000000   acc = 0.884
Current lr: 0.000010
Current lr: 0.000010
Current validation accuracy: 0.8159056305885315


Epoch [3]:
Training:
Average incurred loss: 0.509  
Average sample loss: 0.587  
Average acc: 0.814  
  gold_label_random = 0, sentence2_has_negation = 0  [n = 278]:	loss = 0.789  exp loss = 0.729  adjusted loss = 0.729  adv prob = 0.199585   acc = 0.691
  gold_label_random = 0, sentence2_has_negation = 1  [n = 267]:	loss = 0.217  exp loss = 0.208  adjusted loss = 0.208  adv prob = 0.036336   acc = 0.944
  gold_label_random = 1, sentence2_has_negation = 0  [n = 285]:	loss = 0.391  exp loss = 0.527  adjusted loss = 0.527  adv prob = 0.076846   acc = 0.898
  gold_label_random = 1, sentence2_has_negation = 1  [n = 242]:	loss = 0.592  exp loss = 0.529  adjusted loss = 0.529  adv prob = 0.173753   acc = 0.773
  gold_label_random = 2, sentence2_has_negation = 0  [n = 250]:	loss = 0.441  exp loss = 0.585  adjusted loss = 0.585  adv prob = 0.148018   acc = 0.852
  gold_label_random = 2, sentence2_has_negation = 1  [n = 278]:	loss = 0.622  exp loss = 0.777  adjusted loss = 0.777  adv prob = 0.365463   acc = 0.730
Average incurred loss: 0.531  
Average sample loss: 0.591  
Average acc: 0.789  
  gold_label_random = 0, sentence2_has_negation = 0  [n = 261]:	loss = 0.692  exp loss = 0.515  adjusted loss = 0.515  adv prob = 0.210661   acc = 0.716
  gold_label_random = 0, sentence2_has_negation = 1  [n = 243]:	loss = 0.268  exp loss = 0.355  adjusted loss = 0.355  adv prob = 0.030910   acc = 0.922
  gold_label_random = 1, sentence2_has_negation = 0  [n = 300]:	loss = 0.484  exp loss = 0.569  adjusted loss = 0.569  adv prob = 0.073588   acc = 0.827
  gold_label_random = 1, sentence2_has_negation = 1  [n = 252]:	loss = 0.685  exp loss = 0.657  adjusted loss = 0.657  adv prob = 0.180371   acc = 0.746
  gold_label_random = 2, sentence2_has_negation = 0  [n = 257]:	loss = 0.483  exp loss = 0.609  adjusted loss = 0.609  adv prob = 0.141836   acc = 0.802
  gold_label_random = 2, sentence2_has_negation = 1  [n = 287]:	loss = 0.565  exp loss = 0.607  adjusted loss = 0.607  adv prob = 0.362634   acc = 0.728
Average incurred loss: 0.488  
Average sample loss: 0.486  
Average acc: 0.810  
  gold_label_random = 0, sentence2_has_negation = 0  [n = 78]:	loss = 0.720  exp loss = 0.632  adjusted loss = 0.632  adv prob = 0.216440   acc = 0.692
  gold_label_random = 0, sentence2_has_negation = 1  [n = 77]:	loss = 0.313  exp loss = 0.289  adjusted loss = 0.289  adv prob = 0.029966   acc = 0.922
  gold_label_random = 1, sentence2_has_negation = 0  [n = 70]:	loss = 0.342  exp loss = 0.348  adjusted loss = 0.348  adv prob = 0.071425   acc = 0.914
  gold_label_random = 1, sentence2_has_negation = 1  [n = 88]:	loss = 0.767  exp loss = 0.801  adjusted loss = 0.801  adv prob = 0.187581   acc = 0.705
  gold_label_random = 2, sentence2_has_negation = 0  [n = 99]:	loss = 0.358  exp loss = 0.412  adjusted loss = 0.412  adv prob = 0.139576   acc = 0.838
  gold_label_random = 2, sentence2_has_negation = 1  [n = 66]:	loss = 0.399  exp loss = 0.395  adjusted loss = 0.395  adv prob = 0.355013   acc = 0.803

Validation:
Average incurred loss: 0.313  
Average sample loss: 0.501  
Average acc: 0.890  
  gold_label_random = 0, sentence2_has_negation = 0  [n = 79699]:	loss = 0.520  exp loss = 0.647  adjusted loss = 0.647  adv prob = 1.000000   acc = 0.794
  gold_label_random = 0, sentence2_has_negation = 1  [n = 15179]:	loss = 0.194  exp loss = 0.111  adjusted loss = 0.111  adv prob = 0.000000   acc = 0.935
  gold_label_random = 1, sentence2_has_negation = 0  [n = 93712]:	loss = 0.226  exp loss = 0.262  adjusted loss = 0.262  adv prob = 0.000000   acc = 0.937
  gold_label_random = 1, sentence2_has_negation = 1  [n = 1521]:	loss = 0.257  exp loss = 0.137  adjusted loss = 0.137  adv prob = 0.000000   acc = 0.930
  gold_label_random = 2, sentence2_has_negation = 0  [n = 92672]:	loss = 0.243  exp loss = 0.256  adjusted loss = 0.256  adv prob = 0.000000   acc = 0.916
  gold_label_random = 2, sentence2_has_negation = 1  [n = 2176]:	loss = 0.312  exp loss = 0.245  adjusted loss = 0.245  adv prob = 0.000000   acc = 0.896
Current lr: 0.000007
Current lr: 0.000007
Current validation accuracy: 0.7944523096084595


Epoch [4]:
Training:
Average incurred loss: 0.529  
Average sample loss: 0.580  
Average acc: 0.793  
  gold_label_random = 0, sentence2_has_negation = 0  [n = 254]:	loss = 0.735  exp loss = 0.816  adjusted loss = 0.816  adv prob = 0.231072   acc = 0.693
  gold_label_random = 0, sentence2_has_negation = 1  [n = 276]:	loss = 0.297  exp loss = 0.282  adjusted loss = 0.282  adv prob = 0.025982   acc = 0.891
  gold_label_random = 1, sentence2_has_negation = 0  [n = 269]:	loss = 0.449  exp loss = 0.485  adjusted loss = 0.485  adv prob = 0.067873   acc = 0.851
  gold_label_random = 1, sentence2_has_negation = 1  [n = 281]:	loss = 0.623  exp loss = 0.659  adjusted loss = 0.659  adv prob = 0.191610   acc = 0.779
  gold_label_random = 2, sentence2_has_negation = 0  [n = 257]:	loss = 0.518  exp loss = 0.406  adjusted loss = 0.406  adv prob = 0.131315   acc = 0.786
  gold_label_random = 2, sentence2_has_negation = 1  [n = 263]:	loss = 0.566  exp loss = 0.450  adjusted loss = 0.450  adv prob = 0.352147   acc = 0.749
Average incurred loss: 0.514  
Average sample loss: 0.544  
Average acc: 0.798  
  gold_label_random = 0, sentence2_has_negation = 0  [n = 267]:	loss = 0.763  exp loss = 0.848  adjusted loss = 0.848  adv prob = 0.252756   acc = 0.667
  gold_label_random = 0, sentence2_has_negation = 1  [n = 250]:	loss = 0.259  exp loss = 0.237  adjusted loss = 0.237  adv prob = 0.022413   acc = 0.920
  gold_label_random = 1, sentence2_has_negation = 0  [n = 292]:	loss = 0.448  exp loss = 0.542  adjusted loss = 0.542  adv prob = 0.065853   acc = 0.839
  gold_label_random = 1, sentence2_has_negation = 1  [n = 280]:	loss = 0.671  exp loss = 0.703  adjusted loss = 0.703  adv prob = 0.200435   acc = 0.757
  gold_label_random = 2, sentence2_has_negation = 0  [n = 262]:	loss = 0.444  exp loss = 0.402  adjusted loss = 0.402  adv prob = 0.124235   acc = 0.821
  gold_label_random = 2, sentence2_has_negation = 1  [n = 249]:	loss = 0.476  exp loss = 0.457  adjusted loss = 0.457  adv prob = 0.334308   acc = 0.787
Average incurred loss: 0.538  
Average sample loss: 0.606  
Average acc: 0.789  
  gold_label_random = 0, sentence2_has_negation = 0  [n = 95]:	loss = 0.739  exp loss = 0.733  adjusted loss = 0.733  adv prob = 0.258117   acc = 0.695
  gold_label_random = 0, sentence2_has_negation = 1  [n = 75]:	loss = 0.232  exp loss = 0.248  adjusted loss = 0.248  adv prob = 0.021222   acc = 0.920
  gold_label_random = 1, sentence2_has_negation = 0  [n = 95]:	loss = 0.391  exp loss = 0.414  adjusted loss = 0.414  adv prob = 0.063835   acc = 0.874
  gold_label_random = 1, sentence2_has_negation = 1  [n = 82]:	loss = 0.870  exp loss = 0.804  adjusted loss = 0.804  adv prob = 0.206450   acc = 0.659
  gold_label_random = 2, sentence2_has_negation = 0  [n = 63]:	loss = 0.451  exp loss = 0.548  adjusted loss = 0.548  adv prob = 0.122147   acc = 0.841
  gold_label_random = 2, sentence2_has_negation = 1  [n = 68]:	loss = 0.482  exp loss = 0.494  adjusted loss = 0.494  adv prob = 0.328229   acc = 0.765

Validation:
Average incurred loss: 0.316  
Average sample loss: 0.512  
Average acc: 0.889  
  gold_label_random = 0, sentence2_has_negation = 0  [n = 79699]:	loss = 0.532  exp loss = 0.657  adjusted loss = 0.657  adv prob = 1.000000   acc = 0.789
  gold_label_random = 0, sentence2_has_negation = 1  [n = 15179]:	loss = 0.201  exp loss = 0.115  adjusted loss = 0.115  adv prob = 0.000000   acc = 0.933
  gold_label_random = 1, sentence2_has_negation = 0  [n = 93712]:	loss = 0.227  exp loss = 0.263  adjusted loss = 0.263  adv prob = 0.000000   acc = 0.937
  gold_label_random = 1, sentence2_has_negation = 1  [n = 1521]:	loss = 0.258  exp loss = 0.138  adjusted loss = 0.138  adv prob = 0.000000   acc = 0.930
  gold_label_random = 2, sentence2_has_negation = 0  [n = 92672]:	loss = 0.240  exp loss = 0.253  adjusted loss = 0.253  adv prob = 0.000000   acc = 0.918
  gold_label_random = 2, sentence2_has_negation = 1  [n = 2176]:	loss = 0.307  exp loss = 0.239  adjusted loss = 0.239  adv prob = 0.000000   acc = 0.898
Current lr: 0.000003
Current lr: 0.000003
Current validation accuracy: 0.7888058423995972


Epoch [5]:
Training:
Average incurred loss: 0.534  
Average sample loss: 0.623  
Average acc: 0.777  
  gold_label_random = 0, sentence2_has_negation = 0  [n = 292]:	loss = 0.817  exp loss = 0.705  adjusted loss = 0.705  adv prob = 0.283774   acc = 0.613
  gold_label_random = 0, sentence2_has_negation = 1  [n = 267]:	loss = 0.322  exp loss = 0.293  adjusted loss = 0.293  adv prob = 0.018209   acc = 0.899
  gold_label_random = 1, sentence2_has_negation = 0  [n = 257]:	loss = 0.399  exp loss = 0.444  adjusted loss = 0.444  adv prob = 0.057331   acc = 0.875
  gold_label_random = 1, sentence2_has_negation = 1  [n = 273]:	loss = 0.627  exp loss = 0.717  adjusted loss = 0.717  adv prob = 0.208825   acc = 0.744
  gold_label_random = 2, sentence2_has_negation = 0  [n = 223]:	loss = 0.466  exp loss = 0.538  adjusted loss = 0.538  adv prob = 0.115382   acc = 0.807
  gold_label_random = 2, sentence2_has_negation = 1  [n = 288]:	loss = 0.532  exp loss = 0.632  adjusted loss = 0.632  adv prob = 0.316479   acc = 0.750
Average incurred loss: 0.529  
Average sample loss: 0.608  
Average acc: 0.789  
  gold_label_random = 0, sentence2_has_negation = 0  [n = 298]:	loss = 0.722  exp loss = 0.659  adjusted loss = 0.659  adv prob = 0.300612   acc = 0.664
  gold_label_random = 0, sentence2_has_negation = 1  [n = 273]:	loss = 0.299  exp loss = 0.307  adjusted loss = 0.307  adv prob = 0.015694   acc = 0.883
  gold_label_random = 1, sentence2_has_negation = 0  [n = 247]:	loss = 0.472  exp loss = 0.523  adjusted loss = 0.523  adv prob = 0.053665   acc = 0.834
  gold_label_random = 1, sentence2_has_negation = 1  [n = 225]:	loss = 0.643  exp loss = 0.693  adjusted loss = 0.693  adv prob = 0.210640   acc = 0.760
  gold_label_random = 2, sentence2_has_negation = 0  [n = 301]:	loss = 0.443  exp loss = 0.426  adjusted loss = 0.426  adv prob = 0.105387   acc = 0.827
  gold_label_random = 2, sentence2_has_negation = 1  [n = 256]:	loss = 0.606  exp loss = 0.596  adjusted loss = 0.596  adv prob = 0.314002   acc = 0.773
Average incurred loss: 0.548  
Average sample loss: 0.596  
Average acc: 0.759  
  gold_label_random = 0, sentence2_has_negation = 0  [n = 83]:	loss = 0.725  exp loss = 0.709  adjusted loss = 0.709  adv prob = 0.306845   acc = 0.590
  gold_label_random = 0, sentence2_has_negation = 1  [n = 64]:	loss = 0.264  exp loss = 0.272  adjusted loss = 0.272  adv prob = 0.014945   acc = 0.922
  gold_label_random = 1, sentence2_has_negation = 0  [n = 89]:	loss = 0.613  exp loss = 0.615  adjusted loss = 0.615  adv prob = 0.053855   acc = 0.775
  gold_label_random = 1, sentence2_has_negation = 1  [n = 76]:	loss = 0.764  exp loss = 0.691  adjusted loss = 0.691  adv prob = 0.215932   acc = 0.697
  gold_label_random = 2, sentence2_has_negation = 0  [n = 80]:	loss = 0.446  exp loss = 0.414  adjusted loss = 0.414  adv prob = 0.102562   acc = 0.800
  gold_label_random = 2, sentence2_has_negation = 1  [n = 86]:	loss = 0.423  exp loss = 0.449  adjusted loss = 0.449  adv prob = 0.305862   acc = 0.802

Validation:
Average incurred loss: 0.315  
Average sample loss: 0.509  
Average acc: 0.889  
  gold_label_random = 0, sentence2_has_negation = 0  [n = 79699]:	loss = 0.528  exp loss = 0.654  adjusted loss = 0.654  adv prob = 1.000000   acc = 0.790
  gold_label_random = 0, sentence2_has_negation = 1  [n = 15179]:	loss = 0.199  exp loss = 0.114  adjusted loss = 0.114  adv prob = 0.000000   acc = 0.933
  gold_label_random = 1, sentence2_has_negation = 0  [n = 93712]:	loss = 0.229  exp loss = 0.264  adjusted loss = 0.264  adv prob = 0.000000   acc = 0.936
  gold_label_random = 1, sentence2_has_negation = 1  [n = 1521]:	loss = 0.260  exp loss = 0.140  adjusted loss = 0.140  adv prob = 0.000000   acc = 0.929
  gold_label_random = 2, sentence2_has_negation = 0  [n = 92672]:	loss = 0.239  exp loss = 0.251  adjusted loss = 0.251  adv prob = 0.000000   acc = 0.918
  gold_label_random = 2, sentence2_has_negation = 1  [n = 2176]:	loss = 0.307  exp loss = 0.241  adjusted loss = 0.241  adv prob = 0.000000   acc = 0.898
Current lr: 0.000000
Current lr: 0.000000
Current validation accuracy: 0.7904618382453918

Total Experiment Time: 8332.4s
Finished with job 733 (seed=333)
