




 Using bert params 







WARNING: You are using 'multinli_metadata_val_as_train.csv' instead of the default 'metadata.csv'.


Dataset: MultiNLI
Shift type: confounder
Wandb: False
Project name: spurious
Target name: gold_label_random
Confounder names: ['sentence2_has_negation']
Up weight: 0
Resume: False
Finetune: True
Normalize: False
Recalculate groups: False
Unfreeze: 0
Restart layers: 0
Minority fraction: None
Imbalance ratio: None
Fraction: 1.0
Root dir: ../datasets
Reweight groups: True
Augment data: False
Val fraction: 0.1
Loss type: erm
Alpha: 0.2
Generalization adjustment: 0.0
Sv dropout: 0.0
Automatic adjustment: False
Robust step size: 0.01
Joint dro alpha: 1
Use normalized loss: False
Btl: False
Hinge: False
Model: bert-base-uncased
Train from scratch: False
Pretrained path: pretrained_models/MultiNLI/erm_0.9_333.pth
N epochs: 6
Batch size: 32
Lr: 2e-05
Scheduler: False
L1: 0.0
Weight decay: 0.0
Gamma: 0.1
Minimum variational weight: 0
Seed: 333
Accum: 1
Show progress: False
Log dir: results/MultiNLI/erm_rw/model_outputs_333
Log every: 50
Save step: 10
Save best: True
Save last: True
Use bert params: 1
Num folds per sweep: 5
Num sweeps: 4
Q: 0.7
Metadata csv name: multinli_metadata_val_as_train.csv
Fold: None
Metadata path: None
Aug col: None
Max grad norm: 1.0
Adam epsilon: 1e-08
Warmup steps: 0

Training Data...
    gold_label_random = 0, sentence2_has_negation = 0: n = 613
    gold_label_random = 0, sentence2_has_negation = 1: n = 613
    gold_label_random = 1, sentence2_has_negation = 0: n = 613
    gold_label_random = 1, sentence2_has_negation = 1: n = 613
    gold_label_random = 2, sentence2_has_negation = 0: n = 613
    gold_label_random = 2, sentence2_has_negation = 1: n = 613
Validation Data...
    gold_label_random = 0, sentence2_has_negation = 0: n = 79699
    gold_label_random = 0, sentence2_has_negation = 1: n = 15179
    gold_label_random = 1, sentence2_has_negation = 0: n = 93712
    gold_label_random = 1, sentence2_has_negation = 1: n = 1521
    gold_label_random = 2, sentence2_has_negation = 0: n = 92672
    gold_label_random = 2, sentence2_has_negation = 1: n = 2176
Test Data...
    gold_label_random = 0, sentence2_has_negation = 0: n = 34597
    gold_label_random = 0, sentence2_has_negation = 1: n = 6655
    gold_label_random = 1, sentence2_has_negation = 0: n = 40496
    gold_label_random = 1, sentence2_has_negation = 1: n = 886
    gold_label_random = 2, sentence2_has_negation = 0: n = 39930
    gold_label_random = 2, sentence2_has_negation = 1: n = 1148
Training
Loading pretrained model from: pretrained_models/MultiNLI/erm_0.9_333.pth
bert.embeddings.word_embeddings.weight False
bert.embeddings.position_embeddings.weight False
bert.embeddings.token_type_embeddings.weight False
bert.embeddings.LayerNorm.weight False
bert.embeddings.LayerNorm.bias False
bert.encoder.layer.0.attention.self.query.weight False
bert.encoder.layer.0.attention.self.query.bias False
bert.encoder.layer.0.attention.self.key.weight False
bert.encoder.layer.0.attention.self.key.bias False
bert.encoder.layer.0.attention.self.value.weight False
bert.encoder.layer.0.attention.self.value.bias False
bert.encoder.layer.0.attention.output.dense.weight False
bert.encoder.layer.0.attention.output.dense.bias False
bert.encoder.layer.0.attention.output.LayerNorm.weight False
bert.encoder.layer.0.attention.output.LayerNorm.bias False
bert.encoder.layer.0.intermediate.dense.weight False
bert.encoder.layer.0.intermediate.dense.bias False
bert.encoder.layer.0.output.dense.weight False
bert.encoder.layer.0.output.dense.bias False
bert.encoder.layer.0.output.LayerNorm.weight False
bert.encoder.layer.0.output.LayerNorm.bias False
bert.encoder.layer.1.attention.self.query.weight False
bert.encoder.layer.1.attention.self.query.bias False
bert.encoder.layer.1.attention.self.key.weight False
bert.encoder.layer.1.attention.self.key.bias False
bert.encoder.layer.1.attention.self.value.weight False
bert.encoder.layer.1.attention.self.value.bias False
bert.encoder.layer.1.attention.output.dense.weight False
bert.encoder.layer.1.attention.output.dense.bias False
bert.encoder.layer.1.attention.output.LayerNorm.weight False
bert.encoder.layer.1.attention.output.LayerNorm.bias False
bert.encoder.layer.1.intermediate.dense.weight False
bert.encoder.layer.1.intermediate.dense.bias False
bert.encoder.layer.1.output.dense.weight False
bert.encoder.layer.1.output.dense.bias False
bert.encoder.layer.1.output.LayerNorm.weight False
bert.encoder.layer.1.output.LayerNorm.bias False
bert.encoder.layer.2.attention.self.query.weight False
bert.encoder.layer.2.attention.self.query.bias False
bert.encoder.layer.2.attention.self.key.weight False
bert.encoder.layer.2.attention.self.key.bias False
bert.encoder.layer.2.attention.self.value.weight False
bert.encoder.layer.2.attention.self.value.bias False
bert.encoder.layer.2.attention.output.dense.weight False
bert.encoder.layer.2.attention.output.dense.bias False
bert.encoder.layer.2.attention.output.LayerNorm.weight False
bert.encoder.layer.2.attention.output.LayerNorm.bias False
bert.encoder.layer.2.intermediate.dense.weight False
bert.encoder.layer.2.intermediate.dense.bias False
bert.encoder.layer.2.output.dense.weight False
bert.encoder.layer.2.output.dense.bias False
bert.encoder.layer.2.output.LayerNorm.weight False
bert.encoder.layer.2.output.LayerNorm.bias False
bert.encoder.layer.3.attention.self.query.weight False
bert.encoder.layer.3.attention.self.query.bias False
bert.encoder.layer.3.attention.self.key.weight False
bert.encoder.layer.3.attention.self.key.bias False
bert.encoder.layer.3.attention.self.value.weight False
bert.encoder.layer.3.attention.self.value.bias False
bert.encoder.layer.3.attention.output.dense.weight False
bert.encoder.layer.3.attention.output.dense.bias False
bert.encoder.layer.3.attention.output.LayerNorm.weight False
bert.encoder.layer.3.attention.output.LayerNorm.bias False
bert.encoder.layer.3.intermediate.dense.weight False
bert.encoder.layer.3.intermediate.dense.bias False
bert.encoder.layer.3.output.dense.weight False
bert.encoder.layer.3.output.dense.bias False
bert.encoder.layer.3.output.LayerNorm.weight False
bert.encoder.layer.3.output.LayerNorm.bias False
bert.encoder.layer.4.attention.self.query.weight False
bert.encoder.layer.4.attention.self.query.bias False
bert.encoder.layer.4.attention.self.key.weight False
bert.encoder.layer.4.attention.self.key.bias False
bert.encoder.layer.4.attention.self.value.weight False
bert.encoder.layer.4.attention.self.value.bias False
bert.encoder.layer.4.attention.output.dense.weight False
bert.encoder.layer.4.attention.output.dense.bias False
bert.encoder.layer.4.attention.output.LayerNorm.weight False
bert.encoder.layer.4.attention.output.LayerNorm.bias False
bert.encoder.layer.4.intermediate.dense.weight False
bert.encoder.layer.4.intermediate.dense.bias False
bert.encoder.layer.4.output.dense.weight False
bert.encoder.layer.4.output.dense.bias False
bert.encoder.layer.4.output.LayerNorm.weight False
bert.encoder.layer.4.output.LayerNorm.bias False
bert.encoder.layer.5.attention.self.query.weight False
bert.encoder.layer.5.attention.self.query.bias False
bert.encoder.layer.5.attention.self.key.weight False
bert.encoder.layer.5.attention.self.key.bias False
bert.encoder.layer.5.attention.self.value.weight False
bert.encoder.layer.5.attention.self.value.bias False
bert.encoder.layer.5.attention.output.dense.weight False
bert.encoder.layer.5.attention.output.dense.bias False
bert.encoder.layer.5.attention.output.LayerNorm.weight False
bert.encoder.layer.5.attention.output.LayerNorm.bias False
bert.encoder.layer.5.intermediate.dense.weight False
bert.encoder.layer.5.intermediate.dense.bias False
bert.encoder.layer.5.output.dense.weight False
bert.encoder.layer.5.output.dense.bias False
bert.encoder.layer.5.output.LayerNorm.weight False
bert.encoder.layer.5.output.LayerNorm.bias False
bert.encoder.layer.6.attention.self.query.weight False
bert.encoder.layer.6.attention.self.query.bias False
bert.encoder.layer.6.attention.self.key.weight False
bert.encoder.layer.6.attention.self.key.bias False
bert.encoder.layer.6.attention.self.value.weight False
bert.encoder.layer.6.attention.self.value.bias False
bert.encoder.layer.6.attention.output.dense.weight False
bert.encoder.layer.6.attention.output.dense.bias False
bert.encoder.layer.6.attention.output.LayerNorm.weight False
bert.encoder.layer.6.attention.output.LayerNorm.bias False
bert.encoder.layer.6.intermediate.dense.weight False
bert.encoder.layer.6.intermediate.dense.bias False
bert.encoder.layer.6.output.dense.weight False
bert.encoder.layer.6.output.dense.bias False
bert.encoder.layer.6.output.LayerNorm.weight False
bert.encoder.layer.6.output.LayerNorm.bias False
bert.encoder.layer.7.attention.self.query.weight False
bert.encoder.layer.7.attention.self.query.bias False
bert.encoder.layer.7.attention.self.key.weight False
bert.encoder.layer.7.attention.self.key.bias False
bert.encoder.layer.7.attention.self.value.weight False
bert.encoder.layer.7.attention.self.value.bias False
bert.encoder.layer.7.attention.output.dense.weight False
bert.encoder.layer.7.attention.output.dense.bias False
bert.encoder.layer.7.attention.output.LayerNorm.weight False
bert.encoder.layer.7.attention.output.LayerNorm.bias False
bert.encoder.layer.7.intermediate.dense.weight False
bert.encoder.layer.7.intermediate.dense.bias False
bert.encoder.layer.7.output.dense.weight False
bert.encoder.layer.7.output.dense.bias False
bert.encoder.layer.7.output.LayerNorm.weight False
bert.encoder.layer.7.output.LayerNorm.bias False
bert.encoder.layer.8.attention.self.query.weight False
bert.encoder.layer.8.attention.self.query.bias False
bert.encoder.layer.8.attention.self.key.weight False
bert.encoder.layer.8.attention.self.key.bias False
bert.encoder.layer.8.attention.self.value.weight False
bert.encoder.layer.8.attention.self.value.bias False
bert.encoder.layer.8.attention.output.dense.weight False
bert.encoder.layer.8.attention.output.dense.bias False
bert.encoder.layer.8.attention.output.LayerNorm.weight False
bert.encoder.layer.8.attention.output.LayerNorm.bias False
bert.encoder.layer.8.intermediate.dense.weight False
bert.encoder.layer.8.intermediate.dense.bias False
bert.encoder.layer.8.output.dense.weight False
bert.encoder.layer.8.output.dense.bias False
bert.encoder.layer.8.output.LayerNorm.weight False
bert.encoder.layer.8.output.LayerNorm.bias False
bert.encoder.layer.9.attention.self.query.weight False
bert.encoder.layer.9.attention.self.query.bias False
bert.encoder.layer.9.attention.self.key.weight False
bert.encoder.layer.9.attention.self.key.bias False
bert.encoder.layer.9.attention.self.value.weight False
bert.encoder.layer.9.attention.self.value.bias False
bert.encoder.layer.9.attention.output.dense.weight False
bert.encoder.layer.9.attention.output.dense.bias False
bert.encoder.layer.9.attention.output.LayerNorm.weight False
bert.encoder.layer.9.attention.output.LayerNorm.bias False
bert.encoder.layer.9.intermediate.dense.weight False
bert.encoder.layer.9.intermediate.dense.bias False
bert.encoder.layer.9.output.dense.weight False
bert.encoder.layer.9.output.dense.bias False
bert.encoder.layer.9.output.LayerNorm.weight False
bert.encoder.layer.9.output.LayerNorm.bias False
bert.encoder.layer.10.attention.self.query.weight False
bert.encoder.layer.10.attention.self.query.bias False
bert.encoder.layer.10.attention.self.key.weight False
bert.encoder.layer.10.attention.self.key.bias False
bert.encoder.layer.10.attention.self.value.weight False
bert.encoder.layer.10.attention.self.value.bias False
bert.encoder.layer.10.attention.output.dense.weight False
bert.encoder.layer.10.attention.output.dense.bias False
bert.encoder.layer.10.attention.output.LayerNorm.weight False
bert.encoder.layer.10.attention.output.LayerNorm.bias False
bert.encoder.layer.10.intermediate.dense.weight False
bert.encoder.layer.10.intermediate.dense.bias False
bert.encoder.layer.10.output.dense.weight False
bert.encoder.layer.10.output.dense.bias False
bert.encoder.layer.10.output.LayerNorm.weight False
bert.encoder.layer.10.output.LayerNorm.bias False
bert.encoder.layer.11.attention.self.query.weight False
bert.encoder.layer.11.attention.self.query.bias False
bert.encoder.layer.11.attention.self.key.weight False
bert.encoder.layer.11.attention.self.key.bias False
bert.encoder.layer.11.attention.self.value.weight False
bert.encoder.layer.11.attention.self.value.bias False
bert.encoder.layer.11.attention.output.dense.weight False
bert.encoder.layer.11.attention.output.dense.bias False
bert.encoder.layer.11.attention.output.LayerNorm.weight False
bert.encoder.layer.11.attention.output.LayerNorm.bias False
bert.encoder.layer.11.intermediate.dense.weight False
bert.encoder.layer.11.intermediate.dense.bias False
bert.encoder.layer.11.output.dense.weight False
bert.encoder.layer.11.output.dense.bias False
bert.encoder.layer.11.output.LayerNorm.weight False
bert.encoder.layer.11.output.LayerNorm.bias False
bert.pooler.dense.weight False
bert.pooler.dense.bias False
classifier.weight True
classifier.bias True

t_total is 690


Epoch [0]:
Training:
Average incurred loss: 0.542  
Average sample loss: 0.542  
Average acc: 0.790  
  gold_label_random = 0, sentence2_has_negation = 0  [n = 259]:	loss = 0.508  exp loss = 0.602  adjusted loss = 0.602  adv prob = 0.166667   acc = 0.807
  gold_label_random = 0, sentence2_has_negation = 1  [n = 278]:	loss = 0.119  exp loss = 0.102  adjusted loss = 0.102  adv prob = 0.166667   acc = 0.957
  gold_label_random = 1, sentence2_has_negation = 0  [n = 242]:	loss = 0.476  exp loss = 0.447  adjusted loss = 0.447  adv prob = 0.166667   acc = 0.826
  gold_label_random = 1, sentence2_has_negation = 1  [n = 276]:	loss = 0.585  exp loss = 0.551  adjusted loss = 0.551  adv prob = 0.166667   acc = 0.790
  gold_label_random = 2, sentence2_has_negation = 0  [n = 275]:	loss = 0.497  exp loss = 0.494  adjusted loss = 0.494  adv prob = 0.166667   acc = 0.782
  gold_label_random = 2, sentence2_has_negation = 1  [n = 270]:	loss = 1.069  exp loss = 1.047  adjusted loss = 1.047  adv prob = 0.166667   acc = 0.578
Average incurred loss: 0.512  
Average sample loss: 0.512  
Average acc: 0.797  
  gold_label_random = 0, sentence2_has_negation = 0  [n = 247]:	loss = 0.473  exp loss = 0.466  adjusted loss = 0.466  adv prob = 0.166667   acc = 0.818
  gold_label_random = 0, sentence2_has_negation = 1  [n = 268]:	loss = 0.120  exp loss = 0.094  adjusted loss = 0.094  adv prob = 0.166667   acc = 0.966
  gold_label_random = 1, sentence2_has_negation = 0  [n = 282]:	loss = 0.296  exp loss = 0.328  adjusted loss = 0.328  adv prob = 0.166667   acc = 0.887
  gold_label_random = 1, sentence2_has_negation = 1  [n = 280]:	loss = 0.617  exp loss = 0.582  adjusted loss = 0.582  adv prob = 0.166667   acc = 0.779
  gold_label_random = 2, sentence2_has_negation = 0  [n = 259]:	loss = 0.641  exp loss = 0.788  adjusted loss = 0.788  adv prob = 0.166667   acc = 0.722
  gold_label_random = 2, sentence2_has_negation = 1  [n = 264]:	loss = 0.937  exp loss = 1.001  adjusted loss = 1.001  adv prob = 0.166667   acc = 0.602
Average incurred loss: 0.495  
Average sample loss: 0.495  
Average acc: 0.808  
  gold_label_random = 0, sentence2_has_negation = 0  [n = 84]:	loss = 0.466  exp loss = 0.456  adjusted loss = 0.456  adv prob = 0.166667   acc = 0.821
  gold_label_random = 0, sentence2_has_negation = 1  [n = 79]:	loss = 0.130  exp loss = 0.123  adjusted loss = 0.123  adv prob = 0.166667   acc = 0.962
  gold_label_random = 1, sentence2_has_negation = 0  [n = 79]:	loss = 0.342  exp loss = 0.322  adjusted loss = 0.322  adv prob = 0.166667   acc = 0.899
  gold_label_random = 1, sentence2_has_negation = 1  [n = 83]:	loss = 0.551  exp loss = 0.658  adjusted loss = 0.658  adv prob = 0.166667   acc = 0.819
  gold_label_random = 2, sentence2_has_negation = 0  [n = 81]:	loss = 0.650  exp loss = 0.736  adjusted loss = 0.736  adv prob = 0.166667   acc = 0.741
  gold_label_random = 2, sentence2_has_negation = 1  [n = 72]:	loss = 0.856  exp loss = 0.970  adjusted loss = 0.970  adv prob = 0.166667   acc = 0.583

Validation:
Average incurred loss: 0.266  
Average sample loss: 0.266  
Average acc: 0.909  
  gold_label_random = 0, sentence2_has_negation = 0  [n = 79699]:	loss = 0.311  exp loss = 0.474  adjusted loss = 0.474  adv prob = 0.166667   acc = 0.890
  gold_label_random = 0, sentence2_has_negation = 1  [n = 15179]:	loss = 0.077  exp loss = 0.029  adjusted loss = 0.029  adv prob = 0.166667   acc = 0.980
  gold_label_random = 1, sentence2_has_negation = 0  [n = 93712]:	loss = 0.194  exp loss = 0.225  adjusted loss = 0.225  adv prob = 0.166667   acc = 0.943
  gold_label_random = 1, sentence2_has_negation = 1  [n = 1521]:	loss = 0.217  exp loss = 0.094  adjusted loss = 0.094  adv prob = 0.166667   acc = 0.938
  gold_label_random = 2, sentence2_has_negation = 0  [n = 92672]:	loss = 0.325  exp loss = 0.320  adjusted loss = 0.320  adv prob = 0.166667   acc = 0.881
  gold_label_random = 2, sentence2_has_negation = 1  [n = 2176]:	loss = 0.502  exp loss = 0.498  adjusted loss = 0.498  adv prob = 0.166667   acc = 0.803
Current lr: 0.000017
Current lr: 0.000017
Current validation accuracy: 0.80330890417099
Best model saved at epoch 0


Epoch [1]:
Training:
Average incurred loss: 0.530  
Average sample loss: 0.530  
Average acc: 0.790  
  gold_label_random = 0, sentence2_has_negation = 0  [n = 255]:	loss = 0.566  exp loss = 0.468  adjusted loss = 0.468  adv prob = 0.166667   acc = 0.753
  gold_label_random = 0, sentence2_has_negation = 1  [n = 293]:	loss = 0.219  exp loss = 0.467  adjusted loss = 0.467  adv prob = 0.166667   acc = 0.922
  gold_label_random = 1, sentence2_has_negation = 0  [n = 296]:	loss = 0.412  exp loss = 0.427  adjusted loss = 0.427  adv prob = 0.166667   acc = 0.848
  gold_label_random = 1, sentence2_has_negation = 1  [n = 240]:	loss = 0.535  exp loss = 0.388  adjusted loss = 0.388  adv prob = 0.166667   acc = 0.817
  gold_label_random = 2, sentence2_has_negation = 0  [n = 262]:	loss = 0.626  exp loss = 0.550  adjusted loss = 0.550  adv prob = 0.166667   acc = 0.760
  gold_label_random = 2, sentence2_has_negation = 1  [n = 254]:	loss = 0.888  exp loss = 0.808  adjusted loss = 0.808  adv prob = 0.166667   acc = 0.614
Average incurred loss: 0.506  
Average sample loss: 0.506  
Average acc: 0.794  
  gold_label_random = 0, sentence2_has_negation = 0  [n = 279]:	loss = 0.625  exp loss = 0.612  adjusted loss = 0.612  adv prob = 0.166667   acc = 0.767
  gold_label_random = 0, sentence2_has_negation = 1  [n = 261]:	loss = 0.163  exp loss = 0.146  adjusted loss = 0.146  adv prob = 0.166667   acc = 0.939
  gold_label_random = 1, sentence2_has_negation = 0  [n = 260]:	loss = 0.293  exp loss = 0.252  adjusted loss = 0.252  adv prob = 0.166667   acc = 0.908
  gold_label_random = 1, sentence2_has_negation = 1  [n = 232]:	loss = 0.535  exp loss = 0.633  adjusted loss = 0.633  adv prob = 0.166667   acc = 0.802
  gold_label_random = 2, sentence2_has_negation = 0  [n = 297]:	loss = 0.605  exp loss = 0.586  adjusted loss = 0.586  adv prob = 0.166667   acc = 0.751
  gold_label_random = 2, sentence2_has_negation = 1  [n = 271]:	loss = 0.785  exp loss = 0.683  adjusted loss = 0.683  adv prob = 0.166667   acc = 0.616
Average incurred loss: 0.521  
Average sample loss: 0.520  
Average acc: 0.768  
  gold_label_random = 0, sentence2_has_negation = 0  [n = 79]:	loss = 0.470  exp loss = 0.478  adjusted loss = 0.478  adv prob = 0.166667   acc = 0.722
  gold_label_random = 0, sentence2_has_negation = 1  [n = 99]:	loss = 0.193  exp loss = 0.184  adjusted loss = 0.184  adv prob = 0.166667   acc = 0.929
  gold_label_random = 1, sentence2_has_negation = 0  [n = 74]:	loss = 0.330  exp loss = 0.305  adjusted loss = 0.305  adv prob = 0.166667   acc = 0.851
  gold_label_random = 1, sentence2_has_negation = 1  [n = 85]:	loss = 0.720  exp loss = 0.713  adjusted loss = 0.713  adv prob = 0.166667   acc = 0.741
  gold_label_random = 2, sentence2_has_negation = 0  [n = 74]:	loss = 0.523  exp loss = 0.537  adjusted loss = 0.537  adv prob = 0.166667   acc = 0.797
  gold_label_random = 2, sentence2_has_negation = 1  [n = 67]:	loss = 1.019  exp loss = 0.900  adjusted loss = 0.900  adv prob = 0.166667   acc = 0.493

Validation:
Average incurred loss: 0.273  
Average sample loss: 0.273  
Average acc: 0.907  
  gold_label_random = 0, sentence2_has_negation = 0  [n = 79699]:	loss = 0.358  exp loss = 0.512  adjusted loss = 0.512  adv prob = 0.166667   acc = 0.871
  gold_label_random = 0, sentence2_has_negation = 1  [n = 15179]:	loss = 0.102  exp loss = 0.044  adjusted loss = 0.044  adv prob = 0.166667   acc = 0.974
  gold_label_random = 1, sentence2_has_negation = 0  [n = 93712]:	loss = 0.195  exp loss = 0.227  adjusted loss = 0.227  adv prob = 0.166667   acc = 0.944
  gold_label_random = 1, sentence2_has_negation = 1  [n = 1521]:	loss = 0.218  exp loss = 0.101  adjusted loss = 0.101  adv prob = 0.166667   acc = 0.938
  gold_label_random = 2, sentence2_has_negation = 0  [n = 92672]:	loss = 0.304  exp loss = 0.306  adjusted loss = 0.306  adv prob = 0.166667   acc = 0.890
  gold_label_random = 2, sentence2_has_negation = 1  [n = 2176]:	loss = 0.444  exp loss = 0.415  adjusted loss = 0.415  adv prob = 0.166667   acc = 0.826
Current lr: 0.000013
Current lr: 0.000013
Current validation accuracy: 0.8262871503829956
Best model saved at epoch 1


Epoch [2]:
Training:
Average incurred loss: 0.497  
Average sample loss: 0.497  
Average acc: 0.802  
  gold_label_random = 0, sentence2_has_negation = 0  [n = 247]:	loss = 0.554  exp loss = 0.637  adjusted loss = 0.637  adv prob = 0.166667   acc = 0.781
  gold_label_random = 0, sentence2_has_negation = 1  [n = 250]:	loss = 0.183  exp loss = 0.192  adjusted loss = 0.192  adv prob = 0.166667   acc = 0.944
  gold_label_random = 1, sentence2_has_negation = 0  [n = 271]:	loss = 0.299  exp loss = 0.238  adjusted loss = 0.238  adv prob = 0.166667   acc = 0.889
  gold_label_random = 1, sentence2_has_negation = 1  [n = 278]:	loss = 0.515  exp loss = 0.501  adjusted loss = 0.501  adv prob = 0.166667   acc = 0.809
  gold_label_random = 2, sentence2_has_negation = 0  [n = 271]:	loss = 0.702  exp loss = 0.722  adjusted loss = 0.722  adv prob = 0.166667   acc = 0.712
  gold_label_random = 2, sentence2_has_negation = 1  [n = 283]:	loss = 0.699  exp loss = 0.546  adjusted loss = 0.546  adv prob = 0.166667   acc = 0.689
Average incurred loss: 0.506  
Average sample loss: 0.506  
Average acc: 0.787  
  gold_label_random = 0, sentence2_has_negation = 0  [n = 277]:	loss = 0.591  exp loss = 0.692  adjusted loss = 0.692  adv prob = 0.166667   acc = 0.747
  gold_label_random = 0, sentence2_has_negation = 1  [n = 266]:	loss = 0.150  exp loss = 0.146  adjusted loss = 0.146  adv prob = 0.166667   acc = 0.955
  gold_label_random = 1, sentence2_has_negation = 0  [n = 263]:	loss = 0.438  exp loss = 0.382  adjusted loss = 0.382  adv prob = 0.166667   acc = 0.817
  gold_label_random = 1, sentence2_has_negation = 1  [n = 281]:	loss = 0.565  exp loss = 0.522  adjusted loss = 0.522  adv prob = 0.166667   acc = 0.801
  gold_label_random = 2, sentence2_has_negation = 0  [n = 247]:	loss = 0.541  exp loss = 0.481  adjusted loss = 0.481  adv prob = 0.166667   acc = 0.765
  gold_label_random = 2, sentence2_has_negation = 1  [n = 266]:	loss = 0.745  exp loss = 0.751  adjusted loss = 0.751  adv prob = 0.166667   acc = 0.635
Average incurred loss: 0.528  
Average sample loss: 0.528  
Average acc: 0.785  
  gold_label_random = 0, sentence2_has_negation = 0  [n = 99]:	loss = 0.712  exp loss = 0.698  adjusted loss = 0.698  adv prob = 0.166667   acc = 0.697
  gold_label_random = 0, sentence2_has_negation = 1  [n = 76]:	loss = 0.176  exp loss = 0.145  adjusted loss = 0.145  adv prob = 0.166667   acc = 0.934
  gold_label_random = 1, sentence2_has_negation = 0  [n = 69]:	loss = 0.301  exp loss = 0.375  adjusted loss = 0.375  adv prob = 0.166667   acc = 0.913
  gold_label_random = 1, sentence2_has_negation = 1  [n = 73]:	loss = 0.446  exp loss = 0.431  adjusted loss = 0.431  adv prob = 0.166667   acc = 0.849
  gold_label_random = 2, sentence2_has_negation = 0  [n = 86]:	loss = 0.621  exp loss = 0.627  adjusted loss = 0.627  adv prob = 0.166667   acc = 0.721
  gold_label_random = 2, sentence2_has_negation = 1  [n = 75]:	loss = 0.822  exp loss = 0.836  adjusted loss = 0.836  adv prob = 0.166667   acc = 0.640

Validation:
Average incurred loss: 0.279  
Average sample loss: 0.279  
Average acc: 0.905  
  gold_label_random = 0, sentence2_has_negation = 0  [n = 79699]:	loss = 0.387  exp loss = 0.538  adjusted loss = 0.538  adv prob = 0.166667   acc = 0.859
  gold_label_random = 0, sentence2_has_negation = 1  [n = 15179]:	loss = 0.116  exp loss = 0.054  adjusted loss = 0.054  adv prob = 0.166667   acc = 0.970
  gold_label_random = 1, sentence2_has_negation = 0  [n = 93712]:	loss = 0.192  exp loss = 0.224  adjusted loss = 0.224  adv prob = 0.166667   acc = 0.946
  gold_label_random = 1, sentence2_has_negation = 1  [n = 1521]:	loss = 0.214  exp loss = 0.100  adjusted loss = 0.100  adv prob = 0.166667   acc = 0.941
  gold_label_random = 2, sentence2_has_negation = 0  [n = 92672]:	loss = 0.299  exp loss = 0.303  adjusted loss = 0.303  adv prob = 0.166667   acc = 0.893
  gold_label_random = 2, sentence2_has_negation = 1  [n = 2176]:	loss = 0.422  exp loss = 0.381  adjusted loss = 0.381  adv prob = 0.166667   acc = 0.836
Current lr: 0.000010
Current lr: 0.000010
Current validation accuracy: 0.8359373211860657
Best model saved at epoch 2


Epoch [3]:
Training:
Average incurred loss: 0.506  
Average sample loss: 0.506  
Average acc: 0.817  
  gold_label_random = 0, sentence2_has_negation = 0  [n = 278]:	loss = 0.687  exp loss = 0.623  adjusted loss = 0.623  adv prob = 0.166667   acc = 0.737
  gold_label_random = 0, sentence2_has_negation = 1  [n = 267]:	loss = 0.158  exp loss = 0.147  adjusted loss = 0.147  adv prob = 0.166667   acc = 0.966
  gold_label_random = 1, sentence2_has_negation = 0  [n = 285]:	loss = 0.351  exp loss = 0.493  adjusted loss = 0.493  adv prob = 0.166667   acc = 0.905
  gold_label_random = 1, sentence2_has_negation = 1  [n = 242]:	loss = 0.556  exp loss = 0.487  adjusted loss = 0.487  adv prob = 0.166667   acc = 0.818
  gold_label_random = 2, sentence2_has_negation = 0  [n = 250]:	loss = 0.496  exp loss = 0.650  adjusted loss = 0.650  adv prob = 0.166667   acc = 0.820
  gold_label_random = 2, sentence2_has_negation = 1  [n = 278]:	loss = 0.783  exp loss = 0.964  adjusted loss = 0.964  adv prob = 0.166667   acc = 0.662
Average incurred loss: 0.532  
Average sample loss: 0.532  
Average acc: 0.790  
  gold_label_random = 0, sentence2_has_negation = 0  [n = 261]:	loss = 0.583  exp loss = 0.411  adjusted loss = 0.411  adv prob = 0.166667   acc = 0.782
  gold_label_random = 0, sentence2_has_negation = 1  [n = 243]:	loss = 0.201  exp loss = 0.292  adjusted loss = 0.292  adv prob = 0.166667   acc = 0.947
  gold_label_random = 1, sentence2_has_negation = 0  [n = 300]:	loss = 0.435  exp loss = 0.510  adjusted loss = 0.510  adv prob = 0.166667   acc = 0.847
  gold_label_random = 1, sentence2_has_negation = 1  [n = 252]:	loss = 0.644  exp loss = 0.617  adjusted loss = 0.617  adv prob = 0.166667   acc = 0.774
  gold_label_random = 2, sentence2_has_negation = 0  [n = 257]:	loss = 0.569  exp loss = 0.696  adjusted loss = 0.696  adv prob = 0.166667   acc = 0.755
  gold_label_random = 2, sentence2_has_negation = 1  [n = 287]:	loss = 0.737  exp loss = 0.783  adjusted loss = 0.783  adv prob = 0.166667   acc = 0.652
Average incurred loss: 0.478  
Average sample loss: 0.478  
Average acc: 0.816  
  gold_label_random = 0, sentence2_has_negation = 0  [n = 78]:	loss = 0.617  exp loss = 0.529  adjusted loss = 0.529  adv prob = 0.166667   acc = 0.744
  gold_label_random = 0, sentence2_has_negation = 1  [n = 77]:	loss = 0.242  exp loss = 0.225  adjusted loss = 0.225  adv prob = 0.166667   acc = 0.948
  gold_label_random = 1, sentence2_has_negation = 0  [n = 70]:	loss = 0.296  exp loss = 0.302  adjusted loss = 0.302  adv prob = 0.166667   acc = 0.929
  gold_label_random = 1, sentence2_has_negation = 1  [n = 88]:	loss = 0.724  exp loss = 0.759  adjusted loss = 0.759  adv prob = 0.166667   acc = 0.739
  gold_label_random = 2, sentence2_has_negation = 0  [n = 99]:	loss = 0.438  exp loss = 0.500  adjusted loss = 0.500  adv prob = 0.166667   acc = 0.798
  gold_label_random = 2, sentence2_has_negation = 1  [n = 66]:	loss = 0.511  exp loss = 0.507  adjusted loss = 0.507  adv prob = 0.166667   acc = 0.758

Validation:
Average incurred loss: 0.284  
Average sample loss: 0.284  
Average acc: 0.903  
  gold_label_random = 0, sentence2_has_negation = 0  [n = 79699]:	loss = 0.408  exp loss = 0.556  adjusted loss = 0.556  adv prob = 0.166667   acc = 0.850
  gold_label_random = 0, sentence2_has_negation = 1  [n = 15179]:	loss = 0.128  exp loss = 0.062  adjusted loss = 0.062  adv prob = 0.166667   acc = 0.967
  gold_label_random = 1, sentence2_has_negation = 0  [n = 93712]:	loss = 0.193  exp loss = 0.226  adjusted loss = 0.226  adv prob = 0.166667   acc = 0.946
  gold_label_random = 1, sentence2_has_negation = 1  [n = 1521]:	loss = 0.215  exp loss = 0.104  adjusted loss = 0.104  adv prob = 0.166667   acc = 0.942
  gold_label_random = 2, sentence2_has_negation = 0  [n = 92672]:	loss = 0.293  exp loss = 0.299  adjusted loss = 0.299  adv prob = 0.166667   acc = 0.895
  gold_label_random = 2, sentence2_has_negation = 1  [n = 2176]:	loss = 0.407  exp loss = 0.359  adjusted loss = 0.359  adv prob = 0.166667   acc = 0.844
Current lr: 0.000007
Current lr: 0.000007
Current validation accuracy: 0.8442102074623108
Best model saved at epoch 3


Epoch [4]:
Training:
Average incurred loss: 0.520  
Average sample loss: 0.520  
Average acc: 0.802  
  gold_label_random = 0, sentence2_has_negation = 0  [n = 254]:	loss = 0.612  exp loss = 0.644  adjusted loss = 0.644  adv prob = 0.166667   acc = 0.744
  gold_label_random = 0, sentence2_has_negation = 1  [n = 276]:	loss = 0.220  exp loss = 0.196  adjusted loss = 0.196  adv prob = 0.166667   acc = 0.946
  gold_label_random = 1, sentence2_has_negation = 0  [n = 269]:	loss = 0.410  exp loss = 0.445  adjusted loss = 0.445  adv prob = 0.166667   acc = 0.862
  gold_label_random = 1, sentence2_has_negation = 1  [n = 281]:	loss = 0.563  exp loss = 0.607  adjusted loss = 0.607  adv prob = 0.166667   acc = 0.797
  gold_label_random = 2, sentence2_has_negation = 0  [n = 257]:	loss = 0.600  exp loss = 0.475  adjusted loss = 0.475  adv prob = 0.166667   acc = 0.767
  gold_label_random = 2, sentence2_has_negation = 1  [n = 263]:	loss = 0.737  exp loss = 0.603  adjusted loss = 0.603  adv prob = 0.166667   acc = 0.684
Average incurred loss: 0.503  
Average sample loss: 0.503  
Average acc: 0.805  
  gold_label_random = 0, sentence2_has_negation = 0  [n = 267]:	loss = 0.662  exp loss = 0.718  adjusted loss = 0.718  adv prob = 0.166667   acc = 0.715
  gold_label_random = 0, sentence2_has_negation = 1  [n = 250]:	loss = 0.178  exp loss = 0.153  adjusted loss = 0.153  adv prob = 0.166667   acc = 0.956
  gold_label_random = 1, sentence2_has_negation = 0  [n = 292]:	loss = 0.395  exp loss = 0.490  adjusted loss = 0.490  adv prob = 0.166667   acc = 0.853
  gold_label_random = 1, sentence2_has_negation = 1  [n = 280]:	loss = 0.614  exp loss = 0.646  adjusted loss = 0.646  adv prob = 0.166667   acc = 0.786
  gold_label_random = 2, sentence2_has_negation = 0  [n = 262]:	loss = 0.525  exp loss = 0.483  adjusted loss = 0.483  adv prob = 0.166667   acc = 0.802
  gold_label_random = 2, sentence2_has_negation = 1  [n = 249]:	loss = 0.638  exp loss = 0.609  adjusted loss = 0.609  adv prob = 0.166667   acc = 0.719
Average incurred loss: 0.522  
Average sample loss: 0.522  
Average acc: 0.801  
  gold_label_random = 0, sentence2_has_negation = 0  [n = 95]:	loss = 0.631  exp loss = 0.625  adjusted loss = 0.625  adv prob = 0.166667   acc = 0.789
  gold_label_random = 0, sentence2_has_negation = 1  [n = 75]:	loss = 0.146  exp loss = 0.164  adjusted loss = 0.164  adv prob = 0.166667   acc = 0.960
  gold_label_random = 1, sentence2_has_negation = 0  [n = 95]:	loss = 0.338  exp loss = 0.363  adjusted loss = 0.363  adv prob = 0.166667   acc = 0.895
  gold_label_random = 1, sentence2_has_negation = 1  [n = 82]:	loss = 0.822  exp loss = 0.749  adjusted loss = 0.749  adv prob = 0.166667   acc = 0.695
  gold_label_random = 2, sentence2_has_negation = 0  [n = 63]:	loss = 0.537  exp loss = 0.650  adjusted loss = 0.650  adv prob = 0.166667   acc = 0.794
  gold_label_random = 2, sentence2_has_negation = 1  [n = 68]:	loss = 0.664  exp loss = 0.673  adjusted loss = 0.673  adv prob = 0.166667   acc = 0.647

Validation:
Average incurred loss: 0.285  
Average sample loss: 0.285  
Average acc: 0.902  
  gold_label_random = 0, sentence2_has_negation = 0  [n = 79699]:	loss = 0.415  exp loss = 0.564  adjusted loss = 0.564  adv prob = 0.166667   acc = 0.846
  gold_label_random = 0, sentence2_has_negation = 1  [n = 15179]:	loss = 0.132  exp loss = 0.065  adjusted loss = 0.065  adv prob = 0.166667   acc = 0.966
  gold_label_random = 1, sentence2_has_negation = 0  [n = 93712]:	loss = 0.192  exp loss = 0.225  adjusted loss = 0.225  adv prob = 0.166667   acc = 0.946
  gold_label_random = 1, sentence2_has_negation = 1  [n = 1521]:	loss = 0.213  exp loss = 0.104  adjusted loss = 0.104  adv prob = 0.166667   acc = 0.943
  gold_label_random = 2, sentence2_has_negation = 0  [n = 92672]:	loss = 0.291  exp loss = 0.297  adjusted loss = 0.297  adv prob = 0.166667   acc = 0.896
  gold_label_random = 2, sentence2_has_negation = 1  [n = 2176]:	loss = 0.404  exp loss = 0.355  adjusted loss = 0.355  adv prob = 0.166667   acc = 0.847
Current lr: 0.000003
Current lr: 0.000003
Current validation accuracy: 0.8464719653129578
Best model saved at epoch 4


Epoch [5]:
Training:
Average incurred loss: 0.521  
Average sample loss: 0.521  
Average acc: 0.787  
  gold_label_random = 0, sentence2_has_negation = 0  [n = 292]:	loss = 0.697  exp loss = 0.579  adjusted loss = 0.579  adv prob = 0.166667   acc = 0.709
  gold_label_random = 0, sentence2_has_negation = 1  [n = 267]:	loss = 0.234  exp loss = 0.208  adjusted loss = 0.208  adv prob = 0.166667   acc = 0.914
  gold_label_random = 1, sentence2_has_negation = 0  [n = 257]:	loss = 0.346  exp loss = 0.389  adjusted loss = 0.389  adv prob = 0.166667   acc = 0.895
  gold_label_random = 1, sentence2_has_negation = 1  [n = 273]:	loss = 0.562  exp loss = 0.653  adjusted loss = 0.653  adv prob = 0.166667   acc = 0.766
  gold_label_random = 2, sentence2_has_negation = 0  [n = 223]:	loss = 0.551  exp loss = 0.635  adjusted loss = 0.635  adv prob = 0.166667   acc = 0.776
  gold_label_random = 2, sentence2_has_negation = 1  [n = 288]:	loss = 0.703  exp loss = 0.825  adjusted loss = 0.825  adv prob = 0.166667   acc = 0.681
Average incurred loss: 0.515  
Average sample loss: 0.515  
Average acc: 0.801  
  gold_label_random = 0, sentence2_has_negation = 0  [n = 298]:	loss = 0.601  exp loss = 0.549  adjusted loss = 0.549  adv prob = 0.166667   acc = 0.738
  gold_label_random = 0, sentence2_has_negation = 1  [n = 273]:	loss = 0.209  exp loss = 0.223  adjusted loss = 0.223  adv prob = 0.166667   acc = 0.934
  gold_label_random = 1, sentence2_has_negation = 0  [n = 247]:	loss = 0.402  exp loss = 0.452  adjusted loss = 0.452  adv prob = 0.166667   acc = 0.874
  gold_label_random = 1, sentence2_has_negation = 1  [n = 225]:	loss = 0.583  exp loss = 0.619  adjusted loss = 0.619  adv prob = 0.166667   acc = 0.782
  gold_label_random = 2, sentence2_has_negation = 0  [n = 301]:	loss = 0.527  exp loss = 0.504  adjusted loss = 0.504  adv prob = 0.166667   acc = 0.801
  gold_label_random = 2, sentence2_has_negation = 1  [n = 256]:	loss = 0.772  exp loss = 0.762  adjusted loss = 0.762  adv prob = 0.166667   acc = 0.680
Average incurred loss: 0.528  
Average sample loss: 0.528  
Average acc: 0.774  
  gold_label_random = 0, sentence2_has_negation = 0  [n = 83]:	loss = 0.608  exp loss = 0.595  adjusted loss = 0.595  adv prob = 0.166667   acc = 0.711
  gold_label_random = 0, sentence2_has_negation = 1  [n = 64]:	loss = 0.191  exp loss = 0.194  adjusted loss = 0.194  adv prob = 0.166667   acc = 0.937
  gold_label_random = 1, sentence2_has_negation = 0  [n = 89]:	loss = 0.544  exp loss = 0.543  adjusted loss = 0.543  adv prob = 0.166667   acc = 0.787
  gold_label_random = 1, sentence2_has_negation = 1  [n = 76]:	loss = 0.697  exp loss = 0.621  adjusted loss = 0.621  adv prob = 0.166667   acc = 0.724
  gold_label_random = 2, sentence2_has_negation = 0  [n = 80]:	loss = 0.524  exp loss = 0.487  adjusted loss = 0.487  adv prob = 0.166667   acc = 0.775
  gold_label_random = 2, sentence2_has_negation = 1  [n = 86]:	loss = 0.543  exp loss = 0.577  adjusted loss = 0.577  adv prob = 0.166667   acc = 0.744

Validation:
Average incurred loss: 0.285  
Average sample loss: 0.285  
Average acc: 0.902  
  gold_label_random = 0, sentence2_has_negation = 0  [n = 79699]:	loss = 0.415  exp loss = 0.563  adjusted loss = 0.563  adv prob = 0.166667   acc = 0.847
  gold_label_random = 0, sentence2_has_negation = 1  [n = 15179]:	loss = 0.131  exp loss = 0.065  adjusted loss = 0.065  adv prob = 0.166667   acc = 0.966
  gold_label_random = 1, sentence2_has_negation = 0  [n = 93712]:	loss = 0.193  exp loss = 0.225  adjusted loss = 0.225  adv prob = 0.166667   acc = 0.946
  gold_label_random = 1, sentence2_has_negation = 1  [n = 1521]:	loss = 0.214  exp loss = 0.105  adjusted loss = 0.105  adv prob = 0.166667   acc = 0.943
  gold_label_random = 2, sentence2_has_negation = 0  [n = 92672]:	loss = 0.291  exp loss = 0.297  adjusted loss = 0.297  adv prob = 0.166667   acc = 0.896
  gold_label_random = 2, sentence2_has_negation = 1  [n = 2176]:	loss = 0.404  exp loss = 0.356  adjusted loss = 0.356  adv prob = 0.166667   acc = 0.847
Current lr: 0.000000
Current lr: 0.000000
Current validation accuracy: 0.846709668636322
Best model saved at epoch 5

Total Experiment Time: 8320.4s
Finished with job 736 (seed=333)
