




 Using bert params 







WARNING: You are using 'multinli_metadata_val_as_train.csv' instead of the default 'metadata.csv'.


Dataset: MultiNLI
Shift type: confounder
Wandb: False
Project name: spurious
Target name: gold_label_random
Confounder names: ['sentence2_has_negation']
Up weight: 0
Resume: False
Finetune: True
Normalize: False
Recalculate groups: False
Unfreeze: 0
Restart layers: 0
Minority fraction: None
Imbalance ratio: None
Fraction: 1.0
Root dir: ../datasets
Reweight groups: False
Augment data: False
Val fraction: 0.1
Loss type: erm
Alpha: 0.2
Generalization adjustment: 0.0
Sv dropout: 0.0
Automatic adjustment: False
Robust step size: 0.01
Joint dro alpha: 1
Use normalized loss: False
Btl: False
Hinge: False
Model: bert-base-uncased
Train from scratch: False
Pretrained path: pretrained_models/MultiNLI/erm_0.9_111.pth
N epochs: 6
Batch size: 32
Lr: 2e-05
Scheduler: False
L1: 0.0
Weight decay: 0.0
Gamma: 0.1
Minimum variational weight: 0
Seed: 111
Accum: 1
Show progress: False
Log dir: results/MultiNLI/dfr/model_outputs_111
Log every: 50
Save step: 10
Save best: True
Save last: True
Use bert params: 1
Num folds per sweep: 5
Num sweeps: 4
Q: 0.7
Metadata csv name: multinli_metadata_val_as_train.csv
Fold: None
Metadata path: None
Aug col: None
Max grad norm: 1.0
Adam epsilon: 1e-08
Warmup steps: 0

Training Data...
    gold_label_random = 0, sentence2_has_negation = 0: n = 613
    gold_label_random = 0, sentence2_has_negation = 1: n = 613
    gold_label_random = 1, sentence2_has_negation = 0: n = 613
    gold_label_random = 1, sentence2_has_negation = 1: n = 613
    gold_label_random = 2, sentence2_has_negation = 0: n = 613
    gold_label_random = 2, sentence2_has_negation = 1: n = 613
Validation Data...
    gold_label_random = 0, sentence2_has_negation = 0: n = 79699
    gold_label_random = 0, sentence2_has_negation = 1: n = 15179
    gold_label_random = 1, sentence2_has_negation = 0: n = 93712
    gold_label_random = 1, sentence2_has_negation = 1: n = 1521
    gold_label_random = 2, sentence2_has_negation = 0: n = 92672
    gold_label_random = 2, sentence2_has_negation = 1: n = 2176
Test Data...
    gold_label_random = 0, sentence2_has_negation = 0: n = 34597
    gold_label_random = 0, sentence2_has_negation = 1: n = 6655
    gold_label_random = 1, sentence2_has_negation = 0: n = 40496
    gold_label_random = 1, sentence2_has_negation = 1: n = 886
    gold_label_random = 2, sentence2_has_negation = 0: n = 39930
    gold_label_random = 2, sentence2_has_negation = 1: n = 1148
Training
Loading pretrained model from: pretrained_models/MultiNLI/erm_0.9_111.pth
bert.embeddings.word_embeddings.weight False
bert.embeddings.position_embeddings.weight False
bert.embeddings.token_type_embeddings.weight False
bert.embeddings.LayerNorm.weight False
bert.embeddings.LayerNorm.bias False
bert.encoder.layer.0.attention.self.query.weight False
bert.encoder.layer.0.attention.self.query.bias False
bert.encoder.layer.0.attention.self.key.weight False
bert.encoder.layer.0.attention.self.key.bias False
bert.encoder.layer.0.attention.self.value.weight False
bert.encoder.layer.0.attention.self.value.bias False
bert.encoder.layer.0.attention.output.dense.weight False
bert.encoder.layer.0.attention.output.dense.bias False
bert.encoder.layer.0.attention.output.LayerNorm.weight False
bert.encoder.layer.0.attention.output.LayerNorm.bias False
bert.encoder.layer.0.intermediate.dense.weight False
bert.encoder.layer.0.intermediate.dense.bias False
bert.encoder.layer.0.output.dense.weight False
bert.encoder.layer.0.output.dense.bias False
bert.encoder.layer.0.output.LayerNorm.weight False
bert.encoder.layer.0.output.LayerNorm.bias False
bert.encoder.layer.1.attention.self.query.weight False
bert.encoder.layer.1.attention.self.query.bias False
bert.encoder.layer.1.attention.self.key.weight False
bert.encoder.layer.1.attention.self.key.bias False
bert.encoder.layer.1.attention.self.value.weight False
bert.encoder.layer.1.attention.self.value.bias False
bert.encoder.layer.1.attention.output.dense.weight False
bert.encoder.layer.1.attention.output.dense.bias False
bert.encoder.layer.1.attention.output.LayerNorm.weight False
bert.encoder.layer.1.attention.output.LayerNorm.bias False
bert.encoder.layer.1.intermediate.dense.weight False
bert.encoder.layer.1.intermediate.dense.bias False
bert.encoder.layer.1.output.dense.weight False
bert.encoder.layer.1.output.dense.bias False
bert.encoder.layer.1.output.LayerNorm.weight False
bert.encoder.layer.1.output.LayerNorm.bias False
bert.encoder.layer.2.attention.self.query.weight False
bert.encoder.layer.2.attention.self.query.bias False
bert.encoder.layer.2.attention.self.key.weight False
bert.encoder.layer.2.attention.self.key.bias False
bert.encoder.layer.2.attention.self.value.weight False
bert.encoder.layer.2.attention.self.value.bias False
bert.encoder.layer.2.attention.output.dense.weight False
bert.encoder.layer.2.attention.output.dense.bias False
bert.encoder.layer.2.attention.output.LayerNorm.weight False
bert.encoder.layer.2.attention.output.LayerNorm.bias False
bert.encoder.layer.2.intermediate.dense.weight False
bert.encoder.layer.2.intermediate.dense.bias False
bert.encoder.layer.2.output.dense.weight False
bert.encoder.layer.2.output.dense.bias False
bert.encoder.layer.2.output.LayerNorm.weight False
bert.encoder.layer.2.output.LayerNorm.bias False
bert.encoder.layer.3.attention.self.query.weight False
bert.encoder.layer.3.attention.self.query.bias False
bert.encoder.layer.3.attention.self.key.weight False
bert.encoder.layer.3.attention.self.key.bias False
bert.encoder.layer.3.attention.self.value.weight False
bert.encoder.layer.3.attention.self.value.bias False
bert.encoder.layer.3.attention.output.dense.weight False
bert.encoder.layer.3.attention.output.dense.bias False
bert.encoder.layer.3.attention.output.LayerNorm.weight False
bert.encoder.layer.3.attention.output.LayerNorm.bias False
bert.encoder.layer.3.intermediate.dense.weight False
bert.encoder.layer.3.intermediate.dense.bias False
bert.encoder.layer.3.output.dense.weight False
bert.encoder.layer.3.output.dense.bias False
bert.encoder.layer.3.output.LayerNorm.weight False
bert.encoder.layer.3.output.LayerNorm.bias False
bert.encoder.layer.4.attention.self.query.weight False
bert.encoder.layer.4.attention.self.query.bias False
bert.encoder.layer.4.attention.self.key.weight False
bert.encoder.layer.4.attention.self.key.bias False
bert.encoder.layer.4.attention.self.value.weight False
bert.encoder.layer.4.attention.self.value.bias False
bert.encoder.layer.4.attention.output.dense.weight False
bert.encoder.layer.4.attention.output.dense.bias False
bert.encoder.layer.4.attention.output.LayerNorm.weight False
bert.encoder.layer.4.attention.output.LayerNorm.bias False
bert.encoder.layer.4.intermediate.dense.weight False
bert.encoder.layer.4.intermediate.dense.bias False
bert.encoder.layer.4.output.dense.weight False
bert.encoder.layer.4.output.dense.bias False
bert.encoder.layer.4.output.LayerNorm.weight False
bert.encoder.layer.4.output.LayerNorm.bias False
bert.encoder.layer.5.attention.self.query.weight False
bert.encoder.layer.5.attention.self.query.bias False
bert.encoder.layer.5.attention.self.key.weight False
bert.encoder.layer.5.attention.self.key.bias False
bert.encoder.layer.5.attention.self.value.weight False
bert.encoder.layer.5.attention.self.value.bias False
bert.encoder.layer.5.attention.output.dense.weight False
bert.encoder.layer.5.attention.output.dense.bias False
bert.encoder.layer.5.attention.output.LayerNorm.weight False
bert.encoder.layer.5.attention.output.LayerNorm.bias False
bert.encoder.layer.5.intermediate.dense.weight False
bert.encoder.layer.5.intermediate.dense.bias False
bert.encoder.layer.5.output.dense.weight False
bert.encoder.layer.5.output.dense.bias False
bert.encoder.layer.5.output.LayerNorm.weight False
bert.encoder.layer.5.output.LayerNorm.bias False
bert.encoder.layer.6.attention.self.query.weight False
bert.encoder.layer.6.attention.self.query.bias False
bert.encoder.layer.6.attention.self.key.weight False
bert.encoder.layer.6.attention.self.key.bias False
bert.encoder.layer.6.attention.self.value.weight False
bert.encoder.layer.6.attention.self.value.bias False
bert.encoder.layer.6.attention.output.dense.weight False
bert.encoder.layer.6.attention.output.dense.bias False
bert.encoder.layer.6.attention.output.LayerNorm.weight False
bert.encoder.layer.6.attention.output.LayerNorm.bias False
bert.encoder.layer.6.intermediate.dense.weight False
bert.encoder.layer.6.intermediate.dense.bias False
bert.encoder.layer.6.output.dense.weight False
bert.encoder.layer.6.output.dense.bias False
bert.encoder.layer.6.output.LayerNorm.weight False
bert.encoder.layer.6.output.LayerNorm.bias False
bert.encoder.layer.7.attention.self.query.weight False
bert.encoder.layer.7.attention.self.query.bias False
bert.encoder.layer.7.attention.self.key.weight False
bert.encoder.layer.7.attention.self.key.bias False
bert.encoder.layer.7.attention.self.value.weight False
bert.encoder.layer.7.attention.self.value.bias False
bert.encoder.layer.7.attention.output.dense.weight False
bert.encoder.layer.7.attention.output.dense.bias False
bert.encoder.layer.7.attention.output.LayerNorm.weight False
bert.encoder.layer.7.attention.output.LayerNorm.bias False
bert.encoder.layer.7.intermediate.dense.weight False
bert.encoder.layer.7.intermediate.dense.bias False
bert.encoder.layer.7.output.dense.weight False
bert.encoder.layer.7.output.dense.bias False
bert.encoder.layer.7.output.LayerNorm.weight False
bert.encoder.layer.7.output.LayerNorm.bias False
bert.encoder.layer.8.attention.self.query.weight False
bert.encoder.layer.8.attention.self.query.bias False
bert.encoder.layer.8.attention.self.key.weight False
bert.encoder.layer.8.attention.self.key.bias False
bert.encoder.layer.8.attention.self.value.weight False
bert.encoder.layer.8.attention.self.value.bias False
bert.encoder.layer.8.attention.output.dense.weight False
bert.encoder.layer.8.attention.output.dense.bias False
bert.encoder.layer.8.attention.output.LayerNorm.weight False
bert.encoder.layer.8.attention.output.LayerNorm.bias False
bert.encoder.layer.8.intermediate.dense.weight False
bert.encoder.layer.8.intermediate.dense.bias False
bert.encoder.layer.8.output.dense.weight False
bert.encoder.layer.8.output.dense.bias False
bert.encoder.layer.8.output.LayerNorm.weight False
bert.encoder.layer.8.output.LayerNorm.bias False
bert.encoder.layer.9.attention.self.query.weight False
bert.encoder.layer.9.attention.self.query.bias False
bert.encoder.layer.9.attention.self.key.weight False
bert.encoder.layer.9.attention.self.key.bias False
bert.encoder.layer.9.attention.self.value.weight False
bert.encoder.layer.9.attention.self.value.bias False
bert.encoder.layer.9.attention.output.dense.weight False
bert.encoder.layer.9.attention.output.dense.bias False
bert.encoder.layer.9.attention.output.LayerNorm.weight False
bert.encoder.layer.9.attention.output.LayerNorm.bias False
bert.encoder.layer.9.intermediate.dense.weight False
bert.encoder.layer.9.intermediate.dense.bias False
bert.encoder.layer.9.output.dense.weight False
bert.encoder.layer.9.output.dense.bias False
bert.encoder.layer.9.output.LayerNorm.weight False
bert.encoder.layer.9.output.LayerNorm.bias False
bert.encoder.layer.10.attention.self.query.weight False
bert.encoder.layer.10.attention.self.query.bias False
bert.encoder.layer.10.attention.self.key.weight False
bert.encoder.layer.10.attention.self.key.bias False
bert.encoder.layer.10.attention.self.value.weight False
bert.encoder.layer.10.attention.self.value.bias False
bert.encoder.layer.10.attention.output.dense.weight False
bert.encoder.layer.10.attention.output.dense.bias False
bert.encoder.layer.10.attention.output.LayerNorm.weight False
bert.encoder.layer.10.attention.output.LayerNorm.bias False
bert.encoder.layer.10.intermediate.dense.weight False
bert.encoder.layer.10.intermediate.dense.bias False
bert.encoder.layer.10.output.dense.weight False
bert.encoder.layer.10.output.dense.bias False
bert.encoder.layer.10.output.LayerNorm.weight False
bert.encoder.layer.10.output.LayerNorm.bias False
bert.encoder.layer.11.attention.self.query.weight False
bert.encoder.layer.11.attention.self.query.bias False
bert.encoder.layer.11.attention.self.key.weight False
bert.encoder.layer.11.attention.self.key.bias False
bert.encoder.layer.11.attention.self.value.weight False
bert.encoder.layer.11.attention.self.value.bias False
bert.encoder.layer.11.attention.output.dense.weight False
bert.encoder.layer.11.attention.output.dense.bias False
bert.encoder.layer.11.attention.output.LayerNorm.weight False
bert.encoder.layer.11.attention.output.LayerNorm.bias False
bert.encoder.layer.11.intermediate.dense.weight False
bert.encoder.layer.11.intermediate.dense.bias False
bert.encoder.layer.11.output.dense.weight False
bert.encoder.layer.11.output.dense.bias False
bert.encoder.layer.11.output.LayerNorm.weight False
bert.encoder.layer.11.output.LayerNorm.bias False
bert.pooler.dense.weight False
bert.pooler.dense.bias False
classifier.weight True
classifier.bias True

t_total is 690


Epoch [0]:
Training:
Average incurred loss: 0.503  
Average sample loss: 0.503  
Average acc: 0.810  
  gold_label_random = 0, sentence2_has_negation = 0  [n = 255]:	loss = 0.497  exp loss = 0.398  adjusted loss = 0.398  adv prob = 0.166667   acc = 0.812
  gold_label_random = 0, sentence2_has_negation = 1  [n = 277]:	loss = 0.145  exp loss = 0.240  adjusted loss = 0.240  adv prob = 0.166667   acc = 0.946
  gold_label_random = 1, sentence2_has_negation = 0  [n = 271]:	loss = 0.394  exp loss = 0.335  adjusted loss = 0.335  adv prob = 0.166667   acc = 0.871
  gold_label_random = 1, sentence2_has_negation = 1  [n = 289]:	loss = 0.450  exp loss = 0.468  adjusted loss = 0.468  adv prob = 0.166667   acc = 0.848
  gold_label_random = 2, sentence2_has_negation = 0  [n = 248]:	loss = 0.637  exp loss = 0.536  adjusted loss = 0.536  adv prob = 0.166667   acc = 0.730
  gold_label_random = 2, sentence2_has_negation = 1  [n = 260]:	loss = 0.933  exp loss = 1.243  adjusted loss = 1.243  adv prob = 0.166667   acc = 0.635
Average incurred loss: 0.554  
Average sample loss: 0.554  
Average acc: 0.780  
  gold_label_random = 0, sentence2_has_negation = 0  [n = 280]:	loss = 0.488  exp loss = 0.447  adjusted loss = 0.447  adv prob = 0.166667   acc = 0.789
  gold_label_random = 0, sentence2_has_negation = 1  [n = 257]:	loss = 0.162  exp loss = 0.275  adjusted loss = 0.275  adv prob = 0.166667   acc = 0.949
  gold_label_random = 1, sentence2_has_negation = 0  [n = 264]:	loss = 0.404  exp loss = 0.449  adjusted loss = 0.449  adv prob = 0.166667   acc = 0.864
  gold_label_random = 1, sentence2_has_negation = 1  [n = 247]:	loss = 0.724  exp loss = 0.881  adjusted loss = 0.881  adv prob = 0.166667   acc = 0.749
  gold_label_random = 2, sentence2_has_negation = 0  [n = 282]:	loss = 0.589  exp loss = 0.689  adjusted loss = 0.689  adv prob = 0.166667   acc = 0.748
  gold_label_random = 2, sentence2_has_negation = 1  [n = 270]:	loss = 0.952  exp loss = 0.990  adjusted loss = 0.990  adv prob = 0.166667   acc = 0.589
Average incurred loss: 0.431  
Average sample loss: 0.431  
Average acc: 0.833  
  gold_label_random = 0, sentence2_has_negation = 0  [n = 78]:	loss = 0.553  exp loss = 0.506  adjusted loss = 0.506  adv prob = 0.166667   acc = 0.782
  gold_label_random = 0, sentence2_has_negation = 1  [n = 79]:	loss = 0.123  exp loss = 0.137  adjusted loss = 0.137  adv prob = 0.166667   acc = 0.949
  gold_label_random = 1, sentence2_has_negation = 0  [n = 78]:	loss = 0.311  exp loss = 0.299  adjusted loss = 0.299  adv prob = 0.166667   acc = 0.897
  gold_label_random = 1, sentence2_has_negation = 1  [n = 77]:	loss = 0.501  exp loss = 0.639  adjusted loss = 0.639  adv prob = 0.166667   acc = 0.857
  gold_label_random = 2, sentence2_has_negation = 0  [n = 83]:	loss = 0.452  exp loss = 0.456  adjusted loss = 0.456  adv prob = 0.166667   acc = 0.831
  gold_label_random = 2, sentence2_has_negation = 1  [n = 83]:	loss = 0.634  exp loss = 0.648  adjusted loss = 0.648  adv prob = 0.166667   acc = 0.687

Validation:
Average incurred loss: 0.272  
Average sample loss: 0.272  
Average acc: 0.907  
  gold_label_random = 0, sentence2_has_negation = 0  [n = 79699]:	loss = 0.301  exp loss = 0.494  adjusted loss = 0.494  adv prob = 0.166667   acc = 0.896
  gold_label_random = 0, sentence2_has_negation = 1  [n = 15179]:	loss = 0.094  exp loss = 0.031  adjusted loss = 0.031  adv prob = 0.166667   acc = 0.973
  gold_label_random = 1, sentence2_has_negation = 0  [n = 93712]:	loss = 0.203  exp loss = 0.215  adjusted loss = 0.215  adv prob = 0.166667   acc = 0.939
  gold_label_random = 1, sentence2_has_negation = 1  [n = 1521]:	loss = 0.215  exp loss = 0.107  adjusted loss = 0.107  adv prob = 0.166667   acc = 0.942
  gold_label_random = 2, sentence2_has_negation = 0  [n = 92672]:	loss = 0.342  exp loss = 0.371  adjusted loss = 0.371  adv prob = 0.166667   acc = 0.873
  gold_label_random = 2, sentence2_has_negation = 1  [n = 2176]:	loss = 0.455  exp loss = 0.498  adjusted loss = 0.498  adv prob = 0.166667   acc = 0.824
Current lr: 0.000017
Current lr: 0.000017
Current validation accuracy: 0.9065134525299072
Best model saved at epoch 0


Epoch [1]:
Training:
Average incurred loss: 0.504  
Average sample loss: 0.504  
Average acc: 0.804  
  gold_label_random = 0, sentence2_has_negation = 0  [n = 257]:	loss = 0.545  exp loss = 0.585  adjusted loss = 0.585  adv prob = 0.166667   acc = 0.802
  gold_label_random = 0, sentence2_has_negation = 1  [n = 249]:	loss = 0.199  exp loss = 0.165  adjusted loss = 0.165  adv prob = 0.166667   acc = 0.940
  gold_label_random = 1, sentence2_has_negation = 0  [n = 267]:	loss = 0.350  exp loss = 0.461  adjusted loss = 0.461  adv prob = 0.166667   acc = 0.869
  gold_label_random = 1, sentence2_has_negation = 1  [n = 288]:	loss = 0.612  exp loss = 0.550  adjusted loss = 0.550  adv prob = 0.166667   acc = 0.788
  gold_label_random = 2, sentence2_has_negation = 0  [n = 285]:	loss = 0.474  exp loss = 0.515  adjusted loss = 0.515  adv prob = 0.166667   acc = 0.796
  gold_label_random = 2, sentence2_has_negation = 1  [n = 254]:	loss = 0.836  exp loss = 0.725  adjusted loss = 0.725  adv prob = 0.166667   acc = 0.634
Average incurred loss: 0.483  
Average sample loss: 0.483  
Average acc: 0.815  
  gold_label_random = 0, sentence2_has_negation = 0  [n = 277]:	loss = 0.526  exp loss = 0.515  adjusted loss = 0.515  adv prob = 0.166667   acc = 0.827
  gold_label_random = 0, sentence2_has_negation = 1  [n = 276]:	loss = 0.175  exp loss = 0.206  adjusted loss = 0.206  adv prob = 0.166667   acc = 0.938
  gold_label_random = 1, sentence2_has_negation = 0  [n = 268]:	loss = 0.393  exp loss = 0.340  adjusted loss = 0.340  adv prob = 0.166667   acc = 0.866
  gold_label_random = 1, sentence2_has_negation = 1  [n = 249]:	loss = 0.462  exp loss = 0.577  adjusted loss = 0.577  adv prob = 0.166667   acc = 0.843
  gold_label_random = 2, sentence2_has_negation = 0  [n = 258]:	loss = 0.608  exp loss = 0.706  adjusted loss = 0.706  adv prob = 0.166667   acc = 0.752
  gold_label_random = 2, sentence2_has_negation = 1  [n = 272]:	loss = 0.743  exp loss = 0.729  adjusted loss = 0.729  adv prob = 0.166667   acc = 0.662
Average incurred loss: 0.455  
Average sample loss: 0.454  
Average acc: 0.822  
  gold_label_random = 0, sentence2_has_negation = 0  [n = 79]:	loss = 0.432  exp loss = 0.478  adjusted loss = 0.478  adv prob = 0.166667   acc = 0.810
  gold_label_random = 0, sentence2_has_negation = 1  [n = 88]:	loss = 0.113  exp loss = 0.117  adjusted loss = 0.117  adv prob = 0.166667   acc = 0.977
  gold_label_random = 1, sentence2_has_negation = 0  [n = 78]:	loss = 0.347  exp loss = 0.365  adjusted loss = 0.365  adv prob = 0.166667   acc = 0.859
  gold_label_random = 1, sentence2_has_negation = 1  [n = 76]:	loss = 0.599  exp loss = 0.508  adjusted loss = 0.508  adv prob = 0.166667   acc = 0.776
  gold_label_random = 2, sentence2_has_negation = 0  [n = 70]:	loss = 0.478  exp loss = 0.462  adjusted loss = 0.462  adv prob = 0.166667   acc = 0.829
  gold_label_random = 2, sentence2_has_negation = 1  [n = 87]:	loss = 0.771  exp loss = 0.857  adjusted loss = 0.857  adv prob = 0.166667   acc = 0.678

Validation:
Average incurred loss: 0.274  
Average sample loss: 0.274  
Average acc: 0.906  
  gold_label_random = 0, sentence2_has_negation = 0  [n = 79699]:	loss = 0.324  exp loss = 0.516  adjusted loss = 0.516  adv prob = 0.166667   acc = 0.887
  gold_label_random = 0, sentence2_has_negation = 1  [n = 15179]:	loss = 0.108  exp loss = 0.037  adjusted loss = 0.037  adv prob = 0.166667   acc = 0.968
  gold_label_random = 1, sentence2_has_negation = 0  [n = 93712]:	loss = 0.202  exp loss = 0.216  adjusted loss = 0.216  adv prob = 0.166667   acc = 0.939
  gold_label_random = 1, sentence2_has_negation = 1  [n = 1521]:	loss = 0.215  exp loss = 0.110  adjusted loss = 0.110  adv prob = 0.166667   acc = 0.943
  gold_label_random = 2, sentence2_has_negation = 0  [n = 92672]:	loss = 0.328  exp loss = 0.359  adjusted loss = 0.359  adv prob = 0.166667   acc = 0.879
  gold_label_random = 2, sentence2_has_negation = 1  [n = 2176]:	loss = 0.426  exp loss = 0.458  adjusted loss = 0.458  adv prob = 0.166667   acc = 0.840
Current lr: 0.000013
Current lr: 0.000013
Current validation accuracy: 0.9058647155761719


Epoch [2]:
Training:
Average incurred loss: 0.473  
Average sample loss: 0.473  
Average acc: 0.801  
  gold_label_random = 0, sentence2_has_negation = 0  [n = 289]:	loss = 0.559  exp loss = 0.555  adjusted loss = 0.555  adv prob = 0.166667   acc = 0.761
  gold_label_random = 0, sentence2_has_negation = 1  [n = 261]:	loss = 0.156  exp loss = 0.130  adjusted loss = 0.130  adv prob = 0.166667   acc = 0.950
  gold_label_random = 1, sentence2_has_negation = 0  [n = 281]:	loss = 0.345  exp loss = 0.256  adjusted loss = 0.256  adv prob = 0.166667   acc = 0.868
  gold_label_random = 1, sentence2_has_negation = 1  [n = 254]:	loss = 0.532  exp loss = 0.535  adjusted loss = 0.535  adv prob = 0.166667   acc = 0.811
  gold_label_random = 2, sentence2_has_negation = 0  [n = 268]:	loss = 0.506  exp loss = 0.577  adjusted loss = 0.577  adv prob = 0.166667   acc = 0.787
  gold_label_random = 2, sentence2_has_negation = 1  [n = 247]:	loss = 0.757  exp loss = 0.753  adjusted loss = 0.753  adv prob = 0.166667   acc = 0.619
Average incurred loss: 0.511  
Average sample loss: 0.511  
Average acc: 0.801  
  gold_label_random = 0, sentence2_has_negation = 0  [n = 241]:	loss = 0.511  exp loss = 0.531  adjusted loss = 0.531  adv prob = 0.166667   acc = 0.805
  gold_label_random = 0, sentence2_has_negation = 1  [n = 275]:	loss = 0.223  exp loss = 0.183  adjusted loss = 0.183  adv prob = 0.166667   acc = 0.935
  gold_label_random = 1, sentence2_has_negation = 0  [n = 258]:	loss = 0.431  exp loss = 0.424  adjusted loss = 0.424  adv prob = 0.166667   acc = 0.829
  gold_label_random = 1, sentence2_has_negation = 1  [n = 282]:	loss = 0.549  exp loss = 0.404  adjusted loss = 0.404  adv prob = 0.166667   acc = 0.801
  gold_label_random = 2, sentence2_has_negation = 0  [n = 257]:	loss = 0.573  exp loss = 0.531  adjusted loss = 0.531  adv prob = 0.166667   acc = 0.778
  gold_label_random = 2, sentence2_has_negation = 1  [n = 287]:	loss = 0.765  exp loss = 0.775  adjusted loss = 0.775  adv prob = 0.166667   acc = 0.666
Average incurred loss: 0.461  
Average sample loss: 0.460  
Average acc: 0.812  
  gold_label_random = 0, sentence2_has_negation = 0  [n = 83]:	loss = 0.598  exp loss = 0.556  adjusted loss = 0.556  adv prob = 0.166667   acc = 0.747
  gold_label_random = 0, sentence2_has_negation = 1  [n = 77]:	loss = 0.190  exp loss = 0.185  adjusted loss = 0.185  adv prob = 0.166667   acc = 0.935
  gold_label_random = 1, sentence2_has_negation = 0  [n = 74]:	loss = 0.328  exp loss = 0.507  adjusted loss = 0.507  adv prob = 0.166667   acc = 0.865
  gold_label_random = 1, sentence2_has_negation = 1  [n = 77]:	loss = 0.452  exp loss = 0.450  adjusted loss = 0.450  adv prob = 0.166667   acc = 0.831
  gold_label_random = 2, sentence2_has_negation = 0  [n = 88]:	loss = 0.484  exp loss = 0.487  adjusted loss = 0.487  adv prob = 0.166667   acc = 0.784
  gold_label_random = 2, sentence2_has_negation = 1  [n = 79]:	loss = 0.686  exp loss = 0.672  adjusted loss = 0.672  adv prob = 0.166667   acc = 0.722

Validation:
Average incurred loss: 0.276  
Average sample loss: 0.276  
Average acc: 0.905  
  gold_label_random = 0, sentence2_has_negation = 0  [n = 79699]:	loss = 0.338  exp loss = 0.530  adjusted loss = 0.530  adv prob = 0.166667   acc = 0.883
  gold_label_random = 0, sentence2_has_negation = 1  [n = 15179]:	loss = 0.117  exp loss = 0.042  adjusted loss = 0.042  adv prob = 0.166667   acc = 0.966
  gold_label_random = 1, sentence2_has_negation = 0  [n = 93712]:	loss = 0.201  exp loss = 0.216  adjusted loss = 0.216  adv prob = 0.166667   acc = 0.940
  gold_label_random = 1, sentence2_has_negation = 1  [n = 1521]:	loss = 0.214  exp loss = 0.112  adjusted loss = 0.112  adv prob = 0.166667   acc = 0.943
  gold_label_random = 2, sentence2_has_negation = 0  [n = 92672]:	loss = 0.323  exp loss = 0.354  adjusted loss = 0.354  adv prob = 0.166667   acc = 0.881
  gold_label_random = 2, sentence2_has_negation = 1  [n = 2176]:	loss = 0.411  exp loss = 0.439  adjusted loss = 0.439  adv prob = 0.166667   acc = 0.845
Current lr: 0.000010
Current lr: 0.000010
Current validation accuracy: 0.9053906202316284


Epoch [3]:
Training:
Average incurred loss: 0.489  
Average sample loss: 0.489  
Average acc: 0.802  
  gold_label_random = 0, sentence2_has_negation = 0  [n = 277]:	loss = 0.582  exp loss = 0.561  adjusted loss = 0.561  adv prob = 0.166667   acc = 0.773
  gold_label_random = 0, sentence2_has_negation = 1  [n = 270]:	loss = 0.208  exp loss = 0.176  adjusted loss = 0.176  adv prob = 0.166667   acc = 0.933
  gold_label_random = 1, sentence2_has_negation = 0  [n = 276]:	loss = 0.366  exp loss = 0.302  adjusted loss = 0.302  adv prob = 0.166667   acc = 0.855
  gold_label_random = 1, sentence2_has_negation = 1  [n = 274]:	loss = 0.539  exp loss = 0.600  adjusted loss = 0.600  adv prob = 0.166667   acc = 0.796
  gold_label_random = 2, sentence2_has_negation = 0  [n = 264]:	loss = 0.516  exp loss = 0.566  adjusted loss = 0.566  adv prob = 0.166667   acc = 0.784
  gold_label_random = 2, sentence2_has_negation = 1  [n = 239]:	loss = 0.752  exp loss = 0.659  adjusted loss = 0.659  adv prob = 0.166667   acc = 0.657
Average incurred loss: 0.503  
Average sample loss: 0.503  
Average acc: 0.804  
  gold_label_random = 0, sentence2_has_negation = 0  [n = 261]:	loss = 0.609  exp loss = 0.756  adjusted loss = 0.756  adv prob = 0.166667   acc = 0.751
  gold_label_random = 0, sentence2_has_negation = 1  [n = 268]:	loss = 0.202  exp loss = 0.249  adjusted loss = 0.249  adv prob = 0.166667   acc = 0.940
  gold_label_random = 1, sentence2_has_negation = 0  [n = 260]:	loss = 0.381  exp loss = 0.406  adjusted loss = 0.406  adv prob = 0.166667   acc = 0.858
  gold_label_random = 1, sentence2_has_negation = 1  [n = 254]:	loss = 0.511  exp loss = 0.509  adjusted loss = 0.509  adv prob = 0.166667   acc = 0.846
  gold_label_random = 2, sentence2_has_negation = 0  [n = 264]:	loss = 0.562  exp loss = 0.653  adjusted loss = 0.653  adv prob = 0.166667   acc = 0.761
  gold_label_random = 2, sentence2_has_negation = 1  [n = 293]:	loss = 0.730  exp loss = 0.908  adjusted loss = 0.908  adv prob = 0.166667   acc = 0.679
Average incurred loss: 0.489  
Average sample loss: 0.489  
Average acc: 0.805  
  gold_label_random = 0, sentence2_has_negation = 0  [n = 75]:	loss = 0.458  exp loss = 0.485  adjusted loss = 0.485  adv prob = 0.166667   acc = 0.840
  gold_label_random = 0, sentence2_has_negation = 1  [n = 75]:	loss = 0.216  exp loss = 0.176  adjusted loss = 0.176  adv prob = 0.166667   acc = 0.907
  gold_label_random = 1, sentence2_has_negation = 0  [n = 77]:	loss = 0.441  exp loss = 0.439  adjusted loss = 0.439  adv prob = 0.166667   acc = 0.844
  gold_label_random = 1, sentence2_has_negation = 1  [n = 85]:	loss = 0.594  exp loss = 0.621  adjusted loss = 0.621  adv prob = 0.166667   acc = 0.788
  gold_label_random = 2, sentence2_has_negation = 0  [n = 85]:	loss = 0.539  exp loss = 0.614  adjusted loss = 0.614  adv prob = 0.166667   acc = 0.812
  gold_label_random = 2, sentence2_has_negation = 1  [n = 81]:	loss = 0.650  exp loss = 0.687  adjusted loss = 0.687  adv prob = 0.166667   acc = 0.654

Validation:
Average incurred loss: 0.278  
Average sample loss: 0.278  
Average acc: 0.905  
  gold_label_random = 0, sentence2_has_negation = 0  [n = 79699]:	loss = 0.345  exp loss = 0.535  adjusted loss = 0.535  adv prob = 0.166667   acc = 0.880
  gold_label_random = 0, sentence2_has_negation = 1  [n = 15179]:	loss = 0.123  exp loss = 0.045  adjusted loss = 0.045  adv prob = 0.166667   acc = 0.964
  gold_label_random = 1, sentence2_has_negation = 0  [n = 93712]:	loss = 0.203  exp loss = 0.218  adjusted loss = 0.218  adv prob = 0.166667   acc = 0.939
  gold_label_random = 1, sentence2_has_negation = 1  [n = 1521]:	loss = 0.217  exp loss = 0.116  adjusted loss = 0.116  adv prob = 0.166667   acc = 0.942
  gold_label_random = 2, sentence2_has_negation = 0  [n = 92672]:	loss = 0.318  exp loss = 0.350  adjusted loss = 0.350  adv prob = 0.166667   acc = 0.883
  gold_label_random = 2, sentence2_has_negation = 1  [n = 2176]:	loss = 0.401  exp loss = 0.428  adjusted loss = 0.428  adv prob = 0.166667   acc = 0.850
Current lr: 0.000007
Current lr: 0.000007
Current validation accuracy: 0.9050607085227966


Epoch [4]:
Training:
Average incurred loss: 0.471  
Average sample loss: 0.471  
Average acc: 0.810  
  gold_label_random = 0, sentence2_has_negation = 0  [n = 267]:	loss = 0.570  exp loss = 0.566  adjusted loss = 0.566  adv prob = 0.166667   acc = 0.809
  gold_label_random = 0, sentence2_has_negation = 1  [n = 279]:	loss = 0.228  exp loss = 0.179  adjusted loss = 0.179  adv prob = 0.166667   acc = 0.921
  gold_label_random = 1, sentence2_has_negation = 0  [n = 274]:	loss = 0.387  exp loss = 0.298  adjusted loss = 0.298  adv prob = 0.166667   acc = 0.865
  gold_label_random = 1, sentence2_has_negation = 1  [n = 253]:	loss = 0.511  exp loss = 0.516  adjusted loss = 0.516  adv prob = 0.166667   acc = 0.818
  gold_label_random = 2, sentence2_has_negation = 0  [n = 257]:	loss = 0.474  exp loss = 0.539  adjusted loss = 0.539  adv prob = 0.166667   acc = 0.778
  gold_label_random = 2, sentence2_has_negation = 1  [n = 270]:	loss = 0.671  exp loss = 0.708  adjusted loss = 0.708  adv prob = 0.166667   acc = 0.663
Average incurred loss: 0.491  
Average sample loss: 0.491  
Average acc: 0.798  
  gold_label_random = 0, sentence2_has_negation = 0  [n = 267]:	loss = 0.578  exp loss = 0.440  adjusted loss = 0.440  adv prob = 0.166667   acc = 0.764
  gold_label_random = 0, sentence2_has_negation = 1  [n = 259]:	loss = 0.207  exp loss = 0.123  adjusted loss = 0.123  adv prob = 0.166667   acc = 0.915
  gold_label_random = 1, sentence2_has_negation = 0  [n = 261]:	loss = 0.337  exp loss = 0.313  adjusted loss = 0.313  adv prob = 0.166667   acc = 0.862
  gold_label_random = 1, sentence2_has_negation = 1  [n = 272]:	loss = 0.510  exp loss = 0.508  adjusted loss = 0.508  adv prob = 0.166667   acc = 0.801
  gold_label_random = 2, sentence2_has_negation = 0  [n = 278]:	loss = 0.539  exp loss = 0.614  adjusted loss = 0.614  adv prob = 0.166667   acc = 0.784
  gold_label_random = 2, sentence2_has_negation = 1  [n = 263]:	loss = 0.766  exp loss = 0.645  adjusted loss = 0.645  adv prob = 0.166667   acc = 0.665
Average incurred loss: 0.493  
Average sample loss: 0.492  
Average acc: 0.820  
  gold_label_random = 0, sentence2_has_negation = 0  [n = 79]:	loss = 0.670  exp loss = 0.607  adjusted loss = 0.607  adv prob = 0.166667   acc = 0.772
  gold_label_random = 0, sentence2_has_negation = 1  [n = 75]:	loss = 0.102  exp loss = 0.105  adjusted loss = 0.105  adv prob = 0.166667   acc = 1.000
  gold_label_random = 1, sentence2_has_negation = 0  [n = 78]:	loss = 0.293  exp loss = 0.277  adjusted loss = 0.277  adv prob = 0.166667   acc = 0.885
  gold_label_random = 1, sentence2_has_negation = 1  [n = 88]:	loss = 0.663  exp loss = 0.616  adjusted loss = 0.616  adv prob = 0.166667   acc = 0.761
  gold_label_random = 2, sentence2_has_negation = 0  [n = 78]:	loss = 0.525  exp loss = 0.471  adjusted loss = 0.471  adv prob = 0.166667   acc = 0.821
  gold_label_random = 2, sentence2_has_negation = 1  [n = 80]:	loss = 0.659  exp loss = 0.684  adjusted loss = 0.684  adv prob = 0.166667   acc = 0.700

Validation:
Average incurred loss: 0.278  
Average sample loss: 0.278  
Average acc: 0.905  
  gold_label_random = 0, sentence2_has_negation = 0  [n = 79699]:	loss = 0.349  exp loss = 0.538  adjusted loss = 0.538  adv prob = 0.166667   acc = 0.879
  gold_label_random = 0, sentence2_has_negation = 1  [n = 15179]:	loss = 0.126  exp loss = 0.046  adjusted loss = 0.046  adv prob = 0.166667   acc = 0.964
  gold_label_random = 1, sentence2_has_negation = 0  [n = 93712]:	loss = 0.203  exp loss = 0.219  adjusted loss = 0.219  adv prob = 0.166667   acc = 0.939
  gold_label_random = 1, sentence2_has_negation = 1  [n = 1521]:	loss = 0.218  exp loss = 0.118  adjusted loss = 0.118  adv prob = 0.166667   acc = 0.942
  gold_label_random = 2, sentence2_has_negation = 0  [n = 92672]:	loss = 0.316  exp loss = 0.347  adjusted loss = 0.347  adv prob = 0.166667   acc = 0.884
  gold_label_random = 2, sentence2_has_negation = 1  [n = 2176]:	loss = 0.397  exp loss = 0.423  adjusted loss = 0.423  adv prob = 0.166667   acc = 0.852
Current lr: 0.000003
Current lr: 0.000003
Current validation accuracy: 0.9048607349395752


Epoch [5]:
Training:
Average incurred loss: 0.513  
Average sample loss: 0.513  
Average acc: 0.803  
  gold_label_random = 0, sentence2_has_negation = 0  [n = 266]:	loss = 0.626  exp loss = 0.624  adjusted loss = 0.624  adv prob = 0.166667   acc = 0.771
  gold_label_random = 0, sentence2_has_negation = 1  [n = 265]:	loss = 0.227  exp loss = 0.241  adjusted loss = 0.241  adv prob = 0.166667   acc = 0.936
  gold_label_random = 1, sentence2_has_negation = 0  [n = 272]:	loss = 0.355  exp loss = 0.390  adjusted loss = 0.390  adv prob = 0.166667   acc = 0.864
  gold_label_random = 1, sentence2_has_negation = 1  [n = 278]:	loss = 0.561  exp loss = 0.521  adjusted loss = 0.521  adv prob = 0.166667   acc = 0.799
  gold_label_random = 2, sentence2_has_negation = 0  [n = 269]:	loss = 0.591  exp loss = 0.599  adjusted loss = 0.599  adv prob = 0.166667   acc = 0.762
  gold_label_random = 2, sentence2_has_negation = 1  [n = 250]:	loss = 0.734  exp loss = 0.645  adjusted loss = 0.645  adv prob = 0.166667   acc = 0.676
Average incurred loss: 0.454  
Average sample loss: 0.454  
Average acc: 0.813  
  gold_label_random = 0, sentence2_has_negation = 0  [n = 279]:	loss = 0.559  exp loss = 0.550  adjusted loss = 0.550  adv prob = 0.166667   acc = 0.785
  gold_label_random = 0, sentence2_has_negation = 1  [n = 257]:	loss = 0.199  exp loss = 0.298  adjusted loss = 0.298  adv prob = 0.166667   acc = 0.934
  gold_label_random = 1, sentence2_has_negation = 0  [n = 266]:	loss = 0.348  exp loss = 0.428  adjusted loss = 0.428  adv prob = 0.166667   acc = 0.880
  gold_label_random = 1, sentence2_has_negation = 1  [n = 251]:	loss = 0.450  exp loss = 0.348  adjusted loss = 0.348  adv prob = 0.166667   acc = 0.817
  gold_label_random = 2, sentence2_has_negation = 0  [n = 264]:	loss = 0.466  exp loss = 0.464  adjusted loss = 0.464  adv prob = 0.166667   acc = 0.814
  gold_label_random = 2, sentence2_has_negation = 1  [n = 283]:	loss = 0.672  exp loss = 0.743  adjusted loss = 0.743  adv prob = 0.166667   acc = 0.664
Average incurred loss: 0.478  
Average sample loss: 0.477  
Average acc: 0.816  
  gold_label_random = 0, sentence2_has_negation = 0  [n = 68]:	loss = 0.559  exp loss = 0.527  adjusted loss = 0.527  adv prob = 0.166667   acc = 0.765
  gold_label_random = 0, sentence2_has_negation = 1  [n = 91]:	loss = 0.215  exp loss = 0.218  adjusted loss = 0.218  adv prob = 0.166667   acc = 0.923
  gold_label_random = 1, sentence2_has_negation = 0  [n = 75]:	loss = 0.572  exp loss = 0.554  adjusted loss = 0.554  adv prob = 0.166667   acc = 0.787
  gold_label_random = 1, sentence2_has_negation = 1  [n = 84]:	loss = 0.588  exp loss = 0.506  adjusted loss = 0.506  adv prob = 0.166667   acc = 0.821
  gold_label_random = 2, sentence2_has_negation = 0  [n = 80]:	loss = 0.418  exp loss = 0.404  adjusted loss = 0.404  adv prob = 0.166667   acc = 0.837
  gold_label_random = 2, sentence2_has_negation = 1  [n = 80]:	loss = 0.562  exp loss = 0.591  adjusted loss = 0.591  adv prob = 0.166667   acc = 0.737

Validation:
Average incurred loss: 0.279  
Average sample loss: 0.279  
Average acc: 0.905  
  gold_label_random = 0, sentence2_has_negation = 0  [n = 79699]:	loss = 0.351  exp loss = 0.540  adjusted loss = 0.540  adv prob = 0.166667   acc = 0.878
  gold_label_random = 0, sentence2_has_negation = 1  [n = 15179]:	loss = 0.127  exp loss = 0.047  adjusted loss = 0.047  adv prob = 0.166667   acc = 0.963
  gold_label_random = 1, sentence2_has_negation = 0  [n = 93712]:	loss = 0.203  exp loss = 0.218  adjusted loss = 0.218  adv prob = 0.166667   acc = 0.939
  gold_label_random = 1, sentence2_has_negation = 1  [n = 1521]:	loss = 0.217  exp loss = 0.118  adjusted loss = 0.118  adv prob = 0.166667   acc = 0.942
  gold_label_random = 2, sentence2_has_negation = 0  [n = 92672]:	loss = 0.316  exp loss = 0.348  adjusted loss = 0.348  adv prob = 0.166667   acc = 0.884
  gold_label_random = 2, sentence2_has_negation = 1  [n = 2176]:	loss = 0.396  exp loss = 0.421  adjusted loss = 0.421  adv prob = 0.166667   acc = 0.852
Current lr: 0.000000
Current lr: 0.000000
Current validation accuracy: 0.9047621488571167

Total Experiment Time: 8505.0s
Finished with job 728 (seed=111)
