/home/araymond/pyenv/versions/mini/lib/python3.10/site-packages/transformers/utils/hub.py:111: FutureWarning: Using `TRANSFORMERS_CACHE` is deprecated and will be removed in v5 of Transformers. Use `HF_HOME` instead.
  warnings.warn(
usage: run_expt.py [-h] -d {MNISTCIFAR,CelebA,CUB,CIFAR10,MultiNLI,jigsaw} -s
                   {confounder,label_shift_step} [--wandb]
                   [--project_name PROJECT_NAME] [-t TARGET_NAME]
                   [-c CONFOUNDER_NAMES [CONFOUNDER_NAMES ...]]
                   [--up_weight UP_WEIGHT] [--resume] [--finetune]
                   [--normalize] [--recalculate_groups] [--unfreeze UNFREEZE]
                   [--restart_layers RESTART_LAYERS]
                   [--minority_fraction MINORITY_FRACTION]
                   [--imbalance_ratio IMBALANCE_RATIO] [--fraction FRACTION]
                   [--root_dir ROOT_DIR] [--reweight_groups] [--augment_data]
                   [--val_fraction VAL_FRACTION]
                   [--loss_type {erm,reweight,group_dro,joint_dro}]
                   [--alpha ALPHA]
                   [--generalization_adjustment GENERALIZATION_ADJUSTMENT]
                   [--sv_dropout SV_DROPOUT] [--automatic_adjustment]
                   [--robust_step_size ROBUST_STEP_SIZE]
                   [--joint_dro_alpha JOINT_DRO_ALPHA] [--use_normalized_loss]
                   [--btl] [--hinge]
                   [--model {bert,scnn,inception_v3,wideresnet50,resnet50,resnet34,raw_logistic_regression,bert-base-uncased}]
                   [--train_from_scratch] [--pretrained_path PRETRAINED_PATH]
                   [--n_epochs N_EPOCHS] [--batch_size BATCH_SIZE] [--lr LR]
                   [--scheduler] [--l1 L1] [--weight_decay WEIGHT_DECAY]
                   [--gamma GAMMA]
                   [--minimum_variational_weight MINIMUM_VARIATIONAL_WEIGHT]
                   [--seed SEED] [--accum ACCUM] [--show_progress]
                   [--log_dir LOG_DIR] [--log_every LOG_EVERY]
                   [--save_step SAVE_STEP] [--save_best] [--save_last]
                   [--use_bert_params USE_BERT_PARAMS]
                   [--num_folds_per_sweep NUM_FOLDS_PER_SWEEP]
                   [--num_sweeps NUM_SWEEPS] [--q Q]
                   [--metadata_csv_name METADATA_CSV_NAME] [--fold FOLD]
                   [--metadata_path METADATA_PATH] [--aug_col AUG_COL]
run_expt.py: error: argument --use_bert_params: expected one argument
