




 Using bert params 







WARNING: You are using 'multinli_metadata_val_as_train.csv' instead of the default 'metadata.csv'.


Dataset: MultiNLI
Shift type: confounder
Wandb: False
Project name: spurious
Target name: gold_label_random
Confounder names: ['sentence2_has_negation']
Up weight: 0
Resume: False
Finetune: True
Normalize: False
Recalculate groups: False
Unfreeze: 0
Restart layers: 0
Minority fraction: None
Imbalance ratio: None
Fraction: 1.0
Root dir: ../datasets
Reweight groups: True
Augment data: False
Val fraction: 0.1
Loss type: erm
Alpha: 0.2
Generalization adjustment: 0.0
Sv dropout: 0.0
Automatic adjustment: False
Robust step size: 0.01
Joint dro alpha: 1
Use normalized loss: False
Btl: False
Hinge: False
Model: bert-base-uncased
Train from scratch: False
Pretrained path: pretrained_models/MultiNLI/erm_0.9_111.pth
N epochs: 6
Batch size: 32
Lr: 2e-05
Scheduler: False
L1: 0.0
Weight decay: 0.0
Gamma: 0.1
Minimum variational weight: 0
Seed: 111
Accum: 1
Show progress: False
Log dir: results/MultiNLI/erm_rw/model_outputs_111
Log every: 50
Save step: 10
Save best: True
Save last: True
Use bert params: 1
Num folds per sweep: 5
Num sweeps: 4
Q: 0.7
Metadata csv name: multinli_metadata_val_as_train.csv
Fold: None
Metadata path: None
Aug col: None
Max grad norm: 1.0
Adam epsilon: 1e-08
Warmup steps: 0

Training Data...
    gold_label_random = 0, sentence2_has_negation = 0: n = 613
    gold_label_random = 0, sentence2_has_negation = 1: n = 613
    gold_label_random = 1, sentence2_has_negation = 0: n = 613
    gold_label_random = 1, sentence2_has_negation = 1: n = 613
    gold_label_random = 2, sentence2_has_negation = 0: n = 613
    gold_label_random = 2, sentence2_has_negation = 1: n = 613
Validation Data...
    gold_label_random = 0, sentence2_has_negation = 0: n = 79699
    gold_label_random = 0, sentence2_has_negation = 1: n = 15179
    gold_label_random = 1, sentence2_has_negation = 0: n = 93712
    gold_label_random = 1, sentence2_has_negation = 1: n = 1521
    gold_label_random = 2, sentence2_has_negation = 0: n = 92672
    gold_label_random = 2, sentence2_has_negation = 1: n = 2176
Test Data...
    gold_label_random = 0, sentence2_has_negation = 0: n = 34597
    gold_label_random = 0, sentence2_has_negation = 1: n = 6655
    gold_label_random = 1, sentence2_has_negation = 0: n = 40496
    gold_label_random = 1, sentence2_has_negation = 1: n = 886
    gold_label_random = 2, sentence2_has_negation = 0: n = 39930
    gold_label_random = 2, sentence2_has_negation = 1: n = 1148
Training
Loading pretrained model from: pretrained_models/MultiNLI/erm_0.9_111.pth
bert.embeddings.word_embeddings.weight False
bert.embeddings.position_embeddings.weight False
bert.embeddings.token_type_embeddings.weight False
bert.embeddings.LayerNorm.weight False
bert.embeddings.LayerNorm.bias False
bert.encoder.layer.0.attention.self.query.weight False
bert.encoder.layer.0.attention.self.query.bias False
bert.encoder.layer.0.attention.self.key.weight False
bert.encoder.layer.0.attention.self.key.bias False
bert.encoder.layer.0.attention.self.value.weight False
bert.encoder.layer.0.attention.self.value.bias False
bert.encoder.layer.0.attention.output.dense.weight False
bert.encoder.layer.0.attention.output.dense.bias False
bert.encoder.layer.0.attention.output.LayerNorm.weight False
bert.encoder.layer.0.attention.output.LayerNorm.bias False
bert.encoder.layer.0.intermediate.dense.weight False
bert.encoder.layer.0.intermediate.dense.bias False
bert.encoder.layer.0.output.dense.weight False
bert.encoder.layer.0.output.dense.bias False
bert.encoder.layer.0.output.LayerNorm.weight False
bert.encoder.layer.0.output.LayerNorm.bias False
bert.encoder.layer.1.attention.self.query.weight False
bert.encoder.layer.1.attention.self.query.bias False
bert.encoder.layer.1.attention.self.key.weight False
bert.encoder.layer.1.attention.self.key.bias False
bert.encoder.layer.1.attention.self.value.weight False
bert.encoder.layer.1.attention.self.value.bias False
bert.encoder.layer.1.attention.output.dense.weight False
bert.encoder.layer.1.attention.output.dense.bias False
bert.encoder.layer.1.attention.output.LayerNorm.weight False
bert.encoder.layer.1.attention.output.LayerNorm.bias False
bert.encoder.layer.1.intermediate.dense.weight False
bert.encoder.layer.1.intermediate.dense.bias False
bert.encoder.layer.1.output.dense.weight False
bert.encoder.layer.1.output.dense.bias False
bert.encoder.layer.1.output.LayerNorm.weight False
bert.encoder.layer.1.output.LayerNorm.bias False
bert.encoder.layer.2.attention.self.query.weight False
bert.encoder.layer.2.attention.self.query.bias False
bert.encoder.layer.2.attention.self.key.weight False
bert.encoder.layer.2.attention.self.key.bias False
bert.encoder.layer.2.attention.self.value.weight False
bert.encoder.layer.2.attention.self.value.bias False
bert.encoder.layer.2.attention.output.dense.weight False
bert.encoder.layer.2.attention.output.dense.bias False
bert.encoder.layer.2.attention.output.LayerNorm.weight False
bert.encoder.layer.2.attention.output.LayerNorm.bias False
bert.encoder.layer.2.intermediate.dense.weight False
bert.encoder.layer.2.intermediate.dense.bias False
bert.encoder.layer.2.output.dense.weight False
bert.encoder.layer.2.output.dense.bias False
bert.encoder.layer.2.output.LayerNorm.weight False
bert.encoder.layer.2.output.LayerNorm.bias False
bert.encoder.layer.3.attention.self.query.weight False
bert.encoder.layer.3.attention.self.query.bias False
bert.encoder.layer.3.attention.self.key.weight False
bert.encoder.layer.3.attention.self.key.bias False
bert.encoder.layer.3.attention.self.value.weight False
bert.encoder.layer.3.attention.self.value.bias False
bert.encoder.layer.3.attention.output.dense.weight False
bert.encoder.layer.3.attention.output.dense.bias False
bert.encoder.layer.3.attention.output.LayerNorm.weight False
bert.encoder.layer.3.attention.output.LayerNorm.bias False
bert.encoder.layer.3.intermediate.dense.weight False
bert.encoder.layer.3.intermediate.dense.bias False
bert.encoder.layer.3.output.dense.weight False
bert.encoder.layer.3.output.dense.bias False
bert.encoder.layer.3.output.LayerNorm.weight False
bert.encoder.layer.3.output.LayerNorm.bias False
bert.encoder.layer.4.attention.self.query.weight False
bert.encoder.layer.4.attention.self.query.bias False
bert.encoder.layer.4.attention.self.key.weight False
bert.encoder.layer.4.attention.self.key.bias False
bert.encoder.layer.4.attention.self.value.weight False
bert.encoder.layer.4.attention.self.value.bias False
bert.encoder.layer.4.attention.output.dense.weight False
bert.encoder.layer.4.attention.output.dense.bias False
bert.encoder.layer.4.attention.output.LayerNorm.weight False
bert.encoder.layer.4.attention.output.LayerNorm.bias False
bert.encoder.layer.4.intermediate.dense.weight False
bert.encoder.layer.4.intermediate.dense.bias False
bert.encoder.layer.4.output.dense.weight False
bert.encoder.layer.4.output.dense.bias False
bert.encoder.layer.4.output.LayerNorm.weight False
bert.encoder.layer.4.output.LayerNorm.bias False
bert.encoder.layer.5.attention.self.query.weight False
bert.encoder.layer.5.attention.self.query.bias False
bert.encoder.layer.5.attention.self.key.weight False
bert.encoder.layer.5.attention.self.key.bias False
bert.encoder.layer.5.attention.self.value.weight False
bert.encoder.layer.5.attention.self.value.bias False
bert.encoder.layer.5.attention.output.dense.weight False
bert.encoder.layer.5.attention.output.dense.bias False
bert.encoder.layer.5.attention.output.LayerNorm.weight False
bert.encoder.layer.5.attention.output.LayerNorm.bias False
bert.encoder.layer.5.intermediate.dense.weight False
bert.encoder.layer.5.intermediate.dense.bias False
bert.encoder.layer.5.output.dense.weight False
bert.encoder.layer.5.output.dense.bias False
bert.encoder.layer.5.output.LayerNorm.weight False
bert.encoder.layer.5.output.LayerNorm.bias False
bert.encoder.layer.6.attention.self.query.weight False
bert.encoder.layer.6.attention.self.query.bias False
bert.encoder.layer.6.attention.self.key.weight False
bert.encoder.layer.6.attention.self.key.bias False
bert.encoder.layer.6.attention.self.value.weight False
bert.encoder.layer.6.attention.self.value.bias False
bert.encoder.layer.6.attention.output.dense.weight False
bert.encoder.layer.6.attention.output.dense.bias False
bert.encoder.layer.6.attention.output.LayerNorm.weight False
bert.encoder.layer.6.attention.output.LayerNorm.bias False
bert.encoder.layer.6.intermediate.dense.weight False
bert.encoder.layer.6.intermediate.dense.bias False
bert.encoder.layer.6.output.dense.weight False
bert.encoder.layer.6.output.dense.bias False
bert.encoder.layer.6.output.LayerNorm.weight False
bert.encoder.layer.6.output.LayerNorm.bias False
bert.encoder.layer.7.attention.self.query.weight False
bert.encoder.layer.7.attention.self.query.bias False
bert.encoder.layer.7.attention.self.key.weight False
bert.encoder.layer.7.attention.self.key.bias False
bert.encoder.layer.7.attention.self.value.weight False
bert.encoder.layer.7.attention.self.value.bias False
bert.encoder.layer.7.attention.output.dense.weight False
bert.encoder.layer.7.attention.output.dense.bias False
bert.encoder.layer.7.attention.output.LayerNorm.weight False
bert.encoder.layer.7.attention.output.LayerNorm.bias False
bert.encoder.layer.7.intermediate.dense.weight False
bert.encoder.layer.7.intermediate.dense.bias False
bert.encoder.layer.7.output.dense.weight False
bert.encoder.layer.7.output.dense.bias False
bert.encoder.layer.7.output.LayerNorm.weight False
bert.encoder.layer.7.output.LayerNorm.bias False
bert.encoder.layer.8.attention.self.query.weight False
bert.encoder.layer.8.attention.self.query.bias False
bert.encoder.layer.8.attention.self.key.weight False
bert.encoder.layer.8.attention.self.key.bias False
bert.encoder.layer.8.attention.self.value.weight False
bert.encoder.layer.8.attention.self.value.bias False
bert.encoder.layer.8.attention.output.dense.weight False
bert.encoder.layer.8.attention.output.dense.bias False
bert.encoder.layer.8.attention.output.LayerNorm.weight False
bert.encoder.layer.8.attention.output.LayerNorm.bias False
bert.encoder.layer.8.intermediate.dense.weight False
bert.encoder.layer.8.intermediate.dense.bias False
bert.encoder.layer.8.output.dense.weight False
bert.encoder.layer.8.output.dense.bias False
bert.encoder.layer.8.output.LayerNorm.weight False
bert.encoder.layer.8.output.LayerNorm.bias False
bert.encoder.layer.9.attention.self.query.weight False
bert.encoder.layer.9.attention.self.query.bias False
bert.encoder.layer.9.attention.self.key.weight False
bert.encoder.layer.9.attention.self.key.bias False
bert.encoder.layer.9.attention.self.value.weight False
bert.encoder.layer.9.attention.self.value.bias False
bert.encoder.layer.9.attention.output.dense.weight False
bert.encoder.layer.9.attention.output.dense.bias False
bert.encoder.layer.9.attention.output.LayerNorm.weight False
bert.encoder.layer.9.attention.output.LayerNorm.bias False
bert.encoder.layer.9.intermediate.dense.weight False
bert.encoder.layer.9.intermediate.dense.bias False
bert.encoder.layer.9.output.dense.weight False
bert.encoder.layer.9.output.dense.bias False
bert.encoder.layer.9.output.LayerNorm.weight False
bert.encoder.layer.9.output.LayerNorm.bias False
bert.encoder.layer.10.attention.self.query.weight False
bert.encoder.layer.10.attention.self.query.bias False
bert.encoder.layer.10.attention.self.key.weight False
bert.encoder.layer.10.attention.self.key.bias False
bert.encoder.layer.10.attention.self.value.weight False
bert.encoder.layer.10.attention.self.value.bias False
bert.encoder.layer.10.attention.output.dense.weight False
bert.encoder.layer.10.attention.output.dense.bias False
bert.encoder.layer.10.attention.output.LayerNorm.weight False
bert.encoder.layer.10.attention.output.LayerNorm.bias False
bert.encoder.layer.10.intermediate.dense.weight False
bert.encoder.layer.10.intermediate.dense.bias False
bert.encoder.layer.10.output.dense.weight False
bert.encoder.layer.10.output.dense.bias False
bert.encoder.layer.10.output.LayerNorm.weight False
bert.encoder.layer.10.output.LayerNorm.bias False
bert.encoder.layer.11.attention.self.query.weight False
bert.encoder.layer.11.attention.self.query.bias False
bert.encoder.layer.11.attention.self.key.weight False
bert.encoder.layer.11.attention.self.key.bias False
bert.encoder.layer.11.attention.self.value.weight False
bert.encoder.layer.11.attention.self.value.bias False
bert.encoder.layer.11.attention.output.dense.weight False
bert.encoder.layer.11.attention.output.dense.bias False
bert.encoder.layer.11.attention.output.LayerNorm.weight False
bert.encoder.layer.11.attention.output.LayerNorm.bias False
bert.encoder.layer.11.intermediate.dense.weight False
bert.encoder.layer.11.intermediate.dense.bias False
bert.encoder.layer.11.output.dense.weight False
bert.encoder.layer.11.output.dense.bias False
bert.encoder.layer.11.output.LayerNorm.weight False
bert.encoder.layer.11.output.LayerNorm.bias False
bert.pooler.dense.weight False
bert.pooler.dense.bias False
classifier.weight True
classifier.bias True

t_total is 690


Epoch [0]:
Training:
Average incurred loss: 0.532  
Average sample loss: 0.532  
Average acc: 0.796  
  gold_label_random = 0, sentence2_has_negation = 0  [n = 264]:	loss = 0.581  exp loss = 0.798  adjusted loss = 0.798  adv prob = 0.166667   acc = 0.788
  gold_label_random = 0, sentence2_has_negation = 1  [n = 253]:	loss = 0.178  exp loss = 0.204  adjusted loss = 0.204  adv prob = 0.166667   acc = 0.957
  gold_label_random = 1, sentence2_has_negation = 0  [n = 266]:	loss = 0.469  exp loss = 0.349  adjusted loss = 0.349  adv prob = 0.166667   acc = 0.846
  gold_label_random = 1, sentence2_has_negation = 1  [n = 249]:	loss = 0.449  exp loss = 0.467  adjusted loss = 0.467  adv prob = 0.166667   acc = 0.843
  gold_label_random = 2, sentence2_has_negation = 0  [n = 273]:	loss = 0.538  exp loss = 0.564  adjusted loss = 0.564  adv prob = 0.166667   acc = 0.769
  gold_label_random = 2, sentence2_has_negation = 1  [n = 295]:	loss = 0.914  exp loss = 0.902  adjusted loss = 0.902  adv prob = 0.166667   acc = 0.603
Average incurred loss: 0.495  
Average sample loss: 0.495  
Average acc: 0.808  
  gold_label_random = 0, sentence2_has_negation = 0  [n = 280]:	loss = 0.490  exp loss = 0.352  adjusted loss = 0.352  adv prob = 0.166667   acc = 0.811
  gold_label_random = 0, sentence2_has_negation = 1  [n = 270]:	loss = 0.101  exp loss = 0.107  adjusted loss = 0.107  adv prob = 0.166667   acc = 0.970
  gold_label_random = 1, sentence2_has_negation = 0  [n = 257]:	loss = 0.422  exp loss = 0.466  adjusted loss = 0.466  adv prob = 0.166667   acc = 0.860
  gold_label_random = 1, sentence2_has_negation = 1  [n = 280]:	loss = 0.570  exp loss = 0.492  adjusted loss = 0.492  adv prob = 0.166667   acc = 0.807
  gold_label_random = 2, sentence2_has_negation = 0  [n = 264]:	loss = 0.534  exp loss = 0.435  adjusted loss = 0.435  adv prob = 0.166667   acc = 0.784
  gold_label_random = 2, sentence2_has_negation = 1  [n = 249]:	loss = 0.879  exp loss = 0.796  adjusted loss = 0.796  adv prob = 0.166667   acc = 0.602
Average incurred loss: 0.478  
Average sample loss: 0.478  
Average acc: 0.803  
  gold_label_random = 0, sentence2_has_negation = 0  [n = 82]:	loss = 0.523  exp loss = 0.416  adjusted loss = 0.416  adv prob = 0.166667   acc = 0.805
  gold_label_random = 0, sentence2_has_negation = 1  [n = 87]:	loss = 0.125  exp loss = 0.098  adjusted loss = 0.098  adv prob = 0.166667   acc = 0.943
  gold_label_random = 1, sentence2_has_negation = 0  [n = 75]:	loss = 0.384  exp loss = 0.445  adjusted loss = 0.445  adv prob = 0.166667   acc = 0.867
  gold_label_random = 1, sentence2_has_negation = 1  [n = 84]:	loss = 0.512  exp loss = 0.416  adjusted loss = 0.416  adv prob = 0.166667   acc = 0.798
  gold_label_random = 2, sentence2_has_negation = 0  [n = 80]:	loss = 0.515  exp loss = 0.450  adjusted loss = 0.450  adv prob = 0.166667   acc = 0.800
  gold_label_random = 2, sentence2_has_negation = 1  [n = 70]:	loss = 0.881  exp loss = 0.821  adjusted loss = 0.821  adv prob = 0.166667   acc = 0.571

Validation:
Average incurred loss: 0.273  
Average sample loss: 0.273  
Average acc: 0.906  
  gold_label_random = 0, sentence2_has_negation = 0  [n = 79699]:	loss = 0.299  exp loss = 0.490  adjusted loss = 0.490  adv prob = 0.166667   acc = 0.897
  gold_label_random = 0, sentence2_has_negation = 1  [n = 15179]:	loss = 0.092  exp loss = 0.030  adjusted loss = 0.030  adv prob = 0.166667   acc = 0.974
  gold_label_random = 1, sentence2_has_negation = 0  [n = 93712]:	loss = 0.197  exp loss = 0.209  adjusted loss = 0.209  adv prob = 0.166667   acc = 0.942
  gold_label_random = 1, sentence2_has_negation = 1  [n = 1521]:	loss = 0.208  exp loss = 0.101  adjusted loss = 0.101  adv prob = 0.166667   acc = 0.946
  gold_label_random = 2, sentence2_has_negation = 0  [n = 92672]:	loss = 0.353  exp loss = 0.384  adjusted loss = 0.384  adv prob = 0.166667   acc = 0.869
  gold_label_random = 2, sentence2_has_negation = 1  [n = 2176]:	loss = 0.472  exp loss = 0.504  adjusted loss = 0.504  adv prob = 0.166667   acc = 0.816
Current lr: 0.000017
Current lr: 0.000017
Current validation accuracy: 0.8161768317222595
Best model saved at epoch 0


Epoch [1]:
Training:
Average incurred loss: 0.491  
Average sample loss: 0.491  
Average acc: 0.804  
  gold_label_random = 0, sentence2_has_negation = 0  [n = 263]:	loss = 0.544  exp loss = 0.595  adjusted loss = 0.595  adv prob = 0.166667   acc = 0.787
  gold_label_random = 0, sentence2_has_negation = 1  [n = 295]:	loss = 0.182  exp loss = 0.172  adjusted loss = 0.172  adv prob = 0.166667   acc = 0.942
  gold_label_random = 1, sentence2_has_negation = 0  [n = 289]:	loss = 0.342  exp loss = 0.340  adjusted loss = 0.340  adv prob = 0.166667   acc = 0.855
  gold_label_random = 1, sentence2_has_negation = 1  [n = 241]:	loss = 0.501  exp loss = 0.487  adjusted loss = 0.487  adv prob = 0.166667   acc = 0.826
  gold_label_random = 2, sentence2_has_negation = 0  [n = 272]:	loss = 0.569  exp loss = 0.610  adjusted loss = 0.610  adv prob = 0.166667   acc = 0.746
  gold_label_random = 2, sentence2_has_negation = 1  [n = 240]:	loss = 0.895  exp loss = 0.865  adjusted loss = 0.865  adv prob = 0.166667   acc = 0.633
Average incurred loss: 0.472  
Average sample loss: 0.472  
Average acc: 0.826  
  gold_label_random = 0, sentence2_has_negation = 0  [n = 262]:	loss = 0.542  exp loss = 0.378  adjusted loss = 0.378  adv prob = 0.166667   acc = 0.802
  gold_label_random = 0, sentence2_has_negation = 1  [n = 260]:	loss = 0.114  exp loss = 0.082  adjusted loss = 0.082  adv prob = 0.166667   acc = 0.965
  gold_label_random = 1, sentence2_has_negation = 0  [n = 290]:	loss = 0.316  exp loss = 0.350  adjusted loss = 0.350  adv prob = 0.166667   acc = 0.903
  gold_label_random = 1, sentence2_has_negation = 1  [n = 284]:	loss = 0.521  exp loss = 0.497  adjusted loss = 0.497  adv prob = 0.166667   acc = 0.824
  gold_label_random = 2, sentence2_has_negation = 0  [n = 260]:	loss = 0.507  exp loss = 0.483  adjusted loss = 0.483  adv prob = 0.166667   acc = 0.800
  gold_label_random = 2, sentence2_has_negation = 1  [n = 244]:	loss = 0.868  exp loss = 0.949  adjusted loss = 0.949  adv prob = 0.166667   acc = 0.639
Average incurred loss: 0.504  
Average sample loss: 0.504  
Average acc: 0.776  
  gold_label_random = 0, sentence2_has_negation = 0  [n = 80]:	loss = 0.751  exp loss = 0.667  adjusted loss = 0.667  adv prob = 0.166667   acc = 0.675
  gold_label_random = 0, sentence2_has_negation = 1  [n = 87]:	loss = 0.128  exp loss = 0.093  adjusted loss = 0.093  adv prob = 0.166667   acc = 0.966
  gold_label_random = 1, sentence2_has_negation = 0  [n = 70]:	loss = 0.216  exp loss = 0.236  adjusted loss = 0.236  adv prob = 0.166667   acc = 0.943
  gold_label_random = 1, sentence2_has_negation = 1  [n = 84]:	loss = 0.726  exp loss = 0.708  adjusted loss = 0.708  adv prob = 0.166667   acc = 0.714
  gold_label_random = 2, sentence2_has_negation = 0  [n = 73]:	loss = 0.417  exp loss = 0.349  adjusted loss = 0.349  adv prob = 0.166667   acc = 0.822
  gold_label_random = 2, sentence2_has_negation = 1  [n = 84]:	loss = 0.755  exp loss = 0.761  adjusted loss = 0.761  adv prob = 0.166667   acc = 0.560

Validation:
Average incurred loss: 0.276  
Average sample loss: 0.276  
Average acc: 0.905  
  gold_label_random = 0, sentence2_has_negation = 0  [n = 79699]:	loss = 0.323  exp loss = 0.514  adjusted loss = 0.514  adv prob = 0.166667   acc = 0.888
  gold_label_random = 0, sentence2_has_negation = 1  [n = 15179]:	loss = 0.106  exp loss = 0.036  adjusted loss = 0.036  adv prob = 0.166667   acc = 0.969
  gold_label_random = 1, sentence2_has_negation = 0  [n = 93712]:	loss = 0.187  exp loss = 0.202  adjusted loss = 0.202  adv prob = 0.166667   acc = 0.944
  gold_label_random = 1, sentence2_has_negation = 1  [n = 1521]:	loss = 0.198  exp loss = 0.096  adjusted loss = 0.096  adv prob = 0.166667   acc = 0.949
  gold_label_random = 2, sentence2_has_negation = 0  [n = 92672]:	loss = 0.349  exp loss = 0.385  adjusted loss = 0.385  adv prob = 0.166667   acc = 0.870
  gold_label_random = 2, sentence2_has_negation = 1  [n = 2176]:	loss = 0.453  exp loss = 0.467  adjusted loss = 0.467  adv prob = 0.166667   acc = 0.822
Current lr: 0.000013
Current lr: 0.000013
Current validation accuracy: 0.8216907382011414
Best model saved at epoch 1


Epoch [2]:
Training:
Average incurred loss: 0.449  
Average sample loss: 0.449  
Average acc: 0.816  
  gold_label_random = 0, sentence2_has_negation = 0  [n = 264]:	loss = 0.576  exp loss = 0.553  adjusted loss = 0.553  adv prob = 0.166667   acc = 0.765
  gold_label_random = 0, sentence2_has_negation = 1  [n = 268]:	loss = 0.181  exp loss = 0.223  adjusted loss = 0.223  adv prob = 0.166667   acc = 0.951
  gold_label_random = 1, sentence2_has_negation = 0  [n = 277]:	loss = 0.301  exp loss = 0.310  adjusted loss = 0.310  adv prob = 0.166667   acc = 0.888
  gold_label_random = 1, sentence2_has_negation = 1  [n = 268]:	loss = 0.369  exp loss = 0.337  adjusted loss = 0.337  adv prob = 0.166667   acc = 0.881
  gold_label_random = 2, sentence2_has_negation = 0  [n = 243]:	loss = 0.468  exp loss = 0.591  adjusted loss = 0.591  adv prob = 0.166667   acc = 0.778
  gold_label_random = 2, sentence2_has_negation = 1  [n = 280]:	loss = 0.792  exp loss = 0.714  adjusted loss = 0.714  adv prob = 0.166667   acc = 0.632
Average incurred loss: 0.499  
Average sample loss: 0.499  
Average acc: 0.805  
  gold_label_random = 0, sentence2_has_negation = 0  [n = 270]:	loss = 0.574  exp loss = 0.537  adjusted loss = 0.537  adv prob = 0.166667   acc = 0.785
  gold_label_random = 0, sentence2_has_negation = 1  [n = 273]:	loss = 0.210  exp loss = 0.316  adjusted loss = 0.316  adv prob = 0.166667   acc = 0.930
  gold_label_random = 1, sentence2_has_negation = 0  [n = 253]:	loss = 0.397  exp loss = 0.482  adjusted loss = 0.482  adv prob = 0.166667   acc = 0.846
  gold_label_random = 1, sentence2_has_negation = 1  [n = 266]:	loss = 0.554  exp loss = 0.530  adjusted loss = 0.530  adv prob = 0.166667   acc = 0.816
  gold_label_random = 2, sentence2_has_negation = 0  [n = 274]:	loss = 0.563  exp loss = 0.504  adjusted loss = 0.504  adv prob = 0.166667   acc = 0.763
  gold_label_random = 2, sentence2_has_negation = 1  [n = 264]:	loss = 0.697  exp loss = 0.595  adjusted loss = 0.595  adv prob = 0.166667   acc = 0.689
Average incurred loss: 0.480  
Average sample loss: 0.480  
Average acc: 0.820  
  gold_label_random = 0, sentence2_has_negation = 0  [n = 86]:	loss = 0.670  exp loss = 0.625  adjusted loss = 0.625  adv prob = 0.166667   acc = 0.779
  gold_label_random = 0, sentence2_has_negation = 1  [n = 68]:	loss = 0.283  exp loss = 0.228  adjusted loss = 0.228  adv prob = 0.166667   acc = 0.926
  gold_label_random = 1, sentence2_has_negation = 0  [n = 78]:	loss = 0.337  exp loss = 0.389  adjusted loss = 0.389  adv prob = 0.166667   acc = 0.872
  gold_label_random = 1, sentence2_has_negation = 1  [n = 81]:	loss = 0.321  exp loss = 0.413  adjusted loss = 0.413  adv prob = 0.166667   acc = 0.901
  gold_label_random = 2, sentence2_has_negation = 0  [n = 80]:	loss = 0.554  exp loss = 0.466  adjusted loss = 0.466  adv prob = 0.166667   acc = 0.725
  gold_label_random = 2, sentence2_has_negation = 1  [n = 85]:	loss = 0.661  exp loss = 0.605  adjusted loss = 0.605  adv prob = 0.166667   acc = 0.741

Validation:
Average incurred loss: 0.276  
Average sample loss: 0.276  
Average acc: 0.905  
  gold_label_random = 0, sentence2_has_negation = 0  [n = 79699]:	loss = 0.334  exp loss = 0.524  adjusted loss = 0.524  adv prob = 0.166667   acc = 0.884
  gold_label_random = 0, sentence2_has_negation = 1  [n = 15179]:	loss = 0.115  exp loss = 0.041  adjusted loss = 0.041  adv prob = 0.166667   acc = 0.966
  gold_label_random = 1, sentence2_has_negation = 0  [n = 93712]:	loss = 0.193  exp loss = 0.208  adjusted loss = 0.208  adv prob = 0.166667   acc = 0.943
  gold_label_random = 1, sentence2_has_negation = 1  [n = 1521]:	loss = 0.204  exp loss = 0.103  adjusted loss = 0.103  adv prob = 0.166667   acc = 0.946
  gold_label_random = 2, sentence2_has_negation = 0  [n = 92672]:	loss = 0.335  exp loss = 0.369  adjusted loss = 0.369  adv prob = 0.166667   acc = 0.876
  gold_label_random = 2, sentence2_has_negation = 1  [n = 2176]:	loss = 0.429  exp loss = 0.445  adjusted loss = 0.445  adv prob = 0.166667   acc = 0.835
Current lr: 0.000010
Current lr: 0.000010
Current validation accuracy: 0.8350188136100769
Best model saved at epoch 2


Epoch [3]:
Training:
Average incurred loss: 0.480  
Average sample loss: 0.480  
Average acc: 0.812  
  gold_label_random = 0, sentence2_has_negation = 0  [n = 260]:	loss = 0.605  exp loss = 0.596  adjusted loss = 0.596  adv prob = 0.166667   acc = 0.796
  gold_label_random = 0, sentence2_has_negation = 1  [n = 267]:	loss = 0.186  exp loss = 0.179  adjusted loss = 0.179  adv prob = 0.166667   acc = 0.925
  gold_label_random = 1, sentence2_has_negation = 0  [n = 258]:	loss = 0.331  exp loss = 0.402  adjusted loss = 0.402  adv prob = 0.166667   acc = 0.880
  gold_label_random = 1, sentence2_has_negation = 1  [n = 269]:	loss = 0.490  exp loss = 0.433  adjusted loss = 0.433  adv prob = 0.166667   acc = 0.825
  gold_label_random = 2, sentence2_has_negation = 0  [n = 277]:	loss = 0.501  exp loss = 0.600  adjusted loss = 0.600  adv prob = 0.166667   acc = 0.798
  gold_label_random = 2, sentence2_has_negation = 1  [n = 269]:	loss = 0.764  exp loss = 0.791  adjusted loss = 0.791  adv prob = 0.166667   acc = 0.651
Average incurred loss: 0.455  
Average sample loss: 0.455  
Average acc: 0.820  
  gold_label_random = 0, sentence2_has_negation = 0  [n = 293]:	loss = 0.492  exp loss = 0.511  adjusted loss = 0.511  adv prob = 0.166667   acc = 0.805
  gold_label_random = 0, sentence2_has_negation = 1  [n = 249]:	loss = 0.114  exp loss = 0.108  adjusted loss = 0.108  adv prob = 0.166667   acc = 0.980
  gold_label_random = 1, sentence2_has_negation = 0  [n = 259]:	loss = 0.381  exp loss = 0.341  adjusted loss = 0.341  adv prob = 0.166667   acc = 0.865
  gold_label_random = 1, sentence2_has_negation = 1  [n = 290]:	loss = 0.423  exp loss = 0.384  adjusted loss = 0.384  adv prob = 0.166667   acc = 0.848
  gold_label_random = 2, sentence2_has_negation = 0  [n = 270]:	loss = 0.498  exp loss = 0.564  adjusted loss = 0.564  adv prob = 0.166667   acc = 0.781
  gold_label_random = 2, sentence2_has_negation = 1  [n = 239]:	loss = 0.838  exp loss = 0.771  adjusted loss = 0.771  adv prob = 0.166667   acc = 0.632
Average incurred loss: 0.476  
Average sample loss: 0.476  
Average acc: 0.812  
  gold_label_random = 0, sentence2_has_negation = 0  [n = 92]:	loss = 0.461  exp loss = 0.537  adjusted loss = 0.537  adv prob = 0.166667   acc = 0.804
  gold_label_random = 0, sentence2_has_negation = 1  [n = 77]:	loss = 0.296  exp loss = 0.224  adjusted loss = 0.224  adv prob = 0.166667   acc = 0.935
  gold_label_random = 1, sentence2_has_negation = 0  [n = 88]:	loss = 0.286  exp loss = 0.307  adjusted loss = 0.307  adv prob = 0.166667   acc = 0.886
  gold_label_random = 1, sentence2_has_negation = 1  [n = 80]:	loss = 0.588  exp loss = 0.501  adjusted loss = 0.501  adv prob = 0.166667   acc = 0.838
  gold_label_random = 2, sentence2_has_negation = 0  [n = 80]:	loss = 0.543  exp loss = 0.579  adjusted loss = 0.579  adv prob = 0.166667   acc = 0.763
  gold_label_random = 2, sentence2_has_negation = 1  [n = 61]:	loss = 0.761  exp loss = 0.669  adjusted loss = 0.669  adv prob = 0.166667   acc = 0.590

Validation:
Average incurred loss: 0.277  
Average sample loss: 0.277  
Average acc: 0.905  
  gold_label_random = 0, sentence2_has_negation = 0  [n = 79699]:	loss = 0.342  exp loss = 0.531  adjusted loss = 0.531  adv prob = 0.166667   acc = 0.881
  gold_label_random = 0, sentence2_has_negation = 1  [n = 15179]:	loss = 0.120  exp loss = 0.043  adjusted loss = 0.043  adv prob = 0.166667   acc = 0.965
  gold_label_random = 1, sentence2_has_negation = 0  [n = 93712]:	loss = 0.198  exp loss = 0.214  adjusted loss = 0.214  adv prob = 0.166667   acc = 0.941
  gold_label_random = 1, sentence2_has_negation = 1  [n = 1521]:	loss = 0.212  exp loss = 0.111  adjusted loss = 0.111  adv prob = 0.166667   acc = 0.943
  gold_label_random = 2, sentence2_has_negation = 0  [n = 92672]:	loss = 0.325  exp loss = 0.357  adjusted loss = 0.357  adv prob = 0.166667   acc = 0.881
  gold_label_random = 2, sentence2_has_negation = 1  [n = 2176]:	loss = 0.412  exp loss = 0.432  adjusted loss = 0.432  adv prob = 0.166667   acc = 0.844
Current lr: 0.000007
Current lr: 0.000007
Current validation accuracy: 0.8442099094390869
Best model saved at epoch 3


Epoch [4]:
Training:
Average incurred loss: 0.489  
Average sample loss: 0.489  
Average acc: 0.809  
  gold_label_random = 0, sentence2_has_negation = 0  [n = 287]:	loss = 0.488  exp loss = 0.607  adjusted loss = 0.607  adv prob = 0.166667   acc = 0.801
  gold_label_random = 0, sentence2_has_negation = 1  [n = 253]:	loss = 0.173  exp loss = 0.152  adjusted loss = 0.152  adv prob = 0.166667   acc = 0.945
  gold_label_random = 1, sentence2_has_negation = 0  [n = 251]:	loss = 0.464  exp loss = 0.502  adjusted loss = 0.502  adv prob = 0.166667   acc = 0.849
  gold_label_random = 1, sentence2_has_negation = 1  [n = 243]:	loss = 0.525  exp loss = 0.535  adjusted loss = 0.535  adv prob = 0.166667   acc = 0.802
  gold_label_random = 2, sentence2_has_negation = 0  [n = 290]:	loss = 0.497  exp loss = 0.540  adjusted loss = 0.540  adv prob = 0.166667   acc = 0.824
  gold_label_random = 2, sentence2_has_negation = 1  [n = 276]:	loss = 0.760  exp loss = 0.771  adjusted loss = 0.771  adv prob = 0.166667   acc = 0.649
Average incurred loss: 0.500  
Average sample loss: 0.500  
Average acc: 0.793  
  gold_label_random = 0, sentence2_has_negation = 0  [n = 248]:	loss = 0.559  exp loss = 0.720  adjusted loss = 0.720  adv prob = 0.166667   acc = 0.778
  gold_label_random = 0, sentence2_has_negation = 1  [n = 261]:	loss = 0.227  exp loss = 0.194  adjusted loss = 0.194  adv prob = 0.166667   acc = 0.920
  gold_label_random = 1, sentence2_has_negation = 0  [n = 230]:	loss = 0.349  exp loss = 0.344  adjusted loss = 0.344  adv prob = 0.166667   acc = 0.848
  gold_label_random = 1, sentence2_has_negation = 1  [n = 311]:	loss = 0.535  exp loss = 0.565  adjusted loss = 0.565  adv prob = 0.166667   acc = 0.801
  gold_label_random = 2, sentence2_has_negation = 0  [n = 268]:	loss = 0.596  exp loss = 0.604  adjusted loss = 0.604  adv prob = 0.166667   acc = 0.746
  gold_label_random = 2, sentence2_has_negation = 1  [n = 282]:	loss = 0.693  exp loss = 0.865  adjusted loss = 0.865  adv prob = 0.166667   acc = 0.681
Average incurred loss: 0.473  
Average sample loss: 0.474  
Average acc: 0.810  
  gold_label_random = 0, sentence2_has_negation = 0  [n = 88]:	loss = 0.595  exp loss = 0.622  adjusted loss = 0.622  adv prob = 0.166667   acc = 0.784
  gold_label_random = 0, sentence2_has_negation = 1  [n = 80]:	loss = 0.188  exp loss = 0.162  adjusted loss = 0.162  adv prob = 0.166667   acc = 0.938
  gold_label_random = 1, sentence2_has_negation = 0  [n = 75]:	loss = 0.238  exp loss = 0.374  adjusted loss = 0.374  adv prob = 0.166667   acc = 0.907
  gold_label_random = 1, sentence2_has_negation = 1  [n = 78]:	loss = 0.563  exp loss = 0.553  adjusted loss = 0.553  adv prob = 0.166667   acc = 0.769
  gold_label_random = 2, sentence2_has_negation = 0  [n = 75]:	loss = 0.421  exp loss = 0.442  adjusted loss = 0.442  adv prob = 0.166667   acc = 0.840
  gold_label_random = 2, sentence2_has_negation = 1  [n = 82]:	loss = 0.797  exp loss = 0.850  adjusted loss = 0.850  adv prob = 0.166667   acc = 0.634

Validation:
Average incurred loss: 0.278  
Average sample loss: 0.278  
Average acc: 0.905  
  gold_label_random = 0, sentence2_has_negation = 0  [n = 79699]:	loss = 0.346  exp loss = 0.535  adjusted loss = 0.535  adv prob = 0.166667   acc = 0.880
  gold_label_random = 0, sentence2_has_negation = 1  [n = 15179]:	loss = 0.124  exp loss = 0.045  adjusted loss = 0.045  adv prob = 0.166667   acc = 0.964
  gold_label_random = 1, sentence2_has_negation = 0  [n = 93712]:	loss = 0.201  exp loss = 0.217  adjusted loss = 0.217  adv prob = 0.166667   acc = 0.940
  gold_label_random = 1, sentence2_has_negation = 1  [n = 1521]:	loss = 0.215  exp loss = 0.114  adjusted loss = 0.114  adv prob = 0.166667   acc = 0.943
  gold_label_random = 2, sentence2_has_negation = 0  [n = 92672]:	loss = 0.320  exp loss = 0.352  adjusted loss = 0.352  adv prob = 0.166667   acc = 0.883
  gold_label_random = 2, sentence2_has_negation = 1  [n = 2176]:	loss = 0.403  exp loss = 0.426  adjusted loss = 0.426  adv prob = 0.166667   acc = 0.849
Current lr: 0.000003
Current lr: 0.000003
Current validation accuracy: 0.8488053679466248
Best model saved at epoch 4


Epoch [5]:
Training:
Average incurred loss: 0.487  
Average sample loss: 0.487  
Average acc: 0.815  
  gold_label_random = 0, sentence2_has_negation = 0  [n = 280]:	loss = 0.557  exp loss = 0.590  adjusted loss = 0.590  adv prob = 0.166667   acc = 0.761
  gold_label_random = 0, sentence2_has_negation = 1  [n = 256]:	loss = 0.197  exp loss = 0.223  adjusted loss = 0.223  adv prob = 0.166667   acc = 0.953
  gold_label_random = 1, sentence2_has_negation = 0  [n = 279]:	loss = 0.381  exp loss = 0.353  adjusted loss = 0.353  adv prob = 0.166667   acc = 0.849
  gold_label_random = 1, sentence2_has_negation = 1  [n = 260]:	loss = 0.599  exp loss = 0.668  adjusted loss = 0.668  adv prob = 0.166667   acc = 0.785
  gold_label_random = 2, sentence2_has_negation = 0  [n = 271]:	loss = 0.532  exp loss = 0.633  adjusted loss = 0.633  adv prob = 0.166667   acc = 0.804
  gold_label_random = 2, sentence2_has_negation = 1  [n = 254]:	loss = 0.659  exp loss = 0.633  adjusted loss = 0.633  adv prob = 0.166667   acc = 0.740
Average incurred loss: 0.486  
Average sample loss: 0.486  
Average acc: 0.806  
  gold_label_random = 0, sentence2_has_negation = 0  [n = 264]:	loss = 0.551  exp loss = 0.588  adjusted loss = 0.588  adv prob = 0.166667   acc = 0.807
  gold_label_random = 0, sentence2_has_negation = 1  [n = 270]:	loss = 0.225  exp loss = 0.395  adjusted loss = 0.395  adv prob = 0.166667   acc = 0.915
  gold_label_random = 1, sentence2_has_negation = 0  [n = 264]:	loss = 0.508  exp loss = 0.451  adjusted loss = 0.451  adv prob = 0.166667   acc = 0.822
  gold_label_random = 1, sentence2_has_negation = 1  [n = 272]:	loss = 0.511  exp loss = 0.470  adjusted loss = 0.470  adv prob = 0.166667   acc = 0.801
  gold_label_random = 2, sentence2_has_negation = 0  [n = 280]:	loss = 0.453  exp loss = 0.403  adjusted loss = 0.403  adv prob = 0.166667   acc = 0.807
  gold_label_random = 2, sentence2_has_negation = 1  [n = 250]:	loss = 0.688  exp loss = 0.713  adjusted loss = 0.713  adv prob = 0.166667   acc = 0.676
Average incurred loss: 0.562  
Average sample loss: 0.561  
Average acc: 0.770  
  gold_label_random = 0, sentence2_has_negation = 0  [n = 78]:	loss = 0.976  exp loss = 0.859  adjusted loss = 0.859  adv prob = 0.166667   acc = 0.628
  gold_label_random = 0, sentence2_has_negation = 1  [n = 82]:	loss = 0.257  exp loss = 0.326  adjusted loss = 0.326  adv prob = 0.166667   acc = 0.915
  gold_label_random = 1, sentence2_has_negation = 0  [n = 67]:	loss = 0.339  exp loss = 0.363  adjusted loss = 0.363  adv prob = 0.166667   acc = 0.851
  gold_label_random = 1, sentence2_has_negation = 1  [n = 84]:	loss = 0.517  exp loss = 0.492  adjusted loss = 0.492  adv prob = 0.166667   acc = 0.833
  gold_label_random = 2, sentence2_has_negation = 0  [n = 84]:	loss = 0.579  exp loss = 0.538  adjusted loss = 0.538  adv prob = 0.166667   acc = 0.738
  gold_label_random = 2, sentence2_has_negation = 1  [n = 83]:	loss = 0.683  exp loss = 0.669  adjusted loss = 0.669  adv prob = 0.166667   acc = 0.663

Validation:
Average incurred loss: 0.278  
Average sample loss: 0.278  
Average acc: 0.905  
  gold_label_random = 0, sentence2_has_negation = 0  [n = 79699]:	loss = 0.348  exp loss = 0.537  adjusted loss = 0.537  adv prob = 0.166667   acc = 0.879
  gold_label_random = 0, sentence2_has_negation = 1  [n = 15179]:	loss = 0.125  exp loss = 0.046  adjusted loss = 0.046  adv prob = 0.166667   acc = 0.964
  gold_label_random = 1, sentence2_has_negation = 0  [n = 93712]:	loss = 0.199  exp loss = 0.215  adjusted loss = 0.215  adv prob = 0.166667   acc = 0.940
  gold_label_random = 1, sentence2_has_negation = 1  [n = 1521]:	loss = 0.213  exp loss = 0.113  adjusted loss = 0.113  adv prob = 0.166667   acc = 0.943
  gold_label_random = 2, sentence2_has_negation = 0  [n = 92672]:	loss = 0.321  exp loss = 0.354  adjusted loss = 0.354  adv prob = 0.166667   acc = 0.882
  gold_label_random = 2, sentence2_has_negation = 1  [n = 2176]:	loss = 0.404  exp loss = 0.426  adjusted loss = 0.426  adv prob = 0.166667   acc = 0.848
Current lr: 0.000000
Current lr: 0.000000
Current validation accuracy: 0.8483458757400513

Total Experiment Time: 8431.9s
Finished with job 734 (seed=111)
