




 Using bert params 







WARNING: You are using 'multinli_metadata_val_as_train.csv' instead of the default 'metadata.csv'.


Dataset: MultiNLI
Shift type: confounder
Wandb: False
Project name: spurious
Target name: gold_label_random
Confounder names: ['sentence2_has_negation']
Up weight: 0
Resume: False
Finetune: True
Normalize: False
Recalculate groups: False
Unfreeze: 0
Restart layers: 0
Minority fraction: None
Imbalance ratio: None
Fraction: 1.0
Root dir: ../datasets
Reweight groups: False
Augment data: False
Val fraction: 0.1
Loss type: erm
Alpha: 0.2
Generalization adjustment: 0.0
Sv dropout: 0.0
Automatic adjustment: False
Robust step size: 0.01
Joint dro alpha: 1
Use normalized loss: False
Btl: False
Hinge: False
Model: bert-base-uncased
Train from scratch: False
Pretrained path: pretrained_models/MultiNLI/erm_0.9_222.pth
N epochs: 6
Batch size: 32
Lr: 2e-05
Scheduler: False
L1: 0.0
Weight decay: 0.0
Gamma: 0.1
Minimum variational weight: 0
Seed: 222
Accum: 1
Show progress: False
Log dir: results/MultiNLI/dfr/model_outputs_222
Log every: 50
Save step: 10
Save best: True
Save last: True
Use bert params: 1
Num folds per sweep: 5
Num sweeps: 4
Q: 0.7
Metadata csv name: multinli_metadata_val_as_train.csv
Fold: None
Metadata path: None
Aug col: None
Max grad norm: 1.0
Adam epsilon: 1e-08
Warmup steps: 0

Training Data...
    gold_label_random = 0, sentence2_has_negation = 0: n = 613
    gold_label_random = 0, sentence2_has_negation = 1: n = 613
    gold_label_random = 1, sentence2_has_negation = 0: n = 613
    gold_label_random = 1, sentence2_has_negation = 1: n = 613
    gold_label_random = 2, sentence2_has_negation = 0: n = 613
    gold_label_random = 2, sentence2_has_negation = 1: n = 613
Validation Data...
    gold_label_random = 0, sentence2_has_negation = 0: n = 79699
    gold_label_random = 0, sentence2_has_negation = 1: n = 15179
    gold_label_random = 1, sentence2_has_negation = 0: n = 93712
    gold_label_random = 1, sentence2_has_negation = 1: n = 1521
    gold_label_random = 2, sentence2_has_negation = 0: n = 92672
    gold_label_random = 2, sentence2_has_negation = 1: n = 2176
Test Data...
    gold_label_random = 0, sentence2_has_negation = 0: n = 34597
    gold_label_random = 0, sentence2_has_negation = 1: n = 6655
    gold_label_random = 1, sentence2_has_negation = 0: n = 40496
    gold_label_random = 1, sentence2_has_negation = 1: n = 886
    gold_label_random = 2, sentence2_has_negation = 0: n = 39930
    gold_label_random = 2, sentence2_has_negation = 1: n = 1148
Training
Loading pretrained model from: pretrained_models/MultiNLI/erm_0.9_222.pth
bert.embeddings.word_embeddings.weight False
bert.embeddings.position_embeddings.weight False
bert.embeddings.token_type_embeddings.weight False
bert.embeddings.LayerNorm.weight False
bert.embeddings.LayerNorm.bias False
bert.encoder.layer.0.attention.self.query.weight False
bert.encoder.layer.0.attention.self.query.bias False
bert.encoder.layer.0.attention.self.key.weight False
bert.encoder.layer.0.attention.self.key.bias False
bert.encoder.layer.0.attention.self.value.weight False
bert.encoder.layer.0.attention.self.value.bias False
bert.encoder.layer.0.attention.output.dense.weight False
bert.encoder.layer.0.attention.output.dense.bias False
bert.encoder.layer.0.attention.output.LayerNorm.weight False
bert.encoder.layer.0.attention.output.LayerNorm.bias False
bert.encoder.layer.0.intermediate.dense.weight False
bert.encoder.layer.0.intermediate.dense.bias False
bert.encoder.layer.0.output.dense.weight False
bert.encoder.layer.0.output.dense.bias False
bert.encoder.layer.0.output.LayerNorm.weight False
bert.encoder.layer.0.output.LayerNorm.bias False
bert.encoder.layer.1.attention.self.query.weight False
bert.encoder.layer.1.attention.self.query.bias False
bert.encoder.layer.1.attention.self.key.weight False
bert.encoder.layer.1.attention.self.key.bias False
bert.encoder.layer.1.attention.self.value.weight False
bert.encoder.layer.1.attention.self.value.bias False
bert.encoder.layer.1.attention.output.dense.weight False
bert.encoder.layer.1.attention.output.dense.bias False
bert.encoder.layer.1.attention.output.LayerNorm.weight False
bert.encoder.layer.1.attention.output.LayerNorm.bias False
bert.encoder.layer.1.intermediate.dense.weight False
bert.encoder.layer.1.intermediate.dense.bias False
bert.encoder.layer.1.output.dense.weight False
bert.encoder.layer.1.output.dense.bias False
bert.encoder.layer.1.output.LayerNorm.weight False
bert.encoder.layer.1.output.LayerNorm.bias False
bert.encoder.layer.2.attention.self.query.weight False
bert.encoder.layer.2.attention.self.query.bias False
bert.encoder.layer.2.attention.self.key.weight False
bert.encoder.layer.2.attention.self.key.bias False
bert.encoder.layer.2.attention.self.value.weight False
bert.encoder.layer.2.attention.self.value.bias False
bert.encoder.layer.2.attention.output.dense.weight False
bert.encoder.layer.2.attention.output.dense.bias False
bert.encoder.layer.2.attention.output.LayerNorm.weight False
bert.encoder.layer.2.attention.output.LayerNorm.bias False
bert.encoder.layer.2.intermediate.dense.weight False
bert.encoder.layer.2.intermediate.dense.bias False
bert.encoder.layer.2.output.dense.weight False
bert.encoder.layer.2.output.dense.bias False
bert.encoder.layer.2.output.LayerNorm.weight False
bert.encoder.layer.2.output.LayerNorm.bias False
bert.encoder.layer.3.attention.self.query.weight False
bert.encoder.layer.3.attention.self.query.bias False
bert.encoder.layer.3.attention.self.key.weight False
bert.encoder.layer.3.attention.self.key.bias False
bert.encoder.layer.3.attention.self.value.weight False
bert.encoder.layer.3.attention.self.value.bias False
bert.encoder.layer.3.attention.output.dense.weight False
bert.encoder.layer.3.attention.output.dense.bias False
bert.encoder.layer.3.attention.output.LayerNorm.weight False
bert.encoder.layer.3.attention.output.LayerNorm.bias False
bert.encoder.layer.3.intermediate.dense.weight False
bert.encoder.layer.3.intermediate.dense.bias False
bert.encoder.layer.3.output.dense.weight False
bert.encoder.layer.3.output.dense.bias False
bert.encoder.layer.3.output.LayerNorm.weight False
bert.encoder.layer.3.output.LayerNorm.bias False
bert.encoder.layer.4.attention.self.query.weight False
bert.encoder.layer.4.attention.self.query.bias False
bert.encoder.layer.4.attention.self.key.weight False
bert.encoder.layer.4.attention.self.key.bias False
bert.encoder.layer.4.attention.self.value.weight False
bert.encoder.layer.4.attention.self.value.bias False
bert.encoder.layer.4.attention.output.dense.weight False
bert.encoder.layer.4.attention.output.dense.bias False
bert.encoder.layer.4.attention.output.LayerNorm.weight False
bert.encoder.layer.4.attention.output.LayerNorm.bias False
bert.encoder.layer.4.intermediate.dense.weight False
bert.encoder.layer.4.intermediate.dense.bias False
bert.encoder.layer.4.output.dense.weight False
bert.encoder.layer.4.output.dense.bias False
bert.encoder.layer.4.output.LayerNorm.weight False
bert.encoder.layer.4.output.LayerNorm.bias False
bert.encoder.layer.5.attention.self.query.weight False
bert.encoder.layer.5.attention.self.query.bias False
bert.encoder.layer.5.attention.self.key.weight False
bert.encoder.layer.5.attention.self.key.bias False
bert.encoder.layer.5.attention.self.value.weight False
bert.encoder.layer.5.attention.self.value.bias False
bert.encoder.layer.5.attention.output.dense.weight False
bert.encoder.layer.5.attention.output.dense.bias False
bert.encoder.layer.5.attention.output.LayerNorm.weight False
bert.encoder.layer.5.attention.output.LayerNorm.bias False
bert.encoder.layer.5.intermediate.dense.weight False
bert.encoder.layer.5.intermediate.dense.bias False
bert.encoder.layer.5.output.dense.weight False
bert.encoder.layer.5.output.dense.bias False
bert.encoder.layer.5.output.LayerNorm.weight False
bert.encoder.layer.5.output.LayerNorm.bias False
bert.encoder.layer.6.attention.self.query.weight False
bert.encoder.layer.6.attention.self.query.bias False
bert.encoder.layer.6.attention.self.key.weight False
bert.encoder.layer.6.attention.self.key.bias False
bert.encoder.layer.6.attention.self.value.weight False
bert.encoder.layer.6.attention.self.value.bias False
bert.encoder.layer.6.attention.output.dense.weight False
bert.encoder.layer.6.attention.output.dense.bias False
bert.encoder.layer.6.attention.output.LayerNorm.weight False
bert.encoder.layer.6.attention.output.LayerNorm.bias False
bert.encoder.layer.6.intermediate.dense.weight False
bert.encoder.layer.6.intermediate.dense.bias False
bert.encoder.layer.6.output.dense.weight False
bert.encoder.layer.6.output.dense.bias False
bert.encoder.layer.6.output.LayerNorm.weight False
bert.encoder.layer.6.output.LayerNorm.bias False
bert.encoder.layer.7.attention.self.query.weight False
bert.encoder.layer.7.attention.self.query.bias False
bert.encoder.layer.7.attention.self.key.weight False
bert.encoder.layer.7.attention.self.key.bias False
bert.encoder.layer.7.attention.self.value.weight False
bert.encoder.layer.7.attention.self.value.bias False
bert.encoder.layer.7.attention.output.dense.weight False
bert.encoder.layer.7.attention.output.dense.bias False
bert.encoder.layer.7.attention.output.LayerNorm.weight False
bert.encoder.layer.7.attention.output.LayerNorm.bias False
bert.encoder.layer.7.intermediate.dense.weight False
bert.encoder.layer.7.intermediate.dense.bias False
bert.encoder.layer.7.output.dense.weight False
bert.encoder.layer.7.output.dense.bias False
bert.encoder.layer.7.output.LayerNorm.weight False
bert.encoder.layer.7.output.LayerNorm.bias False
bert.encoder.layer.8.attention.self.query.weight False
bert.encoder.layer.8.attention.self.query.bias False
bert.encoder.layer.8.attention.self.key.weight False
bert.encoder.layer.8.attention.self.key.bias False
bert.encoder.layer.8.attention.self.value.weight False
bert.encoder.layer.8.attention.self.value.bias False
bert.encoder.layer.8.attention.output.dense.weight False
bert.encoder.layer.8.attention.output.dense.bias False
bert.encoder.layer.8.attention.output.LayerNorm.weight False
bert.encoder.layer.8.attention.output.LayerNorm.bias False
bert.encoder.layer.8.intermediate.dense.weight False
bert.encoder.layer.8.intermediate.dense.bias False
bert.encoder.layer.8.output.dense.weight False
bert.encoder.layer.8.output.dense.bias False
bert.encoder.layer.8.output.LayerNorm.weight False
bert.encoder.layer.8.output.LayerNorm.bias False
bert.encoder.layer.9.attention.self.query.weight False
bert.encoder.layer.9.attention.self.query.bias False
bert.encoder.layer.9.attention.self.key.weight False
bert.encoder.layer.9.attention.self.key.bias False
bert.encoder.layer.9.attention.self.value.weight False
bert.encoder.layer.9.attention.self.value.bias False
bert.encoder.layer.9.attention.output.dense.weight False
bert.encoder.layer.9.attention.output.dense.bias False
bert.encoder.layer.9.attention.output.LayerNorm.weight False
bert.encoder.layer.9.attention.output.LayerNorm.bias False
bert.encoder.layer.9.intermediate.dense.weight False
bert.encoder.layer.9.intermediate.dense.bias False
bert.encoder.layer.9.output.dense.weight False
bert.encoder.layer.9.output.dense.bias False
bert.encoder.layer.9.output.LayerNorm.weight False
bert.encoder.layer.9.output.LayerNorm.bias False
bert.encoder.layer.10.attention.self.query.weight False
bert.encoder.layer.10.attention.self.query.bias False
bert.encoder.layer.10.attention.self.key.weight False
bert.encoder.layer.10.attention.self.key.bias False
bert.encoder.layer.10.attention.self.value.weight False
bert.encoder.layer.10.attention.self.value.bias False
bert.encoder.layer.10.attention.output.dense.weight False
bert.encoder.layer.10.attention.output.dense.bias False
bert.encoder.layer.10.attention.output.LayerNorm.weight False
bert.encoder.layer.10.attention.output.LayerNorm.bias False
bert.encoder.layer.10.intermediate.dense.weight False
bert.encoder.layer.10.intermediate.dense.bias False
bert.encoder.layer.10.output.dense.weight False
bert.encoder.layer.10.output.dense.bias False
bert.encoder.layer.10.output.LayerNorm.weight False
bert.encoder.layer.10.output.LayerNorm.bias False
bert.encoder.layer.11.attention.self.query.weight False
bert.encoder.layer.11.attention.self.query.bias False
bert.encoder.layer.11.attention.self.key.weight False
bert.encoder.layer.11.attention.self.key.bias False
bert.encoder.layer.11.attention.self.value.weight False
bert.encoder.layer.11.attention.self.value.bias False
bert.encoder.layer.11.attention.output.dense.weight False
bert.encoder.layer.11.attention.output.dense.bias False
bert.encoder.layer.11.attention.output.LayerNorm.weight False
bert.encoder.layer.11.attention.output.LayerNorm.bias False
bert.encoder.layer.11.intermediate.dense.weight False
bert.encoder.layer.11.intermediate.dense.bias False
bert.encoder.layer.11.output.dense.weight False
bert.encoder.layer.11.output.dense.bias False
bert.encoder.layer.11.output.LayerNorm.weight False
bert.encoder.layer.11.output.LayerNorm.bias False
bert.pooler.dense.weight False
bert.pooler.dense.bias False
classifier.weight True
classifier.bias True

t_total is 690


Epoch [0]:
Training:
Average incurred loss: 0.750  
Average sample loss: 0.750  
Average acc: 0.796  
  gold_label_random = 0, sentence2_has_negation = 0  [n = 252]:	loss = 0.659  exp loss = 0.911  adjusted loss = 0.911  adv prob = 0.166667   acc = 0.806
  gold_label_random = 0, sentence2_has_negation = 1  [n = 287]:	loss = 0.115  exp loss = 0.154  adjusted loss = 0.154  adv prob = 0.166667   acc = 0.962
  gold_label_random = 1, sentence2_has_negation = 0  [n = 268]:	loss = 0.535  exp loss = 0.552  adjusted loss = 0.552  adv prob = 0.166667   acc = 0.840
  gold_label_random = 1, sentence2_has_negation = 1  [n = 269]:	loss = 1.199  exp loss = 0.918  adjusted loss = 0.918  adv prob = 0.166667   acc = 0.736
  gold_label_random = 2, sentence2_has_negation = 0  [n = 275]:	loss = 0.810  exp loss = 0.842  adjusted loss = 0.842  adv prob = 0.166667   acc = 0.767
  gold_label_random = 2, sentence2_has_negation = 1  [n = 249]:	loss = 1.255  exp loss = 1.282  adjusted loss = 1.282  adv prob = 0.166667   acc = 0.643
Average incurred loss: 0.798  
Average sample loss: 0.798  
Average acc: 0.766  
  gold_label_random = 0, sentence2_has_negation = 0  [n = 285]:	loss = 0.606  exp loss = 0.468  adjusted loss = 0.468  adv prob = 0.166667   acc = 0.814
  gold_label_random = 0, sentence2_has_negation = 1  [n = 247]:	loss = 0.183  exp loss = 0.226  adjusted loss = 0.226  adv prob = 0.166667   acc = 0.947
  gold_label_random = 1, sentence2_has_negation = 0  [n = 266]:	loss = 0.718  exp loss = 0.883  adjusted loss = 0.883  adv prob = 0.166667   acc = 0.793
  gold_label_random = 1, sentence2_has_negation = 1  [n = 274]:	loss = 1.063  exp loss = 0.912  adjusted loss = 0.912  adv prob = 0.166667   acc = 0.737
  gold_label_random = 2, sentence2_has_negation = 0  [n = 243]:	loss = 0.766  exp loss = 0.784  adjusted loss = 0.784  adv prob = 0.166667   acc = 0.749
  gold_label_random = 2, sentence2_has_negation = 1  [n = 285]:	loss = 1.369  exp loss = 1.244  adjusted loss = 1.244  adv prob = 0.166667   acc = 0.579
Average incurred loss: 0.642  
Average sample loss: 0.642  
Average acc: 0.785  
  gold_label_random = 0, sentence2_has_negation = 0  [n = 76]:	loss = 0.581  exp loss = 0.638  adjusted loss = 0.638  adv prob = 0.166667   acc = 0.803
  gold_label_random = 0, sentence2_has_negation = 1  [n = 79]:	loss = 0.221  exp loss = 0.161  adjusted loss = 0.161  adv prob = 0.166667   acc = 0.924
  gold_label_random = 1, sentence2_has_negation = 0  [n = 79]:	loss = 0.355  exp loss = 0.456  adjusted loss = 0.456  adv prob = 0.166667   acc = 0.873
  gold_label_random = 1, sentence2_has_negation = 1  [n = 70]:	loss = 0.750  exp loss = 0.731  adjusted loss = 0.731  adv prob = 0.166667   acc = 0.757
  gold_label_random = 2, sentence2_has_negation = 0  [n = 95]:	loss = 0.724  exp loss = 0.754  adjusted loss = 0.754  adv prob = 0.166667   acc = 0.768
  gold_label_random = 2, sentence2_has_negation = 1  [n = 79]:	loss = 1.214  exp loss = 1.136  adjusted loss = 1.136  adv prob = 0.166667   acc = 0.582

Validation:
Average incurred loss: 0.211  
Average sample loss: 0.211  
Average acc: 0.941  
  gold_label_random = 0, sentence2_has_negation = 0  [n = 79699]:	loss = 0.222  exp loss = 0.420  adjusted loss = 0.420  adv prob = 0.166667   acc = 0.936
  gold_label_random = 0, sentence2_has_negation = 1  [n = 15179]:	loss = 0.049  exp loss = 0.012  adjusted loss = 0.012  adv prob = 0.166667   acc = 0.986
  gold_label_random = 1, sentence2_has_negation = 0  [n = 93712]:	loss = 0.196  exp loss = 0.177  adjusted loss = 0.177  adv prob = 0.166667   acc = 0.951
  gold_label_random = 1, sentence2_has_negation = 1  [n = 1521]:	loss = 0.091  exp loss = 0.019  adjusted loss = 0.019  adv prob = 0.166667   acc = 0.977
  gold_label_random = 2, sentence2_has_negation = 0  [n = 92672]:	loss = 0.244  exp loss = 0.246  adjusted loss = 0.246  adv prob = 0.166667   acc = 0.927
  gold_label_random = 2, sentence2_has_negation = 1  [n = 2176]:	loss = 0.249  exp loss = 0.230  adjusted loss = 0.230  adv prob = 0.166667   acc = 0.926
Current lr: 0.000017
Current lr: 0.000017
Current validation accuracy: 0.9406652450561523
Best model saved at epoch 0


Epoch [1]:
Training:
Average incurred loss: 0.698  
Average sample loss: 0.698  
Average acc: 0.793  
  gold_label_random = 0, sentence2_has_negation = 0  [n = 265]:	loss = 0.618  exp loss = 0.574  adjusted loss = 0.574  adv prob = 0.166667   acc = 0.826
  gold_label_random = 0, sentence2_has_negation = 1  [n = 266]:	loss = 0.160  exp loss = 0.126  adjusted loss = 0.126  adv prob = 0.166667   acc = 0.959
  gold_label_random = 1, sentence2_has_negation = 0  [n = 255]:	loss = 0.511  exp loss = 0.432  adjusted loss = 0.432  adv prob = 0.166667   acc = 0.851
  gold_label_random = 1, sentence2_has_negation = 1  [n = 268]:	loss = 1.072  exp loss = 0.991  adjusted loss = 0.991  adv prob = 0.166667   acc = 0.716
  gold_label_random = 2, sentence2_has_negation = 0  [n = 272]:	loss = 0.633  exp loss = 0.557  adjusted loss = 0.557  adv prob = 0.166667   acc = 0.776
  gold_label_random = 2, sentence2_has_negation = 1  [n = 274]:	loss = 1.171  exp loss = 1.266  adjusted loss = 1.266  adv prob = 0.166667   acc = 0.639
Average incurred loss: 0.688  
Average sample loss: 0.688  
Average acc: 0.791  
  gold_label_random = 0, sentence2_has_negation = 0  [n = 267]:	loss = 0.557  exp loss = 0.552  adjusted loss = 0.552  adv prob = 0.166667   acc = 0.835
  gold_label_random = 0, sentence2_has_negation = 1  [n = 266]:	loss = 0.181  exp loss = 0.053  adjusted loss = 0.053  adv prob = 0.166667   acc = 0.951
  gold_label_random = 1, sentence2_has_negation = 0  [n = 273]:	loss = 0.575  exp loss = 0.508  adjusted loss = 0.508  adv prob = 0.166667   acc = 0.850
  gold_label_random = 1, sentence2_has_negation = 1  [n = 265]:	loss = 0.878  exp loss = 0.731  adjusted loss = 0.731  adv prob = 0.166667   acc = 0.762
  gold_label_random = 2, sentence2_has_negation = 0  [n = 264]:	loss = 0.833  exp loss = 0.788  adjusted loss = 0.788  adv prob = 0.166667   acc = 0.723
  gold_label_random = 2, sentence2_has_negation = 1  [n = 265]:	loss = 1.112  exp loss = 0.866  adjusted loss = 0.866  adv prob = 0.166667   acc = 0.619
Average incurred loss: 0.677  
Average sample loss: 0.678  
Average acc: 0.782  
  gold_label_random = 0, sentence2_has_negation = 0  [n = 81]:	loss = 0.516  exp loss = 0.672  adjusted loss = 0.672  adv prob = 0.166667   acc = 0.840
  gold_label_random = 0, sentence2_has_negation = 1  [n = 81]:	loss = 0.154  exp loss = 0.194  adjusted loss = 0.194  adv prob = 0.166667   acc = 0.951
  gold_label_random = 1, sentence2_has_negation = 0  [n = 85]:	loss = 0.870  exp loss = 0.710  adjusted loss = 0.710  adv prob = 0.166667   acc = 0.729
  gold_label_random = 1, sentence2_has_negation = 1  [n = 80]:	loss = 0.871  exp loss = 1.104  adjusted loss = 1.104  adv prob = 0.166667   acc = 0.737
  gold_label_random = 2, sentence2_has_negation = 0  [n = 77]:	loss = 0.467  exp loss = 0.500  adjusted loss = 0.500  adv prob = 0.166667   acc = 0.831
  gold_label_random = 2, sentence2_has_negation = 1  [n = 74]:	loss = 1.214  exp loss = 1.065  adjusted loss = 1.065  adv prob = 0.166667   acc = 0.595

Validation:
Average incurred loss: 0.204  
Average sample loss: 0.204  
Average acc: 0.940  
  gold_label_random = 0, sentence2_has_negation = 0  [n = 79699]:	loss = 0.222  exp loss = 0.406  adjusted loss = 0.406  adv prob = 0.166667   acc = 0.934
  gold_label_random = 0, sentence2_has_negation = 1  [n = 15179]:	loss = 0.053  exp loss = 0.014  adjusted loss = 0.014  adv prob = 0.166667   acc = 0.986
  gold_label_random = 1, sentence2_has_negation = 0  [n = 93712]:	loss = 0.193  exp loss = 0.180  adjusted loss = 0.180  adv prob = 0.166667   acc = 0.950
  gold_label_random = 1, sentence2_has_negation = 1  [n = 1521]:	loss = 0.098  exp loss = 0.027  adjusted loss = 0.027  adv prob = 0.166667   acc = 0.976
  gold_label_random = 2, sentence2_has_negation = 0  [n = 92672]:	loss = 0.226  exp loss = 0.230  adjusted loss = 0.230  adv prob = 0.166667   acc = 0.928
  gold_label_random = 2, sentence2_has_negation = 1  [n = 2176]:	loss = 0.229  exp loss = 0.208  adjusted loss = 0.208  adv prob = 0.166667   acc = 0.929
Current lr: 0.000013
Current lr: 0.000013
Current validation accuracy: 0.9404546618461609


Epoch [2]:
Training:
Average incurred loss: 0.687  
Average sample loss: 0.687  
Average acc: 0.777  
  gold_label_random = 0, sentence2_has_negation = 0  [n = 256]:	loss = 0.644  exp loss = 0.829  adjusted loss = 0.829  adv prob = 0.166667   acc = 0.785
  gold_label_random = 0, sentence2_has_negation = 1  [n = 267]:	loss = 0.115  exp loss = 0.110  adjusted loss = 0.110  adv prob = 0.166667   acc = 0.966
  gold_label_random = 1, sentence2_has_negation = 0  [n = 275]:	loss = 0.666  exp loss = 0.523  adjusted loss = 0.523  adv prob = 0.166667   acc = 0.800
  gold_label_random = 1, sentence2_has_negation = 1  [n = 287]:	loss = 1.066  exp loss = 1.081  adjusted loss = 1.081  adv prob = 0.166667   acc = 0.686
  gold_label_random = 2, sentence2_has_negation = 0  [n = 244]:	loss = 0.698  exp loss = 0.765  adjusted loss = 0.765  adv prob = 0.166667   acc = 0.750
  gold_label_random = 2, sentence2_has_negation = 1  [n = 271]:	loss = 0.903  exp loss = 0.770  adjusted loss = 0.770  adv prob = 0.166667   acc = 0.679
Average incurred loss: 0.627  
Average sample loss: 0.627  
Average acc: 0.796  
  gold_label_random = 0, sentence2_has_negation = 0  [n = 263]:	loss = 0.588  exp loss = 0.655  adjusted loss = 0.655  adv prob = 0.166667   acc = 0.810
  gold_label_random = 0, sentence2_has_negation = 1  [n = 264]:	loss = 0.176  exp loss = 0.236  adjusted loss = 0.236  adv prob = 0.166667   acc = 0.947
  gold_label_random = 1, sentence2_has_negation = 0  [n = 273]:	loss = 0.534  exp loss = 0.565  adjusted loss = 0.565  adv prob = 0.166667   acc = 0.810
  gold_label_random = 1, sentence2_has_negation = 1  [n = 252]:	loss = 0.826  exp loss = 0.714  adjusted loss = 0.714  adv prob = 0.166667   acc = 0.794
  gold_label_random = 2, sentence2_has_negation = 0  [n = 287]:	loss = 0.580  exp loss = 0.656  adjusted loss = 0.656  adv prob = 0.166667   acc = 0.794
  gold_label_random = 2, sentence2_has_negation = 1  [n = 261]:	loss = 1.077  exp loss = 1.159  adjusted loss = 1.159  adv prob = 0.166667   acc = 0.621
Average incurred loss: 0.675  
Average sample loss: 0.676  
Average acc: 0.778  
  gold_label_random = 0, sentence2_has_negation = 0  [n = 94]:	loss = 0.458  exp loss = 0.480  adjusted loss = 0.480  adv prob = 0.166667   acc = 0.819
  gold_label_random = 0, sentence2_has_negation = 1  [n = 82]:	loss = 0.174  exp loss = 0.151  adjusted loss = 0.151  adv prob = 0.166667   acc = 0.927
  gold_label_random = 1, sentence2_has_negation = 0  [n = 65]:	loss = 0.419  exp loss = 0.433  adjusted loss = 0.433  adv prob = 0.166667   acc = 0.877
  gold_label_random = 1, sentence2_has_negation = 1  [n = 74]:	loss = 1.055  exp loss = 1.248  adjusted loss = 1.248  adv prob = 0.166667   acc = 0.730
  gold_label_random = 2, sentence2_has_negation = 0  [n = 82]:	loss = 0.631  exp loss = 0.615  adjusted loss = 0.615  adv prob = 0.166667   acc = 0.756
  gold_label_random = 2, sentence2_has_negation = 1  [n = 81]:	loss = 1.338  exp loss = 1.368  adjusted loss = 1.368  adv prob = 0.166667   acc = 0.568

Validation:
Average incurred loss: 0.201  
Average sample loss: 0.201  
Average acc: 0.940  
  gold_label_random = 0, sentence2_has_negation = 0  [n = 79699]:	loss = 0.226  exp loss = 0.401  adjusted loss = 0.401  adv prob = 0.166667   acc = 0.931
  gold_label_random = 0, sentence2_has_negation = 1  [n = 15179]:	loss = 0.059  exp loss = 0.018  adjusted loss = 0.018  adv prob = 0.166667   acc = 0.984
  gold_label_random = 1, sentence2_has_negation = 0  [n = 93712]:	loss = 0.189  exp loss = 0.179  adjusted loss = 0.179  adv prob = 0.166667   acc = 0.951
  gold_label_random = 1, sentence2_has_negation = 1  [n = 1521]:	loss = 0.102  exp loss = 0.032  adjusted loss = 0.032  adv prob = 0.166667   acc = 0.976
  gold_label_random = 2, sentence2_has_negation = 0  [n = 92672]:	loss = 0.216  exp loss = 0.221  adjusted loss = 0.221  adv prob = 0.166667   acc = 0.930
  gold_label_random = 2, sentence2_has_negation = 1  [n = 2176]:	loss = 0.215  exp loss = 0.191  adjusted loss = 0.191  adv prob = 0.166667   acc = 0.932
Current lr: 0.000010
Current lr: 0.000010
Current validation accuracy: 0.9402997493743896


Epoch [3]:
Training:
Average incurred loss: 0.617  
Average sample loss: 0.617  
Average acc: 0.807  
  gold_label_random = 0, sentence2_has_negation = 0  [n = 276]:	loss = 0.579  exp loss = 0.581  adjusted loss = 0.581  adv prob = 0.166667   acc = 0.822
  gold_label_random = 0, sentence2_has_negation = 1  [n = 273]:	loss = 0.183  exp loss = 0.122  adjusted loss = 0.122  adv prob = 0.166667   acc = 0.949
  gold_label_random = 1, sentence2_has_negation = 0  [n = 274]:	loss = 0.553  exp loss = 0.560  adjusted loss = 0.560  adv prob = 0.166667   acc = 0.832
  gold_label_random = 1, sentence2_has_negation = 1  [n = 258]:	loss = 0.926  exp loss = 0.977  adjusted loss = 0.977  adv prob = 0.166667   acc = 0.725
  gold_label_random = 2, sentence2_has_negation = 0  [n = 258]:	loss = 0.562  exp loss = 0.373  adjusted loss = 0.373  adv prob = 0.166667   acc = 0.806
  gold_label_random = 2, sentence2_has_negation = 1  [n = 261]:	loss = 0.930  exp loss = 0.922  adjusted loss = 0.922  adv prob = 0.166667   acc = 0.697
Average incurred loss: 0.632  
Average sample loss: 0.632  
Average acc: 0.787  
  gold_label_random = 0, sentence2_has_negation = 0  [n = 263]:	loss = 0.655  exp loss = 0.492  adjusted loss = 0.492  adv prob = 0.166667   acc = 0.798
  gold_label_random = 0, sentence2_has_negation = 1  [n = 257]:	loss = 0.124  exp loss = 0.085  adjusted loss = 0.085  adv prob = 0.166667   acc = 0.953
  gold_label_random = 1, sentence2_has_negation = 0  [n = 261]:	loss = 0.464  exp loss = 0.502  adjusted loss = 0.502  adv prob = 0.166667   acc = 0.866
  gold_label_random = 1, sentence2_has_negation = 1  [n = 264]:	loss = 0.883  exp loss = 1.037  adjusted loss = 1.037  adv prob = 0.166667   acc = 0.746
  gold_label_random = 2, sentence2_has_negation = 0  [n = 284]:	loss = 0.602  exp loss = 0.456  adjusted loss = 0.456  adv prob = 0.166667   acc = 0.782
  gold_label_random = 2, sentence2_has_negation = 1  [n = 271]:	loss = 1.038  exp loss = 0.935  adjusted loss = 0.935  adv prob = 0.166667   acc = 0.587
Average incurred loss: 0.771  
Average sample loss: 0.771  
Average acc: 0.759  
  gold_label_random = 0, sentence2_has_negation = 0  [n = 74]:	loss = 0.807  exp loss = 0.749  adjusted loss = 0.749  adv prob = 0.166667   acc = 0.676
  gold_label_random = 0, sentence2_has_negation = 1  [n = 83]:	loss = 0.276  exp loss = 0.238  adjusted loss = 0.238  adv prob = 0.166667   acc = 0.952
  gold_label_random = 1, sentence2_has_negation = 0  [n = 78]:	loss = 0.520  exp loss = 0.566  adjusted loss = 0.566  adv prob = 0.166667   acc = 0.846
  gold_label_random = 1, sentence2_has_negation = 1  [n = 91]:	loss = 1.155  exp loss = 1.179  adjusted loss = 1.179  adv prob = 0.166667   acc = 0.703
  gold_label_random = 2, sentence2_has_negation = 0  [n = 71]:	loss = 0.817  exp loss = 0.598  adjusted loss = 0.598  adv prob = 0.166667   acc = 0.732
  gold_label_random = 2, sentence2_has_negation = 1  [n = 81]:	loss = 1.013  exp loss = 0.966  adjusted loss = 0.966  adv prob = 0.166667   acc = 0.642

Validation:
Average incurred loss: 0.201  
Average sample loss: 0.201  
Average acc: 0.940  
  gold_label_random = 0, sentence2_has_negation = 0  [n = 79699]:	loss = 0.232  exp loss = 0.400  adjusted loss = 0.400  adv prob = 0.166667   acc = 0.929
  gold_label_random = 0, sentence2_has_negation = 1  [n = 15179]:	loss = 0.066  exp loss = 0.022  adjusted loss = 0.022  adv prob = 0.166667   acc = 0.984
  gold_label_random = 1, sentence2_has_negation = 0  [n = 93712]:	loss = 0.187  exp loss = 0.180  adjusted loss = 0.180  adv prob = 0.166667   acc = 0.951
  gold_label_random = 1, sentence2_has_negation = 1  [n = 1521]:	loss = 0.105  exp loss = 0.037  adjusted loss = 0.037  adv prob = 0.166667   acc = 0.977
  gold_label_random = 2, sentence2_has_negation = 0  [n = 92672]:	loss = 0.210  exp loss = 0.216  adjusted loss = 0.216  adv prob = 0.166667   acc = 0.930
  gold_label_random = 2, sentence2_has_negation = 1  [n = 2176]:	loss = 0.206  exp loss = 0.180  adjusted loss = 0.180  adv prob = 0.166667   acc = 0.933
Current lr: 0.000007
Current lr: 0.000007
Current validation accuracy: 0.9399982690811157


Epoch [4]:
Training:
Average incurred loss: 0.628  
Average sample loss: 0.628  
Average acc: 0.783  
  gold_label_random = 0, sentence2_has_negation = 0  [n = 254]:	loss = 0.621  exp loss = 0.407  adjusted loss = 0.407  adv prob = 0.166667   acc = 0.764
  gold_label_random = 0, sentence2_has_negation = 1  [n = 250]:	loss = 0.109  exp loss = 0.122  adjusted loss = 0.122  adv prob = 0.166667   acc = 0.960
  gold_label_random = 1, sentence2_has_negation = 0  [n = 288]:	loss = 0.508  exp loss = 0.516  adjusted loss = 0.516  adv prob = 0.166667   acc = 0.861
  gold_label_random = 1, sentence2_has_negation = 1  [n = 274]:	loss = 0.950  exp loss = 1.046  adjusted loss = 1.046  adv prob = 0.166667   acc = 0.708
  gold_label_random = 2, sentence2_has_negation = 0  [n = 269]:	loss = 0.595  exp loss = 0.775  adjusted loss = 0.775  adv prob = 0.166667   acc = 0.773
  gold_label_random = 2, sentence2_has_negation = 1  [n = 265]:	loss = 0.955  exp loss = 1.154  adjusted loss = 1.154  adv prob = 0.166667   acc = 0.634
Average incurred loss: 0.624  
Average sample loss: 0.624  
Average acc: 0.787  
  gold_label_random = 0, sentence2_has_negation = 0  [n = 271]:	loss = 0.614  exp loss = 0.733  adjusted loss = 0.733  adv prob = 0.166667   acc = 0.797
  gold_label_random = 0, sentence2_has_negation = 1  [n = 274]:	loss = 0.232  exp loss = 0.129  adjusted loss = 0.129  adv prob = 0.166667   acc = 0.916
  gold_label_random = 1, sentence2_has_negation = 0  [n = 250]:	loss = 0.502  exp loss = 0.513  adjusted loss = 0.513  adv prob = 0.166667   acc = 0.832
  gold_label_random = 1, sentence2_has_negation = 1  [n = 259]:	loss = 0.896  exp loss = 0.919  adjusted loss = 0.919  adv prob = 0.166667   acc = 0.753
  gold_label_random = 2, sentence2_has_negation = 0  [n = 281]:	loss = 0.636  exp loss = 0.590  adjusted loss = 0.590  adv prob = 0.166667   acc = 0.758
  gold_label_random = 2, sentence2_has_negation = 1  [n = 265]:	loss = 0.879  exp loss = 1.058  adjusted loss = 1.058  adv prob = 0.166667   acc = 0.668
Average incurred loss: 0.586  
Average sample loss: 0.585  
Average acc: 0.803  
  gold_label_random = 0, sentence2_has_negation = 0  [n = 88]:	loss = 0.673  exp loss = 0.601  adjusted loss = 0.601  adv prob = 0.166667   acc = 0.761
  gold_label_random = 0, sentence2_has_negation = 1  [n = 89]:	loss = 0.162  exp loss = 0.119  adjusted loss = 0.119  adv prob = 0.166667   acc = 0.966
  gold_label_random = 1, sentence2_has_negation = 0  [n = 75]:	loss = 0.521  exp loss = 0.562  adjusted loss = 0.562  adv prob = 0.166667   acc = 0.840
  gold_label_random = 1, sentence2_has_negation = 1  [n = 80]:	loss = 0.851  exp loss = 0.882  adjusted loss = 0.882  adv prob = 0.166667   acc = 0.762
  gold_label_random = 2, sentence2_has_negation = 0  [n = 63]:	loss = 0.580  exp loss = 0.605  adjusted loss = 0.605  adv prob = 0.166667   acc = 0.810
  gold_label_random = 2, sentence2_has_negation = 1  [n = 83]:	loss = 0.759  exp loss = 0.778  adjusted loss = 0.778  adv prob = 0.166667   acc = 0.675

Validation:
Average incurred loss: 0.201  
Average sample loss: 0.201  
Average acc: 0.940  
  gold_label_random = 0, sentence2_has_negation = 0  [n = 79699]:	loss = 0.236  exp loss = 0.399  adjusted loss = 0.399  adv prob = 0.166667   acc = 0.928
  gold_label_random = 0, sentence2_has_negation = 1  [n = 15179]:	loss = 0.070  exp loss = 0.025  adjusted loss = 0.025  adv prob = 0.166667   acc = 0.983
  gold_label_random = 1, sentence2_has_negation = 0  [n = 93712]:	loss = 0.188  exp loss = 0.182  adjusted loss = 0.182  adv prob = 0.166667   acc = 0.951
  gold_label_random = 1, sentence2_has_negation = 1  [n = 1521]:	loss = 0.109  exp loss = 0.041  adjusted loss = 0.041  adv prob = 0.166667   acc = 0.977
  gold_label_random = 2, sentence2_has_negation = 0  [n = 92672]:	loss = 0.206  exp loss = 0.212  adjusted loss = 0.212  adv prob = 0.166667   acc = 0.931
  gold_label_random = 2, sentence2_has_negation = 1  [n = 2176]:	loss = 0.201  exp loss = 0.174  adjusted loss = 0.174  adv prob = 0.166667   acc = 0.934
Current lr: 0.000003
Current lr: 0.000003
Current validation accuracy: 0.9398026466369629


Epoch [5]:
Training:
Average incurred loss: 0.609  
Average sample loss: 0.609  
Average acc: 0.799  
  gold_label_random = 0, sentence2_has_negation = 0  [n = 259]:	loss = 0.621  exp loss = 0.477  adjusted loss = 0.477  adv prob = 0.166667   acc = 0.792
  gold_label_random = 0, sentence2_has_negation = 1  [n = 265]:	loss = 0.182  exp loss = 0.203  adjusted loss = 0.203  adv prob = 0.166667   acc = 0.947
  gold_label_random = 1, sentence2_has_negation = 0  [n = 261]:	loss = 0.525  exp loss = 0.449  adjusted loss = 0.449  adv prob = 0.166667   acc = 0.839
  gold_label_random = 1, sentence2_has_negation = 1  [n = 273]:	loss = 0.890  exp loss = 0.895  adjusted loss = 0.895  adv prob = 0.166667   acc = 0.744
  gold_label_random = 2, sentence2_has_negation = 0  [n = 272]:	loss = 0.567  exp loss = 0.690  adjusted loss = 0.690  adv prob = 0.166667   acc = 0.790
  gold_label_random = 2, sentence2_has_negation = 1  [n = 270]:	loss = 0.857  exp loss = 0.804  adjusted loss = 0.804  adv prob = 0.166667   acc = 0.689
Average incurred loss: 0.619  
Average sample loss: 0.619  
Average acc: 0.788  
  gold_label_random = 0, sentence2_has_negation = 0  [n = 272]:	loss = 0.650  exp loss = 0.578  adjusted loss = 0.578  adv prob = 0.166667   acc = 0.779
  gold_label_random = 0, sentence2_has_negation = 1  [n = 263]:	loss = 0.137  exp loss = 0.182  adjusted loss = 0.182  adv prob = 0.166667   acc = 0.954
  gold_label_random = 1, sentence2_has_negation = 0  [n = 269]:	loss = 0.516  exp loss = 0.389  adjusted loss = 0.389  adv prob = 0.166667   acc = 0.855
  gold_label_random = 1, sentence2_has_negation = 1  [n = 263]:	loss = 0.887  exp loss = 0.832  adjusted loss = 0.832  adv prob = 0.166667   acc = 0.730
  gold_label_random = 2, sentence2_has_negation = 0  [n = 265]:	loss = 0.590  exp loss = 0.588  adjusted loss = 0.588  adv prob = 0.166667   acc = 0.774
  gold_label_random = 2, sentence2_has_negation = 1  [n = 268]:	loss = 0.932  exp loss = 0.808  adjusted loss = 0.808  adv prob = 0.166667   acc = 0.634
Average incurred loss: 0.636  
Average sample loss: 0.635  
Average acc: 0.780  
  gold_label_random = 0, sentence2_has_negation = 0  [n = 82]:	loss = 0.563  exp loss = 0.618  adjusted loss = 0.618  adv prob = 0.166667   acc = 0.805
  gold_label_random = 0, sentence2_has_negation = 1  [n = 85]:	loss = 0.172  exp loss = 0.181  adjusted loss = 0.181  adv prob = 0.166667   acc = 0.929
  gold_label_random = 1, sentence2_has_negation = 0  [n = 83]:	loss = 0.530  exp loss = 0.411  adjusted loss = 0.411  adv prob = 0.166667   acc = 0.819
  gold_label_random = 1, sentence2_has_negation = 1  [n = 77]:	loss = 1.150  exp loss = 1.033  adjusted loss = 1.033  adv prob = 0.166667   acc = 0.714
  gold_label_random = 2, sentence2_has_negation = 0  [n = 76]:	loss = 0.640  exp loss = 0.610  adjusted loss = 0.610  adv prob = 0.166667   acc = 0.737
  gold_label_random = 2, sentence2_has_negation = 1  [n = 75]:	loss = 0.826  exp loss = 0.811  adjusted loss = 0.811  adv prob = 0.166667   acc = 0.653

Validation:
Average incurred loss: 0.201  
Average sample loss: 0.201  
Average acc: 0.940  
  gold_label_random = 0, sentence2_has_negation = 0  [n = 79699]:	loss = 0.237  exp loss = 0.399  adjusted loss = 0.399  adv prob = 0.166667   acc = 0.927
  gold_label_random = 0, sentence2_has_negation = 1  [n = 15179]:	loss = 0.071  exp loss = 0.025  adjusted loss = 0.025  adv prob = 0.166667   acc = 0.983
  gold_label_random = 1, sentence2_has_negation = 0  [n = 93712]:	loss = 0.188  exp loss = 0.183  adjusted loss = 0.183  adv prob = 0.166667   acc = 0.951
  gold_label_random = 1, sentence2_has_negation = 1  [n = 1521]:	loss = 0.111  exp loss = 0.043  adjusted loss = 0.043  adv prob = 0.166667   acc = 0.977
  gold_label_random = 2, sentence2_has_negation = 0  [n = 92672]:	loss = 0.205  exp loss = 0.211  adjusted loss = 0.211  adv prob = 0.166667   acc = 0.931
  gold_label_random = 2, sentence2_has_negation = 1  [n = 2176]:	loss = 0.200  exp loss = 0.173  adjusted loss = 0.173  adv prob = 0.166667   acc = 0.934
Current lr: 0.000000
Current lr: 0.000000
Current validation accuracy: 0.9397878646850586

Total Experiment Time: 8440.9s
Finished with job 729 (seed=222)
